Resolving dependencies...
Downloading packages...
  app_links 6.4.1 (7.2.1 available)
  app_links_platform_interface 2.0.2 (2.0.4 available)
  async 2.13.0 (2.13.1 available)
  connectivity_plus 6.1.5 (7.3.1 available)
  cupertino_icons 1.0.8 (1.0.9 available)
  flutter_lints 5.0.0 (6.0.0 available)
  flutter_riverpod 2.6.1 (3.3.2 available)
  go_router 14.8.1 (17.3.0 available)
  gotrue 2.25.0 (2.26.0 available)
  hooks 2.0.2 (2.1.0 available)
  intl 0.20.2 (0.20.3 available)
  json_annotation 4.9.0 (4.12.0 available)
  lints 5.1.1 (6.1.0 available)
  matcher 0.12.19 (0.12.20 available)
  meta 1.18.0 (1.19.0 available)
  package_config 2.2.0 (3.0.0 available)
  passkeys_platform_interface 2.8.0 (2.9.0 available)
  path_provider_linux 2.2.1 (2.2.2 available)
  path_provider_platform_interface 2.1.2 (2.1.3 available)
  realtime_client 2.10.0 (2.11.0 available)
  record_use 0.6.0 (1.0.0 available)
  riverpod 2.6.1 (3.3.2 available)
  share_plus 10.1.4 (13.3.0 available)
  share_plus_platform_interface 5.0.2 (7.2.0 available)
  shared_preferences 2.5.3 (2.5.5 available)
  shared_preferences_android 2.4.13 (2.4.27 available)
  shared_preferences_foundation 2.5.4 (2.5.6 available)
  shared_preferences_platform_interface 2.4.1 (2.4.2 available)
  source_span 1.10.1 (1.10.2 available)
  supabase 2.13.4 (2.14.0 available)
  supabase_flutter 2.15.4 (2.16.0 available)
  test_api 0.7.11 (0.7.13 available)
  url_launcher_android 6.3.20 (6.3.32 available)
  url_launcher_ios 6.3.4 (6.4.1 available)
  url_launcher_macos 3.2.3 (3.2.5 available)
  url_launcher_web 2.4.1 (2.4.3 available)
  vector_math 2.2.0 (2.4.1 available)
  vm_service 15.0.0 (15.2.0 available)
  win32 5.15.0 (6.3.0 available)
  xml 6.6.1 (7.0.1 available)
Got dependencies!
40 packages have newer versions incompatible with dependency constraints.
Try `flutter pub outdated` for more information.

✅ /home/runner/work/AS-Grinta/AS-Grinta/test/sport_waitlist_models_test.dart: parses the permanent waitlist attendance snapshot
✅ /home/runner/work/AS-Grinta/AS-Grinta/test/sport_waitlist_models_test.dart: keeps convocation and turn consumption independent
✅ /home/runner/work/AS-Grinta/AS-Grinta/test/sport_waitlist_models_test.dart: parses an early promoted player with a waived turn
✅ /home/runner/work/AS-Grinta/AS-Grinta/test/sport_motm_vote_model_test.dart: masque les résultats pendant un scrutin ouvert
✅ /home/runner/work/AS-Grinta/AS-Grinta/test/sport_motm_vote_model_test.dart: accepte plusieurs co-HDM après clôture
✅ /home/runner/work/AS-Grinta/AS-Grinta/test/published_lineup_card_test.dart: is hidden and performs no RPC when the flag is disabled
✅ /home/runner/work/AS-Grinta/AS-Grinta/test/published_lineup_card_test.dart: shows the latest published composition
✅ /home/runner/work/AS-Grinta/AS-Grinta/test/match_availability_selector_test.dart: is completely hidden when the feature flag is disabled
✅ /home/runner/work/AS-Grinta/AS-Grinta/test/match_availability_selector_test.dart: records Present and refreshes the shared server state
✅ /home/runner/work/AS-Grinta/AS-Grinta/test/match_availability_selector_test.dart: records Absent immediately without a private reason
✅ /home/runner/work/AS-Grinta/AS-Grinta/test/match_availability_model_test.dart: parses the private availability RPC payload
✅ /home/runner/work/AS-Grinta/AS-Grinta/test/match_availability_model_test.dart: rejects an invalid availability status
✅ /home/runner/work/AS-Grinta/AS-Grinta/test/sport_match_finalization_model_test.dart: parses permanent and guest final statistics
✅ /home/runner/work/AS-Grinta/AS-Grinta/test/sport_match_finalization_model_test.dart: marking a participant absent clears all match statistics
✅ /home/runner/work/AS-Grinta/AS-Grinta/test/image_upload_validation_test.dart: validateImageUpload détecte un JPEG sans faire confiance à l’extension
✅ /home/runner/work/AS-Grinta/AS-Grinta/test/image_upload_validation_test.dart: validateImageUpload détecte un PNG
✅ /home/runner/work/AS-Grinta/AS-Grinta/test/image_upload_validation_test.dart: validateImageUpload détecte un WebP
✅ /home/runner/work/AS-Grinta/AS-Grinta/test/image_upload_validation_test.dart: validateImageUpload refuse un contenu qui n’est pas une image autorisée
✅ /home/runner/work/AS-Grinta/AS-Grinta/test/image_upload_validation_test.dart: validateImageUpload refuse une image vide
✅ /home/runner/work/AS-Grinta/AS-Grinta/test/image_upload_validation_test.dart: validateImageUpload refuse une image supérieure à 5 Mo
✅ /home/runner/work/AS-Grinta/AS-Grinta/test/admin_profile_policy_test.dart: groupAdminProfiles separates pending accounts from validated and archived accounts
✅ /home/runner/work/AS-Grinta/AS-Grinta/test/admin_profile_policy_test.dart: groupAdminProfiles returns immutable result lists
✅ /home/runner/work/AS-Grinta/AS-Grinta/test/admin_profile_policy_test.dart: adminProfileActionPolicy pending accounts can only be validated or rejected
✅ /home/runner/work/AS-Grinta/AS-Grinta/test/admin_profile_policy_test.dart: adminProfileActionPolicy active accounts can be reset, archived or deleted
✅ /home/runner/work/AS-Grinta/AS-Grinta/test/admin_profile_policy_test.dart: adminProfileActionPolicy archived accounts can be reactivated but not archived again
✅ /home/runner/work/AS-Grinta/AS-Grinta/test/admin_profile_policy_test.dart: adminProfileActionPolicy the current administrator cannot manage their own account
✅ /home/runner/work/AS-Grinta/AS-Grinta/test/match_composition_metadata_test.dart: moving an entry preserves display metadata
✅ /home/runner/work/AS-Grinta/AS-Grinta/test/match_composition_metadata_test.dart: post-match initialization selects only actual present players
✅ /home/runner/work/AS-Grinta/AS-Grinta/test/badge_trophy_button_test.dart: affiche 1 lorsqu’un badge est nouveau
✅ /home/runner/work/AS-Grinta/AS-Grinta/test/badge_trophy_button_test.dart: masque la pastille lorsque tout est vu
✅ /home/runner/work/AS-Grinta/AS-Grinta/test/widget_test.dart: loading screen displays the authentication loader
✅ /home/runner/work/AS-Grinta/AS-Grinta/test/app_router_stability_test.dart: keeps the same GoRouter instance across authentication changes
✅ /home/runner/work/AS-Grinta/AS-Grinta/test/auth_profile_test.dart: AuthProfile parses a Supabase profile payload into a domain model
✅ /home/runner/work/AS-Grinta/AS-Grinta/test/match_availability_board_test.dart: parses public player statuses without staff-only fields
✅ /home/runner/work/AS-Grinta/AS-Grinta/test/match_availability_board_test.dart: is hidden once kickoff starts or composition is published
✅ /home/runner/work/AS-Grinta/AS-Grinta/test/matches_test.dart: MatchModel exposes readable location and status labels
✅ /home/runner/work/AS-Grinta/AS-Grinta/test/matches_test.dart: MatchModel uses the absolute server kickoff instant
✅ /home/runner/work/AS-Grinta/AS-Grinta/test/matches_test.dart: MatchModel keeps the legacy local fields as a migration fallback
✅ /home/runner/work/AS-Grinta/AS-Grinta/test/prediction_window_test.dart: six-day prediction window opens exactly six days before kickoff
✅ /home/runner/work/AS-Grinta/AS-Grinta/test/prediction_window_test.dart: six-day prediction window every match inside the window is editable independently
✅ /home/runner/work/AS-Grinta/AS-Grinta/test/prediction_window_test.dart: six-day prediction window a match more than six days away remains closed
✅ /home/runner/work/AS-Grinta/AS-Grinta/test/prediction_window_test.dart: six-day prediction window the controller saves any match whose window is open
✅ /home/runner/work/AS-Grinta/AS-Grinta/test/feature_flags_model_test.dart: FeatureFlagsSnapshot parses the sports-management server configuration
✅ /home/runner/work/AS-Grinta/AS-Grinta/test/feature_flags_model_test.dart: FeatureFlagsSnapshot uses safe defaults for malformed optional configuration
✅ /home/runner/work/AS-Grinta/AS-Grinta/test/feature_flags_model_test.dart: FeatureFlagsSnapshot rejects a response without the expected feature
✅ /home/runner/work/AS-Grinta/AS-Grinta/test/feature_flags_model_test.dart: FeatureFlagsSnapshot unavailable snapshot always fails closed
✅ /home/runner/work/AS-Grinta/AS-Grinta/test/prediction_scoring_test.dart: PredictionScoring score exact = cote x2
✅ /home/runner/work/AS-Grinta/AS-Grinta/test/prediction_scoring_test.dart: PredictionScoring bon vainqueur + bon écart = cote x1,5
✅ /home/runner/work/AS-Grinta/AS-Grinta/test/prediction_scoring_test.dart: PredictionScoring bon vainqueur + score exact d’une équipe = cote x1,5
✅ /home/runner/work/AS-Grinta/AS-Grinta/test/prediction_scoring_test.dart: PredictionScoring bon vainqueur seul = cote x1
✅ /home/runner/work/AS-Grinta/AS-Grinta/test/prediction_scoring_test.dart: PredictionScoring nul prédit et nul réel sans score exact = cote x1,5
✅ /home/runner/work/AS-Grinta/AS-Grinta/test/prediction_scoring_test.dart: PredictionScoring mauvais résultat = 0
✅ /home/runner/work/AS-Grinta/AS-Grinta/test/prediction_scoring_test.dart: PredictionScoring sans cote = null
✅ /home/runner/work/AS-Grinta/AS-Grinta/test/pwa_contract_test.dart: contrat PWA la version web correspond à la version de l’application
✅ /home/runner/work/AS-Grinta/AS-Grinta/test/pwa_contract_test.dart: contrat PWA index et service worker partagent la même source de version
✅ /home/runner/work/AS-Grinta/AS-Grinta/test/pwa_contract_test.dart: contrat PWA un seul service worker est enregistré
✅ /home/runner/work/AS-Grinta/AS-Grinta/test/pwa_contract_test.dart: contrat PWA le socle minimal et la navigation sont prévus hors ligne
✅ /home/runner/work/AS-Grinta/AS-Grinta/test/pwa_contract_test.dart: contrat PWA le bandeau de mise à jour est utilisable au clavier
✅ /home/runner/work/AS-Grinta/AS-Grinta/test/app_preferences_test.dart: copyWith conserve les préférences non modifiées
✅ /home/runner/work/AS-Grinta/AS-Grinta/test/sports_management_composition_route_test.dart: blocks sports routes while the module is disabled
✅ /home/runner/work/AS-Grinta/AS-Grinta/test/sports_management_composition_route_test.dart: a match sheet falls back to its prono while the module is disabled
✅ /home/runner/work/AS-Grinta/AS-Grinta/test/sports_management_composition_route_test.dart: allows sports routes for an administrator when enabled
✅ /home/runner/work/AS-Grinta/AS-Grinta/test/sports_management_composition_route_test.dart: still blocks sports admin routes for a regular player
✅ /home/runner/work/AS-Grinta/AS-Grinta/test/profile_test.dart: Profile role handling legacy moderator role maps to admin (rôles fusionnés)
✅ /home/runner/work/AS-Grinta/AS-Grinta/test/profile_test.dart: Profile role handling admin is staff, pronostiqueur is not
Shell: GRINTA_CODEMOD_PAYLOAD_BEGIN
Shell: eyJsaWIvY29yZS93aWRnZXRzL2dyaW50YV9sb2FkZXIuZGFydCI6ImFXMXdiM0owSUNka1lYSjBPbTFoZEdnbklHRnpJRzFoZEdnN0NncHBiWEJ2Y25RZ0ozQmhZMnRoWjJVNllYTmZaM0pwYm5SaEwyTnZjbVV2ZEdobGJXVXZZWEJ3WDNSb1pXMWxMbVJoY25Rbk93cHBiWEJ2Y25RZ0ozQmhZMnRoWjJVNlpteDFkSFJsY2k5dFlYUmxjbWxoYkM1a1lYSjBKenNLQ2k4dkx5Qk1iMkZrWlhJZ1lXNXBiY09wSUdWMElIVnVhV1pwdzZrZ2NHOTFjaUIwYjNWMFpTQnNKMkZ3Y0d4cFkyRjBhVzl1TGdvdkx5OEtMeTh2SUV4bElHSmhiR3h2YmlCcGJHeDFjM1J5dzZrZ2NtVmliMjVrYVhRZ2JtRjBkWEpsYkd4bGJXVnVkQ3dnZEc5MWNtNWxJSEJsYm1SaGJuUWdjMkVnY0doaGMyVWdZY09wY21sbGJtNWxDaTh2THlCbGRDQndjbTlrZFdsMElIVnVaU0J2Ym1SbElHSnNaWFZsSUdWMElISnZjMlVndzZBZ1kyaGhjWFZsSUdsdGNHRmpkQzRnVEdWeklIUnliMmx6SUdadmNtMWhkSE1nWjJGeVpHVnVkQW92THk4Z2JHVWdiY09xYldVZ2JXOTFkbVZ0Wlc1MElHRm1hVzRnY1hWbElIUnZkWE1nYkdWeklHTm9ZWEpuWlcxbGJuUnpJSEJoY25SaFoyVnVkQ0JzWVNCdHc2cHRaU0JwWkdWdWRHbDB3Nmt1Q21Oc1lYTnpJRWR5YVc1MFlVeHZZV1JsY2lCbGVIUmxibVJ6SUZOMFlYUmxiR1Z6YzFkcFpHZGxkQ0I3Q2lBZ1kyOXVjM1FnUjNKcGJuUmhURzloWkdWeUxuQmhaMlVvZXdvZ0lDQWdjM1Z3WlhJdWEyVjVMQW9nSUNBZ2RHaHBjeTV0WlhOellXZGxMQW9nSUNBZ2RHaHBjeTV6WlcxaGJuUnBZMHhoWW1Wc0lEMGdKME5vWVhKblpXMWxiblFnWkdVZ2JHRWdjR0ZuWlNjc0NpQWdmU2tnT2lCemFYcGxJRDBnT1RJN0Nnb2dJR052Ym5OMElFZHlhVzUwWVV4dllXUmxjaTVwYm14cGJtVW9ld29nSUNBZ2MzVndaWEl1YTJWNUxBb2dJQ0FnZEdocGN5NXRaWE56WVdkbExBb2dJQ0FnZEdocGN5NXpaVzFoYm5ScFkweGhZbVZzSUQwZ0owTm9ZWEpuWlcxbGJuUWdaVzRnWTI5MWNuTW5MQW9nSUgwcElEb2djMmw2WlNBOUlEVTRPd29LSUNCamIyNXpkQ0JIY21sdWRHRk1iMkZrWlhJdVluVjBkRzl1S0hzS0lDQWdJSE4xY0dWeUxtdGxlU3dLSUNBZ0lIUm9hWE11YzJWdFlXNTBhV05NWVdKbGJDQTlJQ2RCWTNScGIyNGdaVzRnWTI5MWNuTW5MQW9nSUgwcElDQTZJSE5wZW1VZ1BTQXpNaXdLSUNBZ0lDQWdJQ0J0WlhOellXZGxJRDBnYm5Wc2JEc0tDaUFnWm1sdVlXd2daRzkxWW14bElITnBlbVU3Q2dvZ0lDOHZMeUJEYjI1elpYSjJ3NmtnY0c5MWNpQnVaU0J3WVhNZ1kyRnpjMlZ5SUd4bGN5QmhjSEJsYkhNZ1pYaHBjM1JoYm5SekxpQk1aU0JzYjJGa1pYSWdjbVZ6ZEdVS0lDQXZMeThnZG05c2IyNTBZV2x5WlcxbGJuUWdjMkZ1Y3lCMFpYaDBaU3dnY1hWbGJHeGxJSEYxWlNCemIybDBJSE5oSUhSaGFXeHNaUzRLSUNCbWFXNWhiQ0JUZEhKcGJtYy9JRzFsYzNOaFoyVTdDaUFnWm1sdVlXd2dVM1J5YVc1bklITmxiV0Z1ZEdsalRHRmlaV3c3Q2dvZ0lFQnZkbVZ5Y21sa1pRb2dJRmRwWkdkbGRDQmlkV2xzWkNoQ2RXbHNaRU52Ym5SbGVIUWdZMjl1ZEdWNGRDa2dld29nSUNBZ2NtVjBkWEp1SUZObGJXRnVkR2xqY3lnS0lDQWdJQ0FnYkdGaVpXdzZJSE5sYldGdWRHbGpUR0ZpWld3c0NpQWdJQ0FnSUd4cGRtVlNaV2RwYjI0NklIUnlkV1VzQ2lBZ0lDQWdJR05vYVd4a09pQkZlR05zZFdSbFUyVnRZVzUwYVdOektBb2dJQ0FnSUNBZ0lHTm9hV3hrT2lCZlFtOTFibU5wYm1kQ1lXeHNUV0Z5YXloemFYcGxPaUJ6YVhwbEtTd0tJQ0FnSUNBZ0tTd0tJQ0FnSUNrN0NpQWdmUXA5Q2dvdkx5OGdVbVZ0Y0d4aFkyVnRaVzUwSUdOdmJYQmhZM1FnWkdWeklHRnVZMmxsYm5NZ1cwTnBjbU4xYkdGeVVISnZaM0psYzNOSmJtUnBZMkYwYjNKZExnb3ZMeThLTHk4dklFbHNJR0ZqWTJWd2RHVWdiR1YxY2lCQlVFa2dZMjkxY21GdWRHVWdjRzkxY2lCd1pYSnRaWFIwY21VZ2RXNWxJRzFwWjNKaGRHbHZiaUJ0dzZsallXNXBjWFZsSUhOaGJuTUtMeTh2SUcxdlpHbG1hV1Z5SUd4bGN5QmpiMjUwY21GcGJuUmxjeUJrdzZscXc2QWdjRzl6dzZsbGN5QndZWElnYkdWeklIQmhaMlZ6SUdWMElHeGxjeUJpYjNWMGIyNXpMZ3BqYkdGemN5QkhjbWx1ZEdGUWNtOW5jbVZ6YzBsdVpHbGpZWFJ2Y2lCbGVIUmxibVJ6SUZOMFlYUmxiR1Z6YzFkcFpHZGxkQ0I3Q2lBZ1kyOXVjM1FnUjNKcGJuUmhVSEp2WjNKbGMzTkpibVJwWTJGMGIzSW9ld29nSUNBZ2MzVndaWEl1YTJWNUxBb2dJQ0FnZEdocGN5NTJZV3gxWlN3S0lDQWdJSFJvYVhNdVltRmphMmR5YjNWdVpFTnZiRzl5TEFvZ0lDQWdkR2hwY3k1amIyeHZjaXdLSUNBZ0lIUm9hWE11ZG1Gc2RXVkRiMnh2Y2l3S0lDQWdJSFJvYVhNdWMzUnliMnRsVjJsa2RHZ2dQU0EwTEFvZ0lDQWdkR2hwY3k1emRISnZhMlZCYkdsbmJpQTlJREFzQ2lBZ0lDQjBhR2x6TG5ObGJXRnVkR2xqYzB4aFltVnNMQW9nSUNBZ2RHaHBjeTV6WlcxaGJuUnBZM05XWVd4MVpTd0tJQ0FnSUhSb2FYTXVjM1J5YjJ0bFEyRndMQW9nSUNBZ2RHaHBjeTVqYjI1emRISmhhVzUwY3l3S0lDQWdJSFJvYVhNdWNHRmtaR2x1Wnl3S0lDQWdJSFJvYVhNdWVXVmhjakl3TWpNc0NpQWdmU2s3Q2dvZ0lHWnBibUZzSUdSdmRXSnNaVDhnZG1Gc2RXVTdDaUFnWm1sdVlXd2dRMjlzYjNJL0lHSmhZMnRuY205MWJtUkRiMnh2Y2pzS0lDQm1hVzVoYkNCRGIyeHZjajhnWTI5c2IzSTdDaUFnWm1sdVlXd2dRVzVwYldGMGFXOXVQRU52Ykc5eVB6NC9JSFpoYkhWbFEyOXNiM0k3Q2lBZ1ptbHVZV3dnWkc5MVlteGxJSE4wY205clpWZHBaSFJvT3dvZ0lHWnBibUZzSUdSdmRXSnNaU0J6ZEhKdmEyVkJiR2xuYmpzS0lDQm1hVzVoYkNCVGRISnBibWMvSUhObGJXRnVkR2xqYzB4aFltVnNPd29nSUdacGJtRnNJRk4wY21sdVp6OGdjMlZ0WVc1MGFXTnpWbUZzZFdVN0NpQWdabWx1WVd3Z1UzUnliMnRsUTJGd1B5QnpkSEp2YTJWRFlYQTdDaUFnWm1sdVlXd2dRbTk0UTI5dWMzUnlZV2x1ZEhNL0lHTnZibk4wY21GcGJuUnpPd29nSUdacGJtRnNJRVZrWjJWSmJuTmxkSE5I
Shell: Wlc5dFpYUnllVDhnY0dGa1pHbHVaenNLSUNCbWFXNWhiQ0JpYjI5c1B5QjVaV0Z5TWpBeU16c0tDaUFnUUc5MlpYSnlhV1JsQ2lBZ1YybGtaMlYwSUdKMWFXeGtLRUoxYVd4a1EyOXVkR1Y0ZENCamIyNTBaWGgwS1NCN0NpQWdJQ0JtYVc1aGJDQmxabVpsWTNScGRtVkRiMjV6ZEhKaGFXNTBjeUE5SUdOdmJuTjBjbUZwYm5SeklEOC9JR052Ym5OMElFSnZlRU52Ym5OMGNtRnBiblJ6S0NrN0NpQWdJQ0J5WlhSMWNtNGdVMlZ0WVc1MGFXTnpLQW9nSUNBZ0lDQnNZV0psYkRvZ2MyVnRZVzUwYVdOelRHRmlaV3dnUHo4Z0owTm9ZWEpuWlcxbGJuUWdaVzRnWTI5MWNuTW5MQW9nSUNBZ0lDQjJZV3gxWlRvZ2MyVnRZVzUwYVdOelZtRnNkV1VzQ2lBZ0lDQWdJR3hwZG1WU1pXZHBiMjQ2SUhaaGJIVmxJRDA5SUc1MWJHd3NDaUFnSUNBZ0lHTm9hV3hrT2lCRmVHTnNkV1JsVTJWdFlXNTBhV056S0FvZ0lDQWdJQ0FnSUdOb2FXeGtPaUJRWVdSa2FXNW5LQW9nSUNBZ0lDQWdJQ0FnY0dGa1pHbHVaem9nY0dGa1pHbHVaeUEvUHlCRlpHZGxTVzV6WlhSekxucGxjbThzQ2lBZ0lDQWdJQ0FnSUNCamFHbHNaRG9nUTI5dWMzUnlZV2x1WldSQ2IzZ29DaUFnSUNBZ0lDQWdJQ0FnSUdOdmJuTjBjbUZwYm5Sek9pQmxabVpsWTNScGRtVkRiMjV6ZEhKaGFXNTBjeXdLSUNBZ0lDQWdJQ0FnSUNBZ1kyaHBiR1E2SUV4aGVXOTFkRUoxYVd4a1pYSW9DaUFnSUNBZ0lDQWdJQ0FnSUNBZ1luVnBiR1JsY2pvZ0tHTnZiblJsZUhRc0lHSnZlQ2tnZXdvZ0lDQWdJQ0FnSUNBZ0lDQWdJQ0FnWm1sdVlXd2dZMkZ1Wkdsa1lYUmxjeUE5SUR4a2IzVmliR1UrV3dvZ0lDQWdJQ0FnSUNBZ0lDQWdJQ0FnSUNCcFppQW9ZbTk0TG1oaGMwSnZkVzVrWldSWGFXUjBhQ2tnWW05NExtMWhlRmRwWkhSb0xBb2dJQ0FnSUNBZ0lDQWdJQ0FnSUNBZ0lDQnBaaUFvWW05NExtaGhjMEp2ZFc1a1pXUklaV2xuYUhRcElHSnZlQzV0WVhoSVpXbG5hSFFzQ2lBZ0lDQWdJQ0FnSUNBZ0lDQWdJQ0JkT3dvZ0lDQWdJQ0FnSUNBZ0lDQWdJQ0FnWm1sdVlXd2dZWFpoYVd4aFlteGxJRDBLSUNBZ0lDQWdJQ0FnSUNBZ0lDQWdJQ0FnSUNCallXNWthV1JoZEdWekxtbHpSVzF3ZEhrZ1B5QXpNaTR3SURvZ1kyRnVaR2xrWVhSbGN5NXlaV1IxWTJVb2JXRjBhQzV0YVc0cE93b2dJQ0FnSUNBZ0lDQWdJQ0FnSUNBZ1ptbHVZV3dnYzJsNlpTQTlJR0YyWVdsc1lXSnNaUzVqYkdGdGNDZ3hOaTR3TENBek1pNHdLUzUwYjBSdmRXSnNaU2dwT3dvZ0lDQWdJQ0FnSUNBZ0lDQWdJQ0FnY21WMGRYSnVJRU5sYm5SbGNpaGphR2xzWkRvZ1gwSnZkVzVqYVc1blFtRnNiRTFoY21zb2MybDZaVG9nYzJsNlpTa3BPd29nSUNBZ0lDQWdJQ0FnSUNBZ0lIMHNDaUFnSUNBZ0lDQWdJQ0FnSUNrc0NpQWdJQ0FnSUNBZ0lDQXBMQW9nSUNBZ0lDQWdJQ2tzQ2lBZ0lDQWdJQ2tzQ2lBZ0lDQXBPd29nSUgwS2ZRb0tMeTh2SUZCeXc2bHpaWEoyWlNCc1pYTWdZbUZ5Y21WeklHVERxWFJsY20xcGJzT3BaWE1nS0hOMFlYUnBjM1JwY1hWbGN5d2dhbUYxWjJWektTQmxkQ0J5Wlcxd2JHRmpaU0J6WlhWc1pXMWxiblFLTHk4dklHeGxkWElndzZsMFlYUWdhVzVrdzZsMFpYSnRhVzdEcVNCd1lYSWdiR1VnYmNPcWJXVWdZbUZzYkc5dUlISmxZbTl1WkdsemMyRnVkQzRLWTJ4aGMzTWdSM0pwYm5SaFRHbHVaV0Z5VUhKdlozSmxjM05KYm1ScFkyRjBiM0lnWlhoMFpXNWtjeUJUZEdGMFpXeGxjM05YYVdSblpYUWdld29nSUdOdmJuTjBJRWR5YVc1MFlVeHBibVZoY2xCeWIyZHlaWE56U1c1a2FXTmhkRzl5S0hzS0lDQWdJSE4xY0dWeUxtdGxlU3dLSUNBZ0lIUm9hWE11ZG1Gc2RXVXNDaUFnSUNCMGFHbHpMbUpoWTJ0bmNtOTFibVJEYjJ4dmNpd0tJQ0FnSUhSb2FYTXVZMjlzYjNJc0NpQWdJQ0IwYUdsekxuWmhiSFZsUTI5c2IzSXNDaUFnSUNCMGFHbHpMbTFwYmtobGFXZG9kQ3dLSUNBZ0lIUm9hWE11YzJWdFlXNTBhV056VEdGaVpXd3NDaUFnSUNCMGFHbHpMbk5sYldGdWRHbGpjMVpoYkhWbExBb2dJQ0FnZEdocGN5NWliM0prWlhKU1lXUnBkWE1zQ2lBZ0lDQjBhR2x6TG5OMGIzQkpibVJwWTJGMGIzSkRiMnh2Y2l3S0lDQWdJSFJvYVhNdWMzUnZjRWx1WkdsallYUnZjbEpoWkdsMWN5d0tJQ0FnSUhSb2FYTXVkSEpoWTJ0SFlYQXNDaUFnSUNCMGFHbHpMbmxsWVhJeU1ESXpMQW9nSUgwcE93b0tJQ0JtYVc1aGJDQmtiM1ZpYkdVL0lIWmhiSFZsT3dvZ0lHWnBibUZzSUVOdmJHOXlQeUJpWVdOclozSnZkVzVrUTI5c2IzSTdDaUFnWm1sdVlXd2dRMjlzYjNJL0lHTnZiRzl5T3dvZ0lHWnBibUZzSUVGdWFXMWhkR2x2Ymp4RGIyeHZjajgrUHlCMllXeDFaVU52Ykc5eU93b2dJR1pwYm1Gc0lHUnZkV0pzWlQ4Z2JXbHVTR1ZwWjJoME93b2dJR1pwYm1Gc0lGTjBjbWx1Wno4Z2MyVnRZVzUwYVdOelRHRmlaV3c3Q2lBZ1ptbHVZV3dnVTNSeWFXNW5QeUJ6WlcxaGJuUnBZM05XWVd4MVpUc0tJQ0JtYVc1aGJDQkNiM0prWlhKU1lXUnBkWE5IWlc5dFpYUnllVDhnWW05eVpHVnlVbUZrYVhWek93b2dJR1pwYm1Gc0lFTnZiRzl5UHlCemRHOXdTVzVrYVdOaGRHOXlRMjlzYjNJN0NpQWdabWx1WVd3Z1pHOTFZbXhsUHlCemRHOXdTVzVrYVdOaGRHOXlVbUZrYVhWek93b2dJR1pwYm1Gc0lHUnZkV0pzWlQ4Z2RISmhZMnRIWVhBN0NpQWdabWx1WVd3Z1ltOXZiRDhnZVdWaGNqSXdNak03Q2dvZ0lFQnZkbVZ5Y21sa1pRb2dJRmRwWkdkbGRDQmlkV2xzWkNoQ2RXbHNaRU52Ym5SbGVIUWdZMjl1ZEdWNGRDa2dld29nSUNBZ2FXWWdLSFpoYkhWbElDRTlJRzUxYkd3cElIc0tJQ0FnSUNBZ2NtVjBkWEp1SUV4cGJtVmhjbEJ5YjJkeVpYTnpTVzVrYVdOaGRHOXlLQW9nSUNBZ0lDQWdJSFpoYkhWbE9pQjJZV3gxWlN3S0lDQWdJQ0FnSUNCaVlXTnJaM0p2ZFc1a1EyOXNiM0k2SUdKaFkydG5jbTkxYm1SRGIyeHZjaXdLSUNBZ0lDQWdJQ0JqYjJ4dmNqb2dZMjlzYjNJc0NpQWdJQ0FnSUNBZ2RtRnNkV1ZEYjJ4dmNqb2dkbUZzZFdWRGIyeHZjaXdLSUNBZ0lDQWdJQ0J0YVc1SVpXbG5hSFE2SUcxcGJraGxhV2RvZEN3S0lDQWdJQ0Fn
Shell: SUNCelpXMWhiblJwWTNOTVlXSmxiRG9nYzJWdFlXNTBhV056VEdGaVpXd3NDaUFnSUNBZ0lDQWdjMlZ0WVc1MGFXTnpWbUZzZFdVNklITmxiV0Z1ZEdsamMxWmhiSFZsTEFvZ0lDQWdJQ0FwT3dvZ0lDQWdmUW9LSUNBZ0lISmxkSFZ5YmlCVFpXMWhiblJwWTNNb0NpQWdJQ0FnSUd4aFltVnNPaUJ6WlcxaGJuUnBZM05NWVdKbGJDQS9QeUFuUTJoaGNtZGxiV1Z1ZENCbGJpQmpiM1Z5Y3ljc0NpQWdJQ0FnSUhaaGJIVmxPaUJ6WlcxaGJuUnBZM05XWVd4MVpTd0tJQ0FnSUNBZ2JHbDJaVkpsWjJsdmJqb2dkSEoxWlN3S0lDQWdJQ0FnWTJocGJHUTZJR052Ym5OMElFVjRZMngxWkdWVFpXMWhiblJwWTNNb0NpQWdJQ0FnSUNBZ1kyaHBiR1E2SUZOcGVtVmtRbTk0S0FvZ0lDQWdJQ0FnSUNBZ2FHVnBaMmgwT2lBek1pd0tJQ0FnSUNBZ0lDQWdJR05vYVd4a09pQkRaVzUwWlhJb1kyaHBiR1E2SUY5Q2IzVnVZMmx1WjBKaGJHeE5ZWEpyS0hOcGVtVTZJRE15S1Nrc0NpQWdJQ0FnSUNBZ0tTd0tJQ0FnSUNBZ0tTd0tJQ0FnSUNrN0NpQWdmUXA5Q2dwamJHRnpjeUJmUW05MWJtTnBibWRDWVd4c1RXRnlheUJsZUhSbGJtUnpJRk4wWVhSbFpuVnNWMmxrWjJWMElIc0tJQ0JqYjI1emRDQmZRbTkxYm1OcGJtZENZV3hzVFdGeWF5aDdjbVZ4ZFdseVpXUWdkR2hwY3k1emFYcGxmU2s3Q2dvZ0lHWnBibUZzSUdSdmRXSnNaU0J6YVhwbE93b0tJQ0JBYjNabGNuSnBaR1VLSUNCVGRHRjBaVHhmUW05MWJtTnBibWRDWVd4c1RXRnlhejRnWTNKbFlYUmxVM1JoZEdVb0tTQTlQaUJmUW05MWJtTnBibWRDWVd4c1RXRnlhMU4wWVhSbEtDazdDbjBLQ21Oc1lYTnpJRjlDYjNWdVkybHVaMEpoYkd4TllYSnJVM1JoZEdVZ1pYaDBaVzVrY3lCVGRHRjBaVHhmUW05MWJtTnBibWRDWVd4c1RXRnlhejRLSUNBZ0lIZHBkR2dnVTJsdVoyeGxWR2xqYTJWeVVISnZkbWxrWlhKVGRHRjBaVTFwZUdsdUlIc0tJQ0JzWVhSbElHWnBibUZzSUVGdWFXMWhkR2x2YmtOdmJuUnliMnhzWlhJZ1gyTnZiblJ5YjJ4c1pYSWdQU0JCYm1sdFlYUnBiMjVEYjI1MGNtOXNiR1Z5S0FvZ0lDQWdkbk41Ym1NNklIUm9hWE1zQ2lBZ0lDQmtkWEpoZEdsdmJqb2dZMjl1YzNRZ1JIVnlZWFJwYjI0b2JXbHNiR2x6WldOdmJtUnpPaUF4TWpBd0tTd0tJQ0FwTGk1eVpYQmxZWFFvS1RzS0NpQWdRRzkyWlhKeWFXUmxDaUFnZG05cFpDQmthWE53YjNObEtDa2dld29nSUNBZ1gyTnZiblJ5YjJ4c1pYSXVaR2x6Y0c5elpTZ3BPd29nSUNBZ2MzVndaWEl1WkdsemNHOXpaU2dwT3dvZ0lIMEtDaUFnUUc5MlpYSnlhV1JsQ2lBZ1YybGtaMlYwSUdKMWFXeGtLRUoxYVd4a1EyOXVkR1Y0ZENCamIyNTBaWGgwS1NCN0NpQWdJQ0JtYVc1aGJDQnlaV1IxWTJWTmIzUnBiMjRnUFFvZ0lDQWdJQ0FnSUUxbFpHbGhVWFZsY25rdWJXRjVZbVZQWmloamIyNTBaWGgwS1Q4dVpHbHpZV0pzWlVGdWFXMWhkR2x2Ym5NZ1B6OGdabUZzYzJVN0Nnb2dJQ0FnY21WMGRYSnVJRkpsY0dGcGJuUkNiM1Z1WkdGeWVTZ0tJQ0FnSUNBZ1kyaHBiR1E2SUZOcGVtVmtRbTk0TG5OeGRXRnlaU2dLSUNBZ0lDQWdJQ0JrYVcxbGJuTnBiMjQ2SUhkcFpHZGxkQzV6YVhwbExBb2dJQ0FnSUNBZ0lHTm9hV3hrT2lCQmJtbHRZWFJsWkVKMWFXeGtaWElvQ2lBZ0lDQWdJQ0FnSUNCaGJtbHRZWFJwYjI0NklGOWpiMjUwY205c2JHVnlMQW9nSUNBZ0lDQWdJQ0FnWW5WcGJHUmxjam9nS0dOdmJuUmxlSFFzSUY4cElEMCtJRU4xYzNSdmJWQmhhVzUwS0FvZ0lDQWdJQ0FnSUNBZ0lDQndZV2x1ZEdWeU9pQmZRbTkxYm1OcGJtZENZV3hzVUdGcGJuUmxjaWdLSUNBZ0lDQWdJQ0FnSUNBZ0lDQndjbTluY21WemN6b2djbVZrZFdObFRXOTBhVzl1SUQ4Z01DQTZJRjlqYjI1MGNtOXNiR1Z5TG5aaGJIVmxMQW9nSUNBZ0lDQWdJQ0FnSUNBcExBb2dJQ0FnSUNBZ0lDQWdLU3dLSUNBZ0lDQWdJQ0FwTEFvZ0lDQWdJQ0FwTEFvZ0lDQWdLVHNLSUNCOUNuMEtDbU5zWVhOeklGOUNiM1Z1WTJsdVowSmhiR3hRWVdsdWRHVnlJR1Y0ZEdWdVpITWdRM1Z6ZEc5dFVHRnBiblJsY2lCN0NpQWdZMjl1YzNRZ1gwSnZkVzVqYVc1blFtRnNiRkJoYVc1MFpYSW9lM0psY1hWcGNtVmtJSFJvYVhNdWNISnZaM0psYzNOOUtUc0tDaUFnWm1sdVlXd2daRzkxWW14bElIQnliMmR5WlhOek93b0tJQ0JBYjNabGNuSnBaR1VLSUNCMmIybGtJSEJoYVc1MEtFTmhiblpoY3lCallXNTJZWE1zSUZOcGVtVWdjMmw2WlNrZ2V3b2dJQ0FnWm1sdVlXd2djMmh2Y25SbGMzUlRhV1JsSUQwZ2JXRjBhQzV0YVc0b2MybDZaUzUzYVdSMGFDd2djMmw2WlM1b1pXbG5hSFFwT3dvZ0lDQWdabWx1WVd3Z2NtRmthWFZ6SUQwZ2MyaHZjblJsYzNSVGFXUmxJQ29nTUM0eU1EVTdDaUFnSUNCbWFXNWhiQ0JuY205MWJtUlpJRDBnYzJsNlpTNW9aV2xuYUhRZ0tpQXdMamM0T3dvZ0lDQWdabWx1WVd3Z1ltOTFibU5sSUQwZ05DQXFJSEJ5YjJkeVpYTnpJQ29nS0RFZ0xTQndjbTluY21WemN5azdDaUFnSUNCbWFXNWhiQ0JpYjNWdVkyVklaV2xuYUhRZ1BTQnphWHBsTG1obGFXZG9kQ0FxSURBdU5ESTdDaUFnSUNCbWFXNWhiQ0JqWlc1MFpYSWdQU0JQWm1aelpYUW9DaUFnSUNBZ0lITnBlbVV1ZDJsa2RHZ2dMeUF5TEFvZ0lDQWdJQ0JuY205MWJtUlpJQzBnY21Ga2FYVnpJQzBnWW05MWJtTmxTR1ZwWjJoMElDb2dZbTkxYm1ObExBb2dJQ0FnS1RzS0NpQWdJQ0JmWkhKaGQwbHRjR0ZqZEZKcGNIQnNaU2hqWVc1MllYTXNJSE5wZW1Vc0lHZHliM1Z1WkZrc0lISmhaR2wxY3lrN0NpQWdJQ0JmWkhKaGQxTm9ZV1J2ZHloallXNTJZWE1zSUhOcGVtVXNJR2R5YjNWdVpGa3NJSEpoWkdsMWN5d2dZbTkxYm1ObEtUc0tJQ0FnSUY5a2NtRjNRbUZzYkNoallXNTJZWE1zSUdObGJuUmxjaXdnY21Ga2FYVnpMQ0J3Y205bmNtVnpjeWs3Q2lBZ2ZRb0tJQ0IyYjJsa0lGOWtjbUYzU1cxd1lXTjBVbWx3Y0d4bEtBb2dJQ0FnUTJGdWRtRnpJR05oYm5aaGN5d0tJQ0FnSUZOcGVtVWdjMmw2WlN3S0lDQWdJR1J2ZFdKc1pTQm5jbTkxYm1SWkxBb2dJQ0FnWkc5MVlteGxJSEpoWkdsMWN5d0tJQ0Fw
Shell: SUhzS0lDQWdJR052Ym5OMElISnBjSEJzWlVSMWNtRjBhVzl1SUQwZ01DNHlPd29nSUNBZ2FXWWdLSEJ5YjJkeVpYTnpJRDRnY21sd2NHeGxSSFZ5WVhScGIyNHBJSEpsZEhWeWJqc0tDaUFnSUNCbWFXNWhiQ0J3YUdGelpTQTlJRU4xY25abGN5NWxZWE5sVDNWMExuUnlZVzV6Wm05eWJTaHdjbTluY21WemN5QXZJSEpwY0hCc1pVUjFjbUYwYVc5dUtUc0tJQ0FnSUdacGJtRnNJRzl3WVdOcGRIa2dQU0FvTVNBdElIQm9ZWE5sS1NBcUlEQXVOekk3Q2lBZ0lDQm1hVzVoYkNCalpXNTBaWElnUFNCUFptWnpaWFFvYzJsNlpTNTNhV1IwYUNBdklESXNJR2R5YjNWdVpGa2dLeUJ5WVdScGRYTWdLaUF3TGpBNEtUc0tJQ0FnSUdacGJtRnNJSGRwWkhSb0lEMGdjbUZrYVhWeklDb2dLREl1TURVZ0t5QndhR0Z6WlNBcUlESXVNelVwT3dvZ0lDQWdabWx1WVd3Z2FHVnBaMmgwSUQwZ2NtRmthWFZ6SUNvZ0tEQXVNemdnS3lCd2FHRnpaU0FxSURBdU5ESXBPd29nSUNBZ1ptbHVZV3dnY21WamRDQTlJRkpsWTNRdVpuSnZiVU5sYm5SbGNpZ0tJQ0FnSUNBZ1kyVnVkR1Z5T2lCalpXNTBaWElzQ2lBZ0lDQWdJSGRwWkhSb09pQjNhV1IwYUN3S0lDQWdJQ0FnYUdWcFoyaDBPaUJvWldsbmFIUXNDaUFnSUNBcE93b0tJQ0FnSUdOaGJuWmhjeTVrY21GM1QzWmhiQ2dLSUNBZ0lDQWdjbVZqZEN3S0lDQWdJQ0FnVUdGcGJuUW9LUW9nSUNBZ0lDQWdJQzR1WTI5c2IzSWdQU0JCY0hCVWFHVnRaUzV3Y21sdFlYSjVRbkpwWjJoMExuZHBkR2hXWVd4MVpYTW9ZV3h3YUdFNklHOXdZV05wZEhrcENpQWdJQ0FnSUNBZ0xpNXpkSGxzWlNBOUlGQmhhVzUwYVc1blUzUjViR1V1YzNSeWIydGxDaUFnSUNBZ0lDQWdMaTV6ZEhKdmEyVlhhV1IwYUNBOUlHMWhkR2d1YldGNEtERXNJSE5wZW1VdWQybGtkR2dnS2lBd0xqQXhPQ2tzQ2lBZ0lDQXBPd29LSUNBZ0lHTmhiblpoY3k1a2NtRjNRWEpqS0FvZ0lDQWdJQ0J5WldOMExBb2dJQ0FnSUNCdFlYUm9MbkJwSUNvZ01DNDVOaXdLSUNBZ0lDQWdiV0YwYUM1d2FTQXFJREF1Tnl3S0lDQWdJQ0FnWm1Gc2MyVXNDaUFnSUNBZ0lGQmhhVzUwS0NrS0lDQWdJQ0FnSUNBdUxtTnZiRzl5SUQwZ1FYQndWR2hsYldVdVlXTmpaVzUwTG5kcGRHaFdZV3gxWlhNb1lXeHdhR0U2SUc5d1lXTnBkSGtnS2lBd0xqa3lLUW9nSUNBZ0lDQWdJQzR1YzNSNWJHVWdQU0JRWVdsdWRHbHVaMU4wZVd4bExuTjBjbTlyWlFvZ0lDQWdJQ0FnSUM0dWMzUnliMnRsVjJsa2RHZ2dQU0J0WVhSb0xtMWhlQ2d4TENCemFYcGxMbmRwWkhSb0lDb2dNQzR3TWpJcENpQWdJQ0FnSUNBZ0xpNXpkSEp2YTJWRFlYQWdQU0JUZEhKdmEyVkRZWEF1Y205MWJtUXNDaUFnSUNBcE93b2dJSDBLQ2lBZ2RtOXBaQ0JmWkhKaGQxTm9ZV1J2ZHlnS0lDQWdJRU5oYm5aaGN5QmpZVzUyWVhNc0NpQWdJQ0JUYVhwbElITnBlbVVzQ2lBZ0lDQmtiM1ZpYkdVZ1ozSnZkVzVrV1N3S0lDQWdJR1J2ZFdKc1pTQnlZV1JwZFhNc0NpQWdJQ0JrYjNWaWJHVWdZbTkxYm1ObExBb2dJQ2tnZXdvZ0lDQWdabWx1WVd3Z2QybGtkR2dnUFNCeVlXUnBkWE1nS2lBb01pNHlOU0F0SUdKdmRXNWpaU0FxSURBdU56SXBPd29nSUNBZ1ptbHVZV3dnYUdWcFoyaDBJRDBnY21Ga2FYVnpJQ29nS0RBdU16Z2dMU0JpYjNWdVkyVWdLaUF3TGpFcE93b2dJQ0FnWm1sdVlXd2djMmhoWkc5M1VtVmpkQ0E5SUZKbFkzUXVabkp2YlVObGJuUmxjaWdLSUNBZ0lDQWdZMlZ1ZEdWeU9pQlBabVp6WlhRb2MybDZaUzUzYVdSMGFDQXZJRElzSUdkeWIzVnVaRmtnS3lCeVlXUnBkWE1nS2lBd0xqQTRLU3dLSUNBZ0lDQWdkMmxrZEdnNklIZHBaSFJvTEFvZ0lDQWdJQ0JvWldsbmFIUTZJR2hsYVdkb2RDd0tJQ0FnSUNrN0Nnb2dJQ0FnWTJGdWRtRnpMbVJ5WVhkUGRtRnNLQW9nSUNBZ0lDQnphR0ZrYjNkU1pXTjBMQW9nSUNBZ0lDQlFZV2x1ZENncENpQWdJQ0FnSUNBZ0xpNWpiMnh2Y2lBOUlFTnZiRzl5Y3k1aWJHRmpheTUzYVhSb1ZtRnNkV1Z6S0dGc2NHaGhPaUF3TGpNMElDMGdZbTkxYm1ObElDb2dNQzR4TnlrS0lDQWdJQ0FnSUNBdUxtMWhjMnRHYVd4MFpYSWdQU0JOWVhOclJtbHNkR1Z5TG1Kc2RYSW9DaUFnSUNBZ0lDQWdJQ0JDYkhWeVUzUjViR1V1Ym05eWJXRnNMQW9nSUNBZ0lDQWdJQ0FnYldGMGFDNXRZWGdvTVN3Z2MybDZaUzUzYVdSMGFDQXFJREF1TURNMUtTd0tJQ0FnSUNBZ0lDQXBMQW9nSUNBZ0tUc0tJQ0I5Q2dvZ0lIWnZhV1FnWDJSeVlYZENZV3hzS0FvZ0lDQWdRMkZ1ZG1GeklHTmhiblpoY3l3S0lDQWdJRTltWm5ObGRDQmpaVzUwWlhJc0NpQWdJQ0JrYjNWaWJHVWdjbUZrYVhWekxBb2dJQ0FnWkc5MVlteGxJSEJ5YjJkeVpYTnpMQW9nSUNrZ2V3b2dJQ0FnWm1sdVlXd2daR2x6ZEdGdVkyVkdjbTl0U1cxd1lXTjBJRDBnYldGMGFDNXRhVzRvY0hKdlozSmxjM01zSURFZ0xTQndjbTluY21WemN5azdDaUFnSUNCbWFXNWhiQ0JwYlhCaFkzUWdQU0FvTVNBdElDaGthWE4wWVc1alpVWnliMjFKYlhCaFkzUWdMeUF3TGpFektTa3VZMnhoYlhBb01DNHdMQ0F4TGpBcExuUnZSRzkxWW14bEtDazdDaUFnSUNCbWFXNWhiQ0JsWVhObFpFbHRjR0ZqZENBOUlFTjFjblpsY3k1bFlYTmxUM1YwTG5SeVlXNXpabTl5YlNocGJYQmhZM1FwT3dvZ0lDQWdabWx1WVd3Z2MyTmhiR1ZZSUQwZ01TQXJJR1ZoYzJWa1NXMXdZV04wSUNvZ01DNHhORHNLSUNBZ0lHWnBibUZzSUhOallXeGxXU0E5SURFZ0xTQmxZWE5sWkVsdGNHRmpkQ0FxSURBdU1UZzdDaUFnSUNCbWFXNWhiQ0J5YjNSaGRHbHZiaUE5SUhCeWIyZHlaWE56SUNvZ2JXRjBhQzV3YVNBcUlESTdDZ29nSUNBZ1kyRnVkbUZ6TG5OaGRtVW9LVHNLSUNBZ0lHTmhiblpoY3k1MGNtRnVjMnhoZEdVb1kyVnVkR1Z5TG1SNExDQmpaVzUwWlhJdVpIa3BPd29nSUNBZ1kyRnVkbUZ6TG5OallXeGxLSE5qWVd4bFdDd2djMk5oYkdWWktUc0tJQ0FnSUdOaGJuWmhjeTV5YjNSaGRHVW9jbTkwWVhScGIyNHBPd29LSUNBZ0lHTmhiblpoY3k1a2NtRjNRMmx5WTJ4bEtBb2dJQ0FnSUNCUFptWnpaWFF1ZW1WeWJ5d0tJQ0FnSUNBZ2NtRmthWFZ6
Shell: SUNvZ01TNHhNaXdLSUNBZ0lDQWdVR0ZwYm5Rb0tRb2dJQ0FnSUNBZ0lDNHVZMjlzYjNJZ1BTQkJjSEJVYUdWdFpTNXdjbWx0WVhKNVFuSnBaMmgwTG5kcGRHaFdZV3gxWlhNb1lXeHdhR0U2SURBdU1UTXBDaUFnSUNBZ0lDQWdMaTV0WVhOclJtbHNkR1Z5SUQwZ1RXRnphMFpwYkhSbGNpNWliSFZ5S0FvZ0lDQWdJQ0FnSUNBZ1FteDFjbE4wZVd4bExtNXZjbTFoYkN3S0lDQWdJQ0FnSUNBZ0lISmhaR2wxY3lBcUlEQXVNallzQ2lBZ0lDQWdJQ0FnS1N3S0lDQWdJQ2s3Q2dvZ0lDQWdabWx1WVd3Z1ltRnNiRkpsWTNRZ1BTQlNaV04wTG1aeWIyMURhWEpqYkdVb1kyVnVkR1Z5T2lCUFptWnpaWFF1ZW1WeWJ5d2djbUZrYVhWek9pQnlZV1JwZFhNcE93b2dJQ0FnWTJGdWRtRnpMbVJ5WVhkRGFYSmpiR1VvQ2lBZ0lDQWdJRTltWm5ObGRDNTZaWEp2TEFvZ0lDQWdJQ0J5WVdScGRYTXNDaUFnSUNBZ0lGQmhhVzUwS0NrS0lDQWdJQ0FnSUNBdUxuTm9ZV1JsY2lBOUlHTnZibk4wSUZKaFpHbGhiRWR5WVdScFpXNTBLQW9nSUNBZ0lDQWdJQ0FnWTJWdWRHVnlPaUJCYkdsbmJtMWxiblFvTFRBdU16Z3NJQzB3TGpRMEtTd0tJQ0FnSUNBZ0lDQWdJSEpoWkdsMWN6b2dNUzR3TlN3S0lDQWdJQ0FnSUNBZ0lHTnZiRzl5Y3pvZ1d3b2dJQ0FnSUNBZ0lDQWdJQ0JEYjJ4dmNuTXVkMmhwZEdVc0NpQWdJQ0FnSUNBZ0lDQWdJRU52Ykc5eUtEQjRSa1pHTTBZMlJrTXBMQW9nSUNBZ0lDQWdJQ0FnSUNCQmNIQlVhR1Z0WlM1d2NtbHRZWEo1UW5KcFoyaDBMQW9nSUNBZ0lDQWdJQ0FnWFN3S0lDQWdJQ0FnSUNBZ0lITjBiM0J6T2lCYk1Dd2dNQzQyT0N3Z01WMHNDaUFnSUNBZ0lDQWdLUzVqY21WaGRHVlRhR0ZrWlhJb1ltRnNiRkpsWTNRcExBb2dJQ0FnS1RzS0NpQWdJQ0JtYVc1aGJDQmtZWEpyVUdGcGJuUWdQU0JRWVdsdWRDZ3BMaTVqYjJ4dmNpQTlJRUZ3Y0ZSb1pXMWxMbUpoWTJ0bmNtOTFibVE3Q2lBZ0lDQm1hVzVoYkNCelpXRnRVR0ZwYm5RZ1BTQlFZV2x1ZENncENpQWdJQ0FnSUM0dVkyOXNiM0lnUFNCQmNIQlVhR1Z0WlM1aVlXTnJaM0p2ZFc1a0xuZHBkR2hXWVd4MVpYTW9ZV3h3YUdFNklEQXVOVGdwQ2lBZ0lDQWdJQzR1YzNSNWJHVWdQU0JRWVdsdWRHbHVaMU4wZVd4bExuTjBjbTlyWlFvZ0lDQWdJQ0F1TG5OMGNtOXJaVmRwWkhSb0lEMGdiV0YwYUM1dFlYZ29NQzQ0TENCeVlXUnBkWE1nS2lBd0xqQTNOU2tLSUNBZ0lDQWdMaTV6ZEhKdmEyVkRZWEFnUFNCVGRISnZhMlZEWVhBdWNtOTFibVE3Q2dvZ0lDQWdabWx1WVd3Z2NHVnVkR0ZuYjI0Z1BTQlFZWFJvS0NrN0NpQWdJQ0JtYjNJZ0tIWmhjaUJwSUQwZ01Ec2dhU0E4SURVN0lHa3JLeWtnZXdvZ0lDQWdJQ0JtYVc1aGJDQmhibWRzWlNBOUlDMXRZWFJvTG5CcElDOGdNaUFySUdrZ0tpQnRZWFJvTG5CcElDb2dNaUF2SURVN0NpQWdJQ0FnSUdacGJtRnNJSEJ2YVc1MElEMGdUMlptYzJWMEtBb2dJQ0FnSUNBZ0lHMWhkR2d1WTI5ektHRnVaMnhsS1NBcUlISmhaR2wxY3lBcUlEQXVNekVzQ2lBZ0lDQWdJQ0FnYldGMGFDNXphVzRvWVc1bmJHVXBJQ29nY21Ga2FYVnpJQ29nTUM0ek1Td0tJQ0FnSUNBZ0tUc0tJQ0FnSUNBZ2FXWWdLR2tnUFQwZ01Da2dld29nSUNBZ0lDQWdJSEJsYm5SaFoyOXVMbTF2ZG1WVWJ5aHdiMmx1ZEM1a2VDd2djRzlwYm5RdVpIa3BPd29nSUNBZ0lDQjlJR1ZzYzJVZ2V3b2dJQ0FnSUNBZ0lIQmxiblJoWjI5dUxteHBibVZVYnlod2IybHVkQzVrZUN3Z2NHOXBiblF1WkhrcE93b2dJQ0FnSUNCOUNpQWdJQ0I5Q2lBZ0lDQndaVzUwWVdkdmJpNWpiRzl6WlNncE93b2dJQ0FnWTJGdWRtRnpMbVJ5WVhkUVlYUm9LSEJsYm5SaFoyOXVMQ0JrWVhKclVHRnBiblFwT3dvS0lDQWdJR1p2Y2lBb2RtRnlJR2tnUFNBd095QnBJRHdnTlRzZ2FTc3JLU0I3Q2lBZ0lDQWdJR1pwYm1Gc0lHRnVaMnhsSUQwZ0xXMWhkR2d1Y0drZ0x5QXlJQ3NnYVNBcUlHMWhkR2d1Y0drZ0tpQXlJQzhnTlRzS0lDQWdJQ0FnWm1sdVlXd2dhVzV1WlhJZ1BTQlBabVp6WlhRb0NpQWdJQ0FnSUNBZ2JXRjBhQzVqYjNNb1lXNW5iR1VwSUNvZ2NtRmthWFZ6SUNvZ01DNHpNU3dLSUNBZ0lDQWdJQ0J0WVhSb0xuTnBiaWhoYm1kc1pTa2dLaUJ5WVdScGRYTWdLaUF3TGpNeExBb2dJQ0FnSUNBcE93b2dJQ0FnSUNCbWFXNWhiQ0J2ZFhSbGNpQTlJRTltWm5ObGRDZ0tJQ0FnSUNBZ0lDQnRZWFJvTG1OdmN5aGhibWRzWlNrZ0tpQnlZV1JwZFhNZ0tpQXdMamM0TEFvZ0lDQWdJQ0FnSUcxaGRHZ3VjMmx1S0dGdVoyeGxLU0FxSUhKaFpHbDFjeUFxSURBdU56Z3NDaUFnSUNBZ0lDazdDaUFnSUNBZ0lHTmhiblpoY3k1a2NtRjNUR2x1WlNocGJtNWxjaXdnYjNWMFpYSXNJSE5sWVcxUVlXbHVkQ2s3Q2lBZ0lDQWdJR05oYm5aaGN5NWtjbUYzUTJseVkyeGxLRzkxZEdWeUxDQnlZV1JwZFhNZ0tpQXdMakV5TlN3Z1pHRnlhMUJoYVc1MEtUc0tJQ0FnSUgwS0NpQWdJQ0JqWVc1MllYTXVaSEpoZDBGeVl5Z0tJQ0FnSUNBZ1VtVmpkQzVtY205dFEybHlZMnhsS0dObGJuUmxjam9nVDJabWMyVjBMbnBsY204c0lISmhaR2wxY3pvZ2NtRmthWFZ6SUNvZ01DNDRNaWtzQ2lBZ0lDQWdJQzB5TGpRMUxBb2dJQ0FnSUNBd0xqa3lMQW9nSUNBZ0lDQm1ZV3h6WlN3S0lDQWdJQ0FnVUdGcGJuUW9LUW9nSUNBZ0lDQWdJQzR1WTI5c2IzSWdQU0JEYjJ4dmNuTXVkMmhwZEdVdWQybDBhRlpoYkhWbGN5aGhiSEJvWVRvZ01DNDFPQ2tLSUNBZ0lDQWdJQ0F1TG5OMGVXeGxJRDBnVUdGcGJuUnBibWRUZEhsc1pTNXpkSEp2YTJVS0lDQWdJQ0FnSUNBdUxuTjBjbTlyWlZkcFpIUm9JRDBnYldGMGFDNXRZWGdvTVN3Z2NtRmthWFZ6SUNvZ01DNHhLUW9nSUNBZ0lDQWdJQzR1YzNSeWIydGxRMkZ3SUQwZ1UzUnliMnRsUTJGd0xuSnZkVzVrTEFvZ0lDQWdLVHNLQ2lBZ0lDQmpZVzUyWVhNdWNtVnpkRzl5WlNncE93b2dJSDBLQ2lBZ1FHOTJaWEp5YVdSbENpQWdZbTl2YkNCemFHOTFiR1JTWlhCaGFXNTBLR052ZG1GeWFXRnVkQ0JmUW05MWJtTnBibWRDWVd4c1VHRnBiblJsY2lCdmJHUkVaV3hsWjJGMFpTa2dld29n
Shell: SUNBZ2NtVjBkWEp1SUc5c1pFUmxiR1ZuWVhSbExuQnliMmR5WlhOeklDRTlJSEJ5YjJkeVpYTnpPd29nSUgwS2ZRbz0iLCJsaWIvZmVhdHVyZXMvYWRtaW4vcHJlc2VudGF0aW9uL2FkbWluX3BhZ2UuZGFydCI6ImFXMXdiM0owSUNkd1lXTnJZV2RsT21GelgyZHlhVzUwWVM5amIzSmxMM1YwYVd4ekwyRndjRjlsY25KdmNuTXVaR0Z5ZENjN0NtbHRjRzl5ZENBbmNHRmphMkZuWlRwaGMxOW5jbWx1ZEdFdlkyOXlaUzkzYVdSblpYUnpMMmR5YVc1MFlWOWhjSEJmWW1GeUxtUmhjblFuT3dwcGJYQnZjblFnSjNCaFkydGhaMlU2WVhOZlozSnBiblJoTDJOdmNtVXZkMmxrWjJWMGN5OW5jbWx1ZEdGZlpXMXdkSGxmYzNSaGRHVXVaR0Z5ZENjN0NtbHRjRzl5ZENBbmNHRmphMkZuWlRwaGMxOW5jbWx1ZEdFdlptVmhkSFZ5WlhNdllXUnRhVzR2WkdGMFlTOWhaRzFwYmw5eVpYQnZjMmwwYjNKNUxtUmhjblFuT3dwcGJYQnZjblFnSjNCaFkydGhaMlU2WVhOZlozSnBiblJoTDJabFlYUjFjbVZ6TDJGa2JXbHVMM0J5WlhObGJuUmhkR2x2Ymk5aFpHMXBibDl3Y205bWFXeGxYM0J2YkdsamVTNWtZWEowSnpzS2FXMXdiM0owSUNkd1lXTnJZV2RsT21GelgyZHlhVzUwWVM5bVpXRjBkWEpsY3k5aFpHMXBiaTl3Y21WelpXNTBZWFJwYjI0dllXUnRhVzVmYzNCdmNuUnpYMjFoYm1GblpXMWxiblJmYzJWamRHbHZiaTVrWVhKMEp6c0thVzF3YjNKMElDZHdZV05yWVdkbE9tRnpYMmR5YVc1MFlTOW1aV0YwZFhKbGN5OWhkWFJvTDNCeVpYTmxiblJoZEdsdmJpOWhkWFJvWDNOMFlYUmxMbVJoY25Rbk93cHBiWEJ2Y25RZ0ozQmhZMnRoWjJVNllYTmZaM0pwYm5SaEwyWmxZWFIxY21WekwyWmxZWFIxY21WZlpteGhaM012Y0hKbGMyVnVkR0YwYVc5dUwyWmxZWFIxY21WZlpteGhaM05mWTI5dWRISnZiR3hsY2k1a1lYSjBKenNLYVcxd2IzSjBJQ2R3WVdOcllXZGxPbUZ6WDJkeWFXNTBZUzltWldGMGRYSmxjeTl3YkdGNVpYSnpMMlJoZEdFdmNtOXpkR1Z5WDNKbGNHOXphWFJ2Y25rdVpHRnlkQ2M3Q21sdGNHOXlkQ0FuY0dGamEyRm5aVHBtYkhWMGRHVnlMMjFoZEdWeWFXRnNMbVJoY25Rbk93cHBiWEJ2Y25RZ0ozQmhZMnRoWjJVNlpteDFkSFJsY2k5elpYSjJhV05sY3k1a1lYSjBKenNLYVcxd2IzSjBJQ2R3WVdOcllXZGxPbVpzZFhSMFpYSmZjbWwyWlhKd2IyUXZabXgxZEhSbGNsOXlhWFpsY25CdlpDNWtZWEowSnpzS2FXMXdiM0owSUNkd1lXTnJZV2RsT21kdlgzSnZkWFJsY2k5bmIxOXliM1YwWlhJdVpHRnlkQ2M3Q21sdGNHOXlkQ0FuY0dGamEyRm5aVHBoYzE5bmNtbHVkR0V2WTI5eVpTOTNhV1JuWlhSekwyZHlhVzUwWVY5c2IyRmtaWEl1WkdGeWRDYzdDZ3B3WVhKMElDZGhaRzFwYmw5elpXRnpiMjVmYzJWamRHbHZiaTVrWVhKMEp6c0tjR0Z5ZENBbllXUnRhVzVmY0hKdlptbHNaWE5mYzJWamRHbHZiaTVrWVhKMEp6c0tDaTh2THlCTWFXVnVJSEIxWW14cFl5QmtKMkYxZEc4dGFXNXpZM0pwY0hScGIyNGd3NkFnY0dGeWRHRm5aWElnWkdGdWN5QnNZU0JqYjI1MlpYSnpZWFJwYjI0Z1pIVWdZMngxWWk0S1kyOXVjM1FnWDNKbFoybHpkR1Z5VEdsdWF5QTlJQ2RvZEhSd2N6b3ZMM05oYldsb1kyaGhZUzEzY1M1bmFYUm9kV0l1YVc4dlFWTXRSM0pwYm5SaEwyRjFkR2d2Y21WbmFYTjBaWEluT3dvS1kyeGhjM01nUVdSdGFXNVFZV2RsSUdWNGRHVnVaSE1nUTI5dWMzVnRaWEpYYVdSblpYUWdld29nSUdOdmJuTjBJRUZrYldsdVVHRm5aU2g3YzNWd1pYSXVhMlY1ZlNrN0Nnb2dJRUJ2ZG1WeWNtbGtaUW9nSUZkcFpHZGxkQ0JpZFdsc1pDaENkV2xzWkVOdmJuUmxlSFFnWTI5dWRHVjRkQ3dnVjJsa1oyVjBVbVZtSUhKbFppa2dld29nSUNBZ1ptbHVZV3dnWkdGemFHSnZZWEprUVhONWJtTWdQU0J5WldZdWQyRjBZMmdvWVdSdGFXNUVZWE5vWW05aGNtUlFjbTkyYVdSbGNpazdDZ29nSUNBZ2NtVjBkWEp1SUZOallXWm1iMnhrS0FvZ0lDQWdJQ0JoY0hCQ1lYSTZJRWR5YVc1MFlVRndjRUpoY2loMGFYUnNaVG9nWTI5dWMzUWdWR1Y0ZENnblFXUnRhVzRuS1N3Z1lXUnRhVzQ2SUhSeWRXVXBMQW9nSUNBZ0lDQmliMlI1T2lCU1pXWnlaWE5vU1c1a2FXTmhkRzl5S0FvZ0lDQWdJQ0FnSUc5dVVtVm1jbVZ6YURvZ0tDa2dZWE41Ym1NZ2V3b2dJQ0FnSUNBZ0lDQWdjbVZtQ2lBZ0lDQWdJQ0FnSUNBZ0lDNHVhVzUyWVd4cFpHRjBaU2hoWkcxcGJrUmhjMmhpYjJGeVpGQnliM1pwWkdWeUtRb2dJQ0FnSUNBZ0lDQWdJQ0F1TG1sdWRtRnNhV1JoZEdVb1ptVmhkSFZ5WlVac1lXZHpRMjl1ZEhKdmJHeGxjbEJ5YjNacFpHVnlLVHNLSUNBZ0lDQWdJQ0FnSUdGM1lXbDBJRVoxZEhWeVpTNTNZV2wwS0ZzS0lDQWdJQ0FnSUNBZ0lDQWdjbVZtTG5KbFlXUW9ZV1J0YVc1RVlYTm9ZbTloY21SUWNtOTJhV1JsY2k1bWRYUjFjbVVwTEFvZ0lDQWdJQ0FnSUNBZ0lDQnlaV1l1Y21WaFpDaG1aV0YwZFhKbFJteGhaM05EYjI1MGNtOXNiR1Z5VUhKdmRtbGtaWEl1Wm5WMGRYSmxLU3dLSUNBZ0lDQWdJQ0FnSUYwcE93b2dJQ0FnSUNBZ0lIMHNDaUFnSUNBZ0lDQWdZMmhwYkdRNklHUmhjMmhpYjJGeVpFRnplVzVqTG5kb1pXNG9DaUFnSUNBZ0lDQWdJQ0JzYjJGa2FXNW5PaUFvS1NBOVBpQmpiMjV6ZENCRFpXNTBaWElvWTJocGJHUTZJRWR5YVc1MFlWQnliMmR5WlhOelNXNWthV05oZEc5eUtDa3BMQW9nSUNBZ0lDQWdJQ0FnWlhKeWIzSTZJQ2hsY25KdmNpd2dYeWtnUFQ0Z1RHbHpkRlpwWlhjb0NpQWdJQ0FnSUNBZ0lDQWdJSEJoWkdScGJtYzZJR052Ym5OMElFVmtaMlZKYm5ObGRITXVZV3hzS0RJd0tTd0tJQ0FnSUNBZ0lDQWdJQ0FnWTJocGJHUnlaVzQ2SUZzS0lDQWdJQ0FnSUNBZ0lDQWdJQ0JVWlhoMEtDZEpiWEJ2YzNOcFlteGxJR1JsSUdOb1lYSm5aWElnYk9LQW1XRmtiV2x1YVhOMGNtRjBhVzl1SURvZ0pHVnljbTl5Snlrc0NpQWdJQ0FnSUNBZ0lDQWdJQ0FnWTI5dWMzUWdVMmw2WldSQ2IzZ29hR1ZwWjJoME9pQXhNaWtzQ2lBZ0lDQWdJQ0FnSUNBZ0lDQWdSbWxzYkdWa1FuVjBkRzl1S0FvZ0lDQWdJQ0FnSUNBZ0lDQWdJQ0FnYjI1
Shell: UWNtVnpjMlZrT2lBb0tTQTlQaUJ5WldZdWFXNTJZV3hwWkdGMFpTaGhaRzFwYmtSaGMyaGliMkZ5WkZCeWIzWnBaR1Z5S1N3S0lDQWdJQ0FnSUNBZ0lDQWdJQ0FnSUdOb2FXeGtPaUJqYjI1emRDQlVaWGgwS0NkU3c2bGxjM05oZVdWeUp5a3NDaUFnSUNBZ0lDQWdJQ0FnSUNBZ0tTd0tJQ0FnSUNBZ0lDQWdJQ0FnWFN3S0lDQWdJQ0FnSUNBZ0lDa3NDaUFnSUNBZ0lDQWdJQ0JrWVhSaE9pQW9aR0Z6YUdKdllYSmtLU0I3Q2lBZ0lDQWdJQ0FnSUNBZ0lHWnBibUZzSUdkeWIzVndjeUE5SUdkeWIzVndRV1J0YVc1UWNtOW1hV3hsY3loa1lYTm9ZbTloY21RdWNISnZabWxzWlhNcE93b0tJQ0FnSUNBZ0lDQWdJQ0FnY21WMGRYSnVJRXhwYzNSV2FXVjNLQW9nSUNBZ0lDQWdJQ0FnSUNBZ0lIQm9lWE5wWTNNNklHTnZibk4wSUVGc2QyRjVjMU5qY205c2JHRmliR1ZUWTNKdmJHeFFhSGx6YVdOektDa3NDaUFnSUNBZ0lDQWdJQ0FnSUNBZ2NHRmtaR2x1WnpvZ1kyOXVjM1FnUldSblpVbHVjMlYwY3k1aGJHd29NVFlwTEFvZ0lDQWdJQ0FnSUNBZ0lDQWdJR05vYVd4a2NtVnVPaUJiQ2lBZ0lDQWdJQ0FnSUNBZ0lDQWdJQ0JqYjI1emRDQkJaRzFwYmxOd2IzSjBjMDFoYm1GblpXMWxiblJUWldOMGFXOXVLQ2tzQ2lBZ0lDQWdJQ0FnSUNBZ0lDQWdJQ0JqYjI1emRDQlRhWHBsWkVKdmVDaG9aV2xuYUhRNklESXdLU3dLSUNBZ0lDQWdJQ0FnSUNBZ0lDQWdJRjlUWldGemIyNURZWEprS0dSaGMyaGliMkZ5WkRvZ1pHRnphR0p2WVhKa0tTd0tJQ0FnSUNBZ0lDQWdJQ0FnSUNBZ0lHTnZibk4wSUZOcGVtVmtRbTk0S0dobGFXZG9kRG9nTWpBcExBb2dJQ0FnSUNBZ0lDQWdJQ0FnSUNBZ1ZHVjRkQ2dLSUNBZ0lDQWdJQ0FnSUNBZ0lDQWdJQ0FnSjFCeWIyNXZjM1JwY1hWbGRYSnpKeXdLSUNBZ0lDQWdJQ0FnSUNBZ0lDQWdJQ0FnYzNSNWJHVTZJRlJvWlcxbExtOW1LR052Ym5SbGVIUXBMblJsZUhSVWFHVnRaUzVvWldGa2JHbHVaVk50WVd4c0xBb2dJQ0FnSUNBZ0lDQWdJQ0FnSUNBZ0tTd0tJQ0FnSUNBZ0lDQWdJQ0FnSUNBZ0lHTnZibk4wSUZOcGVtVmtRbTk0S0dobGFXZG9kRG9nTkNrc0NpQWdJQ0FnSUNBZ0lDQWdJQ0FnSUNCVVpYaDBLQW9nSUNBZ0lDQWdJQ0FnSUNBZ0lDQWdJQ0FuUTJoaFkzVnVJR055dzZsbElITnZiaUJqYjIxd2RHVWdkbWxoSUd4bElHeHBaVzR1SUZSMUlIWmhiR2xrWlhNZ1pXNXpkV2wwWlNCc1pYTWdKd29nSUNBZ0lDQWdJQ0FnSUNBZ0lDQWdJQ0FuYm05MWRtVmhkWGdnWTI5dGNIUmxjeUJqYVMxa1pYTnpiM1Z6TGlBb1RPS0FtV1ZtWm1WamRHbG1JR1JsY3lCcWIzVmxkWEp6SUhObElDY0tJQ0FnSUNBZ0lDQWdJQ0FnSUNBZ0lDQWdKMmZEcUhKbElHUmhibk1nd3FzZ1VtVm5hWE4wY21VZ1pHVnpJR3B2ZFdWMWNuTWd3cnN1S1Njc0NpQWdJQ0FnSUNBZ0lDQWdJQ0FnSUNBZ0lITjBlV3hsT2lCVWFHVnRaUzV2WmloamIyNTBaWGgwS1M1MFpYaDBWR2hsYldVdVltOWtlVk50WVd4c0xBb2dJQ0FnSUNBZ0lDQWdJQ0FnSUNBZ0tTd0tJQ0FnSUNBZ0lDQWdJQ0FnSUNBZ0lHTnZibk4wSUZOcGVtVmtRbTk0S0dobGFXZG9kRG9nT0Nrc0NpQWdJQ0FnSUNBZ0lDQWdJQ0FnSUNCQmJHbG5iaWdLSUNBZ0lDQWdJQ0FnSUNBZ0lDQWdJQ0FnWVd4cFoyNXRaVzUwT2lCQmJHbG5ibTFsYm5RdVkyVnVkR1Z5VEdWbWRDd0tJQ0FnSUNBZ0lDQWdJQ0FnSUNBZ0lDQWdZMmhwYkdRNklFWnBiR3hsWkVKMWRIUnZiaTUwYjI1aGJFbGpiMjRvQ2lBZ0lDQWdJQ0FnSUNBZ0lDQWdJQ0FnSUNBZ2IyNVFjbVZ6YzJWa09pQW9LU0JoYzNsdVl5QjdDaUFnSUNBZ0lDQWdJQ0FnSUNBZ0lDQWdJQ0FnSUNCaGQyRnBkQ0JEYkdsd1ltOWhjbVF1YzJWMFJHRjBZU2dLSUNBZ0lDQWdJQ0FnSUNBZ0lDQWdJQ0FnSUNBZ0lDQWdZMjl1YzNRZ1EyeHBjR0p2WVhKa1JHRjBZU2gwWlhoME9pQmZjbVZuYVhOMFpYSk1hVzVyS1N3S0lDQWdJQ0FnSUNBZ0lDQWdJQ0FnSUNBZ0lDQWdJQ2s3Q2lBZ0lDQWdJQ0FnSUNBZ0lDQWdJQ0FnSUNBZ0lDQnBaaUFvWTI5dWRHVjRkQzV0YjNWdWRHVmtLU0I3Q2lBZ0lDQWdJQ0FnSUNBZ0lDQWdJQ0FnSUNBZ0lDQWdJRk5qWVdabWIyeGtUV1Z6YzJWdVoyVnlMbTltS0dOdmJuUmxlSFFwTG5Ob2IzZFRibUZqYTBKaGNpZ0tJQ0FnSUNBZ0lDQWdJQ0FnSUNBZ0lDQWdJQ0FnSUNBZ0lDQmpiMjV6ZENCVGJtRmphMEpoY2lnS0lDQWdJQ0FnSUNBZ0lDQWdJQ0FnSUNBZ0lDQWdJQ0FnSUNBZ0lHTnZiblJsYm5RNklGUmxlSFFvQ2lBZ0lDQWdJQ0FnSUNBZ0lDQWdJQ0FnSUNBZ0lDQWdJQ0FnSUNBZ0lDZE1hV1Z1SUdUaWdKbHBibk5qY21sd2RHbHZiaUJqYjNCcHc2a2c0b0NVSUhCaGNuUmhaMlV0YkdVZ2MzVnlJQ2NLSUNBZ0lDQWdJQ0FnSUNBZ0lDQWdJQ0FnSUNBZ0lDQWdJQ0FnSUNBZ0oxZG9ZWFJ6UVhCd0xpY3NDaUFnSUNBZ0lDQWdJQ0FnSUNBZ0lDQWdJQ0FnSUNBZ0lDQWdJQ0FwTEFvZ0lDQWdJQ0FnSUNBZ0lDQWdJQ0FnSUNBZ0lDQWdJQ0FnSUNrc0NpQWdJQ0FnSUNBZ0lDQWdJQ0FnSUNBZ0lDQWdJQ0FnSUNrN0NpQWdJQ0FnSUNBZ0lDQWdJQ0FnSUNBZ0lDQWdJQ0I5Q2lBZ0lDQWdJQ0FnSUNBZ0lDQWdJQ0FnSUNBZ2ZTd0tJQ0FnSUNBZ0lDQWdJQ0FnSUNBZ0lDQWdJQ0JwWTI5dU9pQmpiMjV6ZENCSlkyOXVLRWxqYjI1ekxteHBibXNzSUhOcGVtVTZJREU0S1N3S0lDQWdJQ0FnSUNBZ0lDQWdJQ0FnSUNBZ0lDQnNZV0psYkRvZ1kyOXVjM1FnVkdWNGRDZ25RMjl3YVdWeUlHeGxJR3hwWlc0Z1pPS0FtV2x1YzJOeWFYQjBhVzl1Snlrc0NpQWdJQ0FnSUNBZ0lDQWdJQ0FnSUNBZ0lDa3NDaUFnSUNBZ0lDQWdJQ0FnSUNBZ0lDQXBMQW9nSUNBZ0lDQWdJQ0FnSUNBZ0lDQWdZMjl1YzNRZ1UybDZaV1JDYjNnb2FHVnBaMmgwT2lBeU1Da3NDaUFnSUNBZ0lDQWdJQ0FnSUNBZ0lDQnBaaUFvWkdGemFHSnZZWEprTG5CeWIyWnBiR1Z6TG1selJXMXdkSGtwQ2lBZ0lDQWdJQ0FnSUNBZ0lDQWdJQ0FnSUdOdmJuTjBJRU5oY21Rb0NpQWdJQ0FnSUNBZ0lDQWdJQ0FnSUNBZ0lDQWdZMmhwYkdRNklFZHlhVzUwWVVW
Shell: dGNIUjVVM1JoZEdVb0NpQWdJQ0FnSUNBZ0lDQWdJQ0FnSUNBZ0lDQWdJQ0JwWTI5dU9pQkpZMjl1Y3k1bmNtOTFjRjloWkdSZmNtOTFibVJsWkN3S0lDQWdJQ0FnSUNBZ0lDQWdJQ0FnSUNBZ0lDQWdJSFJwZEd4bE9pQW5RWFZqZFc0Z1kyOXRjSFJsSUhCdmRYSWdiT0tBbVdsdWMzUmhiblFuTEFvZ0lDQWdJQ0FnSUNBZ0lDQWdJQ0FnSUNBZ0lDQWdiV1Z6YzJGblpUb2dKMUJoY25SaFoyVWdiR1VnYkdsbGJpQms0b0NaYVc1elkzSnBjSFJwYjI0Z1kya3RaR1Z6YzNWeklEb2diR1Z6SUNjS0lDQWdJQ0FnSUNBZ0lDQWdJQ0FnSUNBZ0lDQWdJQ0FnSUNBblkyOXRjSFJsY3lCamNzT3B3Nmx6SUdGd2NHRnlZY091ZEhKdmJuUWdhV05wSUhCdmRYSWdkbUZzYVdSaGRHbHZiaTRuTEFvZ0lDQWdJQ0FnSUNBZ0lDQWdJQ0FnSUNBZ0lDQWdZMjl0Y0dGamREb2dkSEoxWlN3S0lDQWdJQ0FnSUNBZ0lDQWdJQ0FnSUNBZ0lDQXBMQW9nSUNBZ0lDQWdJQ0FnSUNBZ0lDQWdJQ0FwQ2lBZ0lDQWdJQ0FnSUNBZ0lDQWdJQ0JsYkhObElDNHVMbHNLSUNBZ0lDQWdJQ0FnSUNBZ0lDQWdJQ0FnWDFCeWIyWnBiR1Z6VTJWamRHbHZiaWdLSUNBZ0lDQWdJQ0FnSUNBZ0lDQWdJQ0FnSUNCMGFYUnNaVG9nSjBWdUlHRjBkR1Z1ZEdVZ1pHVWdkbUZzYVdSaGRHbHZiaWNzQ2lBZ0lDQWdJQ0FnSUNBZ0lDQWdJQ0FnSUNBZ2NISnZabWxzWlhNNklHZHliM1Z3Y3k1d1pXNWthVzVuTEFvZ0lDQWdJQ0FnSUNBZ0lDQWdJQ0FnSUNBZ0lHVnRjSFI1VFdWemMyRm5aVG9nSjBGMVkzVnVJR052YlhCMFpTQmxiaUJoZEhSbGJuUmxMaWNzQ2lBZ0lDQWdJQ0FnSUNBZ0lDQWdJQ0FnSUNBZ2FXTnZiam9nU1dOdmJuTXVhRzkxY21kc1lYTnpYM1J2Y0Y5eWIzVnVaR1ZrTEFvZ0lDQWdJQ0FnSUNBZ0lDQWdJQ0FnSUNBcExBb2dJQ0FnSUNBZ0lDQWdJQ0FnSUNBZ0lDQmpiMjV6ZENCVGFYcGxaRUp2ZUNob1pXbG5hSFE2SURJd0tTd0tJQ0FnSUNBZ0lDQWdJQ0FnSUNBZ0lDQWdYMUJ5YjJacGJHVnpVMlZqZEdsdmJpZ0tJQ0FnSUNBZ0lDQWdJQ0FnSUNBZ0lDQWdJQ0IwYVhSc1pUb2dKMVpoYkdsa3c2bHpKeXdLSUNBZ0lDQWdJQ0FnSUNBZ0lDQWdJQ0FnSUNCd2NtOW1hV3hsY3pvZ1ozSnZkWEJ6TG5aaGJHbGtZWFJsWkN3S0lDQWdJQ0FnSUNBZ0lDQWdJQ0FnSUNBZ0lDQmxiWEIwZVUxbGMzTmhaMlU2SUNkQmRXTjFiaUJqYjIxd2RHVWdkbUZzYVdURHFTNG5MQW9nSUNBZ0lDQWdJQ0FnSUNBZ0lDQWdJQ0FnSUdsamIyNDZJRWxqYjI1ekxuWmxjbWxtYVdWa1gyOTFkR3hwYm1Wa0xBb2dJQ0FnSUNBZ0lDQWdJQ0FnSUNBZ0lDQXBMQW9nSUNBZ0lDQWdJQ0FnSUNBZ0lDQWdYU3dLSUNBZ0lDQWdJQ0FnSUNBZ0lDQmRMQW9nSUNBZ0lDQWdJQ0FnSUNBcE93b2dJQ0FnSUNBZ0lDQWdmU3dLSUNBZ0lDQWdJQ0FwTEFvZ0lDQWdJQ0FwTEFvZ0lDQWdLVHNLSUNCOUNuMEsiLCJsaWIvZmVhdHVyZXMvYWRtaW4vcHJlc2VudGF0aW9uL2FkbWluX3Nwb3J0c19tYW5hZ2VtZW50X3NlY3Rpb24uZGFydCI6ImFXMXdiM0owSUNkd1lXTnJZV2RsT21GelgyZHlhVzUwWVM5amIzSmxMM1YwYVd4ekwyRndjRjlsY25KdmNuTXVaR0Z5ZENjN0NtbHRjRzl5ZENBbmNHRmphMkZuWlRwaGMxOW5jbWx1ZEdFdlptVmhkSFZ5WlhNdlptVmhkSFZ5WlY5bWJHRm5jeTlrYjIxaGFXNHZabVZoZEhWeVpWOW1iR0ZuY3k1a1lYSjBKenNLYVcxd2IzSjBJQ2R3WVdOcllXZGxPbUZ6WDJkeWFXNTBZUzltWldGMGRYSmxjeTltWldGMGRYSmxYMlpzWVdkekwzQnlaWE5sYm5SaGRHbHZiaTltWldGMGRYSmxYMlpzWVdkelgyTnZiblJ5YjJ4c1pYSXVaR0Z5ZENjN0NtbHRjRzl5ZENBbmNHRmphMkZuWlRwbWJIVjBkR1Z5TDIxaGRHVnlhV0ZzTG1SaGNuUW5Pd3BwYlhCdmNuUWdKM0JoWTJ0aFoyVTZabXgxZEhSbGNsOXlhWFpsY25CdlpDOW1iSFYwZEdWeVgzSnBkbVZ5Y0c5a0xtUmhjblFuT3dwcGJYQnZjblFnSjNCaFkydGhaMlU2WVhOZlozSnBiblJoTDJOdmNtVXZkMmxrWjJWMGN5OW5jbWx1ZEdGZmJHOWhaR1Z5TG1SaGNuUW5Pd29LWTJ4aGMzTWdRV1J0YVc1VGNHOXlkSE5OWVc1aFoyVnRaVzUwVTJWamRHbHZiaUJsZUhSbGJtUnpJRU52Ym5OMWJXVnlWMmxrWjJWMElIc0tJQ0JqYjI1emRDQkJaRzFwYmxOd2IzSjBjMDFoYm1GblpXMWxiblJUWldOMGFXOXVLSHR6ZFhCbGNpNXJaWGw5S1RzS0NpQWdRRzkyWlhKeWFXUmxDaUFnVjJsa1oyVjBJR0oxYVd4a0tFSjFhV3hrUTI5dWRHVjRkQ0JqYjI1MFpYaDBMQ0JYYVdSblpYUlNaV1lnY21WbUtTQjdDaUFnSUNCbWFXNWhiQ0JtYkdGbmMwRnplVzVqSUQwZ2NtVm1MbmRoZEdOb0tHWmxZWFIxY21WR2JHRm5jME52Ym5SeWIyeHNaWEpRY205MmFXUmxjaWs3Q2lBZ0lDQm1hVzVoYkNCemJtRndjMmh2ZENBOUNpQWdJQ0FnSUNBZ1pteGhaM05CYzNsdVl5NTJZV3gxWlU5eVRuVnNiQ0EvUHlCamIyNXpkQ0JHWldGMGRYSmxSbXhoWjNOVGJtRndjMmh2ZEM1MWJtRjJZV2xzWVdKc1pTZ3BPd29nSUNBZ1ptbHVZV3dnWm1WaGRIVnlaU0E5SUhOdVlYQnphRzkwTG5Od2IzSjBjMDFoYm1GblpXMWxiblE3Q2lBZ0lDQm1hVzVoYkNCaWRYTjVJRDBnWm14aFozTkJjM2x1WXk1cGMweHZZV1JwYm1jN0Nnb2dJQ0FnY21WMGRYSnVJRU5oY21Rb0NpQWdJQ0FnSUdOb2FXeGtPaUJRWVdSa2FXNW5LQW9nSUNBZ0lDQWdJSEJoWkdScGJtYzZJR052Ym5OMElFVmtaMlZKYm5ObGRITXVabkp2YlV4VVVrSW9NVFlzSURnc0lERTJMQ0F4Tmlrc0NpQWdJQ0FnSUNBZ1kyaHBiR1E2SUVOdmJIVnRiaWdLSUNBZ0lDQWdJQ0FnSUdOeWIzTnpRWGhwYzBGc2FXZHViV1Z1ZERvZ1EzSnZjM05CZUdselFXeHBaMjV0Wlc1MExuTjBZWEowTEFvZ0lDQWdJQ0FnSUNBZ1kyaHBiR1J5Wlc0NklGc0tJQ0FnSUNBZ0lDQWdJQ0FnVTNkcGRHTm9UR2x6ZEZScGJHVXVZV1JoY0hScGRtVW9DaUFnSUNBZ0lDQWdJQ0FnSUNBZ1kyOXVkR1Z1ZEZCaFpHUnBibWM2SUVWa1oyVkpibk5sZEhNdWVtVnlieXdLSUNBZ0lDQWdJQ0FnSUNBZ0lDQnpaV052Ym1SaGNuazZJR052Ym5OMElFbGpi
Shell: MjRvU1dOdmJuTXVjM0J2Y25SelgzTnZZMk5sY2w5dmRYUnNhVzVsWkNrc0NpQWdJQ0FnSUNBZ0lDQWdJQ0FnZEdsMGJHVTZJR052Ym5OMElGUmxlSFFvQ2lBZ0lDQWdJQ0FnSUNBZ0lDQWdJQ0FuVFc5a2RXeGxJR1JsSUdkbGMzUnBiMjRnYzNCdmNuUnBkbVVuTEFvZ0lDQWdJQ0FnSUNBZ0lDQWdJQ0FnYzNSNWJHVTZJRlJsZUhSVGRIbHNaU2htYjI1MFYyVnBaMmgwT2lCR2IyNTBWMlZwWjJoMExuYzRNREFwTEFvZ0lDQWdJQ0FnSUNBZ0lDQWdJQ2tzQ2lBZ0lDQWdJQ0FnSUNBZ0lDQWdjM1ZpZEdsMGJHVTZJRlJsZUhRb1ptVmhkSFZ5WlM1bGJtRmliR1ZrSUQ4Z0owRmpkR2wydzZrbklEb2dKMFREcVhOaFkzUnBkc09wSnlrc0NpQWdJQ0FnSUNBZ0lDQWdJQ0FnZG1Gc2RXVTZJR1psWVhSMWNtVXVaVzVoWW14bFpDd0tJQ0FnSUNBZ0lDQWdJQ0FnSUNCdmJrTm9ZVzVuWldRNklITnVZWEJ6YUc5MExuTnZkWEpqWlVGMllXbHNZV0pzWlNBbUppQWhZblZ6ZVFvZ0lDQWdJQ0FnSUNBZ0lDQWdJQ0FnSUNBL0lDaGxibUZpYkdWa0tTQTlQaUJmWTJoaGJtZGxWbUZzZFdVb1kyOXVkR1Y0ZEN3Z2NtVm1MQ0JsYm1GaWJHVmtPaUJsYm1GaWJHVmtLUW9nSUNBZ0lDQWdJQ0FnSUNBZ0lDQWdJQ0E2SUc1MWJHd3NDaUFnSUNBZ0lDQWdJQ0FnSUNrc0NpQWdJQ0FnSUNBZ0lDQWdJR2xtSUNoaWRYTjVLU0F1TGk1YkNpQWdJQ0FnSUNBZ0lDQWdJQ0FnWTI5dWMzUWdSM0pwYm5SaFRHbHVaV0Z5VUhKdlozSmxjM05KYm1ScFkyRjBiM0lvS1N3S0lDQWdJQ0FnSUNBZ0lDQWdJQ0JqYjI1emRDQlRhWHBsWkVKdmVDaG9aV2xuYUhRNklERXlLU3dLSUNBZ0lDQWdJQ0FnSUNBZ1hTd0tJQ0FnSUNBZ0lDQWdJQ0FnYVdZZ0tDRnpibUZ3YzJodmRDNXpiM1Z5WTJWQmRtRnBiR0ZpYkdVZ0ppWWdJV0oxYzNrcElDNHVMbHNLSUNBZ0lDQWdJQ0FnSUNBZ0lDQkVaV052Y21GMFpXUkNiM2dvQ2lBZ0lDQWdJQ0FnSUNBZ0lDQWdJQ0JrWldOdmNtRjBhVzl1T2lCQ2IzaEVaV052Y21GMGFXOXVLQW9nSUNBZ0lDQWdJQ0FnSUNBZ0lDQWdJQ0JqYjJ4dmNqb2dWR2hsYldVdWIyWW9ZMjl1ZEdWNGRDa3VZMjlzYjNKVFkyaGxiV1V1WlhKeWIzSkRiMjUwWVdsdVpYSXNDaUFnSUNBZ0lDQWdJQ0FnSUNBZ0lDQWdJR0p2Y21SbGNsSmhaR2wxY3pvZ1FtOXlaR1Z5VW1Ga2FYVnpMbU5wY21OMWJHRnlLREV5S1N3S0lDQWdJQ0FnSUNBZ0lDQWdJQ0FnSUNrc0NpQWdJQ0FnSUNBZ0lDQWdJQ0FnSUNCamFHbHNaRG9nVUdGa1pHbHVaeWdLSUNBZ0lDQWdJQ0FnSUNBZ0lDQWdJQ0FnY0dGa1pHbHVaem9nWTI5dWMzUWdSV1JuWlVsdWMyVjBjeTVoYkd3b01USXBMQW9nSUNBZ0lDQWdJQ0FnSUNBZ0lDQWdJQ0JqYUdsc1pEb2dVbTkzS0FvZ0lDQWdJQ0FnSUNBZ0lDQWdJQ0FnSUNBZ0lHTnliM056UVhocGMwRnNhV2R1YldWdWREb2dRM0p2YzNOQmVHbHpRV3hwWjI1dFpXNTBMbk4wWVhKMExBb2dJQ0FnSUNBZ0lDQWdJQ0FnSUNBZ0lDQWdJR05vYVd4a2NtVnVPaUJiQ2lBZ0lDQWdJQ0FnSUNBZ0lDQWdJQ0FnSUNBZ0lDQmpiMjV6ZENCSlkyOXVLRWxqYjI1ekxtTnNiM1ZrWDI5bVpsOXZkWFJzYVc1bFpDa3NDaUFnSUNBZ0lDQWdJQ0FnSUNBZ0lDQWdJQ0FnSUNCamIyNXpkQ0JUYVhwbFpFSnZlQ2gzYVdSMGFEb2dNVEFwTEFvZ0lDQWdJQ0FnSUNBZ0lDQWdJQ0FnSUNBZ0lDQWdZMjl1YzNRZ1JYaHdZVzVrWldRb0NpQWdJQ0FnSUNBZ0lDQWdJQ0FnSUNBZ0lDQWdJQ0FnSUdOb2FXeGtPaUJVWlhoMEtBb2dJQ0FnSUNBZ0lDQWdJQ0FnSUNBZ0lDQWdJQ0FnSUNBZ0lDZE1aU0J5dzZsbmJHRm5aU0J6WlhKMlpYVnlJR1Z6ZENCcGJtUnBjM0J2Ym1saWJHVXVJRkJoY2lCenc2bGpkWEpwZE1PcExDQW5DaUFnSUNBZ0lDQWdJQ0FnSUNBZ0lDQWdJQ0FnSUNBZ0lDQWdKMnhsSUcxdlpIVnNaU0J5WlhOMFpTQmpiMjV6YVdURHFYTERxU0JqYjIxdFpTQmt3Nmx6WVdOMGFYYkRxUzRuTEFvZ0lDQWdJQ0FnSUNBZ0lDQWdJQ0FnSUNBZ0lDQWdJQ0FwTEFvZ0lDQWdJQ0FnSUNBZ0lDQWdJQ0FnSUNBZ0lDQWdLU3dLSUNBZ0lDQWdJQ0FnSUNBZ0lDQWdJQ0FnSUNBZ0lFbGpiMjVDZFhSMGIyNG9DaUFnSUNBZ0lDQWdJQ0FnSUNBZ0lDQWdJQ0FnSUNBZ0lIUnZiMngwYVhBNklDZFN3NmxsYzNOaGVXVnlKeXdLSUNBZ0lDQWdJQ0FnSUNBZ0lDQWdJQ0FnSUNBZ0lDQWdiMjVRY21WemMyVmtPaUFvS1NBOVBpQnlaV1lLSUNBZ0lDQWdJQ0FnSUNBZ0lDQWdJQ0FnSUNBZ0lDQWdJQ0FnSUM1eVpXRmtLR1psWVhSMWNtVkdiR0ZuYzBOdmJuUnliMnhzWlhKUWNtOTJhV1JsY2k1dWIzUnBabWxsY2lrS0lDQWdJQ0FnSUNBZ0lDQWdJQ0FnSUNBZ0lDQWdJQ0FnSUNBZ0lDNXlaV1p5WlhOb0tDa3NDaUFnSUNBZ0lDQWdJQ0FnSUNBZ0lDQWdJQ0FnSUNBZ0lHbGpiMjQ2SUdOdmJuTjBJRWxqYjI0b1NXTnZibk11Y21WbWNtVnphQ2tzQ2lBZ0lDQWdJQ0FnSUNBZ0lDQWdJQ0FnSUNBZ0lDQXBMQW9nSUNBZ0lDQWdJQ0FnSUNBZ0lDQWdJQ0FnSUYwc0NpQWdJQ0FnSUNBZ0lDQWdJQ0FnSUNBZ0lDa3NDaUFnSUNBZ0lDQWdJQ0FnSUNBZ0lDQXBMQW9nSUNBZ0lDQWdJQ0FnSUNBZ0lDa3NDaUFnSUNBZ0lDQWdJQ0FnSUNBZ1kyOXVjM1FnVTJsNlpXUkNiM2dvYUdWcFoyaDBPaUF4TWlrc0NpQWdJQ0FnSUNBZ0lDQWdJRjBzQ2lBZ0lDQWdJQ0FnSUNBZ0lGUmxlSFFvQ2lBZ0lDQWdJQ0FnSUNBZ0lDQWdKME5sSUcxdlpIVnNaU0JudzZoeVpTQnNZU0IyYVdVZ2MzQnZjblJwZG1VZ1pIVWdZMngxWWlBNklHUnBjM0J2Ym1saWFXeHBkTU9wY3lCa1pYTWdKd29nSUNBZ0lDQWdJQ0FnSUNBZ0lDZHFiM1ZsZFhKekxDQmpiMjUyYjJOaGRHbHZibk1zSUdOdmJYQnZjMmwwYVc5dUlHVGlnSm5EcVhGMWFYQmxMQ0JtWlhWcGJHeGxJR1JsSUcxaGRHTm9JR1YwSUNjS0lDQWdJQ0FnSUNBZ0lDQWdJQ0FuZG05MFpTQmtaU0JzNG9DWlNHOXRiV1VnWkhVZ1RXRjBZMmdzSUdGMlpXTWdiR1Z6SUc1dmRHbG1hV05oZEdsdmJuTWdZWE56YjJOcHc2bGxjeTRuTEFvZ0lDQWdJQ0FnSUNBZ0lDQWdJSE4wZVd4bE9pQlVh
Shell: R1Z0WlM1dlppaGpiMjUwWlhoMEtTNTBaWGgwVkdobGJXVXVZbTlrZVZOdFlXeHNMQW9nSUNBZ0lDQWdJQ0FnSUNBcExBb2dJQ0FnSUNBZ0lDQWdJQ0JqYjI1emRDQlRhWHBsWkVKdmVDaG9aV2xuYUhRNklEZ3BMQW9nSUNBZ0lDQWdJQ0FnSUNCVVpYaDBLQW9nSUNBZ0lDQWdJQ0FnSUNBZ0lDZEV3Nmx6WVdOMGFYYkRxU3dnZEc5MWRDQmpaV3hoSUdWemRDQnRZWE54ZGNPcElHVjBJR0pzYjNGMXc2a3VJRXhsY3lCd2NtOXViM04wYVdOekxDQnNaWE1nSndvZ0lDQWdJQ0FnSUNBZ0lDQWdJQ2RqYkdGemMyVnRaVzUwY3l3Z2JHVnpJSE4wWVhScGMzUnBjWFZsY3lCbGRDQnNaWE1nWW1Ga1oyVnpJR052Ym5ScGJuVmxiblFnSndvZ0lDQWdJQ0FnSUNBZ0lDQWdJQ2R1YjNKdFlXeGxiV1Z1ZEN3Z1pYUWdiR1Z6SUdSdmJtN0RxV1Z6SUdURHFXckRvQ0J6WVdsemFXVnpJSE52Ym5RZ1kyOXVjMlZ5ZHNPcFpYTXVKeXdLSUNBZ0lDQWdJQ0FnSUNBZ0lDQnpkSGxzWlRvZ1ZHaGxiV1V1YjJZb1kyOXVkR1Y0ZENrdWRHVjRkRlJvWlcxbExtSnZaSGxUYldGc2JDd0tJQ0FnSUNBZ0lDQWdJQ0FnS1N3S0lDQWdJQ0FnSUNBZ0lDQWdZMjl1YzNRZ1UybDZaV1JDYjNnb2FHVnBaMmgwT2lBNEtTd0tJQ0FnSUNBZ0lDQWdJQ0FnVkdWNGRDZ0tJQ0FnSUNBZ0lDQWdJQ0FnSUNBblVzT3BaMnhoWjJWeklITmxjblpsZFhJZ09pQmthWE53YjI1cFltbHNhWFREcVhNZ2IzVjJaWEowWlhNZ1N1S0lraWNLSUNBZ0lDQWdJQ0FnSUNBZ0lDQW5KSHRtWldGMGRYSmxMbUYyWVdsc1lXSnBiR2wwZVU5d1pXNUliM1Z5YzBKbFptOXlaU0IrTHlBeU5IMGdZWFpoYm5RZ2JHVWdiV0YwWTJnc0lDY0tJQ0FnSUNBZ0lDQWdJQ0FnSUNBblpXWm1aV04wYVdZZ2NISnZjRzl6dzZrZ3c2QWdKSHRtWldGMGRYSmxMblZ6ZFdGc1UzRjFZV1JUYVhwbGZTQW9iVzlrYVdacFlXSnNaU0J0WVhSamFDQW5DaUFnSUNBZ0lDQWdJQ0FnSUNBZ0ozQmhjaUJ0WVhSamFDa3NJSE5qY25WMGFXNGdTRzl0YldVZ1pIVWdUV0YwWTJnZ2IzVjJaWEowSUNjS0lDQWdJQ0FnSUNBZ0lDQWdJQ0FuSkh0bVpXRjBkWEpsTG5admRHVkVkWEpoZEdsdmJraHZkWEp6ZlNCb0xpY3NDaUFnSUNBZ0lDQWdJQ0FnSUNBZ2MzUjViR1U2SUZSb1pXMWxMbTltS0dOdmJuUmxlSFFwTG5SbGVIUlVhR1Z0WlM1aWIyUjVVMjFoYkd3c0NpQWdJQ0FnSUNBZ0lDQWdJQ2tzQ2lBZ0lDQWdJQ0FnSUNBZ0lHbG1JQ2htWldGMGRYSmxMblZ3WkdGMFpXUkJkQ0FoUFNCdWRXeHNLU0F1TGk1YkNpQWdJQ0FnSUNBZ0lDQWdJQ0FnWTI5dWMzUWdVMmw2WldSQ2IzZ29hR1ZwWjJoME9pQTJLU3dLSUNBZ0lDQWdJQ0FnSUNBZ0lDQlVaWGgwS0FvZ0lDQWdJQ0FnSUNBZ0lDQWdJQ0FnSjBSbGNtNXB3Nmh5WlNCdGIyUnBabWxqWVhScGIyNGdPaUFrZTE5bWIzSnRZWFJFWVhSbEtHWmxZWFIxY21VdWRYQmtZWFJsWkVGMElTbDlKeXdLSUNBZ0lDQWdJQ0FnSUNBZ0lDQWdJSE4wZVd4bE9pQlVhR1Z0WlM1dlppaGpiMjUwWlhoMEtTNTBaWGgwVkdobGJXVXViR0ZpWld4VGJXRnNiQ3dLSUNBZ0lDQWdJQ0FnSUNBZ0lDQXBMQW9nSUNBZ0lDQWdJQ0FnSUNCZExBb2dJQ0FnSUNBZ0lDQWdYU3dLSUNBZ0lDQWdJQ0FwTEFvZ0lDQWdJQ0FwTEFvZ0lDQWdLVHNLSUNCOUNnb2dJRVoxZEhWeVpUeDJiMmxrUGlCZlkyaGhibWRsVm1Gc2RXVW9DaUFnSUNCQ2RXbHNaRU52Ym5SbGVIUWdZMjl1ZEdWNGRDd0tJQ0FnSUZkcFpHZGxkRkpsWmlCeVpXWXNJSHNLSUNBZ0lISmxjWFZwY21Wa0lHSnZiMndnWlc1aFlteGxaQ3dLSUNCOUtTQmhjM2x1WXlCN0NpQWdJQ0JwWmlBb0lXVnVZV0pzWldRcElIc0tJQ0FnSUNBZ1ptbHVZV3dnWTI5dVptbHliV1ZrSUQwZ1lYZGhhWFFnWDJOdmJtWnBjbTFFYVhOaFlteGxLR052Ym5SbGVIUXBPd29nSUNBZ0lDQnBaaUFvSVdOdmJtWnBjbTFsWkNrZ2NtVjBkWEp1T3dvZ0lDQWdmUW9LSUNBZ0lIUnllU0I3Q2lBZ0lDQWdJR0YzWVdsMElISmxaZ29nSUNBZ0lDQWdJQ0FnTG5KbFlXUW9abVZoZEhWeVpVWnNZV2R6UTI5dWRISnZiR3hsY2xCeWIzWnBaR1Z5TG01dmRHbG1hV1Z5S1FvZ0lDQWdJQ0FnSUNBZ0xuTmxkRk53YjNKMGMwMWhibUZuWlcxbGJuUkZibUZpYkdWa0tBb2dJQ0FnSUNBZ0lDQWdJQ0JsYm1GaWJHVmtPaUJsYm1GaWJHVmtMQW9nSUNBZ0lDQWdJQ0FnSUNCcWRYTjBhV1pwWTJGMGFXOXVPaUJ1ZFd4c0xBb2dJQ0FnSUNBZ0lDQWdLVHNLSUNBZ0lDQWdhV1lnS0NGamIyNTBaWGgwTG0xdmRXNTBaV1FwSUhKbGRIVnlianNLSUNBZ0lDQWdVMk5oWm1admJHUk5aWE56Wlc1blpYSXViMllvWTI5dWRHVjRkQ2t1YzJodmQxTnVZV05yUW1GeUtBb2dJQ0FnSUNBZ0lGTnVZV05yUW1GeUtBb2dJQ0FnSUNBZ0lDQWdZMjl1ZEdWdWREb2dWR1Y0ZENnS0lDQWdJQ0FnSUNBZ0lDQWdaVzVoWW14bFpBb2dJQ0FnSUNBZ0lDQWdJQ0FnSUNBZ1B5QW5UR1VnYlc5a2RXeGxJR1JsSUdkbGMzUnBiMjRnYzNCdmNuUnBkbVVnWlhOMElHRmpkR2wydzZrdUp3b2dJQ0FnSUNBZ0lDQWdJQ0FnSUNBZ09pQW5UR1VnYlc5a2RXeGxJR1Z6ZENCa3c2bHpZV04wYVhiRHFTNGdUR1Z6SUdSdmJtN0RxV1Z6SUhOdmJuUWdZMjl1YzJWeWRzT3BaWE11Snl3S0lDQWdJQ0FnSUNBZ0lDa3NDaUFnSUNBZ0lDQWdLU3dLSUNBZ0lDQWdLVHNLSUNBZ0lIMGdZMkYwWTJnZ0tHVnljbTl5S1NCN0NpQWdJQ0FnSUdsbUlDZ2hZMjl1ZEdWNGRDNXRiM1Z1ZEdWa0tTQnlaWFIxY200N0NpQWdJQ0FnSUZOallXWm1iMnhrVFdWemMyVnVaMlZ5TG05bUtBb2dJQ0FnSUNBZ0lHTnZiblJsZUhRc0NpQWdJQ0FnSUNrdWMyaHZkMU51WVdOclFtRnlLRk51WVdOclFtRnlLR052Ym5SbGJuUTZJRlJsZUhRb2FIVnRZVzVwZW1WRmNuSnZjaWhsY25KdmNpa3BLU2s3Q2lBZ0lDQjlDaUFnZlFvS0lDQkdkWFIxY21VOFltOXZiRDRnWDJOdmJtWnBjbTFFYVhOaFlteGxLRUoxYVd4a1EyOXVkR1Y0ZENCamIyNTBaWGgwS1NCaGMzbHVZeUI3Q2lBZ0lDQnlaWFIxY200Z1lYZGhhWFFnYzJodmQwUnBZV3h2Wnp4aWIyOXNQaWdLSUNBZ0lDQWdJ
Shell: Q0FnSUdOdmJuUmxlSFE2SUdOdmJuUmxlSFFzQ2lBZ0lDQWdJQ0FnSUNCaWRXbHNaR1Z5T2lBb1pHbGhiRzluUTI5dWRHVjRkQ2tnUFQ0Z1FXeGxjblJFYVdGc2IyY29DaUFnSUNBZ0lDQWdJQ0FnSUhScGRHeGxPaUJqYjI1emRDQlVaWGgwS0NkRXc2bHpZV04wYVhabGNpQnNaU0J0YjJSMWJHVWdQeWNwTEFvZ0lDQWdJQ0FnSUNBZ0lDQmpiMjUwWlc1ME9pQmpiMjV6ZENCVVpYaDBLQW9nSUNBZ0lDQWdJQ0FnSUNBZ0lDZE1aWE1nWkdsemNHOXVhV0pwYkdsMHc2bHpMQ0JqYjIxd2IzTnBkR2x2Ym5Nc0lHNXZkR2xtYVdOaGRHbHZibk1nWlhRZ2RtOTBaWE1nSndvZ0lDQWdJQ0FnSUNBZ0lDQWdJQ2R6WlhKdmJuUWdiV0Z6Y1hYRHFYTWdaWFFnWW14dmNYWERxWE11SUZSdmRYUmxjeUJzWlhNZ1pHOXVic09wWlhNZ2FHbHpkRzl5YVhGMVpYTWdKd29nSUNBZ0lDQWdJQ0FnSUNBZ0lDZHpaWEp2Ym5RZ1kyOXVjMlZ5ZHNPcFpYTXVKeXdLSUNBZ0lDQWdJQ0FnSUNBZ0tTd0tJQ0FnSUNBZ0lDQWdJQ0FnWVdOMGFXOXVjem9nV3dvZ0lDQWdJQ0FnSUNBZ0lDQWdJRlJsZUhSQ2RYUjBiMjRvQ2lBZ0lDQWdJQ0FnSUNBZ0lDQWdJQ0J2YmxCeVpYTnpaV1E2SUNncElEMCtJRTVoZG1sbllYUnZjaTV2Wmloa2FXRnNiMmREYjI1MFpYaDBLUzV3YjNBb1ptRnNjMlVwTEFvZ0lDQWdJQ0FnSUNBZ0lDQWdJQ0FnWTJocGJHUTZJR052Ym5OMElGUmxlSFFvSjBGdWJuVnNaWEluS1N3S0lDQWdJQ0FnSUNBZ0lDQWdJQ0FwTEFvZ0lDQWdJQ0FnSUNBZ0lDQWdJRVpwYkd4bFpFSjFkSFJ2YmlnS0lDQWdJQ0FnSUNBZ0lDQWdJQ0FnSUc5dVVISmxjM05sWkRvZ0tDa2dQVDRnVG1GMmFXZGhkRzl5TG05bUtHUnBZV3h2WjBOdmJuUmxlSFFwTG5CdmNDaDBjblZsS1N3S0lDQWdJQ0FnSUNBZ0lDQWdJQ0FnSUdOb2FXeGtPaUJqYjI1emRDQlVaWGgwS0NkRXc2bHpZV04wYVhabGNpY3BMQW9nSUNBZ0lDQWdJQ0FnSUNBZ0lDa3NDaUFnSUNBZ0lDQWdJQ0FnSUYwc0NpQWdJQ0FnSUNBZ0lDQXBMQW9nSUNBZ0lDQWdJQ2tnUHo4S0lDQWdJQ0FnSUNCbVlXeHpaVHNLSUNCOUNuMEtDbE4wY21sdVp5QmZabTl5YldGMFJHRjBaU2hFWVhSbFZHbHRaU0IyWVd4MVpTa2dld29nSUdacGJtRnNJR3h2WTJGc0lEMGdkbUZzZFdVdWRHOU1iMk5oYkNncE93b2dJRk4wY21sdVp5QjBkMjhvYVc1MElHNTFiV0psY2lrZ1BUNGdiblZ0WW1WeUxuUnZVM1J5YVc1bktDa3VjR0ZrVEdWbWRDZ3lMQ0FuTUNjcE93b2dJSEpsZEhWeWJpQW5KSHQwZDI4b2JHOWpZV3d1WkdGNUtYMHZKSHQwZDI4b2JHOWpZV3d1Ylc5dWRHZ3BmUzhrZTJ4dlkyRnNMbmxsWVhKOUlDY0tJQ0FnSUNBZ0o4T2dJQ1I3ZEhkdktHeHZZMkZzTG1odmRYSXBmVG9rZTNSM2J5aHNiMk5oYkM1dGFXNTFkR1VwZlNjN0NuMEsiLCJsaWIvZmVhdHVyZXMvYXV0aC9wcmVzZW50YXRpb24vYXV0aF9yZWdpc3Rlcl9wYWdlLmRhcnQiOiJhVzF3YjNKMElDZHdZV05yWVdkbE9tRnpYMmR5YVc1MFlTOWpiM0psTDNObFkzVnlhWFI1TDNCaGMzTjNiM0prWDNCdmJHbGplUzVrWVhKMEp6c0thVzF3YjNKMElDZHdZV05yWVdkbE9tRnpYMmR5YVc1MFlTOWpiM0psTDNWMGFXeHpMMjVoYldWZmRtRnNhV1JoZEdsdmJpNWtZWEowSnpzS2FXMXdiM0owSUNkd1lXTnJZV2RsT21GelgyZHlhVzUwWVM5bVpXRjBkWEpsY3k5aGRYUm9MMlJoZEdFdllYVjBhRjl5WlhCdmMybDBiM0o1TG1SaGNuUW5Pd3BwYlhCdmNuUWdKM0JoWTJ0aFoyVTZabXgxZEhSbGNpOXRZWFJsY21saGJDNWtZWEowSnpzS2FXMXdiM0owSUNkd1lXTnJZV2RsT21ac2RYUjBaWEpmY21sMlpYSndiMlF2Wm14MWRIUmxjbDl5YVhabGNuQnZaQzVrWVhKMEp6c0thVzF3YjNKMElDZHdZV05yWVdkbE9tZHZYM0p2ZFhSbGNpOW5iMTl5YjNWMFpYSXVaR0Z5ZENjN0NtbHRjRzl5ZENBbmNHRmphMkZuWlRwemRYQmhZbUZ6WlY5bWJIVjBkR1Z5TDNOMWNHRmlZWE5sWDJac2RYUjBaWEl1WkdGeWRDYzdDbWx0Y0c5eWRDQW5jR0ZqYTJGblpUcGhjMTluY21sdWRHRXZZMjl5WlM5M2FXUm5aWFJ6TDJkeWFXNTBZVjlzYjJGa1pYSXVaR0Z5ZENjN0Nnb3ZMeThnVUdGblpTQndkV0pzYVhGMVpTQmtKMkYxZEc4dGFXNXpZM0pwY0hScGIyNGdPaUJzWlNCc2FXVnVJR1Z6ZENCd1lYSjBZV2ZEcVNCa1lXNXpJR3hoQ2k4dkx5QmpiMjUyWlhKellYUnBiMjRnWkhVZ1kyeDFZaTRnVEdVZ1kyOXRjSFJsSUdOeXc2bkRxU0J5WlhOMFpTRENxeUJsYmlCaGRIUmxiblJsSUdSbElIWmhiR2xrWVhScGIyNGd3cnNLTHk4dklHcDFjM0YxSjhPZ0lHTmxJSEYxWlNCczRvQ1pZV1J0YVc0Z2JHVWdkbUZzYVdSbElHUmhibk1nUVdSdGFXNXBjM1J5WVhScGIyNHVDbU5zWVhOeklFRjFkR2hTWldkcGMzUmxjbEJoWjJVZ1pYaDBaVzVrY3lCRGIyNXpkVzFsY2xOMFlYUmxablZzVjJsa1oyVjBJSHNLSUNCamIyNXpkQ0JCZFhSb1VtVm5hWE4wWlhKUVlXZGxLSHR6ZFhCbGNpNXJaWGw5S1RzS0NpQWdRRzkyWlhKeWFXUmxDaUFnUTI5dWMzVnRaWEpUZEdGMFpUeEJkWFJvVW1WbmFYTjBaWEpRWVdkbFBpQmpjbVZoZEdWVGRHRjBaU2dwSUQwK0lGOUJkWFJvVW1WbmFYTjBaWEpRWVdkbFUzUmhkR1VvS1RzS2ZRb0tZMnhoYzNNZ1gwRjFkR2hTWldkcGMzUmxjbEJoWjJWVGRHRjBaU0JsZUhSbGJtUnpJRU52Ym5OMWJXVnlVM1JoZEdVOFFYVjBhRkpsWjJsemRHVnlVR0ZuWlQ0Z2V3b2dJR1pwYm1Gc0lGOW1hWEp6ZEU1aGJXVkRiMjUwY205c2JHVnlJRDBnVkdWNGRFVmthWFJwYm1kRGIyNTBjbTlzYkdWeUtDazdDaUFnWm1sdVlXd2dYMnhoYzNST1lXMWxRMjl1ZEhKdmJHeGxjaUE5SUZSbGVIUkZaR2wwYVc1blEyOXVkSEp2Ykd4bGNpZ3BPd29nSUdacGJtRnNJRjl3WVhOemQyOXlaRU52Ym5SeWIyeHNaWElnUFNCVVpYaDBSV1JwZEdsdVowTnZiblJ5YjJ4c1pYSW9LVHNLSUNCbWFXNWhiQ0JmWTI5dVptbHliVU52Ym5SeWIyeHNaWElnUFNCVVpYaDBSV1JwZEdsdVowTnZiblJ5YjJ4c1pYSW9LVHNLSUNCaWIyOXNJRjl2WW5OamRYSmxVR0Z6YzNkdmNtUWdQU0IwY25WbE93b2dJ
Shell: R0p2YjJ3Z1gzTjFZbTFwZEhScGJtY2dQU0JtWVd4elpUc0tDaUFnUUc5MlpYSnlhV1JsQ2lBZ2RtOXBaQ0JrYVhOd2IzTmxLQ2tnZXdvZ0lDQWdYMlpwY25OMFRtRnRaVU52Ym5SeWIyeHNaWEl1WkdsemNHOXpaU2dwT3dvZ0lDQWdYMnhoYzNST1lXMWxRMjl1ZEhKdmJHeGxjaTVrYVhOd2IzTmxLQ2s3Q2lBZ0lDQmZjR0Z6YzNkdmNtUkRiMjUwY205c2JHVnlMbVJwYzNCdmMyVW9LVHNLSUNBZ0lGOWpiMjVtYVhKdFEyOXVkSEp2Ykd4bGNpNWthWE53YjNObEtDazdDaUFnSUNCemRYQmxjaTVrYVhOd2IzTmxLQ2s3Q2lBZ2ZRb0tJQ0IyYjJsa0lGOXphRzkzUlhKeWIzSW9VM1J5YVc1bklHMWxjM05oWjJVcElIc0tJQ0FnSUZOallXWm1iMnhrVFdWemMyVnVaMlZ5TG05bUtHTnZiblJsZUhRcENpQWdJQ0FnSUNBZ0xuTm9iM2RUYm1GamEwSmhjaWhUYm1GamEwSmhjaWhqYjI1MFpXNTBPaUJVWlhoMEtHMWxjM05oWjJVcEtTazdDaUFnZlFvS0lDQkdkWFIxY21VOGRtOXBaRDRnWDNOMVltMXBkQ2dwSUdGemVXNWpJSHNLSUNBZ0lHWnBibUZzSUdacGNuTjBUbUZ0WlNBOUlGOW1hWEp6ZEU1aGJXVkRiMjUwY205c2JHVnlMblJsZUhRdWRISnBiU2dwT3dvZ0lDQWdabWx1WVd3Z2JHRnpkRTVoYldVZ1BTQmZiR0Z6ZEU1aGJXVkRiMjUwY205c2JHVnlMblJsZUhRdWRISnBiU2dwT3dvZ0lDQWdabWx1WVd3Z2NHRnpjM2R2Y21RZ1BTQmZjR0Z6YzNkdmNtUkRiMjUwY205c2JHVnlMblJsZUhRN0Nnb2dJQ0FnYVdZZ0tHWnBjbk4wVG1GdFpTNXBjMFZ0Y0hSNUlIeDhJR3hoYzNST1lXMWxMbWx6Ulcxd2RIa3BJSHNLSUNBZ0lDQWdYM05vYjNkRmNuSnZjaWduVW1WdWMyVnBaMjVsSUhSdmJpQndjc09wYm05dElHVjBJSFJ2YmlCdWIyMHVKeWs3Q2lBZ0lDQWdJSEpsZEhWeWJqc0tJQ0FnSUgwS0lDQWdJR2xtSUNnaGFYTldZV3hwWkZCbGNuTnZiazVoYldVb1ptbHljM1JPWVcxbEtTQjhmQ0FoYVhOV1lXeHBaRkJsY25OdmJrNWhiV1VvYkdGemRFNWhiV1VwS1NCN0NpQWdJQ0FnSUY5emFHOTNSWEp5YjNJb0NpQWdJQ0FnSUNBZ0oweGxJSEJ5dzZsdWIyMGdaWFFnYkdVZ2JtOXRJRzVsSUdSdmFYWmxiblFnWTI5dWRHVnVhWElnY1hWbElHUmxjeUJzWlhSMGNtVnpJQ2NLSUNBZ0lDQWdJQ0FuS0c1cElHVnRiMnBwTENCdWFTQmphR2xtWm5KbExDQnVhU0J6ZVcxaWIyeGxLUzRuTEFvZ0lDQWdJQ0FwT3dvZ0lDQWdJQ0J5WlhSMWNtNDdDaUFnSUNCOUNpQWdJQ0JtYVc1aGJDQndZWE56ZDI5eVpFVnljbTl5SUQwZ1VHRnpjM2R2Y21SUWIyeHBZM2t1ZG1Gc2FXUmhkR1VvY0dGemMzZHZjbVFwT3dvZ0lDQWdhV1lnS0hCaGMzTjNiM0prUlhKeWIzSWdJVDBnYm5Wc2JDa2dld29nSUNBZ0lDQmZjMmh2ZDBWeWNtOXlLSEJoYzNOM2IzSmtSWEp5YjNJcE93b2dJQ0FnSUNCeVpYUjFjbTQ3Q2lBZ0lDQjlDaUFnSUNCcFppQW9jR0Z6YzNkdmNtUWdJVDBnWDJOdmJtWnBjbTFEYjI1MGNtOXNiR1Z5TG5SbGVIUXBJSHNLSUNBZ0lDQWdYM05vYjNkRmNuSnZjaWduVEdWeklHUmxkWGdnYlc5MGN5QmtaU0J3WVhOelpTQnVaU0JqYjNKeVpYTndiMjVrWlc1MElIQmhjeTRuS1RzS0lDQWdJQ0FnY21WMGRYSnVPd29nSUNBZ2ZRb0tJQ0FnSUhObGRGTjBZWFJsS0NncElEMCtJRjl6ZFdKdGFYUjBhVzVuSUQwZ2RISjFaU2s3Q2lBZ0lDQjBjbmtnZXdvZ0lDQWdJQ0JtYVc1aGJDQjFjMlZ5Ym1GdFpTQTlJR0YzWVdsMElISmxaaTV5WldGa0tHRjFkR2hTWlhCdmMybDBiM0o1VUhKdmRtbGtaWElwTG5KbFoybHpkR1Z5UVdOamIzVnVkQ2dLSUNBZ0lDQWdJQ0FnSUNBZ1ptbHljM1JPWVcxbE9pQm1hWEp6ZEU1aGJXVXNDaUFnSUNBZ0lDQWdJQ0FnSUd4aGMzUk9ZVzFsT2lCc1lYTjBUbUZ0WlN3S0lDQWdJQ0FnSUNBZ0lDQWdjR0Z6YzNkdmNtUTZJSEJoYzNOM2IzSmtMQW9nSUNBZ0lDQWdJQ0FnS1RzS0lDQWdJQ0FnYVdZZ0tDRnRiM1Z1ZEdWa0tTQnlaWFIxY200N0NpQWdJQ0FnSUdGM1lXbDBJRjl6YUc5M1UzVmpZMlZ6YzBScFlXeHZaeWgxYzJWeWJtRnRaU2s3Q2lBZ0lDQWdJR2xtSUNodGIzVnVkR1ZrS1NCamIyNTBaWGgwTG1kdktDY3ZZWFYwYUM5emFXZHVMV2x1SnlrN0NpQWdJQ0I5SUc5dUlFWjFibU4wYVc5dVJYaGpaWEIwYVc5dUlHTmhkR05vSUNobGNuSnZjaWtnZXdvZ0lDQWdJQ0JtYVc1aGJDQmtaWFJoYVd4eklEMGdaWEp5YjNJdVpHVjBZV2xzY3pzS0lDQWdJQ0FnWm1sdVlXd2diV1Z6YzJGblpTQTlJR1JsZEdGcGJITWdhWE1nVFdGd0lEOGdaR1YwWVdsc2Mxc25aWEp5YjNJblhUOHVkRzlUZEhKcGJtY29LU0E2SUc1MWJHdzdDaUFnSUNBZ0lGOXphRzkzUlhKeWIzSW9iV1Z6YzJGblpTQS9QeUFuVEdFZ1kzTERxV0YwYVc5dUlHUjFJR052YlhCMFpTQmhJTU9wWTJodmRjT3BMaWNwT3dvZ0lDQWdmU0J2YmlCVGRHRjBaVVZ5Y205eUlHTmhkR05vSUNobGNuSnZjaWtnZXdvZ0lDQWdJQ0JmYzJodmQwVnljbTl5S0dWeWNtOXlMbTFsYzNOaFoyVXBPd29nSUNBZ2ZTQnZiaUJCY21kMWJXVnVkRVZ5Y205eUlHTmhkR05vSUNobGNuSnZjaWtnZXdvZ0lDQWdJQ0JmYzJodmQwVnljbTl5S0dWeWNtOXlMbTFsYzNOaFoyVS9MblJ2VTNSeWFXNW5LQ2tnUHo4Z1VHRnpjM2R2Y21SUWIyeHBZM2t1YUdWc2NHVnlWR1Y0ZENrN0NpQWdJQ0I5SUdOaGRHTm9JQ2hmS1NCN0NpQWdJQ0FnSUY5emFHOTNSWEp5YjNJb0oweGhJR055dzZsaGRHbHZiaUJrZFNCamIyMXdkR1VnWVNERHFXTm9iM1hEcVM0bktUc0tJQ0FnSUgwZ1ptbHVZV3hzZVNCN0NpQWdJQ0FnSUdsbUlDaHRiM1Z1ZEdWa0tTQnpaWFJUZEdGMFpTZ29LU0E5UGlCZmMzVmliV2wwZEdsdVp5QTlJR1poYkhObEtUc0tJQ0FnSUgwS0lDQjlDZ29nSUVaMWRIVnlaVHgyYjJsa1BpQmZjMmh2ZDFOMVkyTmxjM05FYVdGc2IyY29VM1J5YVc1bklIVnpaWEp1WVcxbEtTQjdDaUFnSUNCeVpYUjFjbTRnYzJodmQwUnBZV3h2Wnp4MmIybGtQaWdLSUNBZ0lDQWdZMjl1ZEdWNGREb2dZMjl1ZEdWNGRDd0tJQ0FnSUNBZ1ltRnljbWxsY2tScGMyMXBjM05wWW14bE9pQm1ZV3h6WlN3S0lDQWdJ
Shell: Q0FnWW5WcGJHUmxjam9nS0dScFlXeHZaME52Ym5SbGVIUXBJRDArSUVGc1pYSjBSR2xoYkc5bktBb2dJQ0FnSUNBZ0lIUnBkR3hsT2lCamIyNXpkQ0JVWlhoMEtDZERiMjF3ZEdVZ1kzTERxY09wSUNFZzhKK09pU2NwTEFvZ0lDQWdJQ0FnSUdOdmJuUmxiblE2SUVOdmJIVnRiaWdLSUNBZ0lDQWdJQ0FnSUcxaGFXNUJlR2x6VTJsNlpUb2dUV0ZwYmtGNGFYTlRhWHBsTG0xcGJpd0tJQ0FnSUNBZ0lDQWdJR055YjNOelFYaHBjMEZzYVdkdWJXVnVkRG9nUTNKdmMzTkJlR2x6UVd4cFoyNXRaVzUwTG5OMGNtVjBZMmdzQ2lBZ0lDQWdJQ0FnSUNCamFHbHNaSEpsYmpvZ1d3b2dJQ0FnSUNBZ0lDQWdJQ0JqYjI1emRDQlVaWGgwS0NkU1pYUnBaVzV6SUdKcFpXNGdkRzl1SUdsa1pXNTBhV1pwWVc1MElEb25LU3dLSUNBZ0lDQWdJQ0FnSUNBZ1kyOXVjM1FnVTJsNlpXUkNiM2dvYUdWcFoyaDBPaUF4TWlrc0NpQWdJQ0FnSUNBZ0lDQWdJRU5sYm5SbGNpZ0tJQ0FnSUNBZ0lDQWdJQ0FnSUNCamFHbHNaRG9nVTJWc1pXTjBZV0pzWlZSbGVIUW9DaUFnSUNBZ0lDQWdJQ0FnSUNBZ0lDQjFjMlZ5Ym1GdFpTd0tJQ0FnSUNBZ0lDQWdJQ0FnSUNBZ0lITjBlV3hsT2lCVWFHVnRaUzV2Wmloa2FXRnNiMmREYjI1MFpYaDBLUW9nSUNBZ0lDQWdJQ0FnSUNBZ0lDQWdJQ0FnSUM1MFpYaDBWR2hsYldVS0lDQWdJQ0FnSUNBZ0lDQWdJQ0FnSUNBZ0lDQXVhR1ZoWkd4cGJtVk5aV1JwZFcwS0lDQWdJQ0FnSUNBZ0lDQWdJQ0FnSUNBZ0lDQS9MbU52Y0hsWGFYUm9LR1p2Ym5SWFpXbG5hSFE2SUVadmJuUlhaV2xuYUhRdVltOXNaQ2tzQ2lBZ0lDQWdJQ0FnSUNBZ0lDQWdLU3dLSUNBZ0lDQWdJQ0FnSUNBZ0tTd0tJQ0FnSUNBZ0lDQWdJQ0FnWTI5dWMzUWdVMmw2WldSQ2IzZ29hR1ZwWjJoME9pQXhNaWtzQ2lBZ0lDQWdJQ0FnSUNBZ0lHTnZibk4wSUZSbGVIUW9DaUFnSUNBZ0lDQWdJQ0FnSUNBZ0oxUnZiaUJqYjIxd2RHVWdaRzlwZENCdFlXbHVkR1Z1WVc1MElNT3FkSEpsSUhaaGJHbGt3NmtnY0dGeUlHemlnSmxoWkcxcGJpNGdKd29nSUNBZ0lDQWdJQ0FnSUNBZ0lDZFVkU0J3YjNWeWNtRnpJSFJsSUdOdmJtNWxZM1JsY2lCa3c2aHpJSEYxWlNCajRvQ1paWE4wSUdaaGFYUXVKeXdLSUNBZ0lDQWdJQ0FnSUNBZ0tTd0tJQ0FnSUNBZ0lDQWdJRjBzQ2lBZ0lDQWdJQ0FnS1N3S0lDQWdJQ0FnSUNCaFkzUnBiMjV6T2lCYkNpQWdJQ0FnSUNBZ0lDQkdhV3hzWldSQ2RYUjBiMjRvQ2lBZ0lDQWdJQ0FnSUNBZ0lHOXVVSEpsYzNObFpEb2dLQ2tnUFQ0Z1RtRjJhV2RoZEc5eUxuQnZjQ2hrYVdGc2IyZERiMjUwWlhoMEtTd0tJQ0FnSUNBZ0lDQWdJQ0FnWTJocGJHUTZJR052Ym5OMElGUmxlSFFvSjBOdmJYQnlhWE1uS1N3S0lDQWdJQ0FnSUNBZ0lDa3NDaUFnSUNBZ0lDQWdYU3dLSUNBZ0lDQWdLU3dLSUNBZ0lDazdDaUFnZlFvS0lDQkFiM1psY25KcFpHVUtJQ0JYYVdSblpYUWdZblZwYkdRb1FuVnBiR1JEYjI1MFpYaDBJR052Ym5SbGVIUXBJSHNLSUNBZ0lISmxkSFZ5YmlCVFkyRm1abTlzWkNnS0lDQWdJQ0FnWW05a2VUb2dVMkZtWlVGeVpXRW9DaUFnSUNBZ0lDQWdZMmhwYkdRNklFTmxiblJsY2lnS0lDQWdJQ0FnSUNBZ0lHTm9hV3hrT2lCVGFXNW5iR1ZEYUdsc1pGTmpjbTlzYkZacFpYY29DaUFnSUNBZ0lDQWdJQ0FnSUhCaFpHUnBibWM2SUdOdmJuTjBJRVZrWjJWSmJuTmxkSE11WVd4c0tESTBLU3dLSUNBZ0lDQWdJQ0FnSUNBZ1kyaHBiR1E2SUVOdmJuTjBjbUZwYm1Wa1FtOTRLQW9nSUNBZ0lDQWdJQ0FnSUNBZ0lHTnZibk4wY21GcGJuUnpPaUJqYjI1emRDQkNiM2hEYjI1emRISmhhVzUwY3lodFlYaFhhV1IwYURvZ05ESXdLU3dLSUNBZ0lDQWdJQ0FnSUNBZ0lDQmphR2xzWkRvZ1EyRnlaQ2dLSUNBZ0lDQWdJQ0FnSUNBZ0lDQWdJR1ZzWlhaaGRHbHZiam9nTUN3S0lDQWdJQ0FnSUNBZ0lDQWdJQ0FnSUdOdmJHOXlPaUJVYUdWdFpTNXZaaWhqYjI1MFpYaDBLUzVqYjJ4dmNsTmphR1Z0WlM1emRYSm1ZV05sTEFvZ0lDQWdJQ0FnSUNBZ0lDQWdJQ0FnWTJocGJHUTZJRkJoWkdScGJtY29DaUFnSUNBZ0lDQWdJQ0FnSUNBZ0lDQWdJSEJoWkdScGJtYzZJR052Ym5OMElFVmtaMlZKYm5ObGRITXVZV3hzS0RJMEtTd0tJQ0FnSUNBZ0lDQWdJQ0FnSUNBZ0lDQWdZMmhwYkdRNklFTnZiSFZ0YmlnS0lDQWdJQ0FnSUNBZ0lDQWdJQ0FnSUNBZ0lDQnRZV2x1UVhocGMxTnBlbVU2SUUxaGFXNUJlR2x6VTJsNlpTNXRhVzRzQ2lBZ0lDQWdJQ0FnSUNBZ0lDQWdJQ0FnSUNBZ1kzSnZjM05CZUdselFXeHBaMjV0Wlc1ME9pQkRjbTl6YzBGNGFYTkJiR2xuYm0xbGJuUXVjM1J5WlhSamFDd0tJQ0FnSUNBZ0lDQWdJQ0FnSUNBZ0lDQWdJQ0JqYUdsc1pISmxiam9nV3dvZ0lDQWdJQ0FnSUNBZ0lDQWdJQ0FnSUNBZ0lDQWdVR0ZrWkdsdVp5Z0tJQ0FnSUNBZ0lDQWdJQ0FnSUNBZ0lDQWdJQ0FnSUNBZ2NHRmtaR2x1WnpvZ1kyOXVjM1FnUldSblpVbHVjMlYwY3k1dmJteDVLR0p2ZEhSdmJUb2dNVFlwTEFvZ0lDQWdJQ0FnSUNBZ0lDQWdJQ0FnSUNBZ0lDQWdJQ0JqYUdsc1pEb2dTVzFoWjJVdVlYTnpaWFFvQ2lBZ0lDQWdJQ0FnSUNBZ0lDQWdJQ0FnSUNBZ0lDQWdJQ0FnSjJGemMyVjBjeTlwYldGblpYTXZiWEJuWDJ4dloyOHVjRzVuSnl3S0lDQWdJQ0FnSUNBZ0lDQWdJQ0FnSUNBZ0lDQWdJQ0FnSUNCM2FXUjBhRG9nWkc5MVlteGxMbWx1Wm1sdWFYUjVMQW9nSUNBZ0lDQWdJQ0FnSUNBZ0lDQWdJQ0FnSUNBZ0lDQWdJR1pwZERvZ1FtOTRSbWwwTG1acGRGZHBaSFJvTEFvZ0lDQWdJQ0FnSUNBZ0lDQWdJQ0FnSUNBZ0lDQWdJQ0FwTEFvZ0lDQWdJQ0FnSUNBZ0lDQWdJQ0FnSUNBZ0lDQWdLU3dLSUNBZ0lDQWdJQ0FnSUNBZ0lDQWdJQ0FnSUNBZ0lGUmxlSFFvQ2lBZ0lDQWdJQ0FnSUNBZ0lDQWdJQ0FnSUNBZ0lDQWdJQ2REY3NPcFpYSWdiVzl1SUdOdmJYQjBaU2NzQ2lBZ0lDQWdJQ0FnSUNBZ0lDQWdJQ0FnSUNBZ0lDQWdJSE4wZVd4bE9pQlVhR1Z0WlM1dlppaGpiMjUwWlhoMEtTNTBaWGgwVkdobGJXVXVhR1ZoWkd4cGJtVlRiV0ZzYkN3S0lDQWdJ
Shell: Q0FnSUNBZ0lDQWdJQ0FnSUNBZ0lDQWdJQ0FnZEdWNGRFRnNhV2R1T2lCVVpYaDBRV3hwWjI0dVkyVnVkR1Z5TEFvZ0lDQWdJQ0FnSUNBZ0lDQWdJQ0FnSUNBZ0lDQWdLU3dLSUNBZ0lDQWdJQ0FnSUNBZ0lDQWdJQ0FnSUNBZ0lHTnZibk4wSUZOcGVtVmtRbTk0S0dobGFXZG9kRG9nT0Nrc0NpQWdJQ0FnSUNBZ0lDQWdJQ0FnSUNBZ0lDQWdJQ0JVWlhoMEtBb2dJQ0FnSUNBZ0lDQWdJQ0FnSUNBZ0lDQWdJQ0FnSUNBblZHOXVJR2xrWlc1MGFXWnBZVzUwSUhObGNtRWdaOE9wYnNPcGNzT3BJR0YxZEc5dFlYUnBjWFZsYldWdWRDQW5DaUFnSUNBZ0lDQWdJQ0FnSUNBZ0lDQWdJQ0FnSUNBZ0lDY29jSExEcVc1dmJTQXJJR2x1YVhScFlXeGxJR1IxSUc1dmJTa3VKeXdLSUNBZ0lDQWdJQ0FnSUNBZ0lDQWdJQ0FnSUNBZ0lDQWdjM1I1YkdVNklGUm9aVzFsTG05bUtHTnZiblJsZUhRcExuUmxlSFJVYUdWdFpTNWliMlI1VFdWa2FYVnRMQW9nSUNBZ0lDQWdJQ0FnSUNBZ0lDQWdJQ0FnSUNBZ0lDQjBaWGgwUVd4cFoyNDZJRlJsZUhSQmJHbG5iaTVqWlc1MFpYSXNDaUFnSUNBZ0lDQWdJQ0FnSUNBZ0lDQWdJQ0FnSUNBcExBb2dJQ0FnSUNBZ0lDQWdJQ0FnSUNBZ0lDQWdJQ0FnWTI5dWMzUWdVMmw2WldSQ2IzZ29hR1ZwWjJoME9pQXlNQ2tzQ2lBZ0lDQWdJQ0FnSUNBZ0lDQWdJQ0FnSUNBZ0lDQlVaWGgwUm1sbGJHUW9DaUFnSUNBZ0lDQWdJQ0FnSUNBZ0lDQWdJQ0FnSUNBZ0lHTnZiblJ5YjJ4c1pYSTZJRjltYVhKemRFNWhiV1ZEYjI1MGNtOXNiR1Z5TEFvZ0lDQWdJQ0FnSUNBZ0lDQWdJQ0FnSUNBZ0lDQWdJQ0IwWlhoMFEyRndhWFJoYkdsNllYUnBiMjQ2SUZSbGVIUkRZWEJwZEdGc2FYcGhkR2x2Ymk1M2IzSmtjeXdLSUNBZ0lDQWdJQ0FnSUNBZ0lDQWdJQ0FnSUNBZ0lDQWdaR1ZqYjNKaGRHbHZiam9nWTI5dWMzUWdTVzV3ZFhSRVpXTnZjbUYwYVc5dUtBb2dJQ0FnSUNBZ0lDQWdJQ0FnSUNBZ0lDQWdJQ0FnSUNBZ0lHeGhZbVZzVkdWNGREb2dKMUJ5dzZsdWIyMG5MQW9nSUNBZ0lDQWdJQ0FnSUNBZ0lDQWdJQ0FnSUNBZ0lDQWdJSEJ5WldacGVFbGpiMjQ2SUVsamIyNG9TV052Ym5NdWNHVnljMjl1WDI5MWRHeHBibVVwTEFvZ0lDQWdJQ0FnSUNBZ0lDQWdJQ0FnSUNBZ0lDQWdJQ0FwTEFvZ0lDQWdJQ0FnSUNBZ0lDQWdJQ0FnSUNBZ0lDQWdLU3dLSUNBZ0lDQWdJQ0FnSUNBZ0lDQWdJQ0FnSUNBZ0lHTnZibk4wSUZOcGVtVmtRbTk0S0dobGFXZG9kRG9nTVRZcExBb2dJQ0FnSUNBZ0lDQWdJQ0FnSUNBZ0lDQWdJQ0FnVkdWNGRFWnBaV3hrS0FvZ0lDQWdJQ0FnSUNBZ0lDQWdJQ0FnSUNBZ0lDQWdJQ0JqYjI1MGNtOXNiR1Z5T2lCZmJHRnpkRTVoYldWRGIyNTBjbTlzYkdWeUxBb2dJQ0FnSUNBZ0lDQWdJQ0FnSUNBZ0lDQWdJQ0FnSUNCMFpYaDBRMkZ3YVhSaGJHbDZZWFJwYjI0NklGUmxlSFJEWVhCcGRHRnNhWHBoZEdsdmJpNTNiM0prY3l3S0lDQWdJQ0FnSUNBZ0lDQWdJQ0FnSUNBZ0lDQWdJQ0FnWkdWamIzSmhkR2x2YmpvZ1kyOXVjM1FnU1c1d2RYUkVaV052Y21GMGFXOXVLQW9nSUNBZ0lDQWdJQ0FnSUNBZ0lDQWdJQ0FnSUNBZ0lDQWdJR3hoWW1Wc1ZHVjRkRG9nSjA1dmJTY3NDaUFnSUNBZ0lDQWdJQ0FnSUNBZ0lDQWdJQ0FnSUNBZ0lDQWdjSEpsWm1sNFNXTnZiam9nU1dOdmJpaEpZMjl1Y3k1aVlXUm5aVjl2ZFhSc2FXNWxaQ2tzQ2lBZ0lDQWdJQ0FnSUNBZ0lDQWdJQ0FnSUNBZ0lDQWdJQ2tzQ2lBZ0lDQWdJQ0FnSUNBZ0lDQWdJQ0FnSUNBZ0lDQXBMQW9nSUNBZ0lDQWdJQ0FnSUNBZ0lDQWdJQ0FnSUNBZ1kyOXVjM1FnVTJsNlpXUkNiM2dvYUdWcFoyaDBPaUF4Tmlrc0NpQWdJQ0FnSUNBZ0lDQWdJQ0FnSUNBZ0lDQWdJQ0JVWlhoMFJtbGxiR1FvQ2lBZ0lDQWdJQ0FnSUNBZ0lDQWdJQ0FnSUNBZ0lDQWdJR052Ym5SeWIyeHNaWEk2SUY5d1lYTnpkMjl5WkVOdmJuUnliMnhzWlhJc0NpQWdJQ0FnSUNBZ0lDQWdJQ0FnSUNBZ0lDQWdJQ0FnSUc5aWMyTjFjbVZVWlhoME9pQmZiMkp6WTNWeVpWQmhjM04zYjNKa0xBb2dJQ0FnSUNBZ0lDQWdJQ0FnSUNBZ0lDQWdJQ0FnSUNCaGRYUnZabWxzYkVocGJuUnpPaUJqYjI1emRDQmJRWFYwYjJacGJHeElhVzUwY3k1dVpYZFFZWE56ZDI5eVpGMHNDaUFnSUNBZ0lDQWdJQ0FnSUNBZ0lDQWdJQ0FnSUNBZ0lHUmxZMjl5WVhScGIyNDZJRWx1Y0hWMFJHVmpiM0poZEdsdmJpZ0tJQ0FnSUNBZ0lDQWdJQ0FnSUNBZ0lDQWdJQ0FnSUNBZ0lDQnNZV0psYkZSbGVIUTZJQ2ROYjNRZ1pHVWdjR0Z6YzJVbkxBb2dJQ0FnSUNBZ0lDQWdJQ0FnSUNBZ0lDQWdJQ0FnSUNBZ0lHaGxiSEJsY2xSbGVIUTZJRkJoYzNOM2IzSmtVRzlzYVdONUxtaGxiSEJsY2xSbGVIUXNDaUFnSUNBZ0lDQWdJQ0FnSUNBZ0lDQWdJQ0FnSUNBZ0lDQWdhR1ZzY0dWeVRXRjRUR2x1WlhNNklESXNDaUFnSUNBZ0lDQWdJQ0FnSUNBZ0lDQWdJQ0FnSUNBZ0lDQWdjSEpsWm1sNFNXTnZiam9nWTI5dWMzUWdTV052YmloSlkyOXVjeTVzYjJOclgyOTFkR3hwYm1VcExBb2dJQ0FnSUNBZ0lDQWdJQ0FnSUNBZ0lDQWdJQ0FnSUNBZ0lITjFabVpwZUVsamIyNDZJRWxqYjI1Q2RYUjBiMjRvQ2lBZ0lDQWdJQ0FnSUNBZ0lDQWdJQ0FnSUNBZ0lDQWdJQ0FnSUNCMGIyOXNkR2x3T2lCZmIySnpZM1Z5WlZCaGMzTjNiM0prQ2lBZ0lDQWdJQ0FnSUNBZ0lDQWdJQ0FnSUNBZ0lDQWdJQ0FnSUNBZ0lDQWdQeUFuUVdabWFXTm9aWElnYkdVZ2JXOTBJR1JsSUhCaGMzTmxKd29nSUNBZ0lDQWdJQ0FnSUNBZ0lDQWdJQ0FnSUNBZ0lDQWdJQ0FnSUNBZ0lEb2dKMDFoYzNGMVpYSWdiR1VnYlc5MElHUmxJSEJoYzNObEp5d0tJQ0FnSUNBZ0lDQWdJQ0FnSUNBZ0lDQWdJQ0FnSUNBZ0lDQWdJR2xqYjI0NklFbGpiMjRvQ2lBZ0lDQWdJQ0FnSUNBZ0lDQWdJQ0FnSUNBZ0lDQWdJQ0FnSUNBZ0lGOXZZbk5qZFhKbFVHRnpjM2R2Y21RS0lDQWdJQ0FnSUNBZ0lDQWdJQ0FnSUNBZ0lDQWdJQ0FnSUNBZ0lDQWdJQ0FnSUQ4Z1NXTnZibk11ZG1semFXSnBiR2wwZVY5dmRYUnNhVzVsWkFvZ0lDQWdJQ0FnSUNBZ0lDQWdJQ0FnSUNBZ0lDQWdJ
Shell: Q0FnSUNBZ0lDQWdJQ0FnT2lCSlkyOXVjeTUyYVhOcFltbHNhWFI1WDI5bVpsOXZkWFJzYVc1bFpDd0tJQ0FnSUNBZ0lDQWdJQ0FnSUNBZ0lDQWdJQ0FnSUNBZ0lDQWdJQ2tzQ2lBZ0lDQWdJQ0FnSUNBZ0lDQWdJQ0FnSUNBZ0lDQWdJQ0FnSUNCdmJsQnlaWE56WldRNklDZ3BJSHNLSUNBZ0lDQWdJQ0FnSUNBZ0lDQWdJQ0FnSUNBZ0lDQWdJQ0FnSUNBZ2MyVjBVM1JoZEdVb0tDa2dld29nSUNBZ0lDQWdJQ0FnSUNBZ0lDQWdJQ0FnSUNBZ0lDQWdJQ0FnSUNBZ0lGOXZZbk5qZFhKbFVHRnpjM2R2Y21RZ1BTQWhYMjlpYzJOMWNtVlFZWE56ZDI5eVpEc0tJQ0FnSUNBZ0lDQWdJQ0FnSUNBZ0lDQWdJQ0FnSUNBZ0lDQWdJQ0FnZlNrN0NpQWdJQ0FnSUNBZ0lDQWdJQ0FnSUNBZ0lDQWdJQ0FnSUNBZ0lDQjlMQW9nSUNBZ0lDQWdJQ0FnSUNBZ0lDQWdJQ0FnSUNBZ0lDQWdJQ2tzQ2lBZ0lDQWdJQ0FnSUNBZ0lDQWdJQ0FnSUNBZ0lDQWdJQ2tzQ2lBZ0lDQWdJQ0FnSUNBZ0lDQWdJQ0FnSUNBZ0lDQXBMQW9nSUNBZ0lDQWdJQ0FnSUNBZ0lDQWdJQ0FnSUNBZ1kyOXVjM1FnVTJsNlpXUkNiM2dvYUdWcFoyaDBPaUF4Tmlrc0NpQWdJQ0FnSUNBZ0lDQWdJQ0FnSUNBZ0lDQWdJQ0JVWlhoMFJtbGxiR1FvQ2lBZ0lDQWdJQ0FnSUNBZ0lDQWdJQ0FnSUNBZ0lDQWdJR052Ym5SeWIyeHNaWEk2SUY5amIyNW1hWEp0UTI5dWRISnZiR3hsY2l3S0lDQWdJQ0FnSUNBZ0lDQWdJQ0FnSUNBZ0lDQWdJQ0FnYjJKelkzVnlaVlJsZUhRNklGOXZZbk5qZFhKbFVHRnpjM2R2Y21Rc0NpQWdJQ0FnSUNBZ0lDQWdJQ0FnSUNBZ0lDQWdJQ0FnSUdGMWRHOW1hV3hzU0dsdWRITTZJR052Ym5OMElGdEJkWFJ2Wm1sc2JFaHBiblJ6TG01bGQxQmhjM04zYjNKa1hTd0tJQ0FnSUNBZ0lDQWdJQ0FnSUNBZ0lDQWdJQ0FnSUNBZ1pHVmpiM0poZEdsdmJqb2dZMjl1YzNRZ1NXNXdkWFJFWldOdmNtRjBhVzl1S0FvZ0lDQWdJQ0FnSUNBZ0lDQWdJQ0FnSUNBZ0lDQWdJQ0FnSUd4aFltVnNWR1Y0ZERvZ0owTnZibVpwY20xbElIUnZiaUJ0YjNRZ1pHVWdjR0Z6YzJVbkxBb2dJQ0FnSUNBZ0lDQWdJQ0FnSUNBZ0lDQWdJQ0FnSUNBZ0lIQnlaV1pwZUVsamIyNDZJRWxqYjI0b1NXTnZibk11Ykc5amExOXZkWFJzYVc1bEtTd0tJQ0FnSUNBZ0lDQWdJQ0FnSUNBZ0lDQWdJQ0FnSUNBZ0tTd0tJQ0FnSUNBZ0lDQWdJQ0FnSUNBZ0lDQWdJQ0FnSUNrc0NpQWdJQ0FnSUNBZ0lDQWdJQ0FnSUNBZ0lDQWdJQ0JqYjI1emRDQlRhWHBsWkVKdmVDaG9aV2xuYUhRNklESXdLU3dLSUNBZ0lDQWdJQ0FnSUNBZ0lDQWdJQ0FnSUNBZ0lFWnBiR3hsWkVKMWRIUnZiaTVwWTI5dUtBb2dJQ0FnSUNBZ0lDQWdJQ0FnSUNBZ0lDQWdJQ0FnSUNCdmJsQnlaWE56WldRNklGOXpkV0p0YVhSMGFXNW5JRDhnYm5Wc2JDQTZJRjl6ZFdKdGFYUXNDaUFnSUNBZ0lDQWdJQ0FnSUNBZ0lDQWdJQ0FnSUNBZ0lHbGpiMjQ2SUY5emRXSnRhWFIwYVc1bkNpQWdJQ0FnSUNBZ0lDQWdJQ0FnSUNBZ0lDQWdJQ0FnSUNBZ0lDQS9JR052Ym5OMElGTnBlbVZrUW05NEtBb2dJQ0FnSUNBZ0lDQWdJQ0FnSUNBZ0lDQWdJQ0FnSUNBZ0lDQWdJQ0FnSUhkcFpIUm9PaUF4T0N3S0lDQWdJQ0FnSUNBZ0lDQWdJQ0FnSUNBZ0lDQWdJQ0FnSUNBZ0lDQWdJQ0JvWldsbmFIUTZJREU0TEFvZ0lDQWdJQ0FnSUNBZ0lDQWdJQ0FnSUNBZ0lDQWdJQ0FnSUNBZ0lDQWdJR05vYVd4a09pQkhjbWx1ZEdGUWNtOW5jbVZ6YzBsdVpHbGpZWFJ2Y2loemRISnZhMlZYYVdSMGFEb2dNaWtzQ2lBZ0lDQWdJQ0FnSUNBZ0lDQWdJQ0FnSUNBZ0lDQWdJQ0FnSUNBZ0lDa0tJQ0FnSUNBZ0lDQWdJQ0FnSUNBZ0lDQWdJQ0FnSUNBZ0lDQWdJRG9nWTI5dWMzUWdTV052YmloSlkyOXVjeTV6Y0c5eWRITmZjMjlqWTJWeUtTd0tJQ0FnSUNBZ0lDQWdJQ0FnSUNBZ0lDQWdJQ0FnSUNBZ2JHRmlaV3c2SUdOdmJuTjBJRlJsZUhRb0owTnl3NmxsY2lCdGIyNGdZMjl0Y0hSbEp5a3NDaUFnSUNBZ0lDQWdJQ0FnSUNBZ0lDQWdJQ0FnSUNBcExBb2dJQ0FnSUNBZ0lDQWdJQ0FnSUNBZ0lDQWdJQ0FnWTI5dWMzUWdVMmw2WldSQ2IzZ29hR1ZwWjJoME9pQXhNaWtzQ2lBZ0lDQWdJQ0FnSUNBZ0lDQWdJQ0FnSUNBZ0lDQlVaWGgwUW5WMGRHOXVLQW9nSUNBZ0lDQWdJQ0FnSUNBZ0lDQWdJQ0FnSUNBZ0lDQnZibEJ5WlhOelpXUTZJRjl6ZFdKdGFYUjBhVzVuQ2lBZ0lDQWdJQ0FnSUNBZ0lDQWdJQ0FnSUNBZ0lDQWdJQ0FnSUNBL0lHNTFiR3dLSUNBZ0lDQWdJQ0FnSUNBZ0lDQWdJQ0FnSUNBZ0lDQWdJQ0FnSURvZ0tDa2dQVDRnWTI5dWRHVjRkQzVuYnlnbkwyRjFkR2d2YzJsbmJpMXBiaWNwTEFvZ0lDQWdJQ0FnSUNBZ0lDQWdJQ0FnSUNBZ0lDQWdJQ0JqYUdsc1pEb2dZMjl1YzNRZ1ZHVjRkQ2duU3VLQW1XRnBJR1REcVdyRG9DQjFiaUJqYjIxd2RHVWc0b0NVSUhObElHTnZibTVsWTNSbGNpY3BMQW9nSUNBZ0lDQWdJQ0FnSUNBZ0lDQWdJQ0FnSUNBZ0tTd0tJQ0FnSUNBZ0lDQWdJQ0FnSUNBZ0lDQWdJQ0FnSUdOdmJuTjBJRk5wZW1Wa1FtOTRLR2hsYVdkb2REb2dPQ2tzQ2lBZ0lDQWdJQ0FnSUNBZ0lDQWdJQ0FnSUNBZ0lDQlVaWGgwS0FvZ0lDQWdJQ0FnSUNBZ0lDQWdJQ0FnSUNBZ0lDQWdJQ0FuUVhCeXc2aHpJSFpoYkdsa1lYUnBiMjRnY0dGeUlHemlnSmxoWkcxcGJpd2dkSFVnY0c5MWNuSmhjeUIwWlNCamIyNXVaV04wWlhJZ0p3b2dJQ0FnSUNBZ0lDQWdJQ0FnSUNBZ0lDQWdJQ0FnSUNBbllYWmxZeUIwYjI0Z2FXUmxiblJwWm1saGJuUWdaWFFnZEc5dUlHMXZkQ0JrWlNCd1lYTnpaUzRuTEFvZ0lDQWdJQ0FnSUNBZ0lDQWdJQ0FnSUNBZ0lDQWdJQ0IwWlhoMFFXeHBaMjQ2SUZSbGVIUkJiR2xuYmk1alpXNTBaWElzQ2lBZ0lDQWdJQ0FnSUNBZ0lDQWdJQ0FnSUNBZ0lDQWdJSE4wZVd4bE9pQlVhR1Z0WlM1dlppaGpiMjUwWlhoMEtTNTBaWGgwVkdobGJXVXVZbTlrZVZOdFlXeHNMQW9nSUNBZ0lDQWdJQ0FnSUNBZ0lDQWdJQ0FnSUNBZ0tTd0tJQ0FnSUNBZ0lDQWdJQ0FnSUNBZ0lDQWdJQ0JkTEFvZ0lDQWdJQ0FnSUNBZ0lDQWdJQ0FnSUNBcExBb2dJ
Shell: Q0FnSUNBZ0lDQWdJQ0FnSUNBZ0tTd0tJQ0FnSUNBZ0lDQWdJQ0FnSUNBcExBb2dJQ0FnSUNBZ0lDQWdJQ0FwTEFvZ0lDQWdJQ0FnSUNBZ0tTd0tJQ0FnSUNBZ0lDQXBMQW9nSUNBZ0lDQXBMQW9nSUNBZ0tUc0tJQ0I5Q24wSyIsImxpYi9mZWF0dXJlcy9hdXRoL3ByZXNlbnRhdGlvbi9mb3JjZWRfcGFzc3dvcmRfY2hhbmdlX3BhZ2UuZGFydCI6ImFXMXdiM0owSUNkd1lXTnJZV2RsT21GelgyZHlhVzUwWVM5amIzSmxMM05sWTNWeWFYUjVMM0JoYzNOM2IzSmtYM0J2YkdsamVTNWtZWEowSnpzS2FXMXdiM0owSUNkd1lXTnJZV2RsT21GelgyZHlhVzUwWVM5bVpXRjBkWEpsY3k5aGRYUm9MM0J5WlhObGJuUmhkR2x2Ymk5aGRYUm9YM04wWVhSbExtUmhjblFuT3dwcGJYQnZjblFnSjNCaFkydGhaMlU2Wm14MWRIUmxjaTl0WVhSbGNtbGhiQzVrWVhKMEp6c0thVzF3YjNKMElDZHdZV05yWVdkbE9tWnNkWFIwWlhKZmNtbDJaWEp3YjJRdlpteDFkSFJsY2w5eWFYWmxjbkJ2WkM1a1lYSjBKenNLYVcxd2IzSjBJQ2R3WVdOcllXZGxPbUZ6WDJkeWFXNTBZUzlqYjNKbEwzZHBaR2RsZEhNdlozSnBiblJoWDJ4dllXUmxjaTVrWVhKMEp6c0tDbU5zWVhOeklFWnZjbU5sWkZCaGMzTjNiM0prUTJoaGJtZGxVR0ZuWlNCbGVIUmxibVJ6SUVOdmJuTjFiV1Z5VTNSaGRHVm1kV3hYYVdSblpYUWdld29nSUdOdmJuTjBJRVp2Y21ObFpGQmhjM04zYjNKa1EyaGhibWRsVUdGblpTaDdjM1Z3WlhJdWEyVjVmU2s3Q2dvZ0lFQnZkbVZ5Y21sa1pRb2dJRU52Ym5OMWJXVnlVM1JoZEdVOFJtOXlZMlZrVUdGemMzZHZjbVJEYUdGdVoyVlFZV2RsUGlCamNtVmhkR1ZUZEdGMFpTZ3BJRDArQ2lBZ0lDQWdJRjlHYjNKalpXUlFZWE56ZDI5eVpFTm9ZVzVuWlZCaFoyVlRkR0YwWlNncE93cDlDZ3BqYkdGemN5QmZSbTl5WTJWa1VHRnpjM2R2Y21SRGFHRnVaMlZRWVdkbFUzUmhkR1VLSUNBZ0lHVjRkR1Z1WkhNZ1EyOXVjM1Z0WlhKVGRHRjBaVHhHYjNKalpXUlFZWE56ZDI5eVpFTm9ZVzVuWlZCaFoyVStJSHNLSUNCbWFXNWhiQ0JmY0dGemMzZHZjbVJEYjI1MGNtOXNiR1Z5SUQwZ1ZHVjRkRVZrYVhScGJtZERiMjUwY205c2JHVnlLQ2s3Q2lBZ1ptbHVZV3dnWDJOdmJtWnBjbTFEYjI1MGNtOXNiR1Z5SUQwZ1ZHVjRkRVZrYVhScGJtZERiMjUwY205c2JHVnlLQ2s3Q2lBZ1ltOXZiQ0JmYjJKelkzVnlaU0E5SUhSeWRXVTdDZ29nSUVCdmRtVnljbWxrWlFvZ0lIWnZhV1FnWkdsemNHOXpaU2dwSUhzS0lDQWdJRjl3WVhOemQyOXlaRU52Ym5SeWIyeHNaWEl1WkdsemNHOXpaU2dwT3dvZ0lDQWdYMk52Ym1acGNtMURiMjUwY205c2JHVnlMbVJwYzNCdmMyVW9LVHNLSUNBZ0lITjFjR1Z5TG1ScGMzQnZjMlVvS1RzS0lDQjlDZ29nSUVaMWRIVnlaVHgyYjJsa1BpQmZjM1ZpYldsMEtDa2dZWE41Ym1NZ2V3b2dJQ0FnWm1sdVlXd2djR0Z6YzNkdmNtUWdQU0JmY0dGemMzZHZjbVJEYjI1MGNtOXNiR1Z5TG5SbGVIUTdDaUFnSUNCbWFXNWhiQ0J3WVhOemQyOXlaRVZ5Y205eUlEMGdVR0Z6YzNkdmNtUlFiMnhwWTNrdWRtRnNhV1JoZEdVb2NHRnpjM2R2Y21RcE93b2dJQ0FnYVdZZ0tIQmhjM04zYjNKa1JYSnliM0lnSVQwZ2JuVnNiQ2tnZXdvZ0lDQWdJQ0JUWTJGbVptOXNaRTFsYzNObGJtZGxjaTV2WmloamIyNTBaWGgwS1M1emFHOTNVMjVoWTJ0Q1lYSW9DaUFnSUNBZ0lDQWdVMjVoWTJ0Q1lYSW9ZMjl1ZEdWdWREb2dWR1Y0ZENod1lYTnpkMjl5WkVWeWNtOXlLU2tzQ2lBZ0lDQWdJQ2s3Q2lBZ0lDQWdJSEpsZEhWeWJqc0tJQ0FnSUgwS0lDQWdJR2xtSUNod1lYTnpkMjl5WkNBaFBTQmZZMjl1Wm1seWJVTnZiblJ5YjJ4c1pYSXVkR1Y0ZENrZ2V3b2dJQ0FnSUNCVFkyRm1abTlzWkUxbGMzTmxibWRsY2k1dlppaGpiMjUwWlhoMEtTNXphRzkzVTI1aFkydENZWElvQ2lBZ0lDQWdJQ0FnWTI5dWMzUWdVMjVoWTJ0Q1lYSW9DaUFnSUNBZ0lDQWdJQ0JqYjI1MFpXNTBPaUJVWlhoMEtDZE1aWE1nWkdWMWVDQnRiM1J6SUdSbElIQmhjM05sSUc1bElHTnZjbkpsYzNCdmJtUmxiblFnY0dGekxpY3BMQW9nSUNBZ0lDQWdJQ2tzQ2lBZ0lDQWdJQ2s3Q2lBZ0lDQWdJSEpsZEhWeWJqc0tJQ0FnSUgwS0NpQWdJQ0JtYVc1aGJDQnpkV05qWlhOeklEMGdZWGRoYVhRZ2NtVm1DaUFnSUNBZ0lDQWdMbkpsWVdRb1lYVjBhRU52Ym5SeWIyeHNaWEpRY205MmFXUmxjaTV1YjNScFptbGxjaWtLSUNBZ0lDQWdJQ0F1ZFhCa1lYUmxVR0Z6YzNkdmNtUW9jR0Z6YzNkdmNtUXBPd29nSUNBZ2FXWWdLSE4xWTJObGMzTWdKaVlnYlc5MWJuUmxaQ2tnZXdvZ0lDQWdJQ0JUWTJGbVptOXNaRTFsYzNObGJtZGxjaTV2WmloamIyNTBaWGgwS1M1emFHOTNVMjVoWTJ0Q1lYSW9DaUFnSUNBZ0lDQWdZMjl1YzNRZ1UyNWhZMnRDWVhJb1kyOXVkR1Z1ZERvZ1ZHVjRkQ2duVG05MWRtVmhkU0J0YjNRZ1pHVWdjR0Z6YzJVZ1pXNXlaV2RwYzNSeXc2a3VKeWtwTEFvZ0lDQWdJQ0FwT3dvZ0lDQWdmUW9nSUgwS0NpQWdRRzkyWlhKeWFXUmxDaUFnVjJsa1oyVjBJR0oxYVd4a0tFSjFhV3hrUTI5dWRHVjRkQ0JqYjI1MFpYaDBLU0I3Q2lBZ0lDQm1hVzVoYkNCemRHRjBaU0E5SUhKbFppNTNZWFJqYUNoaGRYUm9RMjl1ZEhKdmJHeGxjbEJ5YjNacFpHVnlLVHNLQ2lBZ0lDQnlaWFIxY200Z1UyTmhabVp2YkdRb0NpQWdJQ0FnSUdKdlpIazZJRk5oWm1WQmNtVmhLQW9nSUNBZ0lDQWdJR05vYVd4a09pQkRaVzUwWlhJb0NpQWdJQ0FnSUNBZ0lDQmphR2xzWkRvZ1UybHVaMnhsUTJocGJHUlRZM0p2Ykd4V2FXVjNLQW9nSUNBZ0lDQWdJQ0FnSUNCd1lXUmthVzVuT2lCamIyNXpkQ0JGWkdkbFNXNXpaWFJ6TG1Gc2JDZ3lOQ2tzQ2lBZ0lDQWdJQ0FnSUNBZ0lHTm9hV3hrT2lCRGIyNXpkSEpoYVc1bFpFSnZlQ2dLSUNBZ0lDQWdJQ0FnSUNBZ0lDQmpiMjV6ZEhKaGFXNTBjem9nWTI5dWMzUWdRbTk0UTI5dWMzUnlZV2x1ZEhNb2JXRjRWMmxrZEdnNklEUXlNQ2tzQ2lBZ0lDQWdJQ0FnSUNBZ0lDQWdZMmhwYkdRNklFTmhjbVFvQ2lBZ0lDQWdJQ0FnSUNBZ0lDQWdJQ0JqYUdsc1pEb2dVR0Zr
Shell: WkdsdVp5Z0tJQ0FnSUNBZ0lDQWdJQ0FnSUNBZ0lDQWdjR0ZrWkdsdVp6b2dZMjl1YzNRZ1JXUm5aVWx1YzJWMGN5NWhiR3dvTWpRcExBb2dJQ0FnSUNBZ0lDQWdJQ0FnSUNBZ0lDQmphR2xzWkRvZ1EyOXNkVzF1S0FvZ0lDQWdJQ0FnSUNBZ0lDQWdJQ0FnSUNBZ0lHTnliM056UVhocGMwRnNhV2R1YldWdWREb2dRM0p2YzNOQmVHbHpRV3hwWjI1dFpXNTBMbk4wY21WMFkyZ3NDaUFnSUNBZ0lDQWdJQ0FnSUNBZ0lDQWdJQ0FnWTJocGJHUnlaVzQ2SUZzS0lDQWdJQ0FnSUNBZ0lDQWdJQ0FnSUNBZ0lDQWdJR052Ym5OMElFbGpiMjRvU1dOdmJuTXViRzlqYTE5eVpYTmxkRjl5YjNWdVpHVmtMQ0J6YVhwbE9pQTFOQ2tzQ2lBZ0lDQWdJQ0FnSUNBZ0lDQWdJQ0FnSUNBZ0lDQmpiMjV6ZENCVGFYcGxaRUp2ZUNob1pXbG5hSFE2SURFMktTd0tJQ0FnSUNBZ0lDQWdJQ0FnSUNBZ0lDQWdJQ0FnSUZSbGVIUW9DaUFnSUNBZ0lDQWdJQ0FnSUNBZ0lDQWdJQ0FnSUNBZ0lDZE9iM1YyWldGMUlHMXZkQ0JrWlNCd1lYTnpaU2NzQ2lBZ0lDQWdJQ0FnSUNBZ0lDQWdJQ0FnSUNBZ0lDQWdJSFJsZUhSQmJHbG5iam9nVkdWNGRFRnNhV2R1TG1ObGJuUmxjaXdLSUNBZ0lDQWdJQ0FnSUNBZ0lDQWdJQ0FnSUNBZ0lDQWdjM1I1YkdVNklGUm9aVzFsTG05bUtHTnZiblJsZUhRcExuUmxlSFJVYUdWdFpTNW9aV0ZrYkdsdVpVMWxaR2wxYlN3S0lDQWdJQ0FnSUNBZ0lDQWdJQ0FnSUNBZ0lDQWdJQ2tzQ2lBZ0lDQWdJQ0FnSUNBZ0lDQWdJQ0FnSUNBZ0lDQmpiMjV6ZENCVGFYcGxaRUp2ZUNob1pXbG5hSFE2SURncExBb2dJQ0FnSUNBZ0lDQWdJQ0FnSUNBZ0lDQWdJQ0FnWTI5dWMzUWdWR1Y0ZENnS0lDQWdJQ0FnSUNBZ0lDQWdJQ0FnSUNBZ0lDQWdJQ0FnSjFSMUlHVnpJR052Ym01bFkzVERxU0JoZG1WaklIVnVJRzF2ZENCa1pTQndZWE56WlNCMFpXMXdiM0poYVhKbExpQW5DaUFnSUNBZ0lDQWdJQ0FnSUNBZ0lDQWdJQ0FnSUNBZ0lDZERhRzlwYzJseklHMWhhVzUwWlc1aGJuUWdkRzl1SUcxdmRDQmtaU0J3WVhOelpTQmt3NmxtYVc1cGRHbG1MaWNzQ2lBZ0lDQWdJQ0FnSUNBZ0lDQWdJQ0FnSUNBZ0lDQWdJSFJsZUhSQmJHbG5iam9nVkdWNGRFRnNhV2R1TG1ObGJuUmxjaXdLSUNBZ0lDQWdJQ0FnSUNBZ0lDQWdJQ0FnSUNBZ0lDa3NDaUFnSUNBZ0lDQWdJQ0FnSUNBZ0lDQWdJQ0FnSUNCamIyNXpkQ0JUYVhwbFpFSnZlQ2hvWldsbmFIUTZJREkwS1N3S0lDQWdJQ0FnSUNBZ0lDQWdJQ0FnSUNBZ0lDQWdJRlJsZUhSR2FXVnNaQ2dLSUNBZ0lDQWdJQ0FnSUNBZ0lDQWdJQ0FnSUNBZ0lDQWdZMjl1ZEhKdmJHeGxjam9nWDNCaGMzTjNiM0prUTI5dWRISnZiR3hsY2l3S0lDQWdJQ0FnSUNBZ0lDQWdJQ0FnSUNBZ0lDQWdJQ0FnYjJKelkzVnlaVlJsZUhRNklGOXZZbk5qZFhKbExBb2dJQ0FnSUNBZ0lDQWdJQ0FnSUNBZ0lDQWdJQ0FnSUNCaGRYUnZabTlqZFhNNklIUnlkV1VzQ2lBZ0lDQWdJQ0FnSUNBZ0lDQWdJQ0FnSUNBZ0lDQWdJR0YxZEc5bWFXeHNTR2x1ZEhNNklHTnZibk4wSUZ0QmRYUnZabWxzYkVocGJuUnpMbTVsZDFCaGMzTjNiM0prWFN3S0lDQWdJQ0FnSUNBZ0lDQWdJQ0FnSUNBZ0lDQWdJQ0FnWkdWamIzSmhkR2x2YmpvZ1NXNXdkWFJFWldOdmNtRjBhVzl1S0FvZ0lDQWdJQ0FnSUNBZ0lDQWdJQ0FnSUNBZ0lDQWdJQ0FnSUd4aFltVnNWR1Y0ZERvZ0owNXZkWFpsWVhVZ2JXOTBJR1JsSUhCaGMzTmxKeXdLSUNBZ0lDQWdJQ0FnSUNBZ0lDQWdJQ0FnSUNBZ0lDQWdJQ0JvWld4d1pYSlVaWGgwT2lCUVlYTnpkMjl5WkZCdmJHbGplUzVvWld4d1pYSlVaWGgwTEFvZ0lDQWdJQ0FnSUNBZ0lDQWdJQ0FnSUNBZ0lDQWdJQ0FnSUdobGJIQmxjazFoZUV4cGJtVnpPaUF5TEFvZ0lDQWdJQ0FnSUNBZ0lDQWdJQ0FnSUNBZ0lDQWdJQ0FnSUhCeVpXWnBlRWxqYjI0NklHTnZibk4wSUVsamIyNG9TV052Ym5NdWJHOWphMTl2ZFhSc2FXNWxLU3dLSUNBZ0lDQWdJQ0FnSUNBZ0lDQWdJQ0FnSUNBZ0lDQWdJQ0J6ZFdabWFYaEpZMjl1T2lCSlkyOXVRblYwZEc5dUtBb2dJQ0FnSUNBZ0lDQWdJQ0FnSUNBZ0lDQWdJQ0FnSUNBZ0lDQWdkRzl2YkhScGNEb2dYMjlpYzJOMWNtVUtJQ0FnSUNBZ0lDQWdJQ0FnSUNBZ0lDQWdJQ0FnSUNBZ0lDQWdJQ0FnSUNBL0lDZEJabVpwWTJobGNpQnNaU0J0YjNRZ1pHVWdjR0Z6YzJVbkNpQWdJQ0FnSUNBZ0lDQWdJQ0FnSUNBZ0lDQWdJQ0FnSUNBZ0lDQWdJQ0FnT2lBblRXRnpjWFZsY2lCc1pTQnRiM1FnWkdVZ2NHRnpjMlVuTEFvZ0lDQWdJQ0FnSUNBZ0lDQWdJQ0FnSUNBZ0lDQWdJQ0FnSUNBZ2IyNVFjbVZ6YzJWa09pQW9LU0E5UGdvZ0lDQWdJQ0FnSUNBZ0lDQWdJQ0FnSUNBZ0lDQWdJQ0FnSUNBZ0lDQWdJSE5sZEZOMFlYUmxLQ2dwSUQwK0lGOXZZbk5qZFhKbElEMGdJVjl2WW5OamRYSmxLU3dLSUNBZ0lDQWdJQ0FnSUNBZ0lDQWdJQ0FnSUNBZ0lDQWdJQ0FnSUdsamIyNDZJRWxqYjI0b0NpQWdJQ0FnSUNBZ0lDQWdJQ0FnSUNBZ0lDQWdJQ0FnSUNBZ0lDQWdJRjl2WW5OamRYSmxDaUFnSUNBZ0lDQWdJQ0FnSUNBZ0lDQWdJQ0FnSUNBZ0lDQWdJQ0FnSUNBZ0lDQS9JRWxqYjI1ekxuWnBjMmxpYVd4cGRIbGZiM1YwYkdsdVpXUUtJQ0FnSUNBZ0lDQWdJQ0FnSUNBZ0lDQWdJQ0FnSUNBZ0lDQWdJQ0FnSUNBZ0lEb2dTV052Ym5NdWRtbHphV0pwYkdsMGVWOXZabVpmYjNWMGJHbHVaV1FzQ2lBZ0lDQWdJQ0FnSUNBZ0lDQWdJQ0FnSUNBZ0lDQWdJQ0FnSUNBcExBb2dJQ0FnSUNBZ0lDQWdJQ0FnSUNBZ0lDQWdJQ0FnSUNBZ0lDa3NDaUFnSUNBZ0lDQWdJQ0FnSUNBZ0lDQWdJQ0FnSUNBZ0lDa3NDaUFnSUNBZ0lDQWdJQ0FnSUNBZ0lDQWdJQ0FnSUNBcExBb2dJQ0FnSUNBZ0lDQWdJQ0FnSUNBZ0lDQWdJQ0FnWTI5dWMzUWdVMmw2WldSQ2IzZ29hR1ZwWjJoME9pQXhOaWtzQ2lBZ0lDQWdJQ0FnSUNBZ0lDQWdJQ0FnSUNBZ0lDQlVaWGgwUm1sbGJHUW9DaUFnSUNBZ0lDQWdJQ0FnSUNBZ0lDQWdJQ0FnSUNBZ0lHTnZiblJ5YjJ4c1pYSTZJRjlqYjI1bWFYSnRRMjl1ZEhKdmJHeGxjaXdLSUNBZ0lDQWdJQ0Fn
Shell: SUNBZ0lDQWdJQ0FnSUNBZ0lDQWdiMkp6WTNWeVpWUmxlSFE2SUY5dlluTmpkWEpsTEFvZ0lDQWdJQ0FnSUNBZ0lDQWdJQ0FnSUNBZ0lDQWdJQ0JoZFhSdlptbHNiRWhwYm5Sek9pQmpiMjV6ZENCYlFYVjBiMlpwYkd4SWFXNTBjeTV1WlhkUVlYTnpkMjl5WkYwc0NpQWdJQ0FnSUNBZ0lDQWdJQ0FnSUNBZ0lDQWdJQ0FnSUdSbFkyOXlZWFJwYjI0NklHTnZibk4wSUVsdWNIVjBSR1ZqYjNKaGRHbHZiaWdLSUNBZ0lDQWdJQ0FnSUNBZ0lDQWdJQ0FnSUNBZ0lDQWdJQ0JzWVdKbGJGUmxlSFE2SUNkRGIyNW1hWEp0WlhJZ2JHVWdiVzkwSUdSbElIQmhjM05sSnl3S0lDQWdJQ0FnSUNBZ0lDQWdJQ0FnSUNBZ0lDQWdJQ0FnSUNCd2NtVm1hWGhKWTI5dU9pQkpZMjl1S0VsamIyNXpMbXh2WTJ0ZmIzVjBiR2x1WlNrc0NpQWdJQ0FnSUNBZ0lDQWdJQ0FnSUNBZ0lDQWdJQ0FnSUNrc0NpQWdJQ0FnSUNBZ0lDQWdJQ0FnSUNBZ0lDQWdJQ0FnSUc5dVUzVmliV2wwZEdWa09pQW9YeWtnUFQ0Z1gzTjFZbTFwZENncExBb2dJQ0FnSUNBZ0lDQWdJQ0FnSUNBZ0lDQWdJQ0FnS1N3S0lDQWdJQ0FnSUNBZ0lDQWdJQ0FnSUNBZ0lDQWdJR052Ym5OMElGTnBlbVZrUW05NEtHaGxhV2RvZERvZ01qQXBMQW9nSUNBZ0lDQWdJQ0FnSUNBZ0lDQWdJQ0FnSUNBZ1JtbHNiR1ZrUW5WMGRHOXVMbWxqYjI0b0NpQWdJQ0FnSUNBZ0lDQWdJQ0FnSUNBZ0lDQWdJQ0FnSUc5dVVISmxjM05sWkRvZ2MzUmhkR1V1YVhOTWIyRmthVzVuSUQ4Z2JuVnNiQ0E2SUY5emRXSnRhWFFzQ2lBZ0lDQWdJQ0FnSUNBZ0lDQWdJQ0FnSUNBZ0lDQWdJR2xqYjI0NklITjBZWFJsTG1selRHOWhaR2x1WndvZ0lDQWdJQ0FnSUNBZ0lDQWdJQ0FnSUNBZ0lDQWdJQ0FnSUNBZ1B5QmpiMjV6ZENCVGFYcGxaRUp2ZUNnS0lDQWdJQ0FnSUNBZ0lDQWdJQ0FnSUNBZ0lDQWdJQ0FnSUNBZ0lDQWdJQ0IzYVdSMGFEb2dNVGdzQ2lBZ0lDQWdJQ0FnSUNBZ0lDQWdJQ0FnSUNBZ0lDQWdJQ0FnSUNBZ0lDQWdhR1ZwWjJoME9pQXhPQ3dLSUNBZ0lDQWdJQ0FnSUNBZ0lDQWdJQ0FnSUNBZ0lDQWdJQ0FnSUNBZ0lDQmphR2xzWkRvZ1IzSnBiblJoVUhKdlozSmxjM05KYm1ScFkyRjBiM0lvYzNSeWIydGxWMmxrZEdnNklESXBMQW9nSUNBZ0lDQWdJQ0FnSUNBZ0lDQWdJQ0FnSUNBZ0lDQWdJQ0FnSUNBcENpQWdJQ0FnSUNBZ0lDQWdJQ0FnSUNBZ0lDQWdJQ0FnSUNBZ0lDQTZJR052Ym5OMElFbGpiMjRvU1dOdmJuTXVZMmhsWTJ0ZlkybHlZMnhsWDI5MWRHeHBibVVwTEFvZ0lDQWdJQ0FnSUNBZ0lDQWdJQ0FnSUNBZ0lDQWdJQ0JzWVdKbGJEb2dZMjl1YzNRZ1ZHVjRkQ2duUlc1eVpXZHBjM1J5WlhJZ2JXOXVJRzF2ZENCa1pTQndZWE56WlNjcExBb2dJQ0FnSUNBZ0lDQWdJQ0FnSUNBZ0lDQWdJQ0FnS1N3S0lDQWdJQ0FnSUNBZ0lDQWdJQ0FnSUNBZ0lDQWdJR2xtSUNnb2MzUmhkR1V1WlhKeWIzSWdQejhnSnljcExtbHpUbTkwUlcxd2RIa3BJQzR1TGxzS0lDQWdJQ0FnSUNBZ0lDQWdJQ0FnSUNBZ0lDQWdJQ0FnWTI5dWMzUWdVMmw2WldSQ2IzZ29hR1ZwWjJoME9pQXhNaWtzQ2lBZ0lDQWdJQ0FnSUNBZ0lDQWdJQ0FnSUNBZ0lDQWdJRlJsZUhRb0NpQWdJQ0FnSUNBZ0lDQWdJQ0FnSUNBZ0lDQWdJQ0FnSUNBZ2MzUmhkR1V1WlhKeWIzSWhMQW9nSUNBZ0lDQWdJQ0FnSUNBZ0lDQWdJQ0FnSUNBZ0lDQWdJSFJsZUhSQmJHbG5iam9nVkdWNGRFRnNhV2R1TG1ObGJuUmxjaXdLSUNBZ0lDQWdJQ0FnSUNBZ0lDQWdJQ0FnSUNBZ0lDQWdJQ0J6ZEhsc1pUb2dWR1Y0ZEZOMGVXeGxLQW9nSUNBZ0lDQWdJQ0FnSUNBZ0lDQWdJQ0FnSUNBZ0lDQWdJQ0FnWTI5c2IzSTZJRlJvWlcxbExtOW1LR052Ym5SbGVIUXBMbU52Ykc5eVUyTm9aVzFsTG1WeWNtOXlMQW9nSUNBZ0lDQWdJQ0FnSUNBZ0lDQWdJQ0FnSUNBZ0lDQWdJQ2tzQ2lBZ0lDQWdJQ0FnSUNBZ0lDQWdJQ0FnSUNBZ0lDQWdJQ2tzQ2lBZ0lDQWdJQ0FnSUNBZ0lDQWdJQ0FnSUNBZ0lDQmRMQW9nSUNBZ0lDQWdJQ0FnSUNBZ0lDQWdJQ0FnSUYwc0NpQWdJQ0FnSUNBZ0lDQWdJQ0FnSUNBZ0lDa3NDaUFnSUNBZ0lDQWdJQ0FnSUNBZ0lDQXBMQW9nSUNBZ0lDQWdJQ0FnSUNBZ0lDa3NDaUFnSUNBZ0lDQWdJQ0FnSUNrc0NpQWdJQ0FnSUNBZ0lDQXBMQW9nSUNBZ0lDQWdJQ2tzQ2lBZ0lDQWdJQ2tzQ2lBZ0lDQXBPd29nSUgwS2ZRbz0iLCJsaWIvZmVhdHVyZXMvYmFkZ2VzL3ByZXNlbnRhdGlvbi9hcm1vaXJlX3BhZ2UuZGFydCI6ImFXMXdiM0owSUNkd1lXTnJZV2RsT21GelgyZHlhVzUwWVM5amIzSmxMM0J5YjNacFpHVnljeTl6ZFhCaFltRnpaVjl3Y205MmFXUmxjaTVrWVhKMEp6c0thVzF3YjNKMElDZHdZV05yWVdkbE9tRnpYMmR5YVc1MFlTOWpiM0psTDNWMGFXeHpMMkZ3Y0Y5bGNuSnZjbk11WkdGeWRDYzdDbWx0Y0c5eWRDQW5jR0ZqYTJGblpUcGhjMTluY21sdWRHRXZZMjl5WlM5M2FXUm5aWFJ6TDJkeWFXNTBZVjlsYlhCMGVWOXpkR0YwWlM1a1lYSjBKenNLYVcxd2IzSjBJQ2R3WVdOcllXZGxPbUZ6WDJkeWFXNTBZUzltWldGMGRYSmxjeTloZFhSb0wzQnlaWE5sYm5SaGRHbHZiaTloZFhSb1gzTjBZWFJsTG1SaGNuUW5Pd3BwYlhCdmNuUWdKM0JoWTJ0aFoyVTZZWE5mWjNKcGJuUmhMMlpsWVhSMWNtVnpMMkpoWkdkbGN5OWtZWFJoTDJKaFpHZGxYM0psY0c5emFYUnZjbmt1WkdGeWRDYzdDbWx0Y0c5eWRDQW5jR0ZqYTJGblpUcGhjMTluY21sdWRHRXZabVZoZEhWeVpYTXZZbUZrWjJWekwyUmhkR0V2Wm1WaGRIVnlaV1JmWW1Ga1oyVnpYM0psY0c5emFYUnZjbmt1WkdGeWRDYzdDbWx0Y0c5eWRDQW5jR0ZqYTJGblpUcGhjMTluY21sdWRHRXZabVZoZEhWeVpYTXZZbUZrWjJWekwzQnlaWE5sYm5SaGRHbHZiaTlpWVdSblpWOWtaWFJoYVd4ZmMyaGxaWFF1WkdGeWRDYzdDbWx0Y0c5eWRDQW5jR0ZqYTJGblpUcGhjMTluY21sdWRHRXZabVZoZEhWeVpYTXZZbUZrWjJWekwzQnlaWE5sYm5SaGRHbHZiaTlpWVdSblpWOWxiV0pzWlcwdVpHRnlkQ2M3Q21sdGNHOXlkQ0FuY0dGamEyRm5aVHBtYkhWMGRHVnlMMjFoZEdWeWFXRnNMbVJo
Shell: Y25Rbk93cHBiWEJ2Y25RZ0ozQmhZMnRoWjJVNlpteDFkSFJsY2w5eWFYWmxjbkJ2WkM5bWJIVjBkR1Z5WDNKcGRtVnljRzlrTG1SaGNuUW5Pd3BwYlhCdmNuUWdKM0JoWTJ0aFoyVTZaMjlmY205MWRHVnlMMmR2WDNKdmRYUmxjaTVrWVhKMEp6c0thVzF3YjNKMElDZHdZV05yWVdkbE9tRnpYMmR5YVc1MFlTOWpiM0psTDNkcFpHZGxkSE12WjNKcGJuUmhYMnh2WVdSbGNpNWtZWEowSnpzS0NpOHZMeUJCY20xdmFYSmxJTU9nSUdKaFpHZGxjeUE2SUZaaGJHbGt3Nmx6SU1LM0lFVnVJR052ZFhKeklNSzNJTU9BSUdURHFXSnNiM0YxWlhJdUNtTnNZWE56SUVGeWJXOXBjbVZRWVdkbElHVjRkR1Z1WkhNZ1EyOXVjM1Z0WlhKWGFXUm5aWFFnZXdvZ0lHTnZibk4wSUVGeWJXOXBjbVZRWVdkbEtIdHpkWEJsY2k1clpYbDlLVHNLQ2lBZ1JuVjBkWEpsUEhadmFXUStJRjkwYjJkbmJHVkdaV0YwZFhKbFpDZ0tJQ0FnSUVKMWFXeGtRMjl1ZEdWNGRDQmpiMjUwWlhoMExBb2dJQ0FnVjJsa1oyVjBVbVZtSUhKbFppd0tJQ0FnSUZOMGNtbHVaeUJqYjJSbExBb2dJQ0FnWW05dmJDQnViM2RHWldGMGRYSmxaQ3dLSUNBcElHRnplVzVqSUhzS0lDQWdJSFJ5ZVNCN0NpQWdJQ0FnSUdGM1lXbDBJSEpsWmdvZ0lDQWdJQ0FnSUNBZ0xuSmxZV1FvWm1WaGRIVnlaV1JDWVdSblpYTlNaWEJ2YzJsMGIzSjVVSEp2ZG1sa1pYSXBDaUFnSUNBZ0lDQWdJQ0F1YzJWMFJtVmhkSFZ5WldRb1kyOWtaU3dnYm05M1JtVmhkSFZ5WldRcE93b2dJQ0FnSUNCeVpXWXVhVzUyWVd4cFpHRjBaU2h0ZVVabFlYUjFjbVZrUTI5a1pYTlFjbTkyYVdSbGNpazdDaUFnSUNBZ0lISmxaaTVwYm5aaGJHbGtZWFJsS0dabFlYUjFjbVZrUW1Ga1oyVnpVSEp2ZG1sa1pYSXBPd29nSUNBZ2ZTQmpZWFJqYUNBb1pTa2dld29nSUNBZ0lDQnBaaUFvSVdOdmJuUmxlSFF1Ylc5MWJuUmxaQ2tnY21WMGRYSnVPd29nSUNBZ0lDQlRZMkZtWm05c1pFMWxjM05sYm1kbGNpNXZaaWhqYjI1MFpYaDBLUzV6YUc5M1UyNWhZMnRDWVhJb0NpQWdJQ0FnSUNBZ1UyNWhZMnRDWVhJb1kyOXVkR1Z1ZERvZ1ZHVjRkQ2hvZFcxaGJtbDZaVVZ5Y205eUtHVXBLU2tzQ2lBZ0lDQWdJQ2s3Q2lBZ0lDQjlDaUFnZlFvS0lDQkFiM1psY25KcFpHVUtJQ0JYYVdSblpYUWdZblZwYkdRb1FuVnBiR1JEYjI1MFpYaDBJR052Ym5SbGVIUXNJRmRwWkdkbGRGSmxaaUJ5WldZcElIc0tJQ0FnSUdacGJtRnNJR0Z5Ylc5cGNtVkJjM2x1WXlBOUlISmxaaTUzWVhSamFDaHRlVUZ5Ylc5cGNtVlFjbTkyYVdSbGNpazdDaUFnSUNCbWFXNWhiQ0JtWldGMGRYSmxaQ0E5SUhKbFppNTNZWFJqYUNodGVVWmxZWFIxY21Wa1EyOWtaWE5RY205MmFXUmxjaWt1YldGNVltVlhhR1Z1S0FvZ0lDQWdJQ0FnSUNBZ1pHRjBZVG9nS0dOdlpHVnpLU0E5UGlCamIyUmxjeXdLSUNBZ0lDQWdJQ0FnSUc5eVJXeHpaVG9nS0NrZ1BUNGdZMjl1YzNRZ1BGTjBjbWx1Wno1N2ZTd0tJQ0FnSUNBZ0lDQXBPd29nSUNBZ1ptbHVZV3dnYVhOQlpHMXBiaUE5SUhKbFppNTNZWFJqYUNocGMwRmtiV2x1Vm1sbGQxQnliM1pwWkdWeUtUc0tDaUFnSUNCeVpYUjFjbTRnVTJOaFptWnZiR1FvQ2lBZ0lDQWdJR0Z3Y0VKaGNqb2dRWEJ3UW1GeUtBb2dJQ0FnSUNBZ0lIUnBkR3hsT2lCamIyNXpkQ0JVWlhoMEtDZEJjbTF2YVhKbElNT2dJR0poWkdkbGN5Y3BMQW9nSUNBZ0lDQWdJR0ZqZEdsdmJuTTZJRnNLSUNBZ0lDQWdJQ0FnSUdsbUlDaHBjMEZrYldsdUtRb2dJQ0FnSUNBZ0lDQWdJQ0JKWTI5dVFuVjBkRzl1S0FvZ0lDQWdJQ0FnSUNBZ0lDQWdJSFJ2YjJ4MGFYQTZJQ2Z3bjVHUklFZkRxWEpsY2lCc1pYTWdZbUZrWjJWekp5d0tJQ0FnSUNBZ0lDQWdJQ0FnSUNCcFkyOXVPaUJqYjI1emRDQlVaWGgwS0Nmd241R1JKeXdnYzNSNWJHVTZJRlJsZUhSVGRIbHNaU2htYjI1MFUybDZaVG9nTWpBcEtTd0tJQ0FnSUNBZ0lDQWdJQ0FnSUNCdmJsQnlaWE56WldRNklDZ3BJRDArSUdOdmJuUmxlSFF1Y0hWemFDZ25MMkZrYldsdUwySmhaR2RsY3ljcExBb2dJQ0FnSUNBZ0lDQWdJQ0FwTEFvZ0lDQWdJQ0FnSUYwc0NpQWdJQ0FnSUNrc0NpQWdJQ0FnSUdKdlpIazZJRkpsWm5KbGMyaEpibVJwWTJGMGIzSW9DaUFnSUNBZ0lDQWdiMjVTWldaeVpYTm9PaUFvS1NCaGMzbHVZeUI3Q2lBZ0lDQWdJQ0FnSUNCeVpXWXVhVzUyWVd4cFpHRjBaU2h0ZVVGeWJXOXBjbVZRY205MmFXUmxjaWs3Q2lBZ0lDQWdJQ0FnSUNCeVpXWXVhVzUyWVd4cFpHRjBaU2h0ZVVabFlYUjFjbVZrUTI5a1pYTlFjbTkyYVdSbGNpazdDaUFnSUNBZ0lDQWdJQ0JoZDJGcGRDQnlaV1l1Y21WaFpDaHRlVUZ5Ylc5cGNtVlFjbTkyYVdSbGNpNW1kWFIxY21VcE93b2dJQ0FnSUNBZ0lIMHNDaUFnSUNBZ0lDQWdZMmhwYkdRNklHRnliVzlwY21WQmMzbHVZeTUzYUdWdUtBb2dJQ0FnSUNBZ0lDQWdiRzloWkdsdVp6b2dLQ2tnUFQ0Z1kyOXVjM1FnUTJWdWRHVnlLR05vYVd4a09pQkhjbWx1ZEdGUWNtOW5jbVZ6YzBsdVpHbGpZWFJ2Y2lncEtTd0tJQ0FnSUNBZ0lDQWdJR1Z5Y205eU9pQW9aU3dnWHlrZ1BUNGdUR2x6ZEZacFpYY29DaUFnSUNBZ0lDQWdJQ0FnSUhCaFpHUnBibWM2SUdOdmJuTjBJRVZrWjJWSmJuTmxkSE11WVd4c0tERTJLU3dLSUNBZ0lDQWdJQ0FnSUNBZ1kyaHBiR1J5Wlc0NklGdFVaWGgwS0doMWJXRnVhWHBsUlhKeWIzSW9aU2twWFN3S0lDQWdJQ0FnSUNBZ0lDa3NDaUFnSUNBZ0lDQWdJQ0JrWVhSaE9pQW9ZWEp0YjJseVpTa2dQVDRnVEdsemRGWnBaWGNvQ2lBZ0lDQWdJQ0FnSUNBZ0lIQmhaR1JwYm1jNklHTnZibk4wSUVWa1oyVkpibk5sZEhNdVpuSnZiVXhVVWtJb01UWXNJREUyTENBeE5pd2dOREFwTEFvZ0lDQWdJQ0FnSUNBZ0lDQmphR2xzWkhKbGJqb2dXd29nSUNBZ0lDQWdJQ0FnSUNBZ0lHTnZibk4wSUY5SVpXRmtaWElvS1N3S0lDQWdJQ0FnSUNBZ0lDQWdJQ0JqYjI1emRDQlRhWHBsWkVKdmVDaG9aV2xuYUhRNklESXdLU3dLSUNBZ0lDQWdJQ0FnSUNBZ0lDQnBaaUFvWVhKdGIybHlaUzUyWVd4cFpHRjBaV1F1YVhORmJYQjBlU0FtSmdvZ0lDQWdJQ0Fn
Shell: SUNBZ0lDQWdJQ0FnSUNCaGNtMXZhWEpsTG1sdVVISnZaM0psYzNNdWFYTkZiWEIwZVNBbUpnb2dJQ0FnSUNBZ0lDQWdJQ0FnSUNBZ0lDQmhjbTF2YVhKbExteHZZMnRsWkM1cGMwVnRjSFI1S1FvZ0lDQWdJQ0FnSUNBZ0lDQWdJQ0FnWTI5dWMzUWdRMkZ5WkNnS0lDQWdJQ0FnSUNBZ0lDQWdJQ0FnSUNBZ1kyaHBiR1E2SUVkeWFXNTBZVVZ0Y0hSNVUzUmhkR1VvQ2lBZ0lDQWdJQ0FnSUNBZ0lDQWdJQ0FnSUNBZ2FXTnZiam9nU1dOdmJuTXVaVzF2YW1sZlpYWmxiblJ6WDI5MWRHeHBibVZrTEFvZ0lDQWdJQ0FnSUNBZ0lDQWdJQ0FnSUNBZ0lIUnBkR3hsT2lBblZHRWdZMjlzYkdWamRHbHZiaUJsYzNRZ2RtbGtaU2NzQ2lBZ0lDQWdJQ0FnSUNBZ0lDQWdJQ0FnSUNBZ2JXVnpjMkZuWlRvZ0owcHZkV1VzSUhCeWIyNXZjM1JwY1hWbElHVjBJR2RoWjI1bElHUmxjeUJ0WVhSamFITWdjRzkxY2lBbkNpQWdJQ0FnSUNBZ0lDQWdJQ0FnSUNBZ0lDQWdJQ0FnSUNka3c2bGliRzl4ZFdWeUlIUmxjeUJ3Y21WdGFXVnljeUJpWVdSblpYTXVKeXdLSUNBZ0lDQWdJQ0FnSUNBZ0lDQWdJQ0FnS1N3S0lDQWdJQ0FnSUNBZ0lDQWdJQ0FnSUNrc0NpQWdJQ0FnSUNBZ0lDQWdJQ0FnYVdZZ0tHRnliVzlwY21VdWRtRnNhV1JoZEdWa0xtbHpUbTkwUlcxd2RIa3BJQzR1TGxzS0lDQWdJQ0FnSUNBZ0lDQWdJQ0FnSUY5VFpXTjBhVzl1VkdsMGJHVW9KMVpoYkdsa3c2bHpKeXdnWVhKdGIybHlaUzUyWVd4cFpHRjBaV1F1YkdWdVozUm9LU3dLSUNBZ0lDQWdJQ0FnSUNBZ0lDQWdJR052Ym5OMElGTnBlbVZrUW05NEtHaGxhV2RvZERvZ05Da3NDaUFnSUNBZ0lDQWdJQ0FnSUNBZ0lDQlVaWGgwS0FvZ0lDQWdJQ0FnSUNBZ0lDQWdJQ0FnSUNBblZHOTFZMmhsSUhWdUlHSmhaR2RsSUhCdmRYSWdiRnduWVhKaWIzSmxjaUREb0NCanc3UjB3NmtnWkdVZ2RHOXVJSEJ5dzZsdWIyMGdKd29nSUNBZ0lDQWdJQ0FnSUNBZ0lDQWdJQ0FuS0RJZ2JXRjRhVzExYlNrdUp5d0tJQ0FnSUNBZ0lDQWdJQ0FnSUNBZ0lDQWdjM1I1YkdVNklGUm9aVzFsTG05bUtHTnZiblJsZUhRcExuUmxlSFJVYUdWdFpTNWliMlI1VTIxaGJHd3NDaUFnSUNBZ0lDQWdJQ0FnSUNBZ0lDQXBMQW9nSUNBZ0lDQWdJQ0FnSUNBZ0lDQWdZMjl1YzNRZ1UybDZaV1JDYjNnb2FHVnBaMmgwT2lBeE1Da3NDaUFnSUNBZ0lDQWdJQ0FnSUNBZ0lDQmZRbUZrWjJWSGNtbGtLQW9nSUNBZ0lDQWdJQ0FnSUNBZ0lDQWdJQ0JpWVdSblpYTTZJR0Z5Ylc5cGNtVXVkbUZzYVdSaGRHVmtMQW9nSUNBZ0lDQWdJQ0FnSUNBZ0lDQWdJQ0JtWldGMGRYSmxaRU52WkdWek9pQm1aV0YwZFhKbFpDd0tJQ0FnSUNBZ0lDQWdJQ0FnSUNBZ0lDQWdiMjVVYjJkbmJHVkdaV0YwZFhKbFpEb2dLR052WkdVc0lHNXZkMFpsWVhSMWNtVmtLU0E5UGdvZ0lDQWdJQ0FnSUNBZ0lDQWdJQ0FnSUNBZ0lDQWdYM1J2WjJkc1pVWmxZWFIxY21Wa0tHTnZiblJsZUhRc0lISmxaaXdnWTI5a1pTd2dibTkzUm1WaGRIVnlaV1FwTEFvZ0lDQWdJQ0FnSUNBZ0lDQWdJQ0FnS1N3S0lDQWdJQ0FnSUNBZ0lDQWdJQ0FnSUdOdmJuTjBJRk5wZW1Wa1FtOTRLR2hsYVdkb2REb2dNalFwTEFvZ0lDQWdJQ0FnSUNBZ0lDQWdJRjBzQ2lBZ0lDQWdJQ0FnSUNBZ0lDQWdhV1lnS0dGeWJXOXBjbVV1YVc1UWNtOW5jbVZ6Y3k1cGMwNXZkRVZ0Y0hSNUtTQXVMaTViQ2lBZ0lDQWdJQ0FnSUNBZ0lDQWdJQ0JmVTJWamRHbHZibFJwZEd4bEtDZEZiaUJqYjNWeWN5Y3NJR0Z5Ylc5cGNtVXVhVzVRY205bmNtVnpjeTVzWlc1bmRHZ3BMQW9nSUNBZ0lDQWdJQ0FnSUNBZ0lDQWdZMjl1YzNRZ1UybDZaV1JDYjNnb2FHVnBaMmgwT2lBeE1Da3NDaUFnSUNBZ0lDQWdJQ0FnSUNBZ0lDQXVMaTVoY20xdmFYSmxMbWx1VUhKdlozSmxjM011YldGd0tDaGlLU0E5UGlCZlNXNVFjbTluY21WemMxUnBiR1VvWW1Ga1oyVTZJR0lwS1N3S0lDQWdJQ0FnSUNBZ0lDQWdJQ0FnSUdOdmJuTjBJRk5wZW1Wa1FtOTRLR2hsYVdkb2REb2dNalFwTEFvZ0lDQWdJQ0FnSUNBZ0lDQWdJRjBzQ2lBZ0lDQWdJQ0FnSUNBZ0lDQWdhV1lnS0dGeWJXOXBjbVV1Ykc5amEyVmtMbWx6VG05MFJXMXdkSGtwSUM0dUxsc0tJQ0FnSUNBZ0lDQWdJQ0FnSUNBZ0lGOVRaV04wYVc5dVZHbDBiR1VvSjhPQUlHVERxV0pzYjNGMVpYSW5MQ0JoY20xdmFYSmxMbXh2WTJ0bFpDNXNaVzVuZEdncExBb2dJQ0FnSUNBZ0lDQWdJQ0FnSUNBZ1kyOXVjM1FnVTJsNlpXUkNiM2dvYUdWcFoyaDBPaUEwS1N3S0lDQWdJQ0FnSUNBZ0lDQWdJQ0FnSUZSbGVIUW9DaUFnSUNBZ0lDQWdJQ0FnSUNBZ0lDQWdJQ2RFWlhNZ1ltRmtaMlZ6SUcxNWMzVERxSEpsY3lERG9DQmt3NmxqYjNWMmNtbHk0b0NtSnl3S0lDQWdJQ0FnSUNBZ0lDQWdJQ0FnSUNBZ2MzUjViR1U2SUZSb1pXMWxMbTltS0dOdmJuUmxlSFFwTG5SbGVIUlVhR1Z0WlM1aWIyUjVVMjFoYkd3c0NpQWdJQ0FnSUNBZ0lDQWdJQ0FnSUNBcExBb2dJQ0FnSUNBZ0lDQWdJQ0FnSUNBZ1kyOXVjM1FnVTJsNlpXUkNiM2dvYUdWcFoyaDBPaUF4TUNrc0NpQWdJQ0FnSUNBZ0lDQWdJQ0FnSUNCZlFtRmtaMlZIY21sa0tHSmhaR2RsY3pvZ1lYSnRiMmx5WlM1c2IyTnJaV1FzSUd4dlkydGxaRG9nZEhKMVpTa3NDaUFnSUNBZ0lDQWdJQ0FnSUNBZ1hTd0tJQ0FnSUNBZ0lDQWdJQ0FnWFN3S0lDQWdJQ0FnSUNBZ0lDa3NDaUFnSUNBZ0lDQWdLU3dLSUNBZ0lDQWdLU3dLSUNBZ0lDazdDaUFnZlFwOUNncGpiR0Z6Y3lCZlNHVmhaR1Z5SUdWNGRHVnVaSE1nVTNSaGRHVnNaWE56VjJsa1oyVjBJSHNLSUNCamIyNXpkQ0JmU0dWaFpHVnlLQ2s3Q2dvZ0lFQnZkbVZ5Y21sa1pRb2dJRmRwWkdkbGRDQmlkV2xzWkNoQ2RXbHNaRU52Ym5SbGVIUWdZMjl1ZEdWNGRDa2dld29nSUNBZ1ptbHVZV3dnYzJOb1pXMWxJRDBnVkdobGJXVXViMllvWTI5dWRHVjRkQ2t1WTI5c2IzSlRZMmhsYldVN0NpQWdJQ0J5WlhSMWNtNGdRMjl1ZEdGcGJtVnlLQW9nSUNBZ0lDQjNhV1IwYURvZ1pHOTFZbXhsTG1sdVptbHVhWFI1TEFvZ0lDQWdJQ0J3WVdSa2FXNW5PaUJqYjI1emRDQkZaR2Rs
Shell: U1c1elpYUnpMbUZzYkNneE9Da3NDaUFnSUNBZ0lHUmxZMjl5WVhScGIyNDZJRUp2ZUVSbFkyOXlZWFJwYjI0b0NpQWdJQ0FnSUNBZ1ltOXlaR1Z5VW1Ga2FYVnpPaUJDYjNKa1pYSlNZV1JwZFhNdVkybHlZM1ZzWVhJb01qSXBMQW9nSUNBZ0lDQWdJR2R5WVdScFpXNTBPaUJqYjI1emRDQk1hVzVsWVhKSGNtRmthV1Z1ZENnS0lDQWdJQ0FnSUNBZ0lHSmxaMmx1T2lCQmJHbG5ibTFsYm5RdWRHOXdUR1ZtZEN3S0lDQWdJQ0FnSUNBZ0lHVnVaRG9nUVd4cFoyNXRaVzUwTG1KdmRIUnZiVkpwWjJoMExBb2dJQ0FnSUNBZ0lDQWdZMjlzYjNKek9pQmJRMjlzYjNJb01IaEdSakZDTTBJMlFpa3NJRU52Ykc5eUtEQjRSa1l3UWpGRU5EQXBYU3dLSUNBZ0lDQWdJQ0FwTEFvZ0lDQWdJQ0FnSUdKdmNtUmxjam9nUW05eVpHVnlMbUZzYkNoamIyeHZjam9nYzJOb1pXMWxMbk5sWTI5dVpHRnllUzUzYVhSb1ZtRnNkV1Z6S0dGc2NHaGhPaUF3TGpNMUtTa3NDaUFnSUNBZ0lDa3NDaUFnSUNBZ0lHTm9hV3hrT2lCU2IzY29DaUFnSUNBZ0lDQWdZMmhwYkdSeVpXNDZJRnNLSUNBZ0lDQWdJQ0FnSUdOdmJuTjBJRlJsZUhRb0ovQ2ZqNFluTENCemRIbHNaVG9nVkdWNGRGTjBlV3hsS0dadmJuUlRhWHBsT2lBek5Da3BMQW9nSUNBZ0lDQWdJQ0FnWTI5dWMzUWdVMmw2WldSQ2IzZ29kMmxrZEdnNklERTBLU3dLSUNBZ0lDQWdJQ0FnSUVWNGNHRnVaR1ZrS0FvZ0lDQWdJQ0FnSUNBZ0lDQmphR2xzWkRvZ1ZHVjRkQ2duVFdFZ1kyOXNiR1ZqZEdsdmJpY3NDaUFnSUNBZ0lDQWdJQ0FnSUNBZ0lDQnpkSGxzWlRvZ1ZHaGxiV1V1YjJZb1kyOXVkR1Y0ZENrdWRHVjRkRlJvWlcxbExuUnBkR3hsVEdGeVoyVS9MbU52Y0hsWGFYUm9LQW9nSUNBZ0lDQWdJQ0FnSUNBZ0lDQWdJQ0FnSUdOdmJHOXlPaUJEYjJ4dmNuTXVkMmhwZEdVc0lHWnZiblJYWldsbmFIUTZJRVp2Ym5SWFpXbG5hSFF1ZHpnd01Da3BMQW9nSUNBZ0lDQWdJQ0FnS1N3S0lDQWdJQ0FnSUNCZExBb2dJQ0FnSUNBcExBb2dJQ0FnS1RzS0lDQjlDbjBLQ21Oc1lYTnpJRjlUWldOMGFXOXVWR2wwYkdVZ1pYaDBaVzVrY3lCVGRHRjBaV3hsYzNOWGFXUm5aWFFnZXdvZ0lHTnZibk4wSUY5VFpXTjBhVzl1VkdsMGJHVW9kR2hwY3k1MGFYUnNaU3dnZEdocGN5NWpiM1Z1ZENrN0NpQWdabWx1WVd3Z1UzUnlhVzVuSUhScGRHeGxPd29nSUdacGJtRnNJR2x1ZENCamIzVnVkRHNLQ2lBZ1FHOTJaWEp5YVdSbENpQWdWMmxrWjJWMElHSjFhV3hrS0VKMWFXeGtRMjl1ZEdWNGRDQmpiMjUwWlhoMEtTQjdDaUFnSUNCeVpYUjFjbTRnVW05M0tBb2dJQ0FnSUNCamFHbHNaSEpsYmpvZ1d3b2dJQ0FnSUNBZ0lGUmxlSFFvZEdsMGJHVXNJSE4wZVd4bE9pQlVhR1Z0WlM1dlppaGpiMjUwWlhoMEtTNTBaWGgwVkdobGJXVXVkR2wwYkdWTVlYSm5aU2tzQ2lBZ0lDQWdJQ0FnWTI5dWMzUWdVMmw2WldSQ2IzZ29kMmxrZEdnNklEZ3BMQW9nSUNBZ0lDQWdJRU52Ym5SaGFXNWxjaWdLSUNBZ0lDQWdJQ0FnSUhCaFpHUnBibWM2SUdOdmJuTjBJRVZrWjJWSmJuTmxkSE11YzNsdGJXVjBjbWxqS0dodmNtbDZiMjUwWVd3NklEZ3NJSFpsY25ScFkyRnNPaUF5S1N3S0lDQWdJQ0FnSUNBZ0lHUmxZMjl5WVhScGIyNDZJRUp2ZUVSbFkyOXlZWFJwYjI0b0NpQWdJQ0FnSUNBZ0lDQWdJR052Ykc5eU9pQlVhR1Z0WlM1dlppaGpiMjUwWlhoMEtTNWpiMnh2Y2xOamFHVnRaUzV6ZFhKbVlXTmxRMjl1ZEdGcGJtVnlTR2xuYUdWemRDd0tJQ0FnSUNBZ0lDQWdJQ0FnWW05eVpHVnlVbUZrYVhWek9pQkNiM0prWlhKU1lXUnBkWE11WTJseVkzVnNZWElvT1RrNUtTd0tJQ0FnSUNBZ0lDQWdJQ2tzQ2lBZ0lDQWdJQ0FnSUNCamFHbHNaRG9nVkdWNGRDZ25KR052ZFc1MEp5d0tJQ0FnSUNBZ0lDQWdJQ0FnSUNCemRIbHNaVG9nVkdobGJXVXViMllvWTI5dWRHVjRkQ2tLSUNBZ0lDQWdJQ0FnSUNBZ0lDQWdJQ0FnTG5SbGVIUlVhR1Z0WlFvZ0lDQWdJQ0FnSUNBZ0lDQWdJQ0FnSUNBdVltOWtlVk50WVd4c0NpQWdJQ0FnSUNBZ0lDQWdJQ0FnSUNBZ0lEOHVZMjl3ZVZkcGRHZ29abTl1ZEZkbGFXZG9kRG9nUm05dWRGZGxhV2RvZEM1M09EQXdLU2tzQ2lBZ0lDQWdJQ0FnS1N3S0lDQWdJQ0FnWFN3S0lDQWdJQ2s3Q2lBZ2ZRcDlDZ3BqYkdGemN5QmZRbUZrWjJWSGNtbGtJR1Y0ZEdWdVpITWdVM1JoZEdWc1pYTnpWMmxrWjJWMElIc0tJQ0JqYjI1emRDQmZRbUZrWjJWSGNtbGtLSHNLSUNBZ0lISmxjWFZwY21Wa0lIUm9hWE11WW1Ga1oyVnpMQW9nSUNBZ2RHaHBjeTVzYjJOclpXUWdQU0JtWVd4elpTd0tJQ0FnSUhSb2FYTXVabVZoZEhWeVpXUkRiMlJsY3l3S0lDQWdJSFJvYVhNdWIyNVViMmRuYkdWR1pXRjBkWEpsWkN3S0lDQjlLVHNLSUNCbWFXNWhiQ0JNYVhOMFBFRnliVzlwY21WQ1lXUm5aVDRnWW1Ga1oyVnpPd29nSUdacGJtRnNJR0p2YjJ3Z2JHOWphMlZrT3dvS0lDQXZMeThnUTI5a1pYTWdaR1Z6SUdKaFpHZGxjeUJoWTNSMVpXeHNaVzFsYm5RZ1lYSmliM0xEcVhNZ0tITmxZM1JwYjI0Z3dxc2dWbUZzYVdURHFYTWd3cnNnZFc1cGNYVmxiV1Z1ZENrdUNpQWdabWx1WVd3Z1UyVjBQRk4wY21sdVp6NC9JR1psWVhSMWNtVmtRMjlrWlhNN0NpQWdabWx1WVd3Z2RtOXBaQ0JHZFc1amRHbHZiaWhUZEhKcGJtY2dZMjlrWlN3Z1ltOXZiQ0J1YjNkR1pXRjBkWEpsWkNrL0lHOXVWRzluWjJ4bFJtVmhkSFZ5WldRN0Nnb2dJRUJ2ZG1WeWNtbGtaUW9nSUZkcFpHZGxkQ0JpZFdsc1pDaENkV2xzWkVOdmJuUmxlSFFnWTI5dWRHVjRkQ2tnZXdvZ0lDQWdjbVYwZFhKdUlGZHlZWEFvQ2lBZ0lDQWdJSE53WVdOcGJtYzZJREV5TEFvZ0lDQWdJQ0J5ZFc1VGNHRmphVzVuT2lBeE1pd0tJQ0FnSUNBZ1kyaHBiR1J5Wlc0NklGc0tJQ0FnSUNBZ0lDQm1iM0lnS0dacGJtRnNJR0lnYVc0Z1ltRmtaMlZ6S1FvZ0lDQWdJQ0FnSUNBZ1gwSmhaR2RsVkdsc1pTZ0tJQ0FnSUNBZ0lDQWdJQ0FnWW1Ga1oyVTZJR0lzQ2lBZ0lDQWdJQ0FnSUNBZ0lHeHZZMnRsWkRvZ2JHOWphMlZrTEFvZ0lDQWdJQ0FnSUNBZ0lDQm1aV0YwZFhKbFpEb2dabVZo
Shell: ZEhWeVpXUkRiMlJsY3o4dVkyOXVkR0ZwYm5Nb1lpNWtaV1l1WTI5a1pTa2dQejhnWm1Gc2MyVXNDaUFnSUNBZ0lDQWdJQ0FnSUc5dVZHOW5aMnhsUm1WaGRIVnlaV1E2SUc5dVZHOW5aMnhsUm1WaGRIVnlaV1FzQ2lBZ0lDQWdJQ0FnSUNBcExBb2dJQ0FnSUNCZExBb2dJQ0FnS1RzS0lDQjlDbjBLQ2k4dkx5Qk1aU0J6WlhWcGJDRERvQ0REcVdOeWFYSmxJR1Z1SUhCbGRHbDBJSE4xY2lCc0oyVnRZbXpEcUcxbElHUW5kVzRnWW1Ga1oyVWdaR1VnWW1GeXc2aHRaUzRLVTNSeWFXNW5QeUJpWVhKbGJXVlVhSEpsYzJodmJHUW9RbUZrWjJWRVpXWWdaR1ZtS1NBOVBnb2dJQ0FnWW1GeVpXMWxUR0ZpWld4R2IzSW9aR1ZtTG0xbGRISnBZeXdnWkdWbUxuUm9jbVZ6YUc5c1pDazdDZ3BqYkdGemN5QmZRbUZrWjJWVWFXeGxJR1Y0ZEdWdVpITWdRMjl1YzNWdFpYSlhhV1JuWlhRZ2V3b2dJR052Ym5OMElGOUNZV1JuWlZScGJHVW9ld29nSUNBZ2NtVnhkV2x5WldRZ2RHaHBjeTVpWVdSblpTd0tJQ0FnSUhSb2FYTXViRzlqYTJWa0lEMGdabUZzYzJVc0NpQWdJQ0IwYUdsekxtWmxZWFIxY21Wa0lEMGdabUZzYzJVc0NpQWdJQ0IwYUdsekxtOXVWRzluWjJ4bFJtVmhkSFZ5WldRc0NpQWdmU2s3Q2lBZ1ptbHVZV3dnUVhKdGIybHlaVUpoWkdkbElHSmhaR2RsT3dvZ0lHWnBibUZzSUdKdmIyd2diRzlqYTJWa093b2dJR1pwYm1Gc0lHSnZiMndnWm1WaGRIVnlaV1E3Q2lBZ1ptbHVZV3dnZG05cFpDQkdkVzVqZEdsdmJpaFRkSEpwYm1jZ1kyOWtaU3dnWW05dmJDQnViM2RHWldGMGRYSmxaQ2svSUc5dVZHOW5aMnhsUm1WaGRIVnlaV1E3Q2dvZ0lFQnZkbVZ5Y21sa1pRb2dJRmRwWkdkbGRDQmlkV2xzWkNoQ2RXbHNaRU52Ym5SbGVIUWdZMjl1ZEdWNGRDd2dWMmxrWjJWMFVtVm1JSEpsWmlrZ2V3b2dJQ0FnWm1sdVlXd2djMk5vWlcxbElEMGdWR2hsYldVdWIyWW9ZMjl1ZEdWNGRDa3VZMjlzYjNKVFkyaGxiV1U3Q2lBZ0lDQXZMeUJGYldKc3c2aHRaU0REb0NCc1lTQnR3NnB0WlNCMFlXbHNiR1VnY1hWbElHeGxjeUJpWVdSblpYTWd3cXNnUlc0Z1kyOTFjbk1nd3JzZ095Qm5jbWxzYkdVZ2MzVnlDaUFnSUNBdkx5QTBJR052Ykc5dWJtVnpJSEJ2ZFhJZ1ltbGxiaUJ5dzZsd1lYSjBhWElnYkdWeklHSmhaR2RsY3lCMllXeHBaTU9wY3k0S0lDQWdJR052Ym5OMElHTnZiSFZ0Ym5NZ1BTQTBPd29nSUNBZ1ptbHVZV3dnZEdsc1pTQTlDaUFnSUNBZ0lDQWdLRTFsWkdsaFVYVmxjbmt1YjJZb1kyOXVkR1Y0ZENrdWMybDZaUzUzYVdSMGFDQXRJRE15SUMwZ0tHTnZiSFZ0Ym5NZ0xTQXhLU0FxSURFeUtTQXZJR052YkhWdGJuTTdDaUFnSUNCbWFXNWhiQ0JsYldKc1pXMGdQU0IwYVd4bElEd2dOVGdnUHlCMGFXeGxJRG9nTlRndU1Ec0tDaUFnSUNCcFppQW9iRzlqYTJWa0tTQjdDaUFnSUNBZ0lISmxkSFZ5YmlCVGFYcGxaRUp2ZUNnS0lDQWdJQ0FnSUNCM2FXUjBhRG9nZEdsc1pTd0tJQ0FnSUNBZ0lDQmphR2xzWkRvZ1EyOXNkVzF1S0FvZ0lDQWdJQ0FnSUNBZ1kyaHBiR1J5Wlc0NklGc0tJQ0FnSUNBZ0lDQWdJQ0FnUTI5dWRHRnBibVZ5S0FvZ0lDQWdJQ0FnSUNBZ0lDQWdJR2hsYVdkb2REb2daVzFpYkdWdExBb2dJQ0FnSUNBZ0lDQWdJQ0FnSUhkcFpIUm9PaUJsYldKc1pXMHNDaUFnSUNBZ0lDQWdJQ0FnSUNBZ1pHVmpiM0poZEdsdmJqb2dRbTk0UkdWamIzSmhkR2x2YmlnS0lDQWdJQ0FnSUNBZ0lDQWdJQ0FnSUdOdmJHOXlPaUJqYjI1emRDQkRiMnh2Y2lnd2VFWkdNRUV4TkRJNEtTd0tJQ0FnSUNBZ0lDQWdJQ0FnSUNBZ0lHSnZjbVJsY2xKaFpHbDFjem9nUW05eVpHVnlVbUZrYVhWekxtTnBjbU4xYkdGeUtHVnRZbXhsYlNBcUlEQXVNallwTEFvZ0lDQWdJQ0FnSUNBZ0lDQWdJQ0FnWW05eVpHVnlPaUJDYjNKa1pYSXVZV3hzS0dOdmJHOXlPaUJqYjI1emRDQkRiMnh2Y2lnd2VFWkdNVUl5UVRRNEtTa3NDaUFnSUNBZ0lDQWdJQ0FnSUNBZ0tTd0tJQ0FnSUNBZ0lDQWdJQ0FnSUNCaGJHbG5ibTFsYm5RNklFRnNhV2R1YldWdWRDNWpaVzUwWlhJc0NpQWdJQ0FnSUNBZ0lDQWdJQ0FnWTJocGJHUTZJR052Ym5OMElFbGpiMjRvU1dOdmJuTXViRzlqYTE5dmRYUnNhVzVsTEFvZ0lDQWdJQ0FnSUNBZ0lDQWdJQ0FnSUNCamIyeHZjam9nUTI5c2IzSW9NSGhHUmpOQ05FRTJRaWtzSUhOcGVtVTZJREkwS1N3S0lDQWdJQ0FnSUNBZ0lDQWdLU3dLSUNBZ0lDQWdJQ0FnSUNBZ1kyOXVjM1FnVTJsNlpXUkNiM2dvYUdWcFoyaDBPaUEyS1N3S0lDQWdJQ0FnSUNBZ0lDQWdWR1Y0ZENnblB6OC9KeXdLSUNBZ0lDQWdJQ0FnSUNBZ0lDQWdJSFJsZUhSQmJHbG5iam9nVkdWNGRFRnNhV2R1TG1ObGJuUmxjaXdLSUNBZ0lDQWdJQ0FnSUNBZ0lDQWdJSE4wZVd4bE9pQlVhR1Z0WlM1dlppaGpiMjUwWlhoMEtRb2dJQ0FnSUNBZ0lDQWdJQ0FnSUNBZ0lDQWdJQzUwWlhoMFZHaGxiV1VLSUNBZ0lDQWdJQ0FnSUNBZ0lDQWdJQ0FnSUNBdVltOWtlVk50WVd4c0NpQWdJQ0FnSUNBZ0lDQWdJQ0FnSUNBZ0lDQWdQeTVqYjNCNVYybDBhQ2hqYjJ4dmNqb2dZMjl1YzNRZ1EyOXNiM0lvTUhoR1JqVTBOakUzUmlrcEtTd0tJQ0FnSUNBZ0lDQWdJRjBzQ2lBZ0lDQWdJQ0FnS1N3S0lDQWdJQ0FnS1RzS0lDQWdJSDBLQ2lBZ0lDQm1hVzVoYkNCallXNUdaV0YwZFhKbElEMGdiMjVVYjJkbmJHVkdaV0YwZFhKbFpDQWhQU0J1ZFd4c093b2dJQ0FnWm1sdVlXd2dZbUZ5WlcxbElEMGdZbUZ5WlcxbFZHaHlaWE5vYjJ4a0tHSmhaR2RsTG1SbFppazdDaUFnSUNCeVpYUjFjbTRnVTJsNlpXUkNiM2dvQ2lBZ0lDQWdJSGRwWkhSb09pQjBhV3hsTEFvZ0lDQWdJQ0JqYUdsc1pEb2dRMjlzZFcxdUtBb2dJQ0FnSUNBZ0lHTm9hV3hrY21WdU9pQmJDaUFnSUNBZ0lDQWdJQ0JIWlhOMGRYSmxSR1YwWldOMGIzSW9DaUFnSUNBZ0lDQWdJQ0FnSUc5dVZHRndPaUFvS1NCN0NpQWdJQ0FnSUNBZ0lDQWdJQ0FnYVdZZ0tHSmhaR2RsTG1selRtVjNLU0I3Q2lBZ0lDQWdJQ0FnSUNBZ0lDQWdJQ0JtYVc1aGJDQjFhV1FnUFFvZ0lDQWdJQ0FnSUNBZ0lDQWdJQ0FnSUNBZ0lISmxaaTV5
Shell: WldGa0tITjFjR0ZpWVhObFEyeHBaVzUwVUhKdmRtbGtaWElwTG1GMWRHZ3VZM1Z5Y21WdWRGVnpaWEkvTG1sa093b2dJQ0FnSUNBZ0lDQWdJQ0FnSUNBZ2FXWWdLSFZwWkNBaFBTQnVkV3hzS1NCN0NpQWdJQ0FnSUNBZ0lDQWdJQ0FnSUNBZ0lISmxaZ29nSUNBZ0lDQWdJQ0FnSUNBZ0lDQWdJQ0FnSUNBZ0xuSmxZV1FvWW1Ga1oyVlNaWEJ2YzJsMGIzSjVVSEp2ZG1sa1pYSXBDaUFnSUNBZ0lDQWdJQ0FnSUNBZ0lDQWdJQ0FnSUNBdWJXRnlhMEpoWkdkbFUyVmxiaWgxYVdRc0lHSmhaR2RsTG1SbFppNWpiMlJsS1RzS0lDQWdJQ0FnSUNBZ0lDQWdJQ0FnSUNBZ2NtVm1MbWx1ZG1Gc2FXUmhkR1VvYlhsQmNtMXZhWEpsVUhKdmRtbGtaWElwT3dvZ0lDQWdJQ0FnSUNBZ0lDQWdJQ0FnZlFvZ0lDQWdJQ0FnSUNBZ0lDQWdJSDBLSUNBZ0lDQWdJQ0FnSUNBZ0lDQnphRzkzUW1Ga1oyVkVaWFJoYVd4VGFHVmxkQ2dLSUNBZ0lDQWdJQ0FnSUNBZ0lDQWdJR052Ym5SbGVIUXNDaUFnSUNBZ0lDQWdJQ0FnSUNBZ0lDQmlZV1JuWlM1a1pXWXNDaUFnSUNBZ0lDQWdJQ0FnSUNBZ0lDQnBjMFpsWVhSMWNtVmtPaUJtWldGMGRYSmxaQ3dLSUNBZ0lDQWdJQ0FnSUNBZ0lDQWdJRzl1Vkc5bloyeGxSbVZoZEhWeVpXUTZJR05oYmtabFlYUjFjbVVLSUNBZ0lDQWdJQ0FnSUNBZ0lDQWdJQ0FnSUNBL0lDZ3BJRDArSUc5dVZHOW5aMnhsUm1WaGRIVnlaV1FoS0dKaFpHZGxMbVJsWmk1amIyUmxMQ0FoWm1WaGRIVnlaV1FwQ2lBZ0lDQWdJQ0FnSUNBZ0lDQWdJQ0FnSUNBZ09pQnVkV3hzTEFvZ0lDQWdJQ0FnSUNBZ0lDQWdJQ2s3Q2lBZ0lDQWdJQ0FnSUNBZ0lIMHNDaUFnSUNBZ0lDQWdJQ0FnSUdOb2FXeGtPaUJUZEdGamF5Z0tJQ0FnSUNBZ0lDQWdJQ0FnSUNCamJHbHdRbVZvWVhacGIzSTZJRU5zYVhBdWJtOXVaU3dLSUNBZ0lDQWdJQ0FnSUNBZ0lDQmphR2xzWkhKbGJqb2dXd29nSUNBZ0lDQWdJQ0FnSUNBZ0lDQWdRbUZrWjJWRmJXSnNaVzBvQ2lBZ0lDQWdJQ0FnSUNBZ0lDQWdJQ0FnSUdWdGIycHBPaUJpWVdSblpTNWtaV1l1WlcxdmFta3NDaUFnSUNBZ0lDQWdJQ0FnSUNBZ0lDQWdJR2x0WVdkbFZYSnNPaUJpWVdSblpTNWtaV1l1YVcxaFoyVlZjbXdzQ2lBZ0lDQWdJQ0FnSUNBZ0lDQWdJQ0FnSUdOdmJHOXlPaUJpWVdSblpTNWtaV1l1WTI5c2IzSXNDaUFnSUNBZ0lDQWdJQ0FnSUNBZ0lDQWdJR0poY21WdFpVeGhZbVZzT2lCaVlYSmxiV1VzQ2lBZ0lDQWdJQ0FnSUNBZ0lDQWdJQ0FnSUhOb2IzZFRkR0Z5T2lCaVlXUm5aUzVrWldZdWFHRnpVM1JoY2l3S0lDQWdJQ0FnSUNBZ0lDQWdJQ0FnSUNBZ2MzUmhja052ZFc1ME9pQmlZV1JuWlM1emRHRnljeXdLSUNBZ0lDQWdJQ0FnSUNBZ0lDQWdJQ0FnYzNSaGNuTk5kV3gwYVhCc2VVSmhjbVZ0WlRvS0lDQWdJQ0FnSUNBZ0lDQWdJQ0FnSUNBZ0lDQWdJR2x6UTJGeVpXVnlRbUZrWjJWRFlYUmxaMjl5ZVNoaVlXUm5aUzVrWldZdVkyRjBaV2R2Y25rcExBb2dJQ0FnSUNBZ0lDQWdJQ0FnSUNBZ0lDQnphWHBsT2lCbGJXSnNaVzBzQ2lBZ0lDQWdJQ0FnSUNBZ0lDQWdJQ0FwTEFvZ0lDQWdJQ0FnSUNBZ0lDQWdJQ0FnTHk4Z1VHRnpkR2xzYkdVZ3dxc2dibTkxZG1WaGRTREN1eUE2SUdScGMzQmhjbUhEcm5RZ2NYVmhibVFnYjI0Z1kyeHBjWFZsSUd4bElHSmhaR2RsTGdvZ0lDQWdJQ0FnSUNBZ0lDQWdJQ0FnYVdZZ0tHSmhaR2RsTG1selRtVjNLUW9nSUNBZ0lDQWdJQ0FnSUNBZ0lDQWdJQ0JRYjNOcGRHbHZibVZrS0FvZ0lDQWdJQ0FnSUNBZ0lDQWdJQ0FnSUNBZ0lIUnZjRG9nTFRNc0NpQWdJQ0FnSUNBZ0lDQWdJQ0FnSUNBZ0lDQWdiR1ZtZERvZ0xUTXNDaUFnSUNBZ0lDQWdJQ0FnSUNBZ0lDQWdJQ0FnWTJocGJHUTZJRU52Ym5SaGFXNWxjaWdLSUNBZ0lDQWdJQ0FnSUNBZ0lDQWdJQ0FnSUNBZ0lIZHBaSFJvT2lBeE5pd0tJQ0FnSUNBZ0lDQWdJQ0FnSUNBZ0lDQWdJQ0FnSUdobGFXZG9kRG9nTVRZc0NpQWdJQ0FnSUNBZ0lDQWdJQ0FnSUNBZ0lDQWdJQ0JrWldOdmNtRjBhVzl1T2lCQ2IzaEVaV052Y21GMGFXOXVLQW9nSUNBZ0lDQWdJQ0FnSUNBZ0lDQWdJQ0FnSUNBZ0lDQmpiMnh2Y2pvZ1kyOXVjM1FnUTI5c2IzSW9NSGhHUmtVNE5ETTVNeWtzQ2lBZ0lDQWdJQ0FnSUNBZ0lDQWdJQ0FnSUNBZ0lDQWdJSE5vWVhCbE9pQkNiM2hUYUdGd1pTNWphWEpqYkdVc0NpQWdJQ0FnSUNBZ0lDQWdJQ0FnSUNBZ0lDQWdJQ0FnSUdKdmNtUmxjam9nUW05eVpHVnlMbUZzYkNoamIyeHZjam9nUTI5c2IzSnpMbmRvYVhSbExDQjNhV1IwYURvZ01pa3NDaUFnSUNBZ0lDQWdJQ0FnSUNBZ0lDQWdJQ0FnSUNBcExBb2dJQ0FnSUNBZ0lDQWdJQ0FnSUNBZ0lDQWdJQ2tzQ2lBZ0lDQWdJQ0FnSUNBZ0lDQWdJQ0FnSUNrc0NpQWdJQ0FnSUNBZ0lDQWdJQ0FnSUNBdkx5QkNZV1JuWlNCaGNtSnZjc09wSURvZ2JXRnljWFhEcVNCMWJtbHhkV1Z0Wlc1MElIQmhjaUJzSjhPcGRHOXBiR1VnS0hCaGN5QmtaU0JqYjI1MGIzVnlLUzRLSUNBZ0lDQWdJQ0FnSUNBZ0lDQWdJR2xtSUNobVpXRjBkWEpsWkNrS0lDQWdJQ0FnSUNBZ0lDQWdJQ0FnSUNBZ1VHOXphWFJwYjI1bFpDZ0tJQ0FnSUNBZ0lDQWdJQ0FnSUNBZ0lDQWdJQ0IwYjNBNklEWXNDaUFnSUNBZ0lDQWdJQ0FnSUNBZ0lDQWdJQ0FnY21sbmFIUTZJRFlzQ2lBZ0lDQWdJQ0FnSUNBZ0lDQWdJQ0FnSUNBZ1kyaHBiR1E2SUVOdmJuUmhhVzVsY2lnS0lDQWdJQ0FnSUNBZ0lDQWdJQ0FnSUNBZ0lDQWdJSEJoWkdScGJtYzZJR052Ym5OMElFVmtaMlZKYm5ObGRITXVZV3hzS0RNcExBb2dJQ0FnSUNBZ0lDQWdJQ0FnSUNBZ0lDQWdJQ0FnWkdWamIzSmhkR2x2YmpvZ1FtOTRSR1ZqYjNKaGRHbHZiaWdLSUNBZ0lDQWdJQ0FnSUNBZ0lDQWdJQ0FnSUNBZ0lDQWdZMjlzYjNJNklITmphR1Z0WlM1elpXTnZibVJoY25rc0NpQWdJQ0FnSUNBZ0lDQWdJQ0FnSUNBZ0lDQWdJQ0FnSUhOb1lYQmxPaUJDYjNoVGFHRndaUzVqYVhKamJHVXNDaUFnSUNBZ0lDQWdJQ0FnSUNBZ0lDQWdJQ0FnSUNBcExBb2dJQ0FnSUNBZ0lDQWdJQ0FnSUNBZ0lDQWdJQ0FnWTJocGJHUTZJR052
Shell: Ym5OMElFbGpiMjRvU1dOdmJuTXVjM1JoY2w5eWIzVnVaR1ZrTEFvZ0lDQWdJQ0FnSUNBZ0lDQWdJQ0FnSUNBZ0lDQWdJQ0FnSUhOcGVtVTZJREUxTENCamIyeHZjam9nUTI5c2IzSnpMbmRvYVhSbEtTd0tJQ0FnSUNBZ0lDQWdJQ0FnSUNBZ0lDQWdJQ0FwTEFvZ0lDQWdJQ0FnSUNBZ0lDQWdJQ0FnSUNBcExBb2dJQ0FnSUNBZ0lDQWdJQ0FnSUYwc0NpQWdJQ0FnSUNBZ0lDQWdJQ2tzQ2lBZ0lDQWdJQ0FnSUNBcExBb2dJQ0FnSUNBZ0lDQWdZMjl1YzNRZ1UybDZaV1JDYjNnb2FHVnBaMmgwT2lBMktTd0tJQ0FnSUNBZ0lDQWdJRlJsZUhRb0NpQWdJQ0FnSUNBZ0lDQWdJR0poWkdkbExtUmxaaTV1WVcxbExBb2dJQ0FnSUNBZ0lDQWdJQ0IwWlhoMFFXeHBaMjQ2SUZSbGVIUkJiR2xuYmk1alpXNTBaWElzQ2lBZ0lDQWdJQ0FnSUNBZ0lHMWhlRXhwYm1Wek9pQXlMQW9nSUNBZ0lDQWdJQ0FnSUNCdmRtVnlabXh2ZHpvZ1ZHVjRkRTkyWlhKbWJHOTNMbVZzYkdsd2MybHpMQW9nSUNBZ0lDQWdJQ0FnSUNCemRIbHNaVG9nVkdobGJXVXViMllvWTI5dWRHVjRkQ2t1ZEdWNGRGUm9aVzFsTG1KdlpIbFRiV0ZzYkQ4dVkyOXdlVmRwZEdnb0NpQWdJQ0FnSUNBZ0lDQWdJQ0FnSUNBZ0lHWnZiblJYWldsbmFIUTZJRVp2Ym5SWFpXbG5hSFF1ZHpjd01Dd0tJQ0FnSUNBZ0lDQWdJQ0FnSUNBZ0lDa3NDaUFnSUNBZ0lDQWdJQ0FwTEFvZ0lDQWdJQ0FnSUYwc0NpQWdJQ0FnSUNrc0NpQWdJQ0FwT3dvZ0lIMEtmUW9LWTJ4aGMzTWdYMGx1VUhKdlozSmxjM05VYVd4bElHVjRkR1Z1WkhNZ1UzUmhkR1ZzWlhOelYybGtaMlYwSUhzS0lDQmpiMjV6ZENCZlNXNVFjbTluY21WemMxUnBiR1VvZTNKbGNYVnBjbVZrSUhSb2FYTXVZbUZrWjJWOUtUc0tJQ0JtYVc1aGJDQkJjbTF2YVhKbFFtRmtaMlVnWW1Ga1oyVTdDZ29nSUVCdmRtVnljbWxrWlFvZ0lGZHBaR2RsZENCaWRXbHNaQ2hDZFdsc1pFTnZiblJsZUhRZ1kyOXVkR1Y0ZENrZ2V3b2dJQ0FnWm1sdVlXd2djMk5vWlcxbElEMGdWR2hsYldVdWIyWW9ZMjl1ZEdWNGRDa3VZMjlzYjNKVFkyaGxiV1U3Q2lBZ0lDQXZMeUJDWVhMRHFHMWxJTU9nSUhWdUlITmxkV3dnY0dGc2FXVnlJQ2gwYVhSeVpYTXNJR1Y0Y0d4dmFYUnpLU0E2SUhCaGN5QmtaU0J3Y205bmNtVnpjMmx2Ymk0S0lDQWdJR1pwYm1Gc0lITm9iM2RRY205bmNtVnpjeUE5SUdKaFpHZGxMblJoY21kbGRDQWhQU0J1ZFd4c093b2dJQ0FnY21WMGRYSnVJRWRsYzNSMWNtVkVaWFJsWTNSdmNpZ0tJQ0FnSUNBZ2IyNVVZWEE2SUNncElEMCtJSE5vYjNkQ1lXUm5aVVJsZEdGcGJGTm9aV1YwS0dOdmJuUmxlSFFzSUdKaFpHZGxMbVJsWmlrc0NpQWdJQ0FnSUdOb2FXeGtPaUJEYjI1MFlXbHVaWElvQ2lBZ0lDQWdJQ0FnYldGeVoybHVPaUJqYjI1emRDQkZaR2RsU1c1elpYUnpMbTl1Ykhrb1ltOTBkRzl0T2lBeE1Da3NDaUFnSUNBZ0lDQWdjR0ZrWkdsdVp6b2dZMjl1YzNRZ1JXUm5aVWx1YzJWMGN5NWhiR3dvTVRRcExBb2dJQ0FnSUNBZ0lHUmxZMjl5WVhScGIyNDZJRUp2ZUVSbFkyOXlZWFJwYjI0b0NpQWdJQ0FnSUNBZ0lDQmpiMnh2Y2pvZ2MyTm9aVzFsTG5OMWNtWmhZMlVzQ2lBZ0lDQWdJQ0FnSUNCaWIzSmtaWEpTWVdScGRYTTZJRUp2Y21SbGNsSmhaR2wxY3k1amFYSmpkV3hoY2lneE9Da3NDaUFnSUNBZ0lDQWdJQ0JpYjNKa1pYSTZJRUp2Y21SbGNpNWhiR3dvWTI5c2IzSTZJSE5qYUdWdFpTNXZkWFJzYVc1bEtTd0tJQ0FnSUNBZ0lDQXBMQW9nSUNBZ0lDQWdJR05vYVd4a09pQlNiM2NvQ2lBZ0lDQWdJQ0FnSUNCamFHbHNaSEpsYmpvZ1d3b2dJQ0FnSUNBZ0lDQWdJQ0F2THlCQ1lXUm5aU0JoZFhSdmJXRjBhWEYxWlNBNklHeHZaMjhnZG1semFXSnNaU0FySUhCeWIyZHlaWE56YVc5dUlDaHNaWE1nYW05MVpYVnljd29nSUNBZ0lDQWdJQ0FnSUNBdkx5QjJiMmxsYm5RZ1kyVWdjWFVuYVd4eklIQmxkWFpsYm5RZ1pNT3BZbXh2Y1hWbGNpa3VDaUFnSUNBZ0lDQWdJQ0FnSUVKaFpHZGxSVzFpYkdWdEtBb2dJQ0FnSUNBZ0lDQWdJQ0FnSUdWdGIycHBPaUJpWVdSblpTNWtaV1l1WlcxdmFta3NDaUFnSUNBZ0lDQWdJQ0FnSUNBZ2FXMWhaMlZWY213NklHSmhaR2RsTG1SbFppNXBiV0ZuWlZWeWJDd0tJQ0FnSUNBZ0lDQWdJQ0FnSUNCamIyeHZjam9nWW1Ga1oyVXVaR1ZtTG1OdmJHOXlMQW9nSUNBZ0lDQWdJQ0FnSUNBZ0lHSmhjbVZ0WlV4aFltVnNPaUJpWVhKbGJXVlVhSEpsYzJodmJHUW9ZbUZrWjJVdVpHVm1LU3dLSUNBZ0lDQWdJQ0FnSUNBZ0lDQnphRzkzVTNSaGNqb2dZbUZrWjJVdVpHVm1MbWhoYzFOMFlYSXNDaUFnSUNBZ0lDQWdJQ0FnSUNBZ2MzUmhja052ZFc1ME9pQmlZV1JuWlM1emRHRnljeXdLSUNBZ0lDQWdJQ0FnSUNBZ0lDQnpkR0Z5YzAxMWJIUnBjR3g1UW1GeVpXMWxPaUJwYzBOaGNtVmxja0poWkdkbFEyRjBaV2R2Y25rb1ltRmtaMlV1WkdWbUxtTmhkR1ZuYjNKNUtTd0tJQ0FnSUNBZ0lDQWdJQ0FnSUNCemFYcGxPaUExT0N3S0lDQWdJQ0FnSUNBZ0lDQWdLU3dLSUNBZ0lDQWdJQ0FnSUNBZ1kyOXVjM1FnVTJsNlpXUkNiM2dvZDJsa2RHZzZJREUwS1N3S0lDQWdJQ0FnSUNBZ0lDQWdSWGh3WVc1a1pXUW9DaUFnSUNBZ0lDQWdJQ0FnSUNBZ1kyaHBiR1E2SUVOdmJIVnRiaWdLSUNBZ0lDQWdJQ0FnSUNBZ0lDQWdJR055YjNOelFYaHBjMEZzYVdkdWJXVnVkRG9nUTNKdmMzTkJlR2x6UVd4cFoyNXRaVzUwTG5OMFlYSjBMQW9nSUNBZ0lDQWdJQ0FnSUNBZ0lDQWdZMmhwYkdSeVpXNDZJRnNLSUNBZ0lDQWdJQ0FnSUNBZ0lDQWdJQ0FnVkdWNGRDaGlZV1JuWlM1a1pXWXVibUZ0WlN3S0lDQWdJQ0FnSUNBZ0lDQWdJQ0FnSUNBZ0lDQWdJSE4wZVd4bE9pQlVhR1Z0WlM1dlppaGpiMjUwWlhoMEtRb2dJQ0FnSUNBZ0lDQWdJQ0FnSUNBZ0lDQWdJQ0FnSUNBZ0lDNTBaWGgwVkdobGJXVUtJQ0FnSUNBZ0lDQWdJQ0FnSUNBZ0lDQWdJQ0FnSUNBZ0lDQXVkR2wwYkdWTlpXUnBkVzBLSUNBZ0lDQWdJQ0FnSUNBZ0lDQWdJQ0FnSUNBZ0lDQWdJQ0EvTG1OdmNIbFhhWFJvS0dadmJuUlhaV2xuYUhRNklFWnZiblJY
Shell: WldsbmFIUXVkemN3TUNrcExBb2dJQ0FnSUNBZ0lDQWdJQ0FnSUNBZ0lDQnBaaUFvWW1Ga1oyVXVaR1ZtTG1SbGMyTnlhWEIwYVc5dUxtbHpUbTkwUlcxd2RIa3BJQzR1TGxzS0lDQWdJQ0FnSUNBZ0lDQWdJQ0FnSUNBZ0lDQmpiMjV6ZENCVGFYcGxaRUp2ZUNob1pXbG5hSFE2SURJcExBb2dJQ0FnSUNBZ0lDQWdJQ0FnSUNBZ0lDQWdJRlJsZUhRb1ltRmtaMlV1WkdWbUxtUmxjMk55YVhCMGFXOXVMQW9nSUNBZ0lDQWdJQ0FnSUNBZ0lDQWdJQ0FnSUNBZ0lDQnpkSGxzWlRvZ1ZHaGxiV1V1YjJZb1kyOXVkR1Y0ZENrdWRHVjRkRlJvWlcxbExtSnZaSGxUYldGc2JDa3NDaUFnSUNBZ0lDQWdJQ0FnSUNBZ0lDQWdJRjBzQ2lBZ0lDQWdJQ0FnSUNBZ0lDQWdJQ0FnSUdsbUlDaHphRzkzVUhKdlozSmxjM01wSUM0dUxsc0tJQ0FnSUNBZ0lDQWdJQ0FnSUNBZ0lDQWdJQ0JqYjI1emRDQlRhWHBsWkVKdmVDaG9aV2xuYUhRNklEWXBMQW9nSUNBZ0lDQWdJQ0FnSUNBZ0lDQWdJQ0FnSUVOc2FYQlNVbVZqZENnS0lDQWdJQ0FnSUNBZ0lDQWdJQ0FnSUNBZ0lDQWdJR0p2Y21SbGNsSmhaR2wxY3pvZ1FtOXlaR1Z5VW1Ga2FYVnpMbU5wY21OMWJHRnlLRGs1T1Nrc0NpQWdJQ0FnSUNBZ0lDQWdJQ0FnSUNBZ0lDQWdJQ0JqYUdsc1pEb2dSM0pwYm5SaFRHbHVaV0Z5VUhKdlozSmxjM05KYm1ScFkyRjBiM0lvQ2lBZ0lDQWdJQ0FnSUNBZ0lDQWdJQ0FnSUNBZ0lDQWdJSFpoYkhWbE9pQmlZV1JuWlM1d2NtOW5jbVZ6Y3lBL1B5QXdMQW9nSUNBZ0lDQWdJQ0FnSUNBZ0lDQWdJQ0FnSUNBZ0lDQnRhVzVJWldsbmFIUTZJRGNzQ2lBZ0lDQWdJQ0FnSUNBZ0lDQWdJQ0FnSUNBZ0lDQWdJR0poWTJ0bmNtOTFibVJEYjJ4dmNqb2djMk5vWlcxbExuTjFjbVpoWTJWRGIyNTBZV2x1WlhKSWFXZG9aWE4wTEFvZ0lDQWdJQ0FnSUNBZ0lDQWdJQ0FnSUNBZ0lDQWdJQ0IyWVd4MVpVTnZiRzl5T2lCQmJIZGhlWE5UZEc5d2NHVmtRVzVwYldGMGFXOXVLSE5qYUdWdFpTNXpaV052Ym1SaGNua3BMQW9nSUNBZ0lDQWdJQ0FnSUNBZ0lDQWdJQ0FnSUNBZ0tTd0tJQ0FnSUNBZ0lDQWdJQ0FnSUNBZ0lDQWdJQ0FwTEFvZ0lDQWdJQ0FnSUNBZ0lDQWdJQ0FnSUNBZ0lHTnZibk4wSUZOcGVtVmtRbTk0S0dobGFXZG9kRG9nTmlrc0NpQWdJQ0FnSUNBZ0lDQWdJQ0FnSUNBZ0lDQWdWR1Y0ZENnS0lDQWdJQ0FnSUNBZ0lDQWdJQ0FnSUNBZ0lDQWdJQ2NrZTJKaFpHZGxMbU4xY25KbGJuUjlMeVI3WW1Ga1oyVXVkR0Z5WjJWMGZTY3NDaUFnSUNBZ0lDQWdJQ0FnSUNBZ0lDQWdJQ0FnSUNCemRIbHNaVG9nVkdobGJXVXViMllvWTI5dWRHVjRkQ2t1ZEdWNGRGUm9aVzFsTG1KdlpIbFRiV0ZzYkN3S0lDQWdJQ0FnSUNBZ0lDQWdJQ0FnSUNBZ0lDQXBMQW9nSUNBZ0lDQWdJQ0FnSUNBZ0lDQWdJQ0JkTEFvZ0lDQWdJQ0FnSUNBZ0lDQWdJQ0FnWFN3S0lDQWdJQ0FnSUNBZ0lDQWdJQ0FwTEFvZ0lDQWdJQ0FnSUNBZ0lDQXBMQW9nSUNBZ0lDQWdJQ0FnWFN3S0lDQWdJQ0FnSUNBcExBb2dJQ0FnSUNBcExBb2dJQ0FnS1RzS0lDQjlDbjBLIiwibGliL2ZlYXR1cmVzL2JhZGdlcy9wcmVzZW50YXRpb24vYmFkZ2VfYWRtaW5fcGFnZS5kYXJ0IjoiYVcxd2IzSjBJQ2R3WVdOcllXZGxPbUZ6WDJkeWFXNTBZUzlqYjNKbEwzVjBhV3h6TDJGd2NGOWxjbkp2Y25NdVpHRnlkQ2M3Q21sdGNHOXlkQ0FuY0dGamEyRm5aVHBoYzE5bmNtbHVkR0V2WTI5eVpTOTNhV1JuWlhSekwyZHlhVzUwWVY5aGNIQmZZbUZ5TG1SaGNuUW5Pd3BwYlhCdmNuUWdKM0JoWTJ0aFoyVTZZWE5mWjNKcGJuUmhMMlpsWVhSMWNtVnpMMkpoWkdkbGN5OWtZWFJoTDJKaFpHZGxYMkZrYldsdVgzSmxjRzl6YVhSdmNua3VaR0Z5ZENjN0NtbHRjRzl5ZENBbmNHRmphMkZuWlRwaGMxOW5jbWx1ZEdFdlptVmhkSFZ5WlhNdlltRmtaMlZ6TDJSaGRHRXZZbUZrWjJWZmNtVndiM05wZEc5eWVTNWtZWEowSnpzS2FXMXdiM0owSUNkd1lXTnJZV2RsT21GelgyZHlhVzUwWVM5bVpXRjBkWEpsY3k5aVlXUm5aWE12Y0hKbGMyVnVkR0YwYVc5dUwySmhaR2RsWDJSbGRHRnBiRjl6YUdWbGRDNWtZWEowSnpzS2FXMXdiM0owSUNkd1lXTnJZV2RsT21GelgyZHlhVzUwWVM5bVpXRjBkWEpsY3k5aVlXUm5aWE12Y0hKbGMyVnVkR0YwYVc5dUwySmhaR2RsWDJWdFlteGxiUzVrWVhKMEp6c0thVzF3YjNKMElDZHdZV05yWVdkbE9tWnNkWFIwWlhJdmJXRjBaWEpwWVd3dVpHRnlkQ2M3Q21sdGNHOXlkQ0FuY0dGamEyRm5aVHBtYkhWMGRHVnlYM0pwZG1WeWNHOWtMMlpzZFhSMFpYSmZjbWwyWlhKd2IyUXVaR0Z5ZENjN0NtbHRjRzl5ZENBbmNHRmphMkZuWlRwaGMxOW5jbWx1ZEdFdlkyOXlaUzkzYVdSblpYUnpMMmR5YVc1MFlWOXNiMkZrWlhJdVpHRnlkQ2M3Q2dvdkx5OGd3NGxqY21GdUlHRmtiV2x1SURvZ1kzTERxV1Z5SUhWdUlHSmhaR2RsSUNodWIyMGdLeUJsYlc5cWFTa2daWFFnYkdVZ1pNT3BZMlZ5Ym1WeUlHMWhiblZsYkd4bGJXVnVkQzRLWTJ4aGMzTWdRbUZrWjJWQlpHMXBibEJoWjJVZ1pYaDBaVzVrY3lCRGIyNXpkVzFsY2xOMFlYUmxablZzVjJsa1oyVjBJSHNLSUNCamIyNXpkQ0JDWVdSblpVRmtiV2x1VUdGblpTaDdjM1Z3WlhJdWEyVjVmU2s3Q2dvZ0lFQnZkbVZ5Y21sa1pRb2dJRU52Ym5OMWJXVnlVM1JoZEdVOFFtRmtaMlZCWkcxcGJsQmhaMlUrSUdOeVpXRjBaVk4wWVhSbEtDa2dQVDRnWDBKaFpHZGxRV1J0YVc1UVlXZGxVM1JoZEdVb0tUc0tmUW9LWTJ4aGMzTWdYMEpoWkdkbFFXUnRhVzVRWVdkbFUzUmhkR1VnWlhoMFpXNWtjeUJEYjI1emRXMWxjbE4wWVhSbFBFSmhaR2RsUVdSdGFXNVFZV2RsUGlCN0NpQWdabWx1WVd3Z1gyNWhiV1ZEYjI1MGNtOXNiR1Z5SUQwZ1ZHVjRkRVZrYVhScGJtZERiMjUwY205c2JHVnlLQ2s3Q2lBZ1ptbHVZV3dnWDJSbGMyTkRiMjUwY205c2JHVnlJRDBnVkdWNGRFVmthWFJwYm1kRGIyNTBjbTlzYkdWeUtDazdDaUFnWm1sdVlXd2dYMlZ0YjJwcFEyOXVkSEp2Ykd4bGNpQTlJRlJsZUhSRlpHbDBhVzVuUTI5dWRISnZiR3hsY2loMFpYaDBPaUFuOEorUGhTY3BPd29n
Shell: SUdacGJtRnNJRjl6WldGeVkyaERiMjUwY205c2JHVnlJRDBnVkdWNGRFVmthWFJwYm1kRGIyNTBjbTlzYkdWeUtDazdDaUFnVTNSeWFXNW5JRjlqYjJ4dmNraGxlQ0E5SUNjalF6QTBOVFZDSnpzS0lDQmliMjlzSUY5amNtVmhkR2x1WnlBOUlHWmhiSE5sT3dvZ0lGTjBjbWx1WnlCZmNYVmxjbmtnUFNBbkp6c0tDaUFnYzNSaGRHbGpJR052Ym5OMElFeHBjM1E4VTNSeWFXNW5QaUJmWTI5c2IzSkRhRzlwWTJWeklEMGdXd29nSUNBZ0p5TkRNRFExTlVJbkxBb2dJQ0FnSnlNeVJUWkNSVFluTEFvZ0lDQWdKeU15UlRsRk5qTW5MQW9nSUNBZ0p5TkVPVUUwTURBbkxBb2dJQ0FnSnlNeE4wRTJRVEFuTEFvZ0lDQWdKeU0zUXpORFJrWW5MQW9nSUNBZ0p5TkdSamxFTWtVbkxBb2dJQ0FnSnlOR1JqUkdRMEluTEFvZ0lDQWdKeU14UkVOQ1JrWW5MQW9nSUNBZ0p5TkZPRUk1TWpNbkxBb2dJQ0FnSnlOQ09EZzJNRUluTEFvZ0lDQWdKeU0xTlRZeE4wWW5MQW9nSUYwN0Nnb2dJRUJ2ZG1WeWNtbGtaUW9nSUhadmFXUWdaR2x6Y0c5elpTZ3BJSHNLSUNBZ0lGOXVZVzFsUTI5dWRISnZiR3hsY2k1a2FYTndiM05sS0NrN0NpQWdJQ0JmWkdWelkwTnZiblJ5YjJ4c1pYSXVaR2x6Y0c5elpTZ3BPd29nSUNBZ1gyVnRiMnBwUTI5dWRISnZiR3hsY2k1a2FYTndiM05sS0NrN0NpQWdJQ0JmYzJWaGNtTm9RMjl1ZEhKdmJHeGxjaTVrYVhOd2IzTmxLQ2s3Q2lBZ0lDQnpkWEJsY2k1a2FYTndiM05sS0NrN0NpQWdmUW9LSUNCR2RYUjFjbVU4ZG05cFpENGdYMk55WldGMFpVSmhaR2RsS0NrZ1lYTjVibU1nZXdvZ0lDQWdabWx1WVd3Z2JtRnRaU0E5SUY5dVlXMWxRMjl1ZEhKdmJHeGxjaTUwWlhoMExuUnlhVzBvS1RzS0lDQWdJR2xtSUNodVlXMWxMbWx6Ulcxd2RIa3BJSHNLSUNBZ0lDQWdVMk5oWm1admJHUk5aWE56Wlc1blpYSXViMllvWTI5dWRHVjRkQ2t1YzJodmQxTnVZV05yUW1GeUtBb2dJQ0FnSUNBZ0lHTnZibk4wSUZOdVlXTnJRbUZ5S0dOdmJuUmxiblE2SUZSbGVIUW9KMFJ2Ym01bElIVnVJRzV2YlNCaGRTQmlZV1JuWlM0bktTa3NDaUFnSUNBZ0lDazdDaUFnSUNBZ0lISmxkSFZ5YmpzS0lDQWdJSDBLSUNBZ0lITmxkRk4wWVhSbEtDZ3BJRDArSUY5amNtVmhkR2x1WnlBOUlIUnlkV1VwT3dvZ0lDQWdkSEo1SUhzS0lDQWdJQ0FnWm1sdVlXd2djbVZ3YnlBOUlISmxaaTV5WldGa0tHSmhaR2RsUVdSdGFXNVNaWEJ2YzJsMGIzSjVVSEp2ZG1sa1pYSXBPd29nSUNBZ0lDQmhkMkZwZENCeVpYQnZMbU55WldGMFpVTjFjM1J2YlVKaFpHZGxLQW9nSUNBZ0lDQWdJRzVoYldVNklHNWhiV1VzQ2lBZ0lDQWdJQ0FnWkdWelkzSnBjSFJwYjI0NklGOWtaWE5qUTI5dWRISnZiR3hsY2k1MFpYaDBMblJ5YVcwb0tTd0tJQ0FnSUNBZ0lDQmxiVzlxYVRvZ1gyVnRiMnBwUTI5dWRISnZiR3hsY2k1MFpYaDBMblJ5YVcwb0tTd0tJQ0FnSUNBZ0lDQmpiMnh2Y2pvZ1gyTnZiRzl5U0dWNExBb2dJQ0FnSUNBcE93b2dJQ0FnSUNCeVpXWXVhVzUyWVd4cFpHRjBaU2hpWVdSblpVTmhkR0ZzYjJkUWNtOTJhV1JsY2lrN0NpQWdJQ0FnSUdsbUlDaHRiM1Z1ZEdWa0tTQjdDaUFnSUNBZ0lDQWdYMjVoYldWRGIyNTBjbTlzYkdWeUxtTnNaV0Z5S0NrN0NpQWdJQ0FnSUNBZ1gyUmxjMk5EYjI1MGNtOXNiR1Z5TG1Oc1pXRnlLQ2s3Q2lBZ0lDQWdJQ0FnYzJWMFUzUmhkR1VvS0NrZ1BUNGdYMlZ0YjJwcFEyOXVkSEp2Ykd4bGNpNTBaWGgwSUQwZ0ovQ2ZqNFVuS1RzS0lDQWdJQ0FnSUNCVFkyRm1abTlzWkUxbGMzTmxibWRsY2k1dlppaGpiMjUwWlhoMEtTNXphRzkzVTI1aFkydENZWElvQ2lBZ0lDQWdJQ0FnSUNCVGJtRmphMEpoY2loamIyNTBaVzUwT2lCVVpYaDBLQ2RDWVdSblpTRENxeUFrYm1GdFpTREN1eUJqY3NPcHc2a3VKeWtwTEFvZ0lDQWdJQ0FnSUNrN0NpQWdJQ0FnSUgwS0lDQWdJSDBnWTJGMFkyZ2dLR1Z5Y205eUtTQjdDaUFnSUNBZ0lHbG1JQ2h0YjNWdWRHVmtLU0I3Q2lBZ0lDQWdJQ0FnVTJOaFptWnZiR1JOWlhOelpXNW5aWEl1YjJZb1kyOXVkR1Y0ZENrdWMyaHZkMU51WVdOclFtRnlLQW9nSUNBZ0lDQWdJQ0FnVTI1aFkydENZWElvWTI5dWRHVnVkRG9nVkdWNGRDaG9kVzFoYm1sNlpVVnljbTl5S0dWeWNtOXlLU2twTEFvZ0lDQWdJQ0FnSUNrN0NpQWdJQ0FnSUgwS0lDQWdJSDBnWm1sdVlXeHNlU0I3Q2lBZ0lDQWdJR2xtSUNodGIzVnVkR1ZrS1NCelpYUlRkR0YwWlNnb0tTQTlQaUJmWTNKbFlYUnBibWNnUFNCbVlXeHpaU2s3Q2lBZ0lDQjlDaUFnZlFvS0lDQkFiM1psY25KcFpHVUtJQ0JYYVdSblpYUWdZblZwYkdRb1FuVnBiR1JEYjI1MFpYaDBJR052Ym5SbGVIUXBJSHNLSUNBZ0lHWnBibUZzSUdKaFpHZGxjMEZ6ZVc1aklEMGdjbVZtTG5kaGRHTm9LR0poWkdkbFEyRjBZV3h2WjFCeWIzWnBaR1Z5S1RzS0NpQWdJQ0J5WlhSMWNtNGdVMk5oWm1admJHUW9DaUFnSUNBZ0lHRndjRUpoY2pvZ1IzSnBiblJoUVhCd1FtRnlLSFJwZEd4bE9pQmpiMjV6ZENCVVpYaDBLQ2RDWVdSblpYTW5LU3dnWVdSdGFXNDZJSFJ5ZFdVcExBb2dJQ0FnSUNCaWIyUjVPaUJNYVhOMFZtbGxkeWdLSUNBZ0lDQWdJQ0J3WVdSa2FXNW5PaUJqYjI1emRDQkZaR2RsU1c1elpYUnpMbVp5YjIxTVZGSkNLREUyTENBeE5pd2dNVFlzSURRd0tTd0tJQ0FnSUNBZ0lDQmphR2xzWkhKbGJqb2dXd29nSUNBZ0lDQWdJQ0FnWDBOeVpXRjBaVUpoWkdkbFEyRnlaQ2dLSUNBZ0lDQWdJQ0FnSUNBZ2JtRnRaVU52Ym5SeWIyeHNaWEk2SUY5dVlXMWxRMjl1ZEhKdmJHeGxjaXdLSUNBZ0lDQWdJQ0FnSUNBZ1pHVnpZME52Ym5SeWIyeHNaWEk2SUY5a1pYTmpRMjl1ZEhKdmJHeGxjaXdLSUNBZ0lDQWdJQ0FnSUNBZ1pXMXZhbWxEYjI1MGNtOXNiR1Z5T2lCZlpXMXZhbWxEYjI1MGNtOXNiR1Z5TEFvZ0lDQWdJQ0FnSUNBZ0lDQmpjbVZoZEdsdVp6b2dYMk55WldGMGFXNW5MQW9nSUNBZ0lDQWdJQ0FnSUNCamIyeHZja05vYjJsalpYTTZJRjlqYjJ4dmNrTm9iMmxqWlhNc0NpQWdJQ0FnSUNBZ0lDQWdJSE5sYkdWamRHVmtRMjlzYjNJNklGOWpiMnh2Y2tobGVDd0tJQ0Fn
Shell: SUNBZ0lDQWdJQ0FnYjI1RGIyeHZjbE5sYkdWamRHVmtPaUFvWXlrZ1BUNGdjMlYwVTNSaGRHVW9LQ2tnUFQ0Z1gyTnZiRzl5U0dWNElEMGdZeWtzQ2lBZ0lDQWdJQ0FnSUNBZ0lHOXVSVzF2YW1sRGFHRnVaMlZrT2lBb0tTQTlQaUJ6WlhSVGRHRjBaU2dvS1NCN2ZTa3NDaUFnSUNBZ0lDQWdJQ0FnSUc5dVEzSmxZWFJsT2lCZlkzSmxZWFJsUW1Ga1oyVXNDaUFnSUNBZ0lDQWdJQ0FwTEFvZ0lDQWdJQ0FnSUNBZ1kyOXVjM1FnVTJsNlpXUkNiM2dvYUdWcFoyaDBPaUF5TkNrc0NpQWdJQ0FnSUNBZ0lDQlVaWGgwS0NkVWIzVnpJR3hsY3lCaVlXUm5aWE1uTEFvZ0lDQWdJQ0FnSUNBZ0lDQWdJSE4wZVd4bE9pQlVhR1Z0WlM1dlppaGpiMjUwWlhoMEtTNTBaWGgwVkdobGJXVXVkR2wwYkdWTVlYSm5aU2tzQ2lBZ0lDQWdJQ0FnSUNCamIyNXpkQ0JUYVhwbFpFSnZlQ2hvWldsbmFIUTZJRFFwTEFvZ0lDQWdJQ0FnSUNBZ1ZHVjRkQ2dLSUNBZ0lDQWdJQ0FnSUNBZ0oxUnZkV05vWlNCMWJpQmlZV1JuWlNCd2IzVnlJSFp2YVhJZ2MyOXVJR0poY3NPb2JXVWdZMjl0Y0d4bGRDQmxkQ0J6WVNCa1pYTmpjbWx3ZEdsdmJpd2dKd29nSUNBZ0lDQWdJQ0FnSUNBbmNIVnBjeUJzNG9DWllYUjBjbWxpZFdWeUlHOTFJR3hsSUhKbGRHbHlaWEl1Snl3S0lDQWdJQ0FnSUNBZ0lDQWdjM1I1YkdVNklGUm9aVzFsTG05bUtHTnZiblJsZUhRcExuUmxlSFJVYUdWdFpTNWliMlI1VTIxaGJHd3NDaUFnSUNBZ0lDQWdJQ0FwTEFvZ0lDQWdJQ0FnSUNBZ1kyOXVjM1FnVTJsNlpXUkNiM2dvYUdWcFoyaDBPaUF4TWlrc0NpQWdJQ0FnSUNBZ0lDQlVaWGgwUm1sbGJHUW9DaUFnSUNBZ0lDQWdJQ0FnSUdOdmJuUnliMnhzWlhJNklGOXpaV0Z5WTJoRGIyNTBjbTlzYkdWeUxBb2dJQ0FnSUNBZ0lDQWdJQ0JrWldOdmNtRjBhVzl1T2lCamIyNXpkQ0JKYm5CMWRFUmxZMjl5WVhScGIyNG9DaUFnSUNBZ0lDQWdJQ0FnSUNBZ2NISmxabWw0U1dOdmJqb2dTV052YmloSlkyOXVjeTV6WldGeVkyZ3BMQW9nSUNBZ0lDQWdJQ0FnSUNBZ0lHaHBiblJVWlhoME9pQW5VbVZqYUdWeVkyaGxjaUIxYmlCaVlXUm5aZUtBcGljc0NpQWdJQ0FnSUNBZ0lDQWdJQ2tzQ2lBZ0lDQWdJQ0FnSUNBZ0lHOXVRMmhoYm1kbFpEb2dLSFlwSUQwK0lITmxkRk4wWVhSbEtDZ3BJRDArSUY5eGRXVnllU0E5SUhZdWRISnBiU2dwTG5SdlRHOTNaWEpEWVhObEtDa3BMQW9nSUNBZ0lDQWdJQ0FnS1N3S0lDQWdJQ0FnSUNBZ0lHTnZibk4wSUZOcGVtVmtRbTk0S0dobGFXZG9kRG9nTVRJcExBb2dJQ0FnSUNBZ0lDQWdZbUZrWjJWelFYTjVibU11ZDJobGJpZ0tJQ0FnSUNBZ0lDQWdJQ0FnYkc5aFpHbHVaem9nS0NrZ1BUNGdZMjl1YzNRZ1VHRmtaR2x1WnlnS0lDQWdJQ0FnSUNBZ0lDQWdJQ0J3WVdSa2FXNW5PaUJGWkdkbFNXNXpaWFJ6TG1Gc2JDZ3lOQ2tzQ2lBZ0lDQWdJQ0FnSUNBZ0lDQWdZMmhwYkdRNklFTmxiblJsY2loamFHbHNaRG9nUjNKcGJuUmhVSEp2WjNKbGMzTkpibVJwWTJGMGIzSW9LU2tzQ2lBZ0lDQWdJQ0FnSUNBZ0lDa3NDaUFnSUNBZ0lDQWdJQ0FnSUdWeWNtOXlPaUFvWlN3Z1h5a2dQVDRnVkdWNGRDaG9kVzFoYm1sNlpVVnljbTl5S0dVcEtTd0tJQ0FnSUNBZ0lDQWdJQ0FnWkdGMFlUb2dLR0poWkdkbGN5a2dld29nSUNBZ0lDQWdJQ0FnSUNBZ0lHWnBibUZzSUdacGJIUmxjbVZrSUQwZ1gzRjFaWEo1TG1selJXMXdkSGtLSUNBZ0lDQWdJQ0FnSUNBZ0lDQWdJQ0FnUHlCaVlXUm5aWE1LSUNBZ0lDQWdJQ0FnSUNBZ0lDQWdJQ0FnT2lCaVlXUm5aWE1LSUNBZ0lDQWdJQ0FnSUNBZ0lDQWdJQ0FnSUNBZ0lDNTNhR1Z5WlNnb1lpa2dQVDRnWWk1dVlXMWxMblJ2VEc5M1pYSkRZWE5sS0NrdVkyOXVkR0ZwYm5Nb1gzRjFaWEo1S1NrS0lDQWdJQ0FnSUNBZ0lDQWdJQ0FnSUNBZ0lDQWdJQzUwYjB4cGMzUW9LVHNLSUNBZ0lDQWdJQ0FnSUNBZ0lDQnBaaUFvWm1sc2RHVnlaV1F1YVhORmJYQjBlU2tnZXdvZ0lDQWdJQ0FnSUNBZ0lDQWdJQ0FnY21WMGRYSnVJR052Ym5OMElGQmhaR1JwYm1jb0NpQWdJQ0FnSUNBZ0lDQWdJQ0FnSUNBZ0lIQmhaR1JwYm1jNklFVmtaMlZKYm5ObGRITXVZV3hzS0RFMktTd0tJQ0FnSUNBZ0lDQWdJQ0FnSUNBZ0lDQWdZMmhwYkdRNklGUmxlSFFvSjBGMVkzVnVJR0poWkdkbElIUnliM1YydzZrdUp5a3NDaUFnSUNBZ0lDQWdJQ0FnSUNBZ0lDQXBPd29nSUNBZ0lDQWdJQ0FnSUNBZ0lIMEtJQ0FnSUNBZ0lDQWdJQ0FnSUNCeVpYUjFjbTRnUTI5c2RXMXVLQW9nSUNBZ0lDQWdJQ0FnSUNBZ0lDQWdZMmhwYkdSeVpXNDZJRnNLSUNBZ0lDQWdJQ0FnSUNBZ0lDQWdJQ0FnWm05eUlDaG1hVzVoYkNCaUlHbHVJR1pwYkhSbGNtVmtLUW9nSUNBZ0lDQWdJQ0FnSUNBZ0lDQWdJQ0FnSUVOaGNtUW9DaUFnSUNBZ0lDQWdJQ0FnSUNBZ0lDQWdJQ0FnSUNCdFlYSm5hVzQ2SUdOdmJuTjBJRVZrWjJWSmJuTmxkSE11YjI1c2VTaGliM1IwYjIwNklEZ3BMQW9nSUNBZ0lDQWdJQ0FnSUNBZ0lDQWdJQ0FnSUNBZ1kyaHBiR1E2SUV4cGMzUlVhV3hsS0FvZ0lDQWdJQ0FnSUNBZ0lDQWdJQ0FnSUNBZ0lDQWdJQ0JzWldGa2FXNW5PaUJDWVdSblpVVnRZbXhsYlNnS0lDQWdJQ0FnSUNBZ0lDQWdJQ0FnSUNBZ0lDQWdJQ0FnSUNCbGJXOXFhVG9nWWk1bGJXOXFhU3dLSUNBZ0lDQWdJQ0FnSUNBZ0lDQWdJQ0FnSUNBZ0lDQWdJQ0JwYldGblpWVnliRG9nWWk1cGJXRm5aVlZ5YkN3S0lDQWdJQ0FnSUNBZ0lDQWdJQ0FnSUNBZ0lDQWdJQ0FnSUNCamIyeHZjam9nWWk1amIyeHZjaXdLSUNBZ0lDQWdJQ0FnSUNBZ0lDQWdJQ0FnSUNBZ0lDQWdJQ0JpWVhKbGJXVk1ZV0psYkRvZ1ltRnlaVzFsVEdGaVpXeEdiM0lvWWk1dFpYUnlhV01zSUdJdWRHaHlaWE5vYjJ4a0tTd0tJQ0FnSUNBZ0lDQWdJQ0FnSUNBZ0lDQWdJQ0FnSUNBZ0lDQnphRzkzVTNSaGNqb2dZaTVvWVhOVGRHRnlMQW9nSUNBZ0lDQWdJQ0FnSUNBZ0lDQWdJQ0FnSUNBZ0lDQWdJSE5wZW1VNklEVTBMQW9nSUNBZ0lDQWdJQ0FnSUNBZ0lDQWdJQ0FnSUNBZ0lDQXBMQW9nSUNBZ0lDQWdJQ0FnSUNBZ0lDQWdJQ0Fn
Shell: SUNBZ0lDQjBhWFJzWlRvZ1ZHVjRkQ2hpTG01aGJXVXBMQW9nSUNBZ0lDQWdJQ0FnSUNBZ0lDQWdJQ0FnSUNBZ0lDQnpkV0owYVhSc1pUb2dZaTVrWlhOamNtbHdkR2x2Ymk1cGMwNXZkRVZ0Y0hSNUNpQWdJQ0FnSUNBZ0lDQWdJQ0FnSUNBZ0lDQWdJQ0FnSUNBZ0lDQS9JRlJsZUhRb0NpQWdJQ0FnSUNBZ0lDQWdJQ0FnSUNBZ0lDQWdJQ0FnSUNBZ0lDQWdJQ0FnWWk1a1pYTmpjbWx3ZEdsdmJpd0tJQ0FnSUNBZ0lDQWdJQ0FnSUNBZ0lDQWdJQ0FnSUNBZ0lDQWdJQ0FnSUNCdFlYaE1hVzVsY3pvZ01pd0tJQ0FnSUNBZ0lDQWdJQ0FnSUNBZ0lDQWdJQ0FnSUNBZ0lDQWdJQ0FnSUNCdmRtVnlabXh2ZHpvZ1ZHVjRkRTkyWlhKbWJHOTNMbVZzYkdsd2MybHpMQW9nSUNBZ0lDQWdJQ0FnSUNBZ0lDQWdJQ0FnSUNBZ0lDQWdJQ0FnSUNBcENpQWdJQ0FnSUNBZ0lDQWdJQ0FnSUNBZ0lDQWdJQ0FnSUNBZ0lDQTZJQ2hpTG10cGJtUWdQVDBnSjJOMWMzUnZiU2NLSUNBZ0lDQWdJQ0FnSUNBZ0lDQWdJQ0FnSUNBZ0lDQWdJQ0FnSUNBZ0lDQS9JR052Ym5OMElGUmxlSFFvSjBOMWMzUnZiU2NwQ2lBZ0lDQWdJQ0FnSUNBZ0lDQWdJQ0FnSUNBZ0lDQWdJQ0FnSUNBZ0lDQWdPaUJ1ZFd4c0tTd0tJQ0FnSUNBZ0lDQWdJQ0FnSUNBZ0lDQWdJQ0FnSUNBZ2FYTlVhSEpsWlV4cGJtVTZJR0l1WkdWelkzSnBjSFJwYjI0dWFYTk9iM1JGYlhCMGVTd0tJQ0FnSUNBZ0lDQWdJQ0FnSUNBZ0lDQWdJQ0FnSUNBZ2RISmhhV3hwYm1jNklHTnZibk4wSUVsamIyNG9TV052Ym5NdVkyaGxkbkp2Ymw5eWFXZG9kQ2tzQ2lBZ0lDQWdJQ0FnSUNBZ0lDQWdJQ0FnSUNBZ0lDQWdJRzl1VkdGd09pQW9LU0E5UGlCemFHOTNRbUZrWjJWRVpYUmhhV3hUYUdWbGRDZ0tJQ0FnSUNBZ0lDQWdJQ0FnSUNBZ0lDQWdJQ0FnSUNBZ0lDQmpiMjUwWlhoMExBb2dJQ0FnSUNBZ0lDQWdJQ0FnSUNBZ0lDQWdJQ0FnSUNBZ0lHSXNDaUFnSUNBZ0lDQWdJQ0FnSUNBZ0lDQWdJQ0FnSUNBZ0lDQWdiMjVCZDJGeVpEb2dLQ2tnZXdvZ0lDQWdJQ0FnSUNBZ0lDQWdJQ0FnSUNBZ0lDQWdJQ0FnSUNBZ1RtRjJhV2RoZEc5eUxtOW1LR052Ym5SbGVIUXBMbkJ2Y0NncE93b2dJQ0FnSUNBZ0lDQWdJQ0FnSUNBZ0lDQWdJQ0FnSUNBZ0lDQWdjMmh2ZDAxdlpHRnNRbTkwZEc5dFUyaGxaWFE4ZG05cFpENG9DaUFnSUNBZ0lDQWdJQ0FnSUNBZ0lDQWdJQ0FnSUNBZ0lDQWdJQ0FnSUdOdmJuUmxlSFE2SUdOdmJuUmxlSFFzQ2lBZ0lDQWdJQ0FnSUNBZ0lDQWdJQ0FnSUNBZ0lDQWdJQ0FnSUNBZ0lHbHpVMk55YjJ4c1EyOXVkSEp2Ykd4bFpEb2dkSEoxWlN3S0lDQWdJQ0FnSUNBZ0lDQWdJQ0FnSUNBZ0lDQWdJQ0FnSUNBZ0lDQWdjMmh2ZDBSeVlXZElZVzVrYkdVNklIUnlkV1VzQ2lBZ0lDQWdJQ0FnSUNBZ0lDQWdJQ0FnSUNBZ0lDQWdJQ0FnSUNBZ0lHSjFhV3hrWlhJNklDaGZLU0E5UGlCZlFYZGhjbVJUYUdWbGRDaGlZV1JuWlRvZ1lpa3NDaUFnSUNBZ0lDQWdJQ0FnSUNBZ0lDQWdJQ0FnSUNBZ0lDQWdJQ0FwT3dvZ0lDQWdJQ0FnSUNBZ0lDQWdJQ0FnSUNBZ0lDQWdJQ0FnSUgwc0NpQWdJQ0FnSUNBZ0lDQWdJQ0FnSUNBZ0lDQWdJQ0FnSUNrc0NpQWdJQ0FnSUNBZ0lDQWdJQ0FnSUNBZ0lDQWdJQ0FwTEFvZ0lDQWdJQ0FnSUNBZ0lDQWdJQ0FnSUNBZ0lDa3NDaUFnSUNBZ0lDQWdJQ0FnSUNBZ0lDQmRMQW9nSUNBZ0lDQWdJQ0FnSUNBZ0lDazdDaUFnSUNBZ0lDQWdJQ0FnSUgwc0NpQWdJQ0FnSUNBZ0lDQXBMQW9nSUNBZ0lDQWdJRjBzQ2lBZ0lDQWdJQ2tzQ2lBZ0lDQXBPd29nSUgwS2ZRb0tZMnhoYzNNZ1gwTnlaV0YwWlVKaFpHZGxRMkZ5WkNCbGVIUmxibVJ6SUZOMFlYUmxiR1Z6YzFkcFpHZGxkQ0I3Q2lBZ1kyOXVjM1FnWDBOeVpXRjBaVUpoWkdkbFEyRnlaQ2g3Q2lBZ0lDQnlaWEYxYVhKbFpDQjBhR2x6TG01aGJXVkRiMjUwY205c2JHVnlMQW9nSUNBZ2NtVnhkV2x5WldRZ2RHaHBjeTVrWlhOalEyOXVkSEp2Ykd4bGNpd0tJQ0FnSUhKbGNYVnBjbVZrSUhSb2FYTXVaVzF2YW1sRGIyNTBjbTlzYkdWeUxBb2dJQ0FnY21WeGRXbHlaV1FnZEdocGN5NWpjbVZoZEdsdVp5d0tJQ0FnSUhKbGNYVnBjbVZrSUhSb2FYTXVZMjlzYjNKRGFHOXBZMlZ6TEFvZ0lDQWdjbVZ4ZFdseVpXUWdkR2hwY3k1elpXeGxZM1JsWkVOdmJHOXlMQW9nSUNBZ2NtVnhkV2x5WldRZ2RHaHBjeTV2YmtOdmJHOXlVMlZzWldOMFpXUXNDaUFnSUNCeVpYRjFhWEpsWkNCMGFHbHpMbTl1UlcxdmFtbERhR0Z1WjJWa0xBb2dJQ0FnY21WeGRXbHlaV1FnZEdocGN5NXZia055WldGMFpTd0tJQ0I5S1RzS0NpQWdabWx1WVd3Z1ZHVjRkRVZrYVhScGJtZERiMjUwY205c2JHVnlJRzVoYldWRGIyNTBjbTlzYkdWeU93b2dJR1pwYm1Gc0lGUmxlSFJGWkdsMGFXNW5RMjl1ZEhKdmJHeGxjaUJrWlhOalEyOXVkSEp2Ykd4bGNqc0tJQ0JtYVc1aGJDQlVaWGgwUldScGRHbHVaME52Ym5SeWIyeHNaWElnWlcxdmFtbERiMjUwY205c2JHVnlPd29nSUdacGJtRnNJR0p2YjJ3Z1kzSmxZWFJwYm1jN0NpQWdabWx1WVd3Z1RHbHpkRHhUZEhKcGJtYytJR052Ykc5eVEyaHZhV05sY3pzS0lDQm1hVzVoYkNCVGRISnBibWNnYzJWc1pXTjBaV1JEYjJ4dmNqc0tJQ0JtYVc1aGJDQldZV3gxWlVOb1lXNW5aV1E4VTNSeWFXNW5QaUJ2YmtOdmJHOXlVMlZzWldOMFpXUTdDaUFnWm1sdVlXd2dWbTlwWkVOaGJHeGlZV05ySUc5dVJXMXZhbWxEYUdGdVoyVmtPd29nSUdacGJtRnNJRlp2YVdSRFlXeHNZbUZqYXlCdmJrTnlaV0YwWlRzS0NpQWdRRzkyWlhKeWFXUmxDaUFnVjJsa1oyVjBJR0oxYVd4a0tFSjFhV3hrUTI5dWRHVjRkQ0JqYjI1MFpYaDBLU0I3Q2lBZ0lDQnlaWFIxY200Z1EyRnlaQ2dLSUNBZ0lDQWdZMmhwYkdRNklGQmhaR1JwYm1jb0NpQWdJQ0FnSUNBZ2NHRmtaR2x1WnpvZ1kyOXVjM1FnUldSblpVbHVjMlYwY3k1aGJHd29NVFlwTEFvZ0lDQWdJQ0FnSUdOb2FXeGtPaUJEYjJ4MWJXNG9DaUFnSUNBZ0lDQWdJQ0JqY205emMwRjRhWE5CYkdsbmJtMWxiblE2SUVOeWIzTnpRWGhwYzBGc2FXZHViV1Z1ZEM1emRHRnlkQ3dL
Shell: SUNBZ0lDQWdJQ0FnSUdOb2FXeGtjbVZ1T2lCYkNpQWdJQ0FnSUNBZ0lDQWdJRkp2ZHlnS0lDQWdJQ0FnSUNBZ0lDQWdJQ0JqYUdsc1pISmxiam9nV3dvZ0lDQWdJQ0FnSUNBZ0lDQWdJQ0FnVkdWNGRDZ25RM0xEcVdWeUlIVnVJR0poWkdkbEp5d0tJQ0FnSUNBZ0lDQWdJQ0FnSUNBZ0lDQWdJQ0J6ZEhsc1pUb2dWR2hsYldVdWIyWW9ZMjl1ZEdWNGRDa3VkR1Y0ZEZSb1pXMWxMblJwZEd4bFRHRnlaMlVwTEFvZ0lDQWdJQ0FnSUNBZ0lDQWdJQ0FnWTI5dWMzUWdVM0JoWTJWeUtDa3NDaUFnSUNBZ0lDQWdJQ0FnSUNBZ0lDQkNZV1JuWlVWdFlteGxiU2dLSUNBZ0lDQWdJQ0FnSUNBZ0lDQWdJQ0FnWlcxdmFtazZJR1Z0YjJwcFEyOXVkSEp2Ykd4bGNpNTBaWGgwTG5SeWFXMG9LUzVwYzBWdGNIUjVDaUFnSUNBZ0lDQWdJQ0FnSUNBZ0lDQWdJQ0FnSUNBL0lDZnduNCtGSndvZ0lDQWdJQ0FnSUNBZ0lDQWdJQ0FnSUNBZ0lDQWdPaUJsYlc5cWFVTnZiblJ5YjJ4c1pYSXVkR1Y0ZEM1MGNtbHRLQ2tzQ2lBZ0lDQWdJQ0FnSUNBZ0lDQWdJQ0FnSUdOdmJHOXlPaUJ6Wld4bFkzUmxaRU52Ykc5eUxBb2dJQ0FnSUNBZ0lDQWdJQ0FnSUNBZ0lDQnphWHBsT2lBME9Dd0tJQ0FnSUNBZ0lDQWdJQ0FnSUNBZ0lDa3NDaUFnSUNBZ0lDQWdJQ0FnSUNBZ1hTd0tJQ0FnSUNBZ0lDQWdJQ0FnS1N3S0lDQWdJQ0FnSUNBZ0lDQWdZMjl1YzNRZ1UybDZaV1JDYjNnb2FHVnBaMmgwT2lBeE1pa3NDaUFnSUNBZ0lDQWdJQ0FnSUZSbGVIUW9KME52ZFd4bGRYSWdaR1VnYkZ3blpXMWliTU9vYldVbkxBb2dJQ0FnSUNBZ0lDQWdJQ0FnSUNBZ2MzUjViR1U2SUZSb1pXMWxMbTltS0dOdmJuUmxlSFFwTG5SbGVIUlVhR1Z0WlM1aWIyUjVVMjFoYkd3cExBb2dJQ0FnSUNBZ0lDQWdJQ0JqYjI1emRDQlRhWHBsWkVKdmVDaG9aV2xuYUhRNklEZ3BMQW9nSUNBZ0lDQWdJQ0FnSUNCWGNtRndLQW9nSUNBZ0lDQWdJQ0FnSUNBZ0lITndZV05wYm1jNklERXdMQW9nSUNBZ0lDQWdJQ0FnSUNBZ0lISjFibE53WVdOcGJtYzZJREV3TEFvZ0lDQWdJQ0FnSUNBZ0lDQWdJR05vYVd4a2NtVnVPaUJiQ2lBZ0lDQWdJQ0FnSUNBZ0lDQWdJQ0JtYjNJZ0tHWnBibUZzSUdobGVDQnBiaUJqYjJ4dmNrTm9iMmxqWlhNcENpQWdJQ0FnSUNBZ0lDQWdJQ0FnSUNBZ0lFZGxjM1IxY21WRVpYUmxZM1J2Y2lnS0lDQWdJQ0FnSUNBZ0lDQWdJQ0FnSUNBZ0lDQnZibFJoY0RvZ0tDa2dQVDRnYjI1RGIyeHZjbE5sYkdWamRHVmtLR2hsZUNrc0NpQWdJQ0FnSUNBZ0lDQWdJQ0FnSUNBZ0lDQWdZMmhwYkdRNklFTnZiblJoYVc1bGNpZ0tJQ0FnSUNBZ0lDQWdJQ0FnSUNBZ0lDQWdJQ0FnSUhkcFpIUm9PaUF6TkN3S0lDQWdJQ0FnSUNBZ0lDQWdJQ0FnSUNBZ0lDQWdJR2hsYVdkb2REb2dNelFzQ2lBZ0lDQWdJQ0FnSUNBZ0lDQWdJQ0FnSUNBZ0lDQmtaV052Y21GMGFXOXVPaUJDYjNoRVpXTnZjbUYwYVc5dUtBb2dJQ0FnSUNBZ0lDQWdJQ0FnSUNBZ0lDQWdJQ0FnSUNCamIyeHZjam9nY0dGeWMyVkNZV1JuWlVOdmJHOXlLR2hsZUNrc0NpQWdJQ0FnSUNBZ0lDQWdJQ0FnSUNBZ0lDQWdJQ0FnSUdKdmNtUmxjbEpoWkdsMWN6b2dRbTl5WkdWeVVtRmthWFZ6TG1OcGNtTjFiR0Z5S0RrcExBb2dJQ0FnSUNBZ0lDQWdJQ0FnSUNBZ0lDQWdJQ0FnSUNCaWIzSmtaWEk2SUVKdmNtUmxjaTVoYkd3b0NpQWdJQ0FnSUNBZ0lDQWdJQ0FnSUNBZ0lDQWdJQ0FnSUNBZ1kyOXNiM0k2SUdobGVDQTlQU0J6Wld4bFkzUmxaRU52Ykc5eUNpQWdJQ0FnSUNBZ0lDQWdJQ0FnSUNBZ0lDQWdJQ0FnSUNBZ0lDQWdJRDhnUTI5c2IzSnpMbmRvYVhSbENpQWdJQ0FnSUNBZ0lDQWdJQ0FnSUNBZ0lDQWdJQ0FnSUNBZ0lDQWdJRG9nUTI5c2IzSnpMblJ5WVc1emNHRnlaVzUwTEFvZ0lDQWdJQ0FnSUNBZ0lDQWdJQ0FnSUNBZ0lDQWdJQ0FnSUhkcFpIUm9PaUF5TGpVc0NpQWdJQ0FnSUNBZ0lDQWdJQ0FnSUNBZ0lDQWdJQ0FnSUNrc0NpQWdJQ0FnSUNBZ0lDQWdJQ0FnSUNBZ0lDQWdJQ0FwTEFvZ0lDQWdJQ0FnSUNBZ0lDQWdJQ0FnSUNBZ0lDa3NDaUFnSUNBZ0lDQWdJQ0FnSUNBZ0lDQWdJQ2tzQ2lBZ0lDQWdJQ0FnSUNBZ0lDQWdYU3dLSUNBZ0lDQWdJQ0FnSUNBZ0tTd0tJQ0FnSUNBZ0lDQWdJQ0FnWTI5dWMzUWdVMmw2WldSQ2IzZ29hR1ZwWjJoME9pQXhNaWtzQ2lBZ0lDQWdJQ0FnSUNBZ0lGUmxlSFJHYVdWc1pDZ0tJQ0FnSUNBZ0lDQWdJQ0FnSUNCamIyNTBjbTlzYkdWeU9pQnVZVzFsUTI5dWRISnZiR3hsY2l3S0lDQWdJQ0FnSUNBZ0lDQWdJQ0IwWlhoMFEyRndhWFJoYkdsNllYUnBiMjQ2SUZSbGVIUkRZWEJwZEdGc2FYcGhkR2x2Ymk1elpXNTBaVzVqWlhNc0NpQWdJQ0FnSUNBZ0lDQWdJQ0FnWkdWamIzSmhkR2x2YmpvZ1kyOXVjM1FnU1c1d2RYUkVaV052Y21GMGFXOXVLQW9nSUNBZ0lDQWdJQ0FnSUNBZ0lDQWdiR0ZpWld4VVpYaDBPaUFuVG05dElHUjFJR0poWkdkbEp5d0tJQ0FnSUNBZ0lDQWdJQ0FnSUNBZ0lHaHBiblJVWlhoME9pQW5SWGd1SUVOb1lXMXdhVzl1SUdSMUlFSkNVU2NzQ2lBZ0lDQWdJQ0FnSUNBZ0lDQWdLU3dLSUNBZ0lDQWdJQ0FnSUNBZ0tTd0tJQ0FnSUNBZ0lDQWdJQ0FnWTI5dWMzUWdVMmw2WldSQ2IzZ29hR1ZwWjJoME9pQXhNaWtzQ2lBZ0lDQWdJQ0FnSUNBZ0lGUmxlSFJHYVdWc1pDZ0tJQ0FnSUNBZ0lDQWdJQ0FnSUNCamIyNTBjbTlzYkdWeU9pQmtaWE5qUTI5dWRISnZiR3hsY2l3S0lDQWdJQ0FnSUNBZ0lDQWdJQ0IwWlhoMFEyRndhWFJoYkdsNllYUnBiMjQ2SUZSbGVIUkRZWEJwZEdGc2FYcGhkR2x2Ymk1elpXNTBaVzVqWlhNc0NpQWdJQ0FnSUNBZ0lDQWdJQ0FnWkdWamIzSmhkR2x2YmpvZ1kyOXVjM1FnU1c1d2RYUkVaV052Y21GMGFXOXVLQW9nSUNBZ0lDQWdJQ0FnSUNBZ0lDQWdiR0ZpWld4VVpYaDBPaUFuUkdWelkzSnBjSFJwYjI0Z0tHWmhZM1ZzZEdGMGFXWXBKeXdLSUNBZ0lDQWdJQ0FnSUNBZ0lDQXBMQW9nSUNBZ0lDQWdJQ0FnSUNBcExBb2dJQ0FnSUNBZ0lDQWdJQ0JqYjI1emRDQlRhWHBsWkVKdmVDaG9aV2xuYUhRNklERTJLU3dLSUNBZ0lDQWdJQ0Fn
Shell: SUNBZ1ZHVjRkRVpwWld4a0tBb2dJQ0FnSUNBZ0lDQWdJQ0FnSUdOdmJuUnliMnhzWlhJNklHVnRiMnBwUTI5dWRISnZiR3hsY2l3S0lDQWdJQ0FnSUNBZ0lDQWdJQ0J2YmtOb1lXNW5aV1E2SUNoZktTQTlQaUJ2YmtWdGIycHBRMmhoYm1kbFpDZ3BMQW9nSUNBZ0lDQWdJQ0FnSUNBZ0lIUmxlSFJCYkdsbmJqb2dWR1Y0ZEVGc2FXZHVMbU5sYm5SbGNpd0tJQ0FnSUNBZ0lDQWdJQ0FnSUNCdFlYaE1aVzVuZEdnNklEUXNDaUFnSUNBZ0lDQWdJQ0FnSUNBZ2MzUjViR1U2SUdOdmJuTjBJRlJsZUhSVGRIbHNaU2htYjI1MFUybDZaVG9nTWpZcExBb2dJQ0FnSUNBZ0lDQWdJQ0FnSUdSbFkyOXlZWFJwYjI0NklHTnZibk4wSUVsdWNIVjBSR1ZqYjNKaGRHbHZiaWdLSUNBZ0lDQWdJQ0FnSUNBZ0lDQWdJR3hoWW1Wc1ZHVjRkRG9nSjBWdGIycHBJR1IxSUdKaFpHZGxKeXdLSUNBZ0lDQWdJQ0FnSUNBZ0lDQWdJR2hwYm5SVVpYaDBPaUFuOEorUGhTY3NDaUFnSUNBZ0lDQWdJQ0FnSUNBZ0lDQmpiM1Z1ZEdWeVZHVjRkRG9nSnljc0NpQWdJQ0FnSUNBZ0lDQWdJQ0FnS1N3S0lDQWdJQ0FnSUNBZ0lDQWdLU3dLSUNBZ0lDQWdJQ0FnSUNBZ1kyOXVjM1FnVTJsNlpXUkNiM2dvYUdWcFoyaDBPaUEwS1N3S0lDQWdJQ0FnSUNBZ0lDQWdWR1Y0ZENnS0lDQWdJQ0FnSUNBZ0lDQWdJQ0FuUTJodmFYTnBjeUIxYmlCbGJXOXFhU0JoZFNCamJHRjJhV1Z5SUNoamIyMXRaU0JzWlhNZ1lYVjBjbVZ6SUdKaFpHZGxjeWt1SUNjS0lDQWdJQ0FnSUNBZ0lDQWdJQ0FuVTJGdWN5QmxiVzlxYVN3Z2RXNWxJRzNEcVdSaGFXeHNaU0R3bjQrRklHVnpkQ0IxZEdsc2FYUERxV1VnY0dGeUlHVERxV1poZFhRdUp5d0tJQ0FnSUNBZ0lDQWdJQ0FnSUNCemRIbHNaVG9nVkdobGJXVXViMllvWTI5dWRHVjRkQ2t1ZEdWNGRGUm9aVzFsTG1KdlpIbFRiV0ZzYkN3S0lDQWdJQ0FnSUNBZ0lDQWdLU3dLSUNBZ0lDQWdJQ0FnSUNBZ1kyOXVjM1FnVTJsNlpXUkNiM2dvYUdWcFoyaDBPaUF4Tmlrc0NpQWdJQ0FnSUNBZ0lDQWdJRk5wZW1Wa1FtOTRLQW9nSUNBZ0lDQWdJQ0FnSUNBZ0lIZHBaSFJvT2lCa2IzVmliR1V1YVc1bWFXNXBkSGtzQ2lBZ0lDQWdJQ0FnSUNBZ0lDQWdZMmhwYkdRNklFWnBiR3hsWkVKMWRIUnZiaTVwWTI5dUtBb2dJQ0FnSUNBZ0lDQWdJQ0FnSUNBZ2IyNVFjbVZ6YzJWa09pQmpjbVZoZEdsdVp5QS9JRzUxYkd3Z09pQnZia055WldGMFpTd0tJQ0FnSUNBZ0lDQWdJQ0FnSUNBZ0lHbGpiMjQ2SUdOeVpXRjBhVzVuQ2lBZ0lDQWdJQ0FnSUNBZ0lDQWdJQ0FnSUNBZ1B5QmpiMjV6ZENCVGFYcGxaRUp2ZUNnS0lDQWdJQ0FnSUNBZ0lDQWdJQ0FnSUNBZ0lDQWdJQ0FnZDJsa2RHZzZJREU0TEFvZ0lDQWdJQ0FnSUNBZ0lDQWdJQ0FnSUNBZ0lDQWdJQ0JvWldsbmFIUTZJREU0TEFvZ0lDQWdJQ0FnSUNBZ0lDQWdJQ0FnSUNBZ0lDQWdJQ0JqYUdsc1pEb2dSM0pwYm5SaFVISnZaM0psYzNOSmJtUnBZMkYwYjNJb2MzUnliMnRsVjJsa2RHZzZJRElwTEFvZ0lDQWdJQ0FnSUNBZ0lDQWdJQ0FnSUNBZ0lDQWdLUW9nSUNBZ0lDQWdJQ0FnSUNBZ0lDQWdJQ0FnSURvZ1kyOXVjM1FnU1dOdmJpaEpZMjl1Y3k1aFpHUXBMQW9nSUNBZ0lDQWdJQ0FnSUNBZ0lDQWdiR0ZpWld3NklHTnZibk4wSUZSbGVIUW9KME55dzZsbGNpQnNaU0JpWVdSblpTY3BMQW9nSUNBZ0lDQWdJQ0FnSUNBZ0lDa3NDaUFnSUNBZ0lDQWdJQ0FnSUNrc0NpQWdJQ0FnSUNBZ0lDQmRMQW9nSUNBZ0lDQWdJQ2tzQ2lBZ0lDQWdJQ2tzQ2lBZ0lDQXBPd29nSUgwS2ZRb0tMeTh2SUVabGRXbHNiR1VnY0c5MWNpQmt3NmxqWlhKdVpYSWdMeUJ5WlhScGNtVnlJSFZ1SUdKaFpHZGxJTU9nSUdSbGN5QndaWEp6YjI1dVpYTXVDbU5zWVhOeklGOUJkMkZ5WkZOb1pXVjBJR1Y0ZEdWdVpITWdRMjl1YzNWdFpYSlRkR0YwWldaMWJGZHBaR2RsZENCN0NpQWdZMjl1YzNRZ1gwRjNZWEprVTJobFpYUW9lM0psY1hWcGNtVmtJSFJvYVhNdVltRmtaMlY5S1RzS0lDQm1hVzVoYkNCQ1lXUm5aVVJsWmlCaVlXUm5aVHNLQ2lBZ1FHOTJaWEp5YVdSbENpQWdRMjl1YzNWdFpYSlRkR0YwWlR4ZlFYZGhjbVJUYUdWbGRENGdZM0psWVhSbFUzUmhkR1VvS1NBOVBpQmZRWGRoY21SVGFHVmxkRk4wWVhSbEtDazdDbjBLQ21Oc1lYTnpJRjlCZDJGeVpGTm9aV1YwVTNSaGRHVWdaWGgwWlc1a2N5QkRiMjV6ZFcxbGNsTjBZWFJsUEY5QmQyRnlaRk5vWldWMFBpQjdDaUFnVTJWMFBGTjBjbWx1Wno0Z1gyRjNZWEprWldWeklEMGdlMzA3Q2lBZ1ptbHVZV3dnVTJWMFBGTjBjbWx1Wno0Z1gySjFjM2tnUFNCN2ZUc0tJQ0JUZEhKcGJtY2dYM0YxWlhKNUlEMGdKeWM3Q2lBZ1ltOXZiQ0JmYkc5aFpHbHVaeUE5SUhSeWRXVTdDaUFnVTNSeWFXNW5QeUJmWlhKeWIzSTdDZ29nSUVCdmRtVnljbWxrWlFvZ0lIWnZhV1FnYVc1cGRGTjBZWFJsS0NrZ2V3b2dJQ0FnYzNWd1pYSXVhVzVwZEZOMFlYUmxLQ2s3Q2lBZ0lDQmZiRzloWkNncE93b2dJSDBLQ2lBZ1JuVjBkWEpsUEhadmFXUStJRjlzYjJGa0tDa2dZWE41Ym1NZ2V3b2dJQ0FnZEhKNUlIc0tJQ0FnSUNBZ1ptbHVZV3dnWVhkaGNtUmxaWE1nUFNCaGQyRnBkQ0J5WldZS0lDQWdJQ0FnSUNBZ0lDNXlaV0ZrS0dKaFpHZGxRV1J0YVc1U1pYQnZjMmwwYjNKNVVISnZkbWxrWlhJcENpQWdJQ0FnSUNBZ0lDQXVabVYwWTJoQmQyRnlaR1ZsY3loM2FXUm5aWFF1WW1Ga1oyVXVZMjlrWlNrN0NpQWdJQ0FnSUdsbUlDaHRiM1Z1ZEdWa0tTQjdDaUFnSUNBZ0lDQWdjMlYwVTNSaGRHVW9LQ2tnZXdvZ0lDQWdJQ0FnSUNBZ1gyRjNZWEprWldWeklEMGdZWGRoY21SbFpYTTdDaUFnSUNBZ0lDQWdJQ0JmYkc5aFpHbHVaeUE5SUdaaGJITmxPd29nSUNBZ0lDQWdJSDBwT3dvZ0lDQWdJQ0I5Q2lBZ0lDQjlJR05oZEdOb0lDaGxLU0I3Q2lBZ0lDQWdJR2xtSUNodGIzVnVkR1ZrS1NCN0NpQWdJQ0FnSUNBZ2MyVjBVM1JoZEdVb0tDa2dld29nSUNBZ0lDQWdJQ0FnWDJWeWNtOXlJRDBnYUhWdFlXNXBlbVZGY25KdmNpaGxLVHNLSUNBZ0lDQWdJQ0FnSUY5c2IyRmthVzVuSUQwZ1ptRnNjMlU3
Shell: Q2lBZ0lDQWdJQ0FnZlNrN0NpQWdJQ0FnSUgwS0lDQWdJSDBLSUNCOUNnb2dJRVoxZEhWeVpUeDJiMmxrUGlCZmRHOW5aMnhsS0VGa2JXbHVVR1Z5YzI5dUlIQmxjbk52YmlrZ1lYTjVibU1nZXdvZ0lDQWdabWx1WVd3Z2NtVndieUE5SUhKbFppNXlaV0ZrS0dKaFpHZGxRV1J0YVc1U1pYQnZjMmwwYjNKNVVISnZkbWxrWlhJcE93b2dJQ0FnWm1sdVlXd2dhR0Z6SUQwZ1gyRjNZWEprWldWekxtTnZiblJoYVc1ektIQmxjbk52Ymk1cFpDazdDaUFnSUNCelpYUlRkR0YwWlNnb0tTQTlQaUJmWW5WemVTNWhaR1FvY0dWeWMyOXVMbWxrS1NrN0NpQWdJQ0IwY25rZ2V3b2dJQ0FnSUNCcFppQW9hR0Z6S1NCN0NpQWdJQ0FnSUNBZ1lYZGhhWFFnY21Wd2J5NXlaWFp2YTJWQ1lXUm5aU2gzYVdSblpYUXVZbUZrWjJVdVkyOWtaU3dnY0dWeWMyOXVMbWxrS1RzS0lDQWdJQ0FnSUNCZllYZGhjbVJsWlhNdWNtVnRiM1psS0hCbGNuTnZiaTVwWkNrN0NpQWdJQ0FnSUgwZ1pXeHpaU0I3Q2lBZ0lDQWdJQ0FnWVhkaGFYUWdjbVZ3Ynk1aGQyRnlaRUpoWkdkbEtIZHBaR2RsZEM1aVlXUm5aUzVqYjJSbExDQndaWEp6YjI0dWFXUXBPd29nSUNBZ0lDQWdJRjloZDJGeVpHVmxjeTVoWkdRb2NHVnljMjl1TG1sa0tUc0tJQ0FnSUNBZ2ZRb2dJQ0FnZlNCallYUmphQ0FvWlNrZ2V3b2dJQ0FnSUNCcFppQW9iVzkxYm5SbFpDa2dld29nSUNBZ0lDQWdJRk5qWVdabWIyeGtUV1Z6YzJWdVoyVnlMbTltS0dOdmJuUmxlSFFwTG5Ob2IzZFRibUZqYTBKaGNpZ0tJQ0FnSUNBZ0lDQWdJRk51WVdOclFtRnlLR052Ym5SbGJuUTZJRlJsZUhRb2FIVnRZVzVwZW1WRmNuSnZjaWhsS1NrcExBb2dJQ0FnSUNBZ0lDazdDaUFnSUNBZ0lIMEtJQ0FnSUgwZ1ptbHVZV3hzZVNCN0NpQWdJQ0FnSUdsbUlDaHRiM1Z1ZEdWa0tTQnpaWFJUZEdGMFpTZ29LU0E5UGlCZlluVnplUzV5WlcxdmRtVW9jR1Z5YzI5dUxtbGtLU2s3Q2lBZ0lDQjlDaUFnZlFvS0lDQkFiM1psY25KcFpHVUtJQ0JYYVdSblpYUWdZblZwYkdRb1FuVnBiR1JEYjI1MFpYaDBJR052Ym5SbGVIUXBJSHNLSUNBZ0lHWnBibUZzSUhCbGIzQnNaVUZ6ZVc1aklEMGdjbVZtTG5kaGRHTm9LR0ZrYldsdVVHVnZjR3hsVUhKdmRtbGtaWElwT3dvZ0lDQWdjbVYwZFhKdUlGQmhaR1JwYm1jb0NpQWdJQ0FnSUhCaFpHUnBibWM2SUVWa1oyVkpibk5sZEhNdWIyNXNlU2dLSUNBZ0lDQWdJQ0JzWldaME9pQXhOaXdLSUNBZ0lDQWdJQ0J5YVdkb2REb2dNVFlzQ2lBZ0lDQWdJQ0FnWW05MGRHOXRPaUJOWldScFlWRjFaWEo1TG05bUtHTnZiblJsZUhRcExuWnBaWGRKYm5ObGRITXVZbTkwZEc5dElDc2dNVFlzQ2lBZ0lDQWdJQ2tzQ2lBZ0lDQWdJR05vYVd4a09pQkRiMngxYlc0b0NpQWdJQ0FnSUNBZ2JXRnBia0Y0YVhOVGFYcGxPaUJOWVdsdVFYaHBjMU5wZW1VdWJXbHVMQW9nSUNBZ0lDQWdJR055YjNOelFYaHBjMEZzYVdkdWJXVnVkRG9nUTNKdmMzTkJlR2x6UVd4cFoyNXRaVzUwTG5OMFlYSjBMQW9nSUNBZ0lDQWdJR05vYVd4a2NtVnVPaUJiQ2lBZ0lDQWdJQ0FnSUNCU2IzY29DaUFnSUNBZ0lDQWdJQ0FnSUdOb2FXeGtjbVZ1T2lCYkNpQWdJQ0FnSUNBZ0lDQWdJQ0FnUW1Ga1oyVkZiV0pzWlcwb0NpQWdJQ0FnSUNBZ0lDQWdJQ0FnSUNCbGJXOXFhVG9nZDJsa1oyVjBMbUpoWkdkbExtVnRiMnBwTEFvZ0lDQWdJQ0FnSUNBZ0lDQWdJQ0FnYVcxaFoyVlZjbXc2SUhkcFpHZGxkQzVpWVdSblpTNXBiV0ZuWlZWeWJDd0tJQ0FnSUNBZ0lDQWdJQ0FnSUNBZ0lHTnZiRzl5T2lCM2FXUm5aWFF1WW1Ga1oyVXVZMjlzYjNJc0NpQWdJQ0FnSUNBZ0lDQWdJQ0FnSUNCaVlYSmxiV1ZNWVdKbGJEb2dZbUZ5WlcxbFRHRmlaV3hHYjNJb0NpQWdJQ0FnSUNBZ0lDQWdJQ0FnSUNBZ0lIZHBaR2RsZEM1aVlXUm5aUzV0WlhSeWFXTXNDaUFnSUNBZ0lDQWdJQ0FnSUNBZ0lDQWdJSGRwWkdkbGRDNWlZV1JuWlM1MGFISmxjMmh2YkdRc0NpQWdJQ0FnSUNBZ0lDQWdJQ0FnSUNBcExBb2dJQ0FnSUNBZ0lDQWdJQ0FnSUNBZ2MyaHZkMU4wWVhJNklIZHBaR2RsZEM1aVlXUm5aUzVvWVhOVGRHRnlMQW9nSUNBZ0lDQWdJQ0FnSUNBZ0lDQWdjMmw2WlRvZ05UUXNDaUFnSUNBZ0lDQWdJQ0FnSUNBZ0tTd0tJQ0FnSUNBZ0lDQWdJQ0FnSUNCamIyNXpkQ0JUYVhwbFpFSnZlQ2gzYVdSMGFEb2dNVEFwTEFvZ0lDQWdJQ0FnSUNBZ0lDQWdJRVY0Y0dGdVpHVmtLQW9nSUNBZ0lDQWdJQ0FnSUNBZ0lDQWdZMmhwYkdRNklGUmxlSFFvQ2lBZ0lDQWdJQ0FnSUNBZ0lDQWdJQ0FnSUhkcFpHZGxkQzVpWVdSblpTNXVZVzFsTEFvZ0lDQWdJQ0FnSUNBZ0lDQWdJQ0FnSUNCemRIbHNaVG9nVkdobGJXVXViMllvWTI5dWRHVjRkQ2t1ZEdWNGRGUm9aVzFsTG5ScGRHeGxUR0Z5WjJVc0NpQWdJQ0FnSUNBZ0lDQWdJQ0FnSUNBcExBb2dJQ0FnSUNBZ0lDQWdJQ0FnSUNrc0NpQWdJQ0FnSUNBZ0lDQWdJRjBzQ2lBZ0lDQWdJQ0FnSUNBcExBb2dJQ0FnSUNBZ0lDQWdZMjl1YzNRZ1UybDZaV1JDYjNnb2FHVnBaMmgwT2lBeE1pa3NDaUFnSUNBZ0lDQWdJQ0JVWlhoMFJtbGxiR1FvQ2lBZ0lDQWdJQ0FnSUNBZ0lHUmxZMjl5WVhScGIyNDZJR052Ym5OMElFbHVjSFYwUkdWamIzSmhkR2x2YmlnS0lDQWdJQ0FnSUNBZ0lDQWdJQ0J3Y21WbWFYaEpZMjl1T2lCSlkyOXVLRWxqYjI1ekxuTmxZWEpqYUNrc0NpQWdJQ0FnSUNBZ0lDQWdJQ0FnYUdsdWRGUmxlSFE2SUNkU1pXTm9aWEpqYUdWeUlIVnVaU0J3WlhKemIyNXVaZUtBcGljc0NpQWdJQ0FnSUNBZ0lDQWdJQ2tzQ2lBZ0lDQWdJQ0FnSUNBZ0lHOXVRMmhoYm1kbFpEb2dLSFlwSUQwK0lITmxkRk4wWVhSbEtDZ3BJRDArSUY5eGRXVnllU0E5SUhZdWRISnBiU2dwTG5SdlRHOTNaWEpEWVhObEtDa3BMQW9nSUNBZ0lDQWdJQ0FnS1N3S0lDQWdJQ0FnSUNBZ0lHTnZibk4wSUZOcGVtVmtRbTk0S0dobGFXZG9kRG9nT0Nrc0NpQWdJQ0FnSUNBZ0lDQnBaaUFvWDJ4dllXUnBibWNnZkh3Z1gyVnljbTl5SUNFOUlHNTFiR3dwQ2lBZ0lDQWdJQ0FnSUNBZ0lGQmhaR1JwYm1jb0NpQWdJQ0FnSUNBZ0lDQWdJQ0Fn
Shell: Y0dGa1pHbHVaem9nWTI5dWMzUWdSV1JuWlVsdWMyVjBjeTVoYkd3b01qQXBMQW9nSUNBZ0lDQWdJQ0FnSUNBZ0lHTm9hV3hrT2lCZlpYSnliM0lnSVQwZ2JuVnNiQW9nSUNBZ0lDQWdJQ0FnSUNBZ0lDQWdJQ0EvSUZSbGVIUW9YMlZ5Y205eUlTa0tJQ0FnSUNBZ0lDQWdJQ0FnSUNBZ0lDQWdPaUJqYjI1emRDQkRaVzUwWlhJb1kyaHBiR1E2SUVkeWFXNTBZVkJ5YjJkeVpYTnpTVzVrYVdOaGRHOXlLQ2twTEFvZ0lDQWdJQ0FnSUNBZ0lDQXBDaUFnSUNBZ0lDQWdJQ0JsYkhObENpQWdJQ0FnSUNBZ0lDQWdJRU52Ym5OMGNtRnBibVZrUW05NEtBb2dJQ0FnSUNBZ0lDQWdJQ0FnSUdOdmJuTjBjbUZwYm5Sek9pQkNiM2hEYjI1emRISmhhVzUwY3lnS0lDQWdJQ0FnSUNBZ0lDQWdJQ0FnSUcxaGVFaGxhV2RvZERvZ1RXVmthV0ZSZFdWeWVTNXZaaWhqYjI1MFpYaDBLUzV6YVhwbExtaGxhV2RvZENBcUlEQXVOU3dLSUNBZ0lDQWdJQ0FnSUNBZ0lDQXBMQW9nSUNBZ0lDQWdJQ0FnSUNBZ0lHTm9hV3hrT2lCd1pXOXdiR1ZCYzNsdVl5NTNhR1Z1S0FvZ0lDQWdJQ0FnSUNBZ0lDQWdJQ0FnYkc5aFpHbHVaem9nS0NrZ1BUNGdZMjl1YzNRZ1EyVnVkR1Z5S0dOb2FXeGtPaUJIY21sdWRHRlFjbTluY21WemMwbHVaR2xqWVhSdmNpZ3BLU3dLSUNBZ0lDQWdJQ0FnSUNBZ0lDQWdJR1Z5Y205eU9pQW9aU3dnWHlrZ1BUNGdWR1Y0ZENob2RXMWhibWw2WlVWeWNtOXlLR1VwS1N3S0lDQWdJQ0FnSUNBZ0lDQWdJQ0FnSUdSaGRHRTZJQ2h3Wlc5d2JHVXBJSHNLSUNBZ0lDQWdJQ0FnSUNBZ0lDQWdJQ0FnWm1sdVlXd2dabWxzZEdWeVpXUWdQU0JmY1hWbGNua3VhWE5GYlhCMGVRb2dJQ0FnSUNBZ0lDQWdJQ0FnSUNBZ0lDQWdJQ0FnUHlCd1pXOXdiR1VLSUNBZ0lDQWdJQ0FnSUNBZ0lDQWdJQ0FnSUNBZ0lEb2djR1Z2Y0d4bENpQWdJQ0FnSUNBZ0lDQWdJQ0FnSUNBZ0lDQWdJQ0FnSUNBZ0xuZG9aWEpsS0Nod0tTQTlQaUJ3TG01aGJXVXVkRzlNYjNkbGNrTmhjMlVvS1M1amIyNTBZV2x1Y3loZmNYVmxjbmtwS1FvZ0lDQWdJQ0FnSUNBZ0lDQWdJQ0FnSUNBZ0lDQWdJQ0FnSUM1MGIweHBjM1FvS1RzS0lDQWdJQ0FnSUNBZ0lDQWdJQ0FnSUNBZ2NtVjBkWEp1SUV4cGMzUldhV1YzS0FvZ0lDQWdJQ0FnSUNBZ0lDQWdJQ0FnSUNBZ0lITm9jbWx1YTFkeVlYQTZJSFJ5ZFdVc0NpQWdJQ0FnSUNBZ0lDQWdJQ0FnSUNBZ0lDQWdZMmhwYkdSeVpXNDZJRnNLSUNBZ0lDQWdJQ0FnSUNBZ0lDQWdJQ0FnSUNBZ0lHWnZjaUFvWm1sdVlXd2djQ0JwYmlCbWFXeDBaWEpsWkNrS0lDQWdJQ0FnSUNBZ0lDQWdJQ0FnSUNBZ0lDQWdJQ0FnUTJobFkydGliM2hNYVhOMFZHbHNaU2dLSUNBZ0lDQWdJQ0FnSUNBZ0lDQWdJQ0FnSUNBZ0lDQWdJQ0IyWVd4MVpUb2dYMkYzWVhKa1pXVnpMbU52Ym5SaGFXNXpLSEF1YVdRcExBb2dJQ0FnSUNBZ0lDQWdJQ0FnSUNBZ0lDQWdJQ0FnSUNBZ0lIUnBkR3hsT2lCVVpYaDBLSEF1Ym1GdFpTa3NDaUFnSUNBZ0lDQWdJQ0FnSUNBZ0lDQWdJQ0FnSUNBZ0lDQWdjMlZqYjI1a1lYSjVPaUJmWW5WemVTNWpiMjUwWVdsdWN5aHdMbWxrS1FvZ0lDQWdJQ0FnSUNBZ0lDQWdJQ0FnSUNBZ0lDQWdJQ0FnSUNBZ0lDQS9JR052Ym5OMElGTnBlbVZrUW05NEtBb2dJQ0FnSUNBZ0lDQWdJQ0FnSUNBZ0lDQWdJQ0FnSUNBZ0lDQWdJQ0FnSUNBZ2QybGtkR2c2SURJd0xBb2dJQ0FnSUNBZ0lDQWdJQ0FnSUNBZ0lDQWdJQ0FnSUNBZ0lDQWdJQ0FnSUNBZ2FHVnBaMmgwT2lBeU1Dd0tJQ0FnSUNBZ0lDQWdJQ0FnSUNBZ0lDQWdJQ0FnSUNBZ0lDQWdJQ0FnSUNBZ0lHTm9hV3hrT2dvZ0lDQWdJQ0FnSUNBZ0lDQWdJQ0FnSUNBZ0lDQWdJQ0FnSUNBZ0lDQWdJQ0FnSUNBZ0lFZHlhVzUwWVZCeWIyZHlaWE56U1c1a2FXTmhkRzl5S0hOMGNtOXJaVmRwWkhSb09pQXlLU3dLSUNBZ0lDQWdJQ0FnSUNBZ0lDQWdJQ0FnSUNBZ0lDQWdJQ0FnSUNBZ0lDQXBDaUFnSUNBZ0lDQWdJQ0FnSUNBZ0lDQWdJQ0FnSUNBZ0lDQWdJQ0FnSURvZ2JuVnNiQ3dLSUNBZ0lDQWdJQ0FnSUNBZ0lDQWdJQ0FnSUNBZ0lDQWdJQ0J2YmtOb1lXNW5aV1E2Q2lBZ0lDQWdJQ0FnSUNBZ0lDQWdJQ0FnSUNBZ0lDQWdJQ0FnSUNBZ0lGOWlkWE41TG1OdmJuUmhhVzV6S0hBdWFXUXBJRDhnYm5Wc2JDQTZJQ2hmS1NBOVBpQmZkRzluWjJ4bEtIQXBMQW9nSUNBZ0lDQWdJQ0FnSUNBZ0lDQWdJQ0FnSUNBZ0lDQXBMQW9nSUNBZ0lDQWdJQ0FnSUNBZ0lDQWdJQ0FnSUNBZ2FXWWdLR1pwYkhSbGNtVmtMbWx6Ulcxd2RIa3BDaUFnSUNBZ0lDQWdJQ0FnSUNBZ0lDQWdJQ0FnSUNBZ0lHTnZibk4wSUZCaFpHUnBibWNvQ2lBZ0lDQWdJQ0FnSUNBZ0lDQWdJQ0FnSUNBZ0lDQWdJQ0FnY0dGa1pHbHVaem9nUldSblpVbHVjMlYwY3k1aGJHd29NVFlwTEFvZ0lDQWdJQ0FnSUNBZ0lDQWdJQ0FnSUNBZ0lDQWdJQ0FnSUdOb2FXeGtPaUJVWlhoMEtDZEJkV04xYm1VZ2NHVnljMjl1Ym1VZ2RISnZkWGJEcVdVdUp5a3NDaUFnSUNBZ0lDQWdJQ0FnSUNBZ0lDQWdJQ0FnSUNBZ0lDa3NDaUFnSUNBZ0lDQWdJQ0FnSUNBZ0lDQWdJQ0FnWFN3S0lDQWdJQ0FnSUNBZ0lDQWdJQ0FnSUNBZ0tUc0tJQ0FnSUNBZ0lDQWdJQ0FnSUNBZ0lIMHNDaUFnSUNBZ0lDQWdJQ0FnSUNBZ0tTd0tJQ0FnSUNBZ0lDQWdJQ0FnS1N3S0lDQWdJQ0FnSUNCZExBb2dJQ0FnSUNBcExBb2dJQ0FnS1RzS0lDQjlDbjBLIiwibGliL2ZlYXR1cmVzL2hvbWUvcHJlc2VudGF0aW9uL2FjY3VlaWxfcGFnZS5kYXJ0IjoiYVcxd2IzSjBJQ2R3WVdOcllXZGxPbUZ6WDJkeWFXNTBZUzlqYjNKbEwyeHZZMkZzTDJ4dlkyRnNYMlpzWVdkekxtUmhjblFuT3dwcGJYQnZjblFnSjNCaFkydGhaMlU2WVhOZlozSnBiblJoTDJOdmNtVXZkWFJwYkhNdllYQndYMlp2Y20xaGRITXVaR0Z5ZENjN0NtbHRjRzl5ZENBbmNHRmphMkZuWlRwaGMxOW5jbWx1ZEdFdlkyOXlaUzkzYVdSblpYUnpMMmR5YVc1MFlWOWhjSEJmWW1GeUxtUmhjblFuT3dwcGJYQnZjblFnSjNCaFkydGhaMlU2WVhOZlozSnBiblJoTDJOdmNtVXZkMmxrWjJWMGN5OW5jbWx1ZEdGZlpX
Shell: MXdkSGxmYzNSaGRHVXVaR0Z5ZENjN0NtbHRjRzl5ZENBbmNHRmphMkZuWlRwaGMxOW5jbWx1ZEdFdlkyOXlaUzkzYVdSblpYUnpMMjFoZEdOb1gyRmtaSEpsYzNOZmMyaGxaWFF1WkdGeWRDYzdDbWx0Y0c5eWRDQW5jR0ZqYTJGblpUcGhjMTluY21sdWRHRXZZMjl5WlM5M2FXUm5aWFJ6TDIxaGRHTm9YMlpwZUhSMWNtVXVaR0Z5ZENjN0NtbHRjRzl5ZENBbmNHRmphMkZuWlRwaGMxOW5jbWx1ZEdFdlptVmhkSFZ5WlhNdllYVjBhQzl3Y21WelpXNTBZWFJwYjI0dllYVjBhRjl6ZEdGMFpTNWtZWEowSnpzS2FXMXdiM0owSUNkd1lXTnJZV2RsT21GelgyZHlhVzUwWVM5bVpXRjBkWEpsY3k5b2IyMWxMMlJoZEdFdmFHOXRaVjl5WlhCdmMybDBiM0o1TG1SaGNuUW5Pd3BwYlhCdmNuUWdKM0JoWTJ0aFoyVTZZWE5mWjNKcGJuUmhMMlpsWVhSMWNtVnpMMmh2YldVdmNISmxjMlZ1ZEdGMGFXOXVMMmh2YldWZmJHRnpkRjl0WVhSamFGOWpZWEprTG1SaGNuUW5Pd3BwYlhCdmNuUWdKM0JoWTJ0aFoyVTZZWE5mWjNKcGJuUmhMMlpsWVhSMWNtVnpMMmh2YldVdmNISmxjMlZ1ZEdGMGFXOXVMMjl1WW05aGNtUnBibWRmYzJobFpYUXVaR0Z5ZENjN0NtbHRjRzl5ZENBbmNHRmphMkZuWlRwaGMxOW5jbWx1ZEdFdlptVmhkSFZ5WlhNdmMzQnZjblJ6WDIxaGJtRm5aVzFsYm5RdlpHRjBZUzl6Y0c5eWRGOXRiM1J0WDNadmRHVmZjbVZ3YjNOcGRHOXllUzVrWVhKMEp6c0thVzF3YjNKMElDZHdZV05yWVdkbE9tRnpYMmR5YVc1MFlTOW1aV0YwZFhKbGN5OXpjRzl5ZEhOZmJXRnVZV2RsYldWdWRDOXdjbVZ6Wlc1MFlYUnBiMjR2ZDJsa1oyVjBjeTl0WVhSamFGOWhkbUZwYkdGaWFXeHBkSGxmYzJWc1pXTjBiM0l1WkdGeWRDYzdDbWx0Y0c5eWRDQW5jR0ZqYTJGblpUcG1iSFYwZEdWeUwyMWhkR1Z5YVdGc0xtUmhjblFuT3dwcGJYQnZjblFnSjNCaFkydGhaMlU2Wm14MWRIUmxjbDl5YVhabGNuQnZaQzltYkhWMGRHVnlYM0pwZG1WeWNHOWtMbVJoY25Rbk93cHBiWEJ2Y25RZ0ozQmhZMnRoWjJVNloyOWZjbTkxZEdWeUwyZHZYM0p2ZFhSbGNpNWtZWEowSnpzS2FXMXdiM0owSUNkd1lXTnJZV2RsT21GelgyZHlhVzUwWVM5amIzSmxMM2RwWkdkbGRITXZaM0pwYm5SaFgyeHZZV1JsY2k1a1lYSjBKenNLQ21Oc1lYTnpJRUZqWTNWbGFXeFFZV2RsSUdWNGRHVnVaSE1nUTI5dWMzVnRaWEpUZEdGMFpXWjFiRmRwWkdkbGRDQjdDaUFnWTI5dWMzUWdRV05qZFdWcGJGQmhaMlVvZTNOMWNHVnlMbXRsZVgwcE93b0tJQ0JBYjNabGNuSnBaR1VLSUNCRGIyNXpkVzFsY2xOMFlYUmxQRUZqWTNWbGFXeFFZV2RsUGlCamNtVmhkR1ZUZEdGMFpTZ3BJRDArSUY5QlkyTjFaV2xzVUdGblpWTjBZWFJsS0NrN0NuMEtDbU5zWVhOeklGOUJZMk4xWldsc1VHRm5aVk4wWVhSbElHVjRkR1Z1WkhNZ1EyOXVjM1Z0WlhKVGRHRjBaVHhCWTJOMVpXbHNVR0ZuWlQ0Z2V3b2dJSE4wWVhScFl5QmpiMjV6ZENCZmIyNWliMkZ5WkdsdVowWnNZV2NnUFNBbmIyNWliMkZ5WkdsdVoxOXpaV1Z1WDNZeEp6c0tDaUFnUUc5MlpYSnlhV1JsQ2lBZ2RtOXBaQ0JwYm1sMFUzUmhkR1VvS1NCN0NpQWdJQ0J6ZFhCbGNpNXBibWwwVTNSaGRHVW9LVHNLSUNBZ0lGZHBaR2RsZEhOQ2FXNWthVzVuTG1sdWMzUmhibU5sTG1Ga1pGQnZjM1JHY21GdFpVTmhiR3hpWVdOcktDaGZLU0E5UGlCZmJXRjVZbVZUYUc5M1QyNWliMkZ5WkdsdVp5Z3BLVHNLSUNCOUNnb2dJRVoxZEhWeVpUeDJiMmxrUGlCZmJXRjVZbVZUYUc5M1QyNWliMkZ5WkdsdVp5Z3BJR0Z6ZVc1aklIc0tJQ0FnSUdsbUlDaHNiMk5oYkVac1lXZEhaWFFvWDI5dVltOWhjbVJwYm1kR2JHRm5LU2tnY21WMGRYSnVPd29nSUNBZ0x5OGdUMjRnYm05MFpTQjBiM1YwSUdSbElITjFhWFJsSUhCdmRYSWdibVVnYW1GdFlXbHpJSEpwYzNGMVpYSWdkVzRnWkc5MVlteGxJR0ZtWm1samFHRm5aUzRLSUNBZ0lHeHZZMkZzUm14aFoxTmxkQ2hmYjI1aWIyRnlaR2x1WjBac1lXY3NJSFJ5ZFdVcE93b2dJQ0FnYVdZZ0tDRnRiM1Z1ZEdWa0tTQnlaWFIxY200N0NpQWdJQ0JoZDJGcGRDQnphRzkzVDI1aWIyRnlaR2x1WjFOb1pXVjBLR052Ym5SbGVIUXBPd29nSUgwS0NpQWdRRzkyWlhKeWFXUmxDaUFnVjJsa1oyVjBJR0oxYVd4a0tFSjFhV3hrUTI5dWRHVjRkQ0JqYjI1MFpYaDBLU0I3Q2lBZ0lDQnlaWFIxY200Z1UyTmhabVp2YkdRb0NpQWdJQ0FnSUdGd2NFSmhjam9nUjNKcGJuUmhRWEJ3UW1GeUtBb2dJQ0FnSUNBZ0lIUnBkR3hsT2lCamIyNXpkQ0JVWlhoMEtDZEJZMk4xWldsc0p5a3NDaUFnSUNBZ0lDQWdZV04wYVc5dWN6b2daM0pwYm5SaFNHOXRaVUZqZEdsdmJuTW9ZMjl1ZEdWNGRDa3NDaUFnSUNBZ0lDa3NDaUFnSUNBZ0lHSnZaSGs2SUZKbFpuSmxjMmhKYm1ScFkyRjBiM0lvQ2lBZ0lDQWdJQ0FnYjI1U1pXWnlaWE5vT2lBb0tTQmhjM2x1WXlCN0NpQWdJQ0FnSUNBZ0lDQnlaV1lLSUNBZ0lDQWdJQ0FnSUNBZ0xpNXBiblpoYkdsa1lYUmxLR2h2YldWRVlYTm9ZbTloY21SUWNtOTJhV1JsY2lrS0lDQWdJQ0FnSUNBZ0lDQWdMaTVwYm5aaGJHbGtZWFJsS0cxNVRHRnpkRkJ5YjI1dlVISnZkbWxrWlhJcENpQWdJQ0FnSUNBZ0lDQWdJQzR1YVc1MllXeHBaR0YwWlNoemNHOXlkRTF2ZEcxV2IzUmxVSEp2ZG1sa1pYSXBPd29nSUNBZ0lDQWdJQ0FnWVhkaGFYUWdSblYwZFhKbExuZGhhWFFvV3dvZ0lDQWdJQ0FnSUNBZ0lDQnlaV1l1Y21WaFpDaG9iMjFsUkdGemFHSnZZWEprVUhKdmRtbGtaWEl1Wm5WMGRYSmxLU3dLSUNBZ0lDQWdJQ0FnSUNBZ2NtVm1MbkpsWVdRb2JYbE1ZWE4wVUhKdmJtOVFjbTkyYVdSbGNpNW1kWFIxY21VcExBb2dJQ0FnSUNBZ0lDQWdYU2s3Q2lBZ0lDQWdJQ0FnZlN3S0lDQWdJQ0FnSUNCamFHbHNaRG9nVEdsemRGWnBaWGNvQ2lBZ0lDQWdJQ0FnSUNCd1lXUmthVzVuT2lCamIyNXpkQ0JGWkdkbFNXNXpaWFJ6TG1aeWIyMU1WRkpDS0RFMkxDQXhOaXdnTVRZc0lEUXdLU3dLSUNBZ0lDQWdJQ0FnSUdOb2FXeGtjbVZ1T2lCamIyNXpkQ0JiQ2lBZ0lDQWdJQ0FnSUNBZ0lGOU9aWGgwVFdGMFky
Shell: aENiRzlqYXlncExBb2dJQ0FnSUNBZ0lDQWdJQ0JUYVhwbFpFSnZlQ2hvWldsbmFIUTZJREU0S1N3S0lDQWdJQ0FnSUNBZ0lDQWdTRzl0WlV4aGMzUk5ZWFJqYUVOaGNtUW9LU3dLSUNBZ0lDQWdJQ0FnSUYwc0NpQWdJQ0FnSUNBZ0tTd0tJQ0FnSUNBZ0tTd0tJQ0FnSUNrN0NpQWdmUXA5Q2dwamJHRnpjeUJmUW14dlkydElaV0ZrWlhJZ1pYaDBaVzVrY3lCVGRHRjBaV3hsYzNOWGFXUm5aWFFnZXdvZ0lHTnZibk4wSUY5Q2JHOWphMGhsWVdSbGNpaDBhR2x6TG1samIyNHNJSFJvYVhNdWRHbDBiR1VwT3dvS0lDQm1hVzVoYkNCSlkyOXVSR0YwWVNCcFkyOXVPd29nSUdacGJtRnNJRk4wY21sdVp5QjBhWFJzWlRzS0NpQWdRRzkyWlhKeWFXUmxDaUFnVjJsa1oyVjBJR0oxYVd4a0tFSjFhV3hrUTI5dWRHVjRkQ0JqYjI1MFpYaDBLU0I3Q2lBZ0lDQnlaWFIxY200Z1VHRmtaR2x1WnlnS0lDQWdJQ0FnY0dGa1pHbHVaem9nWTI5dWMzUWdSV1JuWlVsdWMyVjBjeTV2Ym14NUtHSnZkSFJ2YlRvZ01UQXBMQW9nSUNBZ0lDQmphR2xzWkRvZ1VtOTNLQW9nSUNBZ0lDQWdJR05vYVd4a2NtVnVPaUJiQ2lBZ0lDQWdJQ0FnSUNCSlkyOXVLR2xqYjI0c0lITnBlbVU2SURJd0tTd0tJQ0FnSUNBZ0lDQWdJR052Ym5OMElGTnBlbVZrUW05NEtIZHBaSFJvT2lBNEtTd0tJQ0FnSUNBZ0lDQWdJRVY0Y0dGdVpHVmtLQW9nSUNBZ0lDQWdJQ0FnSUNCamFHbHNaRG9nVkdWNGRDZ0tJQ0FnSUNBZ0lDQWdJQ0FnSUNCMGFYUnNaU3dLSUNBZ0lDQWdJQ0FnSUNBZ0lDQnpkSGxzWlRvZ1ZHaGxiV1V1YjJZb0NpQWdJQ0FnSUNBZ0lDQWdJQ0FnSUNCamIyNTBaWGgwTEFvZ0lDQWdJQ0FnSUNBZ0lDQWdJQ2t1ZEdWNGRGUm9aVzFsTG5ScGRHeGxUV1ZrYVhWdFB5NWpiM0I1VjJsMGFDaG1iMjUwVjJWcFoyaDBPaUJHYjI1MFYyVnBaMmgwTG5jNE1EQXBMQW9nSUNBZ0lDQWdJQ0FnSUNBcExBb2dJQ0FnSUNBZ0lDQWdLU3dLSUNBZ0lDQWdJQ0JkTEFvZ0lDQWdJQ0FwTEFvZ0lDQWdLVHNLSUNCOUNuMEtDbU5zWVhOeklGOU5hVzVwVEc5aFpHVnlJR1Y0ZEdWdVpITWdVM1JoZEdWc1pYTnpWMmxrWjJWMElIc0tJQ0JqYjI1emRDQmZUV2x1YVV4dllXUmxjaWdwT3dvS0lDQkFiM1psY25KcFpHVUtJQ0JYYVdSblpYUWdZblZwYkdRb1FuVnBiR1JEYjI1MFpYaDBJR052Ym5SbGVIUXBJSHNLSUNBZ0lISmxkSFZ5YmlCamIyNXpkQ0JEWVhKa0tBb2dJQ0FnSUNCamFHbHNaRG9nVUdGa1pHbHVaeWdLSUNBZ0lDQWdJQ0J3WVdSa2FXNW5PaUJGWkdkbFNXNXpaWFJ6TG1Gc2JDZ3lOQ2tzQ2lBZ0lDQWdJQ0FnWTJocGJHUTZJRU5sYm5SbGNpZ0tJQ0FnSUNBZ0lDQWdJR05vYVd4a09pQlRhWHBsWkVKdmVDZ0tJQ0FnSUNBZ0lDQWdJQ0FnZDJsa2RHZzZJREl5TEFvZ0lDQWdJQ0FnSUNBZ0lDQm9aV2xuYUhRNklESXlMQW9nSUNBZ0lDQWdJQ0FnSUNCamFHbHNaRG9nUjNKcGJuUmhVSEp2WjNKbGMzTkpibVJwWTJGMGIzSW9jM1J5YjJ0bFYybGtkR2c2SURJdU5Da3NDaUFnSUNBZ0lDQWdJQ0FwTEFvZ0lDQWdJQ0FnSUNrc0NpQWdJQ0FnSUNrc0NpQWdJQ0FwT3dvZ0lIMEtmUW9LWTJ4aGMzTWdYMFZ0Y0hSNVEyRnlaQ0JsZUhSbGJtUnpJRk4wWVhSbGJHVnpjMWRwWkdkbGRDQjdDaUFnWTI5dWMzUWdYMFZ0Y0hSNVEyRnlaQ2dLSUNBZ0lIUm9hWE11ZEdsMGJHVXNJSHNLSUNBZ0lIUm9hWE11YVdOdmJpQTlJRWxqYjI1ekxtVjJaVzUwWDJKMWMzbGZjbTkxYm1SbFpDd0tJQ0FnSUhSb2FYTXViV1Z6YzJGblpTd0tJQ0FnSUhSb2FYTXVkRzl1WlNBOUlFZHlhVzUwWVVWdGNIUjVWRzl1WlM1dVpYVjBjbUZzTEFvZ0lIMHBPd29LSUNCbWFXNWhiQ0JUZEhKcGJtY2dkR2wwYkdVN0NpQWdabWx1WVd3Z1NXTnZia1JoZEdFZ2FXTnZianNLSUNCbWFXNWhiQ0JUZEhKcGJtYy9JRzFsYzNOaFoyVTdDaUFnWm1sdVlXd2dSM0pwYm5SaFJXMXdkSGxVYjI1bElIUnZibVU3Q2dvZ0lFQnZkbVZ5Y21sa1pRb2dJRmRwWkdkbGRDQmlkV2xzWkNoQ2RXbHNaRU52Ym5SbGVIUWdZMjl1ZEdWNGRDa2dld29nSUNBZ2NtVjBkWEp1SUVOaGNtUW9DaUFnSUNBZ0lHTm9hV3hrT2lCSGNtbHVkR0ZGYlhCMGVWTjBZWFJsS0FvZ0lDQWdJQ0FnSUdsamIyNDZJR2xqYjI0c0NpQWdJQ0FnSUNBZ2RHbDBiR1U2SUhScGRHeGxMQW9nSUNBZ0lDQWdJRzFsYzNOaFoyVTZJRzFsYzNOaFoyVXNDaUFnSUNBZ0lDQWdkRzl1WlRvZ2RHOXVaU3dLSUNBZ0lDQWdJQ0JqYjIxd1lXTjBPaUIwY25WbExBb2dJQ0FnSUNBcExBb2dJQ0FnS1RzS0lDQjlDbjBLQ21Oc1lYTnpJRjlPWlhoMFRXRjBZMmhDYkc5amF5QmxlSFJsYm1SeklFTnZibk4xYldWeVYybGtaMlYwSUhzS0lDQmpiMjV6ZENCZlRtVjRkRTFoZEdOb1FteHZZMnNvS1RzS0NpQWdRRzkyWlhKeWFXUmxDaUFnVjJsa1oyVjBJR0oxYVd4a0tFSjFhV3hrUTI5dWRHVjRkQ0JqYjI1MFpYaDBMQ0JYYVdSblpYUlNaV1lnY21WbUtTQjdDaUFnSUNCbWFXNWhiQ0JoYzNsdVl5QTlJSEpsWmk1M1lYUmphQ2hvYjIxbFJHRnphR0p2WVhKa1VISnZkbWxrWlhJcE93b2dJQ0FnY21WMGRYSnVJRU52YkhWdGJpZ0tJQ0FnSUNBZ1kzSnZjM05CZUdselFXeHBaMjV0Wlc1ME9pQkRjbTl6YzBGNGFYTkJiR2xuYm0xbGJuUXVjM1J5WlhSamFDd0tJQ0FnSUNBZ1kyaHBiR1J5Wlc0NklGc0tJQ0FnSUNBZ0lDQmpiMjV6ZENCZlFteHZZMnRJWldGa1pYSW9TV052Ym5NdVpYWmxiblJmY205MWJtUmxaQ3dnSjFCeWIyTm9ZV2x1SUcxaGRHTm9KeWtzQ2lBZ0lDQWdJQ0FnWVhONWJtTXVkMmhsYmlnS0lDQWdJQ0FnSUNBZ0lHeHZZV1JwYm1jNklDZ3BJRDArSUdOdmJuTjBJRjlOYVc1cFRHOWhaR1Z5S0Nrc0NpQWdJQ0FnSUNBZ0lDQmxjbkp2Y2pvZ0tGOHNJRjlmS1NBOVBpQmpiMjV6ZENCZlJXMXdkSGxEWVhKa0tBb2dJQ0FnSUNBZ0lDQWdJQ0FuUTJoaGNtZGxiV1Z1ZENCcGJYQnZjM05wWW14bEp5d0tJQ0FnSUNBZ0lDQWdJQ0FnYVdOdmJqb2dTV052Ym5NdWQybG1hVjl2Wm1aZmNtOTFibVJsWkN3S0lDQWdJQ0FnSUNBZ0lDQWdiV1Z6YzJGblpUb2dKMVJwY21VZ2NH
Shell: OTFjaUJ5WVdaeVljT3VZMmhwY2k0bkxBb2dJQ0FnSUNBZ0lDQWdJQ0IwYjI1bE9pQkhjbWx1ZEdGRmJYQjBlVlJ2Ym1VdVlXeGxjblFzQ2lBZ0lDQWdJQ0FnSUNBcExBb2dJQ0FnSUNBZ0lDQWdaR0YwWVRvZ0tHUmhkR0VwSUhzS0lDQWdJQ0FnSUNBZ0lDQWdabWx1WVd3Z2JXRjBZMmdnUFNCa1lYUmhMbTVsZUhSTllYUmphRHNLSUNBZ0lDQWdJQ0FnSUNBZ2FXWWdLRzFoZEdOb0lEMDlJRzUxYkd3cElIc0tJQ0FnSUNBZ0lDQWdJQ0FnSUNCeVpYUjFjbTRnWTI5dWMzUWdYMFZ0Y0hSNVEyRnlaQ2dLSUNBZ0lDQWdJQ0FnSUNBZ0lDQWdJQ2RRWVhNZ1pHVWdiV0YwWTJnZ2NISnZaM0poYlczRHFTY3NDaUFnSUNBZ0lDQWdJQ0FnSUNBZ0lDQnRaWE56WVdkbE9nb2dJQ0FnSUNBZ0lDQWdJQ0FnSUNBZ0lDQWdJQ2RNWlNCd2NtOWphR0ZwYmlCdFlYUmphQ0JoY0hCaGNtSERyblJ5WVNCcFkya2daTU9vY3lCeGRWd25hV3dnYzJWeVlTQmpjc09wdzZrdUp5d0tJQ0FnSUNBZ0lDQWdJQ0FnSUNBcE93b2dJQ0FnSUNBZ0lDQWdJQ0I5Q2lBZ0lDQWdJQ0FnSUNBZ0lHWnBibUZzSUdselFXUnRhVzRnUFNCeVpXWXVkMkYwWTJnb2FYTkJaRzFwYmxacFpYZFFjbTkyYVdSbGNpazdDaUFnSUNBZ0lDQWdJQ0FnSUhKbGRIVnliaUJmVG1WNGRFMWhkR05vUTJGeVpDZ0tJQ0FnSUNBZ0lDQWdJQ0FnSUNCdFlYUmphRG9nYldGMFkyZ3NDaUFnSUNBZ0lDQWdJQ0FnSUNBZ2NISmxaR2xqZEdWa09pQmtZWFJoTG01bGVIUk5ZWFJqYUZCeVpXUnBZM1JsWkN3S0lDQWdJQ0FnSUNBZ0lDQWdJQ0J3Y21Wa2FXTjBhVzl1T2lCa1lYUmhMbTVsZUhSTllYUmphRkJ5WldScFkzUnBiMjRzQ2lBZ0lDQWdJQ0FnSUNBZ0lDQWdhWE5CWkcxcGJqb2dhWE5CWkcxcGJpd0tJQ0FnSUNBZ0lDQWdJQ0FnS1RzS0lDQWdJQ0FnSUNBZ0lIMHNDaUFnSUNBZ0lDQWdLU3dLSUNBZ0lDQWdYU3dLSUNBZ0lDazdDaUFnZlFwOUNncGpiR0Z6Y3lCZlRtVjRkRTFoZEdOb1EyRnlaQ0JsZUhSbGJtUnpJRk4wWVhSbGJHVnpjMWRwWkdkbGRDQjdDaUFnWTI5dWMzUWdYMDVsZUhSTllYUmphRU5oY21Rb2V3b2dJQ0FnY21WeGRXbHlaV1FnZEdocGN5NXRZWFJqYUN3S0lDQWdJSEpsY1hWcGNtVmtJSFJvYVhNdWNISmxaR2xqZEdWa0xBb2dJQ0FnY21WeGRXbHlaV1FnZEdocGN5NXdjbVZrYVdOMGFXOXVMQW9nSUNBZ2NtVnhkV2x5WldRZ2RHaHBjeTVwYzBGa2JXbHVMQW9nSUgwcE93b0tJQ0JtYVc1aGJDQkliMjFsVFdGMFkyZ2diV0YwWTJnN0NpQWdabWx1WVd3Z1ltOXZiQ0J3Y21Wa2FXTjBaV1E3Q2lBZ1ptbHVZV3dnU0c5dFpWQnlaV1JwWTNScGIyNC9JSEJ5WldScFkzUnBiMjQ3Q2lBZ1ptbHVZV3dnWW05dmJDQnBjMEZrYldsdU93b0tJQ0JBYjNabGNuSnBaR1VLSUNCWGFXUm5aWFFnWW5WcGJHUW9RblZwYkdSRGIyNTBaWGgwSUdOdmJuUmxlSFFwSUhzS0lDQWdJR1pwYm1Gc0lHaHZiV1ZPWVcxbElEMGdiV0YwWTJndWFYTkliMjFsSUQ4Z0owRlRJRWR5YVc1MFlTY2dPaUJ0WVhSamFDNXZjSEJ2Ym1WdWREc0tJQ0FnSUdacGJtRnNJR0YzWVhsT1lXMWxJRDBnYldGMFkyZ3VhWE5JYjIxbElEOGdiV0YwWTJndWIzQndiMjVsYm5RZ09pQW5RVk1nUjNKcGJuUmhKenNLSUNBZ0lHWnBibUZzSUdOc2IzTmxRWFFnUFNCdFlYUmphQzVyYVdOcmIyWm1RWFEvTG5OMVluUnlZV04wS0dOdmJuTjBJRVIxY21GMGFXOXVLRzFwYm5WMFpYTTZJRFVwS1RzS0lDQWdJR1pwYm1Gc0lHOXdaVzRnUFNBaGJXRjBZMmd1Y0hKbFpHbGpkR2x2Ym5ORGJHOXpaV1FnSmlZS0lDQWdJQ0FnSUNCamJHOXpaVUYwSUNFOUlHNTFiR3dnSmlZS0lDQWdJQ0FnSUNCRVlYUmxWR2x0WlM1dWIzY29LUzVwYzBKbFptOXlaU2hqYkc5elpVRjBLVHNLSUNBZ0lHWnBibUZzSUhCeVpXUnBZM1JwYjI1VFkyOXlaU0E5SUhCeVpXUnBZM1JwYjI0Z1BUMGdiblZzYkFvZ0lDQWdJQ0FnSUQ4Z2JuVnNiQW9nSUNBZ0lDQWdJRG9nYldGMFkyZ3VhWE5JYjIxbENpQWdJQ0FnSUNBZ0lDQWdJRDhnSnlSN2NISmxaR2xqZEdsdmJpRXVaM0pwYm5SaFUyTnZjbVY5SU9LQWt5QWtlM0J5WldScFkzUnBiMjRoTG05d2NHOXVaVzUwVTJOdmNtVjlKd29nSUNBZ0lDQWdJQ0FnSUNBNklDY2tlM0J5WldScFkzUnBiMjRoTG05d2NHOXVaVzUwVTJOdmNtVjlJT0tBa3lBa2UzQnlaV1JwWTNScGIyNGhMbWR5YVc1MFlWTmpiM0psZlNjN0Nnb2dJQ0FnY21WMGRYSnVJRU5oY21Rb0NpQWdJQ0FnSUdOdmJHOXlPaUJqYjI1emRDQkRiMnh2Y2lnd2VFWkdNalV4TmpSR0tTd0tJQ0FnSUNBZ2MyaGhjR1U2SUZKdmRXNWtaV1JTWldOMFlXNW5iR1ZDYjNKa1pYSW9DaUFnSUNBZ0lDQWdZbTl5WkdWeVVtRmthWFZ6T2lCQ2IzSmtaWEpTWVdScGRYTXVZMmx5WTNWc1lYSW9NakFwTEFvZ0lDQWdJQ0FnSUhOcFpHVTZJR052Ym5OMElFSnZjbVJsY2xOcFpHVW9ZMjlzYjNJNklFTnZiRzl5S0RCNFJrWTVRalpEUmtZcExDQjNhV1IwYURvZ01TNDJLU3dLSUNBZ0lDQWdLU3dLSUNBZ0lDQWdZMnhwY0VKbGFHRjJhVzl5T2lCRGJHbHdMbUZ1ZEdsQmJHbGhjeXdLSUNBZ0lDQWdZMmhwYkdRNklFbHVhMWRsYkd3b0NpQWdJQ0FnSUNBZ2IyNVVZWEE2SUNncElEMCtJR052Ym5SbGVIUXVjSFZ6YUNnS0lDQWdJQ0FnSUNBZ0lDY3ZiV0YwWTJobGN5OGtlMjFoZEdOb0xtbGtmUzlzYVc1bGRYQS9jMlZqZEdsdmJqMXBibVp2Snl3S0lDQWdJQ0FnSUNBcExBb2dJQ0FnSUNBZ0lHTm9hV3hrT2lCUVlXUmthVzVuS0FvZ0lDQWdJQ0FnSUNBZ2NHRmtaR2x1WnpvZ1kyOXVjM1FnUldSblpVbHVjMlYwY3k1aGJHd29NVGdwTEFvZ0lDQWdJQ0FnSUNBZ1kyaHBiR1E2SUVOdmJIVnRiaWdLSUNBZ0lDQWdJQ0FnSUNBZ1kzSnZjM05CZUdselFXeHBaMjV0Wlc1ME9pQkRjbTl6YzBGNGFYTkJiR2xuYm0xbGJuUXVjM1JoY25Rc0NpQWdJQ0FnSUNBZ0lDQWdJR05vYVd4a2NtVnVPaUJiQ2lBZ0lDQWdJQ0FnSUNBZ0lDQWdVbTkzS0FvZ0lDQWdJQ0FnSUNBZ0lDQWdJQ0FnWTJocGJHUnlaVzQ2SUZzS0lDQWdJQ0FnSUNBZ0lDQWdJQ0FnSUNBZ1JYaHdZVzVrWldRb0Np
Shell: QWdJQ0FnSUNBZ0lDQWdJQ0FnSUNBZ0lDQWdZMmhwYkdRNklFMWhkR05vUm1sNGRIVnlaU2dLSUNBZ0lDQWdJQ0FnSUNBZ0lDQWdJQ0FnSUNBZ0lHaHZiV1ZPWVcxbE9pQm9iMjFsVG1GdFpTd0tJQ0FnSUNBZ0lDQWdJQ0FnSUNBZ0lDQWdJQ0FnSUdGM1lYbE9ZVzFsT2lCaGQyRjVUbUZ0WlN3S0lDQWdJQ0FnSUNBZ0lDQWdJQ0FnSUNBZ0lDQWdJR2R5YVc1MFlVbHpTRzl0WlRvZ2JXRjBZMmd1YVhOSWIyMWxMQW9nSUNBZ0lDQWdJQ0FnSUNBZ0lDQWdJQ0FnSUNBZ2JtRnRaVk4wZVd4bE9pQlVhR1Z0WlM1dlppaGpiMjUwWlhoMEtTNTBaWGgwVkdobGJXVXVkR2wwYkdWTVlYSm5aU3dLSUNBZ0lDQWdJQ0FnSUNBZ0lDQWdJQ0FnSUNBZ0lHWnZjbVZuY205MWJtUTZJRU52Ykc5eWN5NTNhR2wwWlN3S0lDQWdJQ0FnSUNBZ0lDQWdJQ0FnSUNBZ0lDQXBMQW9nSUNBZ0lDQWdJQ0FnSUNBZ0lDQWdJQ0FwTEFvZ0lDQWdJQ0FnSUNBZ0lDQWdJQ0FnSUNCamIyNXpkQ0JKWTI5dUtFbGpiMjV6TG1Ob1pYWnliMjVmY21sbmFIUXNJR052Ykc5eU9pQkRiMnh2Y2lnd2VFWkdSRGRET0VaR0tTa3NDaUFnSUNBZ0lDQWdJQ0FnSUNBZ0lDQmRMQW9nSUNBZ0lDQWdJQ0FnSUNBZ0lDa3NDaUFnSUNBZ0lDQWdJQ0FnSUNBZ2FXWWdLRzFoZEdOb0xtdHBZMnR2Wm1aQmRDQWhQU0J1ZFd4c0tTQXVMaTViQ2lBZ0lDQWdJQ0FnSUNBZ0lDQWdJQ0JqYjI1emRDQlRhWHBsWkVKdmVDaG9aV2xuYUhRNklEUXBMQW9nSUNBZ0lDQWdJQ0FnSUNBZ0lDQWdWR1Y0ZENnS0lDQWdJQ0FnSUNBZ0lDQWdJQ0FnSUNBZ1FYQndSbTl5YldGMGN5NWtZWFJsVkdsdFpTaHRZWFJqYUM1cmFXTnJiMlptUVhRaEtTd0tJQ0FnSUNBZ0lDQWdJQ0FnSUNBZ0lDQWdjM1I1YkdVNklGUm9aVzFsTG05bUtHTnZiblJsZUhRcExuUmxlSFJVYUdWdFpTNWliMlI1VFdWa2FYVnRQeTVqYjNCNVYybDBhQ2dLSUNBZ0lDQWdJQ0FnSUNBZ0lDQWdJQ0FnSUNBZ0lDQWdZMjlzYjNJNklHTnZibk4wSUVOdmJHOXlLREI0UmtaRU4wTTRSa1lwTEFvZ0lDQWdJQ0FnSUNBZ0lDQWdJQ0FnSUNBZ0lDQWdLU3dLSUNBZ0lDQWdJQ0FnSUNBZ0lDQWdJQ2tzQ2lBZ0lDQWdJQ0FnSUNBZ0lDQWdYU3dLSUNBZ0lDQWdJQ0FnSUNBZ0lDQnBaaUFvYldGMFkyZ3VZV1JrY21WemN5QWhQU0J1ZFd4c0tTQXVMaTViQ2lBZ0lDQWdJQ0FnSUNBZ0lDQWdJQ0JqYjI1emRDQlRhWHBsWkVKdmVDaG9aV2xuYUhRNklEWXBMQW9nSUNBZ0lDQWdJQ0FnSUNBZ0lDQWdTVzVyVjJWc2JDZ0tJQ0FnSUNBZ0lDQWdJQ0FnSUNBZ0lDQWdiMjVVWVhBNklDZ3BJRDArSUhOb2IzZE5ZWFJqYUVGa1pISmxjM05UYUdWbGRDaGpiMjUwWlhoMExDQnRZWFJqYUM1aFpHUnlaWE56SVNrc0NpQWdJQ0FnSUNBZ0lDQWdJQ0FnSUNBZ0lHSnZjbVJsY2xKaFpHbDFjem9nUW05eVpHVnlVbUZrYVhWekxtTnBjbU4xYkdGeUtEWXBMQW9nSUNBZ0lDQWdJQ0FnSUNBZ0lDQWdJQ0JqYUdsc1pEb2dVR0ZrWkdsdVp5Z0tJQ0FnSUNBZ0lDQWdJQ0FnSUNBZ0lDQWdJQ0J3WVdSa2FXNW5PaUJqYjI1emRDQkZaR2RsU1c1elpYUnpMbk41YlcxbGRISnBZeWgyWlhKMGFXTmhiRG9nTWlrc0NpQWdJQ0FnSUNBZ0lDQWdJQ0FnSUNBZ0lDQWdZMmhwYkdRNklGSnZkeWdLSUNBZ0lDQWdJQ0FnSUNBZ0lDQWdJQ0FnSUNBZ0lHTnliM056UVhocGMwRnNhV2R1YldWdWREb2dRM0p2YzNOQmVHbHpRV3hwWjI1dFpXNTBMbk4wWVhKMExBb2dJQ0FnSUNBZ0lDQWdJQ0FnSUNBZ0lDQWdJQ0FnWTJocGJHUnlaVzQ2SUZzS0lDQWdJQ0FnSUNBZ0lDQWdJQ0FnSUNBZ0lDQWdJQ0FnWTI5dWMzUWdTV052YmloSlkyOXVjeTV3YkdGalpWOXZkWFJzYVc1bFpDd0tJQ0FnSUNBZ0lDQWdJQ0FnSUNBZ0lDQWdJQ0FnSUNBZ0lDQWdJSE5wZW1VNklERTRMQ0JqYjJ4dmNqb2dRMjlzYjNJb01IaEdSamxDTmtOR1Jpa3BMQW9nSUNBZ0lDQWdJQ0FnSUNBZ0lDQWdJQ0FnSUNBZ0lDQmpiMjV6ZENCVGFYcGxaRUp2ZUNoM2FXUjBhRG9nTkNrc0NpQWdJQ0FnSUNBZ0lDQWdJQ0FnSUNBZ0lDQWdJQ0FnSUVWNGNHRnVaR1ZrS0FvZ0lDQWdJQ0FnSUNBZ0lDQWdJQ0FnSUNBZ0lDQWdJQ0FnSUdOb2FXeGtPaUJVWlhoMEtBb2dJQ0FnSUNBZ0lDQWdJQ0FnSUNBZ0lDQWdJQ0FnSUNBZ0lDQWdiV0YwWTJndVlXUmtjbVZ6Y3lFc0NpQWdJQ0FnSUNBZ0lDQWdJQ0FnSUNBZ0lDQWdJQ0FnSUNBZ0lDQnpkSGxzWlRvZ1kyOXVjM1FnVkdWNGRGTjBlV3hsS0FvZ0lDQWdJQ0FnSUNBZ0lDQWdJQ0FnSUNBZ0lDQWdJQ0FnSUNBZ0lDQmpiMnh2Y2pvZ1EyOXNiM0lvTUhoR1JqbENOa05HUmlrc0NpQWdJQ0FnSUNBZ0lDQWdJQ0FnSUNBZ0lDQWdJQ0FnSUNBZ0lDQWdJR1p2Ym5SWFpXbG5hSFE2SUVadmJuUlhaV2xuYUhRdWR6Z3dNQ3dLSUNBZ0lDQWdJQ0FnSUNBZ0lDQWdJQ0FnSUNBZ0lDQWdJQ0FnSUNBZ1pHVmpiM0poZEdsdmJqb2dWR1Y0ZEVSbFkyOXlZWFJwYjI0dWRXNWtaWEpzYVc1bExBb2dJQ0FnSUNBZ0lDQWdJQ0FnSUNBZ0lDQWdJQ0FnSUNBZ0lDQWdJQ0JrWldOdmNtRjBhVzl1UTI5c2IzSTZJRU52Ykc5eUtEQjRSa1k1UWpaRFJrWXBMQW9nSUNBZ0lDQWdJQ0FnSUNBZ0lDQWdJQ0FnSUNBZ0lDQWdJQ0FnS1N3S0lDQWdJQ0FnSUNBZ0lDQWdJQ0FnSUNBZ0lDQWdJQ0FnSUNBcExBb2dJQ0FnSUNBZ0lDQWdJQ0FnSUNBZ0lDQWdJQ0FnSUNBcExBb2dJQ0FnSUNBZ0lDQWdJQ0FnSUNBZ0lDQWdJQ0FnWFN3S0lDQWdJQ0FnSUNBZ0lDQWdJQ0FnSUNBZ0lDQXBMQW9nSUNBZ0lDQWdJQ0FnSUNBZ0lDQWdJQ0FwTEFvZ0lDQWdJQ0FnSUNBZ0lDQWdJQ0FnS1N3S0lDQWdJQ0FnSUNBZ0lDQWdJQ0JkTEFvZ0lDQWdJQ0FnSUNBZ0lDQWdJRTFoZEdOb1FYWmhhV3hoWW1sc2FYUjVVMlZzWldOMGIzSW9DaUFnSUNBZ0lDQWdJQ0FnSUNBZ0lDQnRZWFJqYUVsa09pQnRZWFJqYUM1cFpDd0tJQ0FnSUNBZ0lDQWdJQ0FnSUNBZ0lHVnRZbVZrWkdWa1QyNUVZWEpyT2lCMGNuVmxMQW9nSUNBZ0lDQWdJQ0FnSUNBZ0lDQWdkRzl3VTNCaFkybHVaem9nTVRRc0NpQWdJQ0FnSUNBZ0lDQWdJQ0FnSUNCemFH
Shell: OTNUV0Z1WVdkbFUyaHZjblJqZFhRNklHbHpRV1J0YVc0c0NpQWdJQ0FnSUNBZ0lDQWdJQ0FnS1N3S0lDQWdJQ0FnSUNBZ0lDQWdJQ0JqYjI1emRDQlRhWHBsWkVKdmVDaG9aV2xuYUhRNklERXlLU3dLSUNBZ0lDQWdJQ0FnSUNBZ0lDQkRiMjUwWVdsdVpYSW9DaUFnSUNBZ0lDQWdJQ0FnSUNBZ0lDQndZV1JrYVc1bk9pQmpiMjV6ZENCRlpHZGxTVzV6WlhSekxtRnNiQ2d4TWlrc0NpQWdJQ0FnSUNBZ0lDQWdJQ0FnSUNCa1pXTnZjbUYwYVc5dU9pQkNiM2hFWldOdmNtRjBhVzl1S0FvZ0lDQWdJQ0FnSUNBZ0lDQWdJQ0FnSUNCamIyeHZjam9nWTI5dWMzUWdRMjlzYjNJb01IaEdSakUyTUVJek5pa3NDaUFnSUNBZ0lDQWdJQ0FnSUNBZ0lDQWdJR0p2Y21SbGNsSmhaR2wxY3pvZ1FtOXlaR1Z5VW1Ga2FYVnpMbU5wY21OMWJHRnlLREUwS1N3S0lDQWdJQ0FnSUNBZ0lDQWdJQ0FnSUNBZ1ltOXlaR1Z5T2lCQ2IzSmtaWEl1WVd4c0tHTnZiRzl5T2lCamIyNXpkQ0JEYjJ4dmNpZ3dlRVpHTTBZeVFUY3pLU2tzQ2lBZ0lDQWdJQ0FnSUNBZ0lDQWdJQ0FwTEFvZ0lDQWdJQ0FnSUNBZ0lDQWdJQ0FnWTJocGJHUTZJRU52YkhWdGJpZ0tJQ0FnSUNBZ0lDQWdJQ0FnSUNBZ0lDQWdZM0p2YzNOQmVHbHpRV3hwWjI1dFpXNTBPaUJEY205emMwRjRhWE5CYkdsbmJtMWxiblF1YzNSeVpYUmphQ3dLSUNBZ0lDQWdJQ0FnSUNBZ0lDQWdJQ0FnWTJocGJHUnlaVzQ2SUZzS0lDQWdJQ0FnSUNBZ0lDQWdJQ0FnSUNBZ0lDQmpiMjV6ZENCU2IzY29DaUFnSUNBZ0lDQWdJQ0FnSUNBZ0lDQWdJQ0FnSUNCamFHbHNaSEpsYmpvZ1d3b2dJQ0FnSUNBZ0lDQWdJQ0FnSUNBZ0lDQWdJQ0FnSUNCSlkyOXVLRWxqYjI1ekxuTndiM0owYzE5elkyOXlaVjl2ZFhSc2FXNWxaQ3dnYzJsNlpUb2dNVGdwTEFvZ0lDQWdJQ0FnSUNBZ0lDQWdJQ0FnSUNBZ0lDQWdJQ0JUYVhwbFpFSnZlQ2gzYVdSMGFEb2dPQ2tzQ2lBZ0lDQWdJQ0FnSUNBZ0lDQWdJQ0FnSUNBZ0lDQWdJRlJsZUhRb0NpQWdJQ0FnSUNBZ0lDQWdJQ0FnSUNBZ0lDQWdJQ0FnSUNBZ0oxUnZiaUJ3Y205dWJ5Y3NDaUFnSUNBZ0lDQWdJQ0FnSUNBZ0lDQWdJQ0FnSUNBZ0lDQWdjM1I1YkdVNklGUmxlSFJUZEhsc1pTaG1iMjUwVjJWcFoyaDBPaUJHYjI1MFYyVnBaMmgwTG5jNU1EQXBMQW9nSUNBZ0lDQWdJQ0FnSUNBZ0lDQWdJQ0FnSUNBZ0lDQXBMQW9nSUNBZ0lDQWdJQ0FnSUNBZ0lDQWdJQ0FnSUNBZ1hTd0tJQ0FnSUNBZ0lDQWdJQ0FnSUNBZ0lDQWdJQ0FwTEFvZ0lDQWdJQ0FnSUNBZ0lDQWdJQ0FnSUNBZ0lHTnZibk4wSUZOcGVtVmtRbTk0S0dobGFXZG9kRG9nTVRBcExBb2dJQ0FnSUNBZ0lDQWdJQ0FnSUNBZ0lDQWdJRkp2ZHlnS0lDQWdJQ0FnSUNBZ0lDQWdJQ0FnSUNBZ0lDQWdJR05vYVd4a2NtVnVPaUJiQ2lBZ0lDQWdJQ0FnSUNBZ0lDQWdJQ0FnSUNBZ0lDQWdJRWxqYjI0b0NpQWdJQ0FnSUNBZ0lDQWdJQ0FnSUNBZ0lDQWdJQ0FnSUNBZ2NISmxaR2xqZEdWa0lEOGdTV052Ym5NdVkyaGxZMnRmWTJseVkyeGxJRG9nU1dOdmJuTXVaV1JwZEY5dWIzUmxMQW9nSUNBZ0lDQWdJQ0FnSUNBZ0lDQWdJQ0FnSUNBZ0lDQWdJSE5wZW1VNklERTRMQW9nSUNBZ0lDQWdJQ0FnSUNBZ0lDQWdJQ0FnSUNBZ0lDQWdJR052Ykc5eU9pQndjbVZrYVdOMFpXUUtJQ0FnSUNBZ0lDQWdJQ0FnSUNBZ0lDQWdJQ0FnSUNBZ0lDQWdJQ0FnUHlCamIyNXpkQ0JEYjJ4dmNpZ3dlRVpHTlRKRU1EaEJLUW9nSUNBZ0lDQWdJQ0FnSUNBZ0lDQWdJQ0FnSUNBZ0lDQWdJQ0FnSUNBNklFTnZiRzl5Y3k1M2FHbDBaU3dLSUNBZ0lDQWdJQ0FnSUNBZ0lDQWdJQ0FnSUNBZ0lDQWdLU3dLSUNBZ0lDQWdJQ0FnSUNBZ0lDQWdJQ0FnSUNBZ0lDQWdZMjl1YzNRZ1UybDZaV1JDYjNnb2QybGtkR2c2SURncExBb2dJQ0FnSUNBZ0lDQWdJQ0FnSUNBZ0lDQWdJQ0FnSUNCRmVIQmhibVJsWkNnS0lDQWdJQ0FnSUNBZ0lDQWdJQ0FnSUNBZ0lDQWdJQ0FnSUNCamFHbHNaRG9nVkdWNGRDZ0tJQ0FnSUNBZ0lDQWdJQ0FnSUNBZ0lDQWdJQ0FnSUNBZ0lDQWdJSEJ5WldScFkzUmxaQ0FtSmlCd2NtVmthV04wYVc5dVUyTnZjbVVnSVQwZ2JuVnNiQW9nSUNBZ0lDQWdJQ0FnSUNBZ0lDQWdJQ0FnSUNBZ0lDQWdJQ0FnSUNBZ0lEOGdKeVJ3Y21Wa2FXTjBhVzl1VTJOdmNtVW5DaUFnSUNBZ0lDQWdJQ0FnSUNBZ0lDQWdJQ0FnSUNBZ0lDQWdJQ0FnSUNBZ0lDQWdJQ2NrZTNCeVpXUnBZM1JwYjI0aExuVnpaVmd5SUQ4Z0p5REN0eUREbHpJbklEb2dKeWQ5SndvZ0lDQWdJQ0FnSUNBZ0lDQWdJQ0FnSUNBZ0lDQWdJQ0FnSUNBZ0lDQWdJRG9nYjNCbGJnb2dJQ0FnSUNBZ0lDQWdJQ0FnSUNBZ0lDQWdJQ0FnSUNBZ0lDQWdJQ0FnSUNBZ0lDQS9JQ2RRWVhNZ1pXNWpiM0psSUhKbGJYQnNhU2NLSUNBZ0lDQWdJQ0FnSUNBZ0lDQWdJQ0FnSUNBZ0lDQWdJQ0FnSUNBZ0lDQWdJQ0FnT2lBblVISnZibTl6ZEdsamN5Qm1aWEp0dzZsekp5d0tJQ0FnSUNBZ0lDQWdJQ0FnSUNBZ0lDQWdJQ0FnSUNBZ0lDQWdJSE4wZVd4bE9pQlVaWGgwVTNSNWJHVW9DaUFnSUNBZ0lDQWdJQ0FnSUNBZ0lDQWdJQ0FnSUNBZ0lDQWdJQ0FnSUdadmJuUlhaV2xuYUhRNklFWnZiblJYWldsbmFIUXVkemd3TUN3S0lDQWdJQ0FnSUNBZ0lDQWdJQ0FnSUNBZ0lDQWdJQ0FnSUNBZ0lDQWdZMjlzYjNJNklIQnlaV1JwWTNSbFpBb2dJQ0FnSUNBZ0lDQWdJQ0FnSUNBZ0lDQWdJQ0FnSUNBZ0lDQWdJQ0FnSUNBZ1B5QmpiMjV6ZENCRGIyeHZjaWd3ZUVaR05USkVNRGhCS1FvZ0lDQWdJQ0FnSUNBZ0lDQWdJQ0FnSUNBZ0lDQWdJQ0FnSUNBZ0lDQWdJQ0FnT2lCRGIyeHZjbk11ZDJocGRHVXNDaUFnSUNBZ0lDQWdJQ0FnSUNBZ0lDQWdJQ0FnSUNBZ0lDQWdJQ0FwTEFvZ0lDQWdJQ0FnSUNBZ0lDQWdJQ0FnSUNBZ0lDQWdJQ0FnSUNrc0NpQWdJQ0FnSUNBZ0lDQWdJQ0FnSUNBZ0lDQWdJQ0FnSUNrc0NpQWdJQ0FnSUNBZ0lDQWdJQ0FnSUNBZ0lDQWdJQ0FnSUdsbUlDaHZjR1Z1S1FvZ0lDQWdJQ0FnSUNBZ0lDQWdJQ0FnSUNBZ0lDQWdJQ0FnSUVacGJHeGxaRUoxZEhSdmJpZ0tJQ0FnSUNBZ0lD
Shell: QWdJQ0FnSUNBZ0lDQWdJQ0FnSUNBZ0lDQWdJRzl1VUhKbGMzTmxaRG9nS0NrZ1BUNGdZMjl1ZEdWNGRDNXdkWE5vS0FvZ0lDQWdJQ0FnSUNBZ0lDQWdJQ0FnSUNBZ0lDQWdJQ0FnSUNBZ0lDQW5MMjFoZEdOb1pYTXZKSHR0WVhSamFDNXBaSDB2YkdsdVpYVndQM05sWTNScGIyNDljSEpsWkdsamRHbHZiaWNzQ2lBZ0lDQWdJQ0FnSUNBZ0lDQWdJQ0FnSUNBZ0lDQWdJQ0FnSUNBcExBb2dJQ0FnSUNBZ0lDQWdJQ0FnSUNBZ0lDQWdJQ0FnSUNBZ0lDQWdZMmhwYkdRNklGUmxlSFFvY0hKbFpHbGpkR1ZrSUQ4Z0owMXZaR2xtYVdWeUp5QTZJQ2RTWlcxd2JHbHlKeWtzQ2lBZ0lDQWdJQ0FnSUNBZ0lDQWdJQ0FnSUNBZ0lDQWdJQ0FnS1N3S0lDQWdJQ0FnSUNBZ0lDQWdJQ0FnSUNBZ0lDQWdJRjBzQ2lBZ0lDQWdJQ0FnSUNBZ0lDQWdJQ0FnSUNBZ0tTd0tJQ0FnSUNBZ0lDQWdJQ0FnSUNBZ0lDQWdYU3dLSUNBZ0lDQWdJQ0FnSUNBZ0lDQWdJQ2tzQ2lBZ0lDQWdJQ0FnSUNBZ0lDQWdLU3dLSUNBZ0lDQWdJQ0FnSUNBZ1hTd0tJQ0FnSUNBZ0lDQWdJQ2tzQ2lBZ0lDQWdJQ0FnS1N3S0lDQWdJQ0FnS1N3S0lDQWdJQ2s3Q2lBZ2ZRcDlDZz09IiwibGliL2ZlYXR1cmVzL2hvbWUvcHJlc2VudGF0aW9uL2hvbWVfbGFzdF9tYXRjaF9jYXJkLmRhcnQiOiJhVzF3YjNKMElDZHdZV05yWVdkbE9tRnpYMmR5YVc1MFlTOWpiM0psTDNSb1pXMWxMMkZ3Y0Y5MGFHVnRaUzVrWVhKMEp6c0thVzF3YjNKMElDZHdZV05yWVdkbE9tRnpYMmR5YVc1MFlTOWpiM0psTDNWMGFXeHpMMkZ3Y0Y5bGNuSnZjbk11WkdGeWRDYzdDbWx0Y0c5eWRDQW5jR0ZqYTJGblpUcGhjMTluY21sdWRHRXZZMjl5WlM5MWRHbHNjeTloY0hCZlptOXliV0YwY3k1a1lYSjBKenNLYVcxd2IzSjBJQ2R3WVdOcllXZGxPbUZ6WDJkeWFXNTBZUzlqYjNKbEwzZHBaR2RsZEhNdlozSnBiblJoWDJWdGNIUjVYM04wWVhSbExtUmhjblFuT3dwcGJYQnZjblFnSjNCaFkydGhaMlU2WVhOZlozSnBiblJoTDJOdmNtVXZkMmxrWjJWMGN5OXRZWFJqYUY5bWFYaDBkWEpsTG1SaGNuUW5Pd3BwYlhCdmNuUWdKM0JoWTJ0aFoyVTZZWE5mWjNKcGJuUmhMMlpsWVhSMWNtVnpMMmh2YldVdlpHRjBZUzlvYjIxbFgzSmxjRzl6YVhSdmNua3VaR0Z5ZENjN0NtbHRjRzl5ZENBbmNHRmphMkZuWlRwaGMxOW5jbWx1ZEdFdlptVmhkSFZ5WlhNdmJXRjBZMmhsY3k5a1lYUmhMMjFoZEdOb1gyUmxkR0ZwYkhOZmNtVndiM05wZEc5eWVTNWtZWEowSnpzS2FXMXdiM0owSUNkd1lXTnJZV2RsT21GelgyZHlhVzUwWVM5bVpXRjBkWEpsY3k5emNHOXlkSE5mYldGdVlXZGxiV1Z1ZEM5a1lYUmhMM053YjNKMFgyMXZkRzFmZG05MFpWOXlaWEJ2YzJsMGIzSjVMbVJoY25Rbk93cHBiWEJ2Y25RZ0ozQmhZMnRoWjJVNllYTmZaM0pwYm5SaEwyWmxZWFIxY21WekwzTndiM0owYzE5dFlXNWhaMlZ0Wlc1MEwyUnZiV0ZwYmk5emNHOXlkRjl0YjNSdFgzWnZkR1V1WkdGeWRDYzdDbWx0Y0c5eWRDQW5jR0ZqYTJGblpUcG1iSFYwZEdWeUwyMWhkR1Z5YVdGc0xtUmhjblFuT3dwcGJYQnZjblFnSjNCaFkydGhaMlU2Wm14MWRIUmxjbDl5YVhabGNuQnZaQzltYkhWMGRHVnlYM0pwZG1WeWNHOWtMbVJoY25Rbk93cHBiWEJ2Y25RZ0ozQmhZMnRoWjJVNloyOWZjbTkxZEdWeUwyZHZYM0p2ZFhSbGNpNWtZWEowSnpzS2FXMXdiM0owSUNkd1lXTnJZV2RsT21GelgyZHlhVzUwWVM5amIzSmxMM2RwWkdkbGRITXZaM0pwYm5SaFgyeHZZV1JsY2k1a1lYSjBKenNLQ21Oc1lYTnpJRWh2YldWTVlYTjBUV0YwWTJoRFlYSmtJR1Y0ZEdWdVpITWdRMjl1YzNWdFpYSlhhV1JuWlhRZ2V3b2dJR052Ym5OMElFaHZiV1ZNWVhOMFRXRjBZMmhEWVhKa0tIdHpkWEJsY2k1clpYbDlLVHNLQ2lBZ1FHOTJaWEp5YVdSbENpQWdWMmxrWjJWMElHSjFhV3hrS0VKMWFXeGtRMjl1ZEdWNGRDQmpiMjUwWlhoMExDQlhhV1JuWlhSU1pXWWdjbVZtS1NCN0NpQWdJQ0JtYVc1aGJDQmtZWE5vWW05aGNtUWdQU0J5WldZdWQyRjBZMmdvYUc5dFpVUmhjMmhpYjJGeVpGQnliM1pwWkdWeUtUc0tJQ0FnSUhKbGRIVnliaUJEYjJ4MWJXNG9DaUFnSUNBZ0lHTnliM056UVhocGMwRnNhV2R1YldWdWREb2dRM0p2YzNOQmVHbHpRV3hwWjI1dFpXNTBMbk4wY21WMFkyZ3NDaUFnSUNBZ0lHTm9hV3hrY21WdU9pQmJDaUFnSUNBZ0lDQWdZMjl1YzNRZ1gwaGxZV1JsY2lncExBb2dJQ0FnSUNBZ0lHUmhjMmhpYjJGeVpDNTNhR1Z1S0FvZ0lDQWdJQ0FnSUNBZ2JHOWhaR2x1WnpvZ0tDa2dQVDRnWTI5dWMzUWdYMHh2WVdScGJtZERZWEprS0Nrc0NpQWdJQ0FnSUNBZ0lDQmxjbkp2Y2pvZ0tGOHNJRjlmS1NBOVBpQmpiMjV6ZENCZlRXVnpjMkZuWlVOaGNtUW9DaUFnSUNBZ0lDQWdJQ0FnSUhScGRHeGxPaUFuUTJoaGNtZGxiV1Z1ZENCcGJYQnZjM05wWW14bEp5d0tJQ0FnSUNBZ0lDQWdJQ0FnYVdOdmJqb2dTV052Ym5NdWQybG1hVjl2Wm1aZmNtOTFibVJsWkN3S0lDQWdJQ0FnSUNBZ0lDQWdiV1Z6YzJGblpUb2dKMVJwY21VZ2NHOTFjaUJ5WVdaeVljT3VZMmhwY2k0bkxBb2dJQ0FnSUNBZ0lDQWdJQ0IwYjI1bE9pQkhjbWx1ZEdGRmJYQjBlVlJ2Ym1VdVlXeGxjblFzQ2lBZ0lDQWdJQ0FnSUNBcExBb2dJQ0FnSUNBZ0lDQWdaR0YwWVRvZ0tHUmhkR0VwSUhzS0lDQWdJQ0FnSUNBZ0lDQWdabWx1WVd3Z2JXRjBZMmdnUFNCa1lYUmhMbXhoYzNSTllYUmphRHNLSUNBZ0lDQWdJQ0FnSUNBZ2FXWWdLRzFoZEdOb0lEMDlJRzUxYkd3cElIc0tJQ0FnSUNBZ0lDQWdJQ0FnSUNCeVpYUjFjbTRnWTI5dWMzUWdYMDFsYzNOaFoyVkRZWEprS0FvZ0lDQWdJQ0FnSUNBZ0lDQWdJQ0FnZEdsMGJHVTZJQ2RCZFdOMWJpQnRZWFJqYUNCcWIzWERxU2NzQ2lBZ0lDQWdJQ0FnSUNBZ0lDQWdJQ0J0WlhOellXZGxPZ29nSUNBZ0lDQWdJQ0FnSUNBZ0lDQWdJQ0FnSUNkTVpTQnl3Nmx6ZFd4MFlYUWdaWFFnYkdFZ1kyOXRjRzhnYzF3bllXWm1hV05vWlhKdmJuUWdZWEJ5dzZoeklHeGxJSEJ5WlcxcFpYSWdKd29nSUNBZ0lDQWdJQ0FnSUNBZ0lDQWdJQ0FnSUNkdFlYUmphQ0Jr
Shell: WlNCc1lTQnpZV2x6YjI0dUp5d0tJQ0FnSUNBZ0lDQWdJQ0FnSUNBcE93b2dJQ0FnSUNBZ0lDQWdJQ0I5Q2lBZ0lDQWdJQ0FnSUNBZ0lISmxkSFZ5YmlCZlRHRnpkRTFoZEdOb1EyOXVkR1Z1ZENodFlYUmphRG9nYldGMFkyZ3BPd29nSUNBZ0lDQWdJQ0FnZlN3S0lDQWdJQ0FnSUNBcExBb2dJQ0FnSUNCZExBb2dJQ0FnS1RzS0lDQjlDbjBLQ21Oc1lYTnpJRjlJWldGa1pYSWdaWGgwWlc1a2N5QlRkR0YwWld4bGMzTlhhV1JuWlhRZ2V3b2dJR052Ym5OMElGOUlaV0ZrWlhJb0tUc0tDaUFnUUc5MlpYSnlhV1JsQ2lBZ1YybGtaMlYwSUdKMWFXeGtLRUoxYVd4a1EyOXVkR1Y0ZENCamIyNTBaWGgwS1NCN0NpQWdJQ0J5WlhSMWNtNGdVR0ZrWkdsdVp5Z0tJQ0FnSUNBZ2NHRmtaR2x1WnpvZ1kyOXVjM1FnUldSblpVbHVjMlYwY3k1dmJteDVLR0p2ZEhSdmJUb2dNVEFwTEFvZ0lDQWdJQ0JqYUdsc1pEb2dVbTkzS0FvZ0lDQWdJQ0FnSUdOb2FXeGtjbVZ1T2lCYkNpQWdJQ0FnSUNBZ0lDQmpiMjV6ZENCSlkyOXVLRWxqYjI1ekxtaHBjM1J2Y25sZmNtOTFibVJsWkN3Z2MybDZaVG9nTWpBcExBb2dJQ0FnSUNBZ0lDQWdZMjl1YzNRZ1UybDZaV1JDYjNnb2QybGtkR2c2SURncExBb2dJQ0FnSUNBZ0lDQWdWR1Y0ZENnS0lDQWdJQ0FnSUNBZ0lDQWdKMFJsY201cFpYSWdiV0YwWTJnbkxBb2dJQ0FnSUNBZ0lDQWdJQ0J6ZEhsc1pUb2dWR2hsYldVdWIyWW9DaUFnSUNBZ0lDQWdJQ0FnSUNBZ1kyOXVkR1Y0ZEN3S0lDQWdJQ0FnSUNBZ0lDQWdLUzUwWlhoMFZHaGxiV1V1ZEdsMGJHVk5aV1JwZFcwL0xtTnZjSGxYYVhSb0tHWnZiblJYWldsbmFIUTZJRVp2Ym5SWFpXbG5hSFF1ZHpnd01Da3NDaUFnSUNBZ0lDQWdJQ0FwTEFvZ0lDQWdJQ0FnSUYwc0NpQWdJQ0FnSUNrc0NpQWdJQ0FwT3dvZ0lIMEtmUW9LWTJ4aGMzTWdYMHhoYzNSTllYUmphRU52Ym5SbGJuUWdaWGgwWlc1a2N5QkRiMjV6ZFcxbGNsZHBaR2RsZENCN0NpQWdZMjl1YzNRZ1gweGhjM1JOWVhSamFFTnZiblJsYm5Rb2UzSmxjWFZwY21Wa0lIUm9hWE11YldGMFkyaDlLVHNLQ2lBZ1ptbHVZV3dnU0c5dFpVMWhkR05vSUcxaGRHTm9Pd29LSUNCQWIzWmxjbkpwWkdVS0lDQlhhV1JuWlhRZ1luVnBiR1FvUW5WcGJHUkRiMjUwWlhoMElHTnZiblJsZUhRc0lGZHBaR2RsZEZKbFppQnlaV1lwSUhzS0lDQWdJR1pwYm1Gc0lHUmxkR0ZwYkhOQmMzbHVZeUE5SUhKbFppNTNZWFJqYUNodFlYUmphRVJsZEdGcGJITlFjbTkyYVdSbGNpaHRZWFJqYUM1cFpDa3BPd29nSUNBZ1ptbHVZV3dnZG05MFpVRnplVzVqSUQwZ2NtVm1MbmRoZEdOb0tITndiM0owVFc5MGJWWnZkR1ZRY205MmFXUmxjaWh0WVhSamFDNXBaQ2twT3dvZ0lDQWdabWx1WVd3Z2JHRnpkRkJ5YjI1dklEMGdjbVZtTG5kaGRHTm9LRzE1VEdGemRGQnliMjV2VUhKdmRtbGtaWElwTG5aaGJIVmxUM0pPZFd4c093b0tJQ0FnSUhKbGRIVnliaUJrWlhSaGFXeHpRWE41Ym1NdWQyaGxiaWdLSUNBZ0lDQWdiRzloWkdsdVp6b2dLQ2tnUFQ0Z1kyOXVjM1FnWDB4dllXUnBibWREWVhKa0tDa3NDaUFnSUNBZ0lHVnljbTl5T2lBb1pYSnliM0lzSUY4cElEMCtJRjlOWlhOellXZGxRMkZ5WkNnS0lDQWdJQ0FnSUNCMGFYUnNaVG9nSjBURHFYUmhhV3h6SUdsdVpHbHpjRzl1YVdKc1pYTW5MQW9nSUNBZ0lDQWdJR2xqYjI0NklFbGpiMjV6TG5kcFptbGZiMlptWDNKdmRXNWtaV1FzQ2lBZ0lDQWdJQ0FnYldWemMyRm5aVG9nYUhWdFlXNXBlbVZGY25KdmNpaGxjbkp2Y2lrc0NpQWdJQ0FnSUNBZ2RHOXVaVG9nUjNKcGJuUmhSVzF3ZEhsVWIyNWxMbUZzWlhKMExBb2dJQ0FnSUNBcExBb2dJQ0FnSUNCa1lYUmhPaUFvWkdWMFlXbHNjeWtnZXdvZ0lDQWdJQ0FnSUdacGJtRnNJR2h2YldWT1lXMWxJRDBnYldGMFkyZ3VhWE5JYjIxbElEOGdKMEZUSUVkeWFXNTBZU2NnT2lCdFlYUmphQzV2Y0hCdmJtVnVkRHNLSUNBZ0lDQWdJQ0JtYVc1aGJDQmhkMkY1VG1GdFpTQTlJRzFoZEdOb0xtbHpTRzl0WlNBL0lHMWhkR05vTG05d2NHOXVaVzUwSURvZ0owRlRJRWR5YVc1MFlTYzdDaUFnSUNBZ0lDQWdabWx1WVd3Z2FHOXRaVk5qYjNKbElEMEtJQ0FnSUNBZ0lDQWdJQ0FnYldGMFkyZ3VhWE5JYjIxbElEOGdiV0YwWTJndVozSnBiblJoVTJOdmNtVWdQejhnTUNBNklHMWhkR05vTG05d2NHOXVaVzUwVTJOdmNtVWdQejhnTURzS0lDQWdJQ0FnSUNCbWFXNWhiQ0JoZDJGNVUyTnZjbVVnUFFvZ0lDQWdJQ0FnSUNBZ0lDQnRZWFJqYUM1cGMwaHZiV1VnUHlCdFlYUmphQzV2Y0hCdmJtVnVkRk5qYjNKbElEOC9JREFnT2lCdFlYUmphQzVuY21sdWRHRlRZMjl5WlNBL1B5QXdPd29nSUNBZ0lDQWdJR1pwYm1Gc0lITmpiM0psY25NZ1BTQmtaWFJoYVd4ekxuQnNZWGxsY2xOMFlYUnpDaUFnSUNBZ0lDQWdJQ0FnSUM1M2FHVnlaU2dvY0d4aGVXVnlLU0E5UGlCd2JHRjVaWEl1WjI5aGJITWdQaUF3S1FvZ0lDQWdJQ0FnSUNBZ0lDQXViV0Z3S0FvZ0lDQWdJQ0FnSUNBZ0lDQWdJQ2h3YkdGNVpYSXBJRDArSUhCc1lYbGxjaTVuYjJGc2N5QTlQU0F4Q2lBZ0lDQWdJQ0FnSUNBZ0lDQWdJQ0FnSUQ4Z2NHeGhlV1Z5TG01aGJXVUtJQ0FnSUNBZ0lDQWdJQ0FnSUNBZ0lDQWdPaUFuSkh0d2JHRjVaWEl1Ym1GdFpYMGd3NWNrZTNCc1lYbGxjaTVuYjJGc2MzMG5MQW9nSUNBZ0lDQWdJQ0FnSUNBcENpQWdJQ0FnSUNBZ0lDQWdJQzVxYjJsdUtDY2d3cmNnSnlrN0NpQWdJQ0FnSUNBZ1ptbHVZV3dnZG05MFpTQTlJSFp2ZEdWQmMzbHVZeTUyWVd4MVpVOXlUblZzYkRzS0lDQWdJQ0FnSUNCbWFXNWhiQ0JvWkcwZ1BTQmZhR1J0VEdGaVpXd29aR1YwWVdsc2N5d2dkbTkwWlNrN0NpQWdJQ0FnSUNBZ1ptbHVZV3dnY0hKdmJtOGdQU0JzWVhOMFVISnZibTgvTG0xaGRHTm9TV1FnUFQwZ2JXRjBZMmd1YVdRZ1B5QnNZWE4wVUhKdmJtOGdPaUJ1ZFd4c093b2dJQ0FnSUNBZ0lHWnBibUZzSUhCeVpXUnBZM1JwYjI1UWIybHVkSE1nUFNCd2NtOXVieUE5UFNCdWRXeHNDaUFnSUNBZ0lDQWdJQ0FnSUQ4Z0owRjFZM1Z1SUhCeWIyNXZKd29nSUNBZ0lDQWdJQ0Fn
Shell: SUNBNklFRndjRVp2Y20xaGRITXVZMjkxYm5SbFpDZ0tJQ0FnSUNBZ0lDQWdJQ0FnSUNBZ0lDaHdjbTl1Ynk1d2IybHVkSE1nS2lBeE1EQXBMbkp2ZFc1a0tDa3NDaUFnSUNBZ0lDQWdJQ0FnSUNBZ0lDQW5jRzlwYm5RbkxBb2dJQ0FnSUNBZ0lDQWdJQ0FnSUNrN0Nnb2dJQ0FnSUNBZ0lISmxkSFZ5YmlCRFlYSmtLQW9nSUNBZ0lDQWdJQ0FnWTI5c2IzSTZJR052Ym5OMElFTnZiRzl5S0RCNFJrWXlNREkwTWtNcExBb2dJQ0FnSUNBZ0lDQWdjMmhoY0dVNklGSnZkVzVrWldSU1pXTjBZVzVuYkdWQ2IzSmtaWElvQ2lBZ0lDQWdJQ0FnSUNBZ0lHSnZjbVJsY2xKaFpHbDFjem9nUW05eVpHVnlVbUZrYVhWekxtTnBjbU4xYkdGeUtESXdLU3dLSUNBZ0lDQWdJQ0FnSUNBZ2MybGtaVG9nWTI5dWMzUWdRbTl5WkdWeVUybGtaU2hqYjJ4dmNqb2dRMjlzYjNJb01IaEdSall5TmtFM09Da3NJSGRwWkhSb09pQXhMak1wTEFvZ0lDQWdJQ0FnSUNBZ0tTd0tJQ0FnSUNBZ0lDQWdJR05zYVhCQ1pXaGhkbWx2Y2pvZ1EyeHBjQzVoYm5ScFFXeHBZWE1zQ2lBZ0lDQWdJQ0FnSUNCamFHbHNaRG9nUTI5c2RXMXVLQW9nSUNBZ0lDQWdJQ0FnSUNCamNtOXpjMEY0YVhOQmJHbG5ibTFsYm5RNklFTnliM056UVhocGMwRnNhV2R1YldWdWRDNXpkSEpsZEdOb0xBb2dJQ0FnSUNBZ0lDQWdJQ0JqYUdsc1pISmxiam9nV3dvZ0lDQWdJQ0FnSUNBZ0lDQWdJRWx1YTFkbGJHd29DaUFnSUNBZ0lDQWdJQ0FnSUNBZ0lDQnZibFJoY0RvZ0tDa2dQVDRnWTI5dWRHVjRkQzV3ZFhOb0tDY3ZiV0YwWTJobGN5OGtlMjFoZEdOb0xtbGtmU2NwTEFvZ0lDQWdJQ0FnSUNBZ0lDQWdJQ0FnWTJocGJHUTZJRkJoWkdScGJtY29DaUFnSUNBZ0lDQWdJQ0FnSUNBZ0lDQWdJSEJoWkdScGJtYzZJR052Ym5OMElFVmtaMlZKYm5ObGRITXVZV3hzS0RFNEtTd0tJQ0FnSUNBZ0lDQWdJQ0FnSUNBZ0lDQWdZMmhwYkdRNklFTnZiSFZ0YmlnS0lDQWdJQ0FnSUNBZ0lDQWdJQ0FnSUNBZ0lDQmpjbTl6YzBGNGFYTkJiR2xuYm0xbGJuUTZJRU55YjNOelFYaHBjMEZzYVdkdWJXVnVkQzV6ZEhKbGRHTm9MQW9nSUNBZ0lDQWdJQ0FnSUNBZ0lDQWdJQ0FnSUdOb2FXeGtjbVZ1T2lCYkNpQWdJQ0FnSUNBZ0lDQWdJQ0FnSUNBZ0lDQWdJQ0JOWVhSamFFWnBlSFIxY21Vb0NpQWdJQ0FnSUNBZ0lDQWdJQ0FnSUNBZ0lDQWdJQ0FnSUdodmJXVk9ZVzFsT2lCb2IyMWxUbUZ0WlN3S0lDQWdJQ0FnSUNBZ0lDQWdJQ0FnSUNBZ0lDQWdJQ0FnWVhkaGVVNWhiV1U2SUdGM1lYbE9ZVzFsTEFvZ0lDQWdJQ0FnSUNBZ0lDQWdJQ0FnSUNBZ0lDQWdJQ0JuY21sdWRHRkpjMGh2YldVNklHMWhkR05vTG1selNHOXRaU3dLSUNBZ0lDQWdJQ0FnSUNBZ0lDQWdJQ0FnSUNBZ0lDQWdhRzl0WlZOamIzSmxPaUJvYjIxbFUyTnZjbVVzQ2lBZ0lDQWdJQ0FnSUNBZ0lDQWdJQ0FnSUNBZ0lDQWdJR0YzWVhsVFkyOXlaVG9nWVhkaGVWTmpiM0psTEFvZ0lDQWdJQ0FnSUNBZ0lDQWdJQ0FnSUNBZ0lDQWdJQ0JtYVc1cGMyaGxaRG9nZEhKMVpTd0tJQ0FnSUNBZ0lDQWdJQ0FnSUNBZ0lDQWdJQ0FnSUNBZ2JtRnRaVk4wZVd4bE9pQlVhR1Z0WlM1dlppaGpiMjUwWlhoMEtTNTBaWGgwVkdobGJXVXVkR2wwYkdWTVlYSm5aU3dLSUNBZ0lDQWdJQ0FnSUNBZ0lDQWdJQ0FnSUNBZ0lDa3NDaUFnSUNBZ0lDQWdJQ0FnSUNBZ0lDQWdJQ0FnSUNCcFppQW9iV0YwWTJndWEybGphMjltWmtGMElDRTlJRzUxYkd3cElDNHVMbHNLSUNBZ0lDQWdJQ0FnSUNBZ0lDQWdJQ0FnSUNBZ0lDQWdZMjl1YzNRZ1UybDZaV1JDYjNnb2FHVnBaMmgwT2lBMEtTd0tJQ0FnSUNBZ0lDQWdJQ0FnSUNBZ0lDQWdJQ0FnSUNBZ1ZHVjRkQ2dLSUNBZ0lDQWdJQ0FnSUNBZ0lDQWdJQ0FnSUNBZ0lDQWdJQ0JCY0hCR2IzSnRZWFJ6TG1SaGRHVlVhVzFsS0cxaGRHTm9MbXRwWTJ0dlptWkJkQ0VwTEFvZ0lDQWdJQ0FnSUNBZ0lDQWdJQ0FnSUNBZ0lDQWdJQ0FnSUhOMGVXeGxPaUJVYUdWdFpTNXZaaWhqYjI1MFpYaDBLUW9nSUNBZ0lDQWdJQ0FnSUNBZ0lDQWdJQ0FnSUNBZ0lDQWdJQ0FnSUNBdWRHVjRkRlJvWlcxbENpQWdJQ0FnSUNBZ0lDQWdJQ0FnSUNBZ0lDQWdJQ0FnSUNBZ0lDQWdJQzVpYjJSNVUyMWhiR3dLSUNBZ0lDQWdJQ0FnSUNBZ0lDQWdJQ0FnSUNBZ0lDQWdJQ0FnSUNBZ1B5NWpiM0I1VjJsMGFDaGpiMnh2Y2pvZ1FYQndWR2hsYldVdWRHVjRkRk5sWTI5dVpHRnllU2tzQ2lBZ0lDQWdJQ0FnSUNBZ0lDQWdJQ0FnSUNBZ0lDQWdJQ2tzQ2lBZ0lDQWdJQ0FnSUNBZ0lDQWdJQ0FnSUNBZ0lDQmRMQW9nSUNBZ0lDQWdJQ0FnSUNBZ0lDQWdJQ0FnSUNBZ1kyOXVjM1FnVTJsNlpXUkNiM2dvYUdWcFoyaDBPaUF4Tmlrc0NpQWdJQ0FnSUNBZ0lDQWdJQ0FnSUNBZ0lDQWdJQ0JmU1c1bWIweHBibVVvQ2lBZ0lDQWdJQ0FnSUNBZ0lDQWdJQ0FnSUNBZ0lDQWdJR2xqYjI0NklFbGpiMjV6TG5OMFlXTnJaV1JmWW1GeVgyTm9ZWEowWDNKdmRXNWtaV1FzQ2lBZ0lDQWdJQ0FnSUNBZ0lDQWdJQ0FnSUNBZ0lDQWdJR3hoWW1Wc09pQW5RblYwWlhWeUtITXBKeXdLSUNBZ0lDQWdJQ0FnSUNBZ0lDQWdJQ0FnSUNBZ0lDQWdkbUZzZFdVNklITmpiM0psY25NdWFYTkZiWEIwZVNBL0lDZEJkV04xYmljZ09pQnpZMjl5WlhKekxBb2dJQ0FnSUNBZ0lDQWdJQ0FnSUNBZ0lDQWdJQ0FnS1N3S0lDQWdJQ0FnSUNBZ0lDQWdJQ0FnSUNBZ0lDQWdJR052Ym5OMElGTnBlbVZrUW05NEtHaGxhV2RvZERvZ01UQXBMQW9nSUNBZ0lDQWdJQ0FnSUNBZ0lDQWdJQ0FnSUNBZ1gwbHVabTlNYVc1bEtBb2dJQ0FnSUNBZ0lDQWdJQ0FnSUNBZ0lDQWdJQ0FnSUNCcFkyOXVPaUJKWTI5dWN5NWxiVzlxYVY5bGRtVnVkSE5mYjNWMGJHbHVaV1FzQ2lBZ0lDQWdJQ0FnSUNBZ0lDQWdJQ0FnSUNBZ0lDQWdJR3hoWW1Wc09pQW5TRVJOSnl3S0lDQWdJQ0FnSUNBZ0lDQWdJQ0FnSUNBZ0lDQWdJQ0FnZG1Gc2RXVTZJR2hrYlN3S0lDQWdJQ0FnSUNBZ0lDQWdJQ0FnSUNBZ0lDQWdJQ2tzQ2lBZ0lDQWdJQ0FnSUNBZ0lDQWdJQ0FnSUNBZ0lDQmpiMjV6ZENCVGFYcGxaRUp2ZUNob1pXbG5hSFE2
Shell: SURFd0tTd0tJQ0FnSUNBZ0lDQWdJQ0FnSUNBZ0lDQWdJQ0FnSUY5SmJtWnZUR2x1WlNnS0lDQWdJQ0FnSUNBZ0lDQWdJQ0FnSUNBZ0lDQWdJQ0FnYVdOdmJqb2dTV052Ym5NdWMzQnZjblJ6WDNOamIzSmxYMjkxZEd4cGJtVmtMQW9nSUNBZ0lDQWdJQ0FnSUNBZ0lDQWdJQ0FnSUNBZ0lDQnNZV0psYkRvZ0oxUnZiaUJ6WTI5eVpTQndjbTl1Ynljc0NpQWdJQ0FnSUNBZ0lDQWdJQ0FnSUNBZ0lDQWdJQ0FnSUhaaGJIVmxPaUJ3Y21Wa2FXTjBhVzl1VUc5cGJuUnpMQW9nSUNBZ0lDQWdJQ0FnSUNBZ0lDQWdJQ0FnSUNBZ0tTd0tJQ0FnSUNBZ0lDQWdJQ0FnSUNBZ0lDQWdJQ0FnSUdOdmJuTjBJRk5wZW1Wa1FtOTRLR2hsYVdkb2REb2dNVEFwTEFvZ0lDQWdJQ0FnSUNBZ0lDQWdJQ0FnSUNBZ0lDQWdRV3hwWjI0b0NpQWdJQ0FnSUNBZ0lDQWdJQ0FnSUNBZ0lDQWdJQ0FnSUdGc2FXZHViV1Z1ZERvZ1FXeHBaMjV0Wlc1MExtTmxiblJsY2xKcFoyaDBMQW9nSUNBZ0lDQWdJQ0FnSUNBZ0lDQWdJQ0FnSUNBZ0lDQmphR2xzWkRvZ1ZHVjRkQ2dLSUNBZ0lDQWdJQ0FnSUNBZ0lDQWdJQ0FnSUNBZ0lDQWdJQ0FuVm05cGNpQnNZU0JtYVdOb1pTQmtkU0J0WVhSamFDY3NDaUFnSUNBZ0lDQWdJQ0FnSUNBZ0lDQWdJQ0FnSUNBZ0lDQWdjM1I1YkdVNkNpQWdJQ0FnSUNBZ0lDQWdJQ0FnSUNBZ0lDQWdJQ0FnSUNBZ0lDQWdJRlJvWlcxbExtOW1LR052Ym5SbGVIUXBMblJsZUhSVWFHVnRaUzVzWVdKbGJFeGhjbWRsUHk1amIzQjVWMmwwYUNnS0lDQWdJQ0FnSUNBZ0lDQWdJQ0FnSUNBZ0lDQWdJQ0FnSUNBZ0lDQWdJQ0FnSUNBZ1kyOXNiM0k2SUdOdmJuTjBJRU52Ykc5eUtEQjRSa1pEUVVJMVJrWXBMQW9nSUNBZ0lDQWdJQ0FnSUNBZ0lDQWdJQ0FnSUNBZ0lDQWdJQ0FnSUNBZ0lDQWdJQ0JtYjI1MFYyVnBaMmgwT2lCR2IyNTBWMlZwWjJoMExuYzRNREFzQ2lBZ0lDQWdJQ0FnSUNBZ0lDQWdJQ0FnSUNBZ0lDQWdJQ0FnSUNBZ0lDQWdJQ0FwTEFvZ0lDQWdJQ0FnSUNBZ0lDQWdJQ0FnSUNBZ0lDQWdJQ0FwTEFvZ0lDQWdJQ0FnSUNBZ0lDQWdJQ0FnSUNBZ0lDQWdLU3dLSUNBZ0lDQWdJQ0FnSUNBZ0lDQWdJQ0FnSUNCZExBb2dJQ0FnSUNBZ0lDQWdJQ0FnSUNBZ0lDQXBMQW9nSUNBZ0lDQWdJQ0FnSUNBZ0lDQWdLU3dLSUNBZ0lDQWdJQ0FnSUNBZ0lDQXBMQW9nSUNBZ0lDQWdJQ0FnSUNBZ0lHbG1JQ2gyYjNSbElDRTlJRzUxYkd3Z0ppWWdkbTkwWlM1cGMwOXdaVzRnSmlZZ2RtOTBaUzVwYzBWc2FXZHBZbXhsVm05MFpYSXBJQzR1TGxzS0lDQWdJQ0FnSUNBZ0lDQWdJQ0FnSUdOdmJuTjBJRVJwZG1sa1pYSW9DaUFnSUNBZ0lDQWdJQ0FnSUNBZ0lDQWdJR2hsYVdkb2REb2dNU3dLSUNBZ0lDQWdJQ0FnSUNBZ0lDQWdJQ0FnZEdocFkydHVaWE56T2lBeExBb2dJQ0FnSUNBZ0lDQWdJQ0FnSUNBZ0lDQmpiMnh2Y2pvZ1EyOXNiM0lvTUhoR1JqTkJOREUwUkNrc0NpQWdJQ0FnSUNBZ0lDQWdJQ0FnSUNBcExBb2dJQ0FnSUNBZ0lDQWdJQ0FnSUNBZ1NXNXJWMlZzYkNnS0lDQWdJQ0FnSUNBZ0lDQWdJQ0FnSUNBZ2IyNVVZWEE2SUNncElEMCtJR052Ym5SbGVIUXVjSFZ6YUNnbkwyMWhkR05vWlhNdkpIdHRZWFJqYUM1cFpIMHZkbTkwWlNjcExBb2dJQ0FnSUNBZ0lDQWdJQ0FnSUNBZ0lDQmphR2xzWkRvZ1VHRmtaR2x1WnlnS0lDQWdJQ0FnSUNBZ0lDQWdJQ0FnSUNBZ0lDQndZV1JrYVc1bk9pQmpiMjV6ZENCRlpHZGxTVzV6WlhSekxtWnliMjFNVkZKQ0tERTRMQ0F4TkN3Z01UZ3NJREUyS1N3S0lDQWdJQ0FnSUNBZ0lDQWdJQ0FnSUNBZ0lDQmphR2xzWkRvZ1VtOTNLQW9nSUNBZ0lDQWdJQ0FnSUNBZ0lDQWdJQ0FnSUNBZ1kyaHBiR1J5Wlc0NklGc0tJQ0FnSUNBZ0lDQWdJQ0FnSUNBZ0lDQWdJQ0FnSUNBZ1kyOXVjM1FnU1dOdmJpZ0tJQ0FnSUNBZ0lDQWdJQ0FnSUNBZ0lDQWdJQ0FnSUNBZ0lDQkpZMjl1Y3k1b2IzZGZkRzlmZG05MFpWOXZkWFJzYVc1bFpDd0tJQ0FnSUNBZ0lDQWdJQ0FnSUNBZ0lDQWdJQ0FnSUNBZ0lDQmpiMnh2Y2pvZ1EyOXNiM0lvTUhoR1JrTkJRalZHUmlrc0NpQWdJQ0FnSUNBZ0lDQWdJQ0FnSUNBZ0lDQWdJQ0FnSUNrc0NpQWdJQ0FnSUNBZ0lDQWdJQ0FnSUNBZ0lDQWdJQ0FnSUdOdmJuTjBJRk5wZW1Wa1FtOTRLSGRwWkhSb09pQXhNaWtzQ2lBZ0lDQWdJQ0FnSUNBZ0lDQWdJQ0FnSUNBZ0lDQWdJRVY0Y0dGdVpHVmtLQW9nSUNBZ0lDQWdJQ0FnSUNBZ0lDQWdJQ0FnSUNBZ0lDQWdJR05vYVd4a09pQkRiMngxYlc0b0NpQWdJQ0FnSUNBZ0lDQWdJQ0FnSUNBZ0lDQWdJQ0FnSUNBZ0lDQmpjbTl6YzBGNGFYTkJiR2xuYm0xbGJuUTZJRU55YjNOelFYaHBjMEZzYVdkdWJXVnVkQzV6ZEdGeWRDd0tJQ0FnSUNBZ0lDQWdJQ0FnSUNBZ0lDQWdJQ0FnSUNBZ0lDQWdJR05vYVd4a2NtVnVPaUJiQ2lBZ0lDQWdJQ0FnSUNBZ0lDQWdJQ0FnSUNBZ0lDQWdJQ0FnSUNBZ0lGUmxlSFFvQ2lBZ0lDQWdJQ0FnSUNBZ0lDQWdJQ0FnSUNBZ0lDQWdJQ0FnSUNBZ0lDQWdkbTkwWlM1b1lYTldiM1JsWkFvZ0lDQWdJQ0FnSUNBZ0lDQWdJQ0FnSUNBZ0lDQWdJQ0FnSUNBZ0lDQWdJQ0FnSUNBL0lDZFViMjRnZG05MFpTQklSRTBnWlhOMElHVnVjbVZuYVhOMGNzT3BKd29nSUNBZ0lDQWdJQ0FnSUNBZ0lDQWdJQ0FnSUNBZ0lDQWdJQ0FnSUNBZ0lDQWdJQ0E2SUNkV2IzUmxjaUJ3YjNWeUlHemlnSmxvYjIxdFpTQmtkU0J0WVhSamFDY3NDaUFnSUNBZ0lDQWdJQ0FnSUNBZ0lDQWdJQ0FnSUNBZ0lDQWdJQ0FnSUNBZ2MzUjViR1U2SUdOdmJuTjBJRlJsZUhSVGRIbHNaU2dLSUNBZ0lDQWdJQ0FnSUNBZ0lDQWdJQ0FnSUNBZ0lDQWdJQ0FnSUNBZ0lDQWdJR1p2Ym5SWFpXbG5hSFE2SUVadmJuUlhaV2xuYUhRdWR6a3dNQ3dLSUNBZ0lDQWdJQ0FnSUNBZ0lDQWdJQ0FnSUNBZ0lDQWdJQ0FnSUNBZ0lDQXBMQW9nSUNBZ0lDQWdJQ0FnSUNBZ0lDQWdJQ0FnSUNBZ0lDQWdJQ0FnSUNBcExBb2dJQ0FnSUNBZ0lDQWdJQ0FnSUNBZ0lDQWdJQ0FnSUNBZ0lDQWdJQ0JqYjI1emRDQlRhWHBsWkVKdmVDaG9aV2xuYUhRNklESXBMQW9nSUNBZ0lDQWdJQ0Fn
Shell: SUNBZ0lDQWdJQ0FnSUNBZ0lDQWdJQ0FnSUNCVVpYaDBLQW9nSUNBZ0lDQWdJQ0FnSUNBZ0lDQWdJQ0FnSUNBZ0lDQWdJQ0FnSUNBZ0lIWnZkR1V1YUdGelZtOTBaV1FLSUNBZ0lDQWdJQ0FnSUNBZ0lDQWdJQ0FnSUNBZ0lDQWdJQ0FnSUNBZ0lDQWdJQ0FnUHlBblFYQndkV2xsSUhCdmRYSWdZMjl1YzNWc2RHVnlJR3hsSUhOamNuVjBhVzR1SndvZ0lDQWdJQ0FnSUNBZ0lDQWdJQ0FnSUNBZ0lDQWdJQ0FnSUNBZ0lDQWdJQ0FnSUNBNklDZERhRzlwYzJseklIVnVJR3B2ZFdWMWNpQmtaWEIxYVhNZ2JHRWdZMjl0Y0c5emFYUnBiMjR1Snl3S0lDQWdJQ0FnSUNBZ0lDQWdJQ0FnSUNBZ0lDQWdJQ0FnSUNBZ0lDQWdJQ0J6ZEhsc1pUb2dWR2hsYldVdWIyWW9ZMjl1ZEdWNGRDa0tJQ0FnSUNBZ0lDQWdJQ0FnSUNBZ0lDQWdJQ0FnSUNBZ0lDQWdJQ0FnSUNBZ0lDQWdMblJsZUhSVWFHVnRaUW9nSUNBZ0lDQWdJQ0FnSUNBZ0lDQWdJQ0FnSUNBZ0lDQWdJQ0FnSUNBZ0lDQWdJQ0F1WW05a2VWTnRZV3hzQ2lBZ0lDQWdJQ0FnSUNBZ0lDQWdJQ0FnSUNBZ0lDQWdJQ0FnSUNBZ0lDQWdJQ0FnSUQ4dVkyOXdlVmRwZEdnb1kyOXNiM0k2SUVGd2NGUm9aVzFsTG5SbGVIUlRaV052Ym1SaGNua3BMQW9nSUNBZ0lDQWdJQ0FnSUNBZ0lDQWdJQ0FnSUNBZ0lDQWdJQ0FnSUNBcExBb2dJQ0FnSUNBZ0lDQWdJQ0FnSUNBZ0lDQWdJQ0FnSUNBZ0lDQWdYU3dLSUNBZ0lDQWdJQ0FnSUNBZ0lDQWdJQ0FnSUNBZ0lDQWdJQ0FwTEFvZ0lDQWdJQ0FnSUNBZ0lDQWdJQ0FnSUNBZ0lDQWdJQ0FwTEFvZ0lDQWdJQ0FnSUNBZ0lDQWdJQ0FnSUNBZ0lDQWdJQ0JqYjI1emRDQkpZMjl1S0FvZ0lDQWdJQ0FnSUNBZ0lDQWdJQ0FnSUNBZ0lDQWdJQ0FnSUVsamIyNXpMbU5vWlhaeWIyNWZjbWxuYUhRc0NpQWdJQ0FnSUNBZ0lDQWdJQ0FnSUNBZ0lDQWdJQ0FnSUNBZ1kyOXNiM0k2SUVOdmJHOXlLREI0UmtaRFFVSTFSa1lwTEFvZ0lDQWdJQ0FnSUNBZ0lDQWdJQ0FnSUNBZ0lDQWdJQ0FwTEFvZ0lDQWdJQ0FnSUNBZ0lDQWdJQ0FnSUNBZ0lDQWdYU3dLSUNBZ0lDQWdJQ0FnSUNBZ0lDQWdJQ0FnSUNBcExBb2dJQ0FnSUNBZ0lDQWdJQ0FnSUNBZ0lDQXBMQW9nSUNBZ0lDQWdJQ0FnSUNBZ0lDQWdLU3dLSUNBZ0lDQWdJQ0FnSUNBZ0lDQmRMQW9nSUNBZ0lDQWdJQ0FnSUNCZExBb2dJQ0FnSUNBZ0lDQWdLU3dLSUNBZ0lDQWdJQ0FwT3dvZ0lDQWdJQ0I5TEFvZ0lDQWdLVHNLSUNCOUNnb2dJRk4wY21sdVp5QmZhR1J0VEdGaVpXd29UV0YwWTJoRVpYUmhhV3h6UkdGMFlTQmtaWFJoYVd4ekxDQlRjRzl5ZEUxdmRHMVdiM1JsUHlCMmIzUmxLU0I3Q2lBZ0lDQnBaaUFvZG05MFpTQWhQU0J1ZFd4c0lDWW1JSFp2ZEdVdWFYTkRiRzl6WldRcElIc0tJQ0FnSUNBZ1ptbHVZV3dnZDJsdWJtVnljeUE5Q2lBZ0lDQWdJQ0FnSUNCMmIzUmxMbmRwYm01bGNuTXViV0Z3S0NoallXNWthV1JoZEdVcElEMCtJR05oYm1ScFpHRjBaUzVrYVhOd2JHRjVUbUZ0WlNrdWFtOXBiaWduSU1LM0lDY3BPd29nSUNBZ0lDQnlaWFIxY200Z2QybHVibVZ5Y3k1cGMwVnRjSFI1SUQ4Z0owRjFZM1Z1SnlBNklIZHBibTVsY25NN0NpQWdJQ0I5Q2lBZ0lDQm1hVzVoYkNCeVpXTnZjbVJsWkNBOUlHUmxkR0ZwYkhNdWMzUmhjblJwYm1kTWFXNWxkWEFLSUNBZ0lDQWdJQ0F1ZDJobGNtVW9LSEJzWVhsbGNpa2dQVDRnY0d4aGVXVnlMbWx6VFdGdVQyWlVhR1ZOWVhSamFDa0tJQ0FnSUNBZ0lDQXViV0Z3S0Nod2JHRjVaWElwSUQwK0lIQnNZWGxsY2k1dVlXMWxLUW9nSUNBZ0lDQWdJQzVxYjJsdUtDY2d3cmNnSnlrN0NpQWdJQ0JwWmlBb2NtVmpiM0prWldRdWFYTk9iM1JGYlhCMGVTa2djbVYwZFhKdUlISmxZMjl5WkdWa093b2dJQ0FnYVdZZ0tIWnZkR1VnSVQwZ2JuVnNiQ0FtSmlCMmIzUmxMbWx6VDNCbGJpa2djbVYwZFhKdUlDZFdiM1JsSUc5MWRtVnlkQ2M3Q2lBZ0lDQnlaWFIxY200Z0owNXZiaUJrdzZsemFXZHV3NmtuT3dvZ0lIMEtmUW9LWTJ4aGMzTWdYMGx1Wm05TWFXNWxJR1Y0ZEdWdVpITWdVM1JoZEdWc1pYTnpWMmxrWjJWMElIc0tJQ0JqYjI1emRDQmZTVzVtYjB4cGJtVW9ld29nSUNBZ2NtVnhkV2x5WldRZ2RHaHBjeTVwWTI5dUxBb2dJQ0FnY21WeGRXbHlaV1FnZEdocGN5NXNZV0psYkN3S0lDQWdJSEpsY1hWcGNtVmtJSFJvYVhNdWRtRnNkV1VzQ2lBZ2ZTazdDZ29nSUdacGJtRnNJRWxqYjI1RVlYUmhJR2xqYjI0N0NpQWdabWx1WVd3Z1UzUnlhVzVuSUd4aFltVnNPd29nSUdacGJtRnNJRk4wY21sdVp5QjJZV3gxWlRzS0NpQWdRRzkyWlhKeWFXUmxDaUFnVjJsa1oyVjBJR0oxYVd4a0tFSjFhV3hrUTI5dWRHVjRkQ0JqYjI1MFpYaDBLU0I3Q2lBZ0lDQnlaWFIxY200Z1VtOTNLQW9nSUNBZ0lDQmpjbTl6YzBGNGFYTkJiR2xuYm0xbGJuUTZJRU55YjNOelFYaHBjMEZzYVdkdWJXVnVkQzV6ZEdGeWRDd0tJQ0FnSUNBZ1kyaHBiR1J5Wlc0NklGc0tJQ0FnSUNBZ0lDQkpZMjl1S0dsamIyNHNJSE5wZW1VNklERTVMQ0JqYjJ4dmNqb2dRWEJ3VkdobGJXVXVkR1Y0ZEZObFkyOXVaR0Z5ZVNrc0NpQWdJQ0FnSUNBZ1kyOXVjM1FnVTJsNlpXUkNiM2dvZDJsa2RHZzZJRGtwTEFvZ0lDQWdJQ0FnSUZOcGVtVmtRbTk0S0FvZ0lDQWdJQ0FnSUNBZ2QybGtkR2c2SURFd09Dd0tJQ0FnSUNBZ0lDQWdJR05vYVd4a09pQlVaWGgwS0FvZ0lDQWdJQ0FnSUNBZ0lDQnNZV0psYkN3S0lDQWdJQ0FnSUNBZ0lDQWdjM1I1YkdVNklHTnZibk4wSUZSbGVIUlRkSGxzWlNobWIyNTBWMlZwWjJoME9pQkdiMjUwVjJWcFoyaDBMbmM0TURBcExBb2dJQ0FnSUNBZ0lDQWdLU3dLSUNBZ0lDQWdJQ0FwTEFvZ0lDQWdJQ0FnSUVWNGNHRnVaR1ZrS0dOb2FXeGtPaUJVWlhoMEtIWmhiSFZsS1Nrc0NpQWdJQ0FnSUYwc0NpQWdJQ0FwT3dvZ0lIMEtmUW9LWTJ4aGMzTWdYMHh2WVdScGJtZERZWEprSUdWNGRHVnVaSE1nVTNSaGRHVnNaWE56VjJsa1oyVjBJSHNLSUNCamIyNXpkQ0JmVEc5aFpHbHVaME5oY21Rb0tUc0tDaUFnUUc5MlpYSnlhV1JsQ2lBZ1YybGtaMlYwSUdKMWFXeGtLRUoxYVd4a1EyOXVkR1Y0
Shell: ZENCamIyNTBaWGgwS1NCN0NpQWdJQ0J5WlhSMWNtNGdZMjl1YzNRZ1EyRnlaQ2dLSUNBZ0lDQWdZMmhwYkdRNklGQmhaR1JwYm1jb0NpQWdJQ0FnSUNBZ2NHRmtaR2x1WnpvZ1JXUm5aVWx1YzJWMGN5NWhiR3dvTWpRcExBb2dJQ0FnSUNBZ0lHTm9hV3hrT2lCRFpXNTBaWElvWTJocGJHUTZJRWR5YVc1MFlWQnliMmR5WlhOelNXNWthV05oZEc5eUtDa3BMQW9nSUNBZ0lDQXBMQW9nSUNBZ0tUc0tJQ0I5Q24wS0NtTnNZWE56SUY5TlpYTnpZV2RsUTJGeVpDQmxlSFJsYm1SeklGTjBZWFJsYkdWemMxZHBaR2RsZENCN0NpQWdZMjl1YzNRZ1gwMWxjM05oWjJWRFlYSmtLSHNLSUNBZ0lISmxjWFZwY21Wa0lIUm9hWE11ZEdsMGJHVXNDaUFnSUNCMGFHbHpMbWxqYjI0Z1BTQkpZMjl1Y3k1emNHOXlkSE5mYzI5alkyVnlYM0p2ZFc1a1pXUXNDaUFnSUNCMGFHbHpMbTFsYzNOaFoyVXNDaUFnSUNCMGFHbHpMblJ2Ym1VZ1BTQkhjbWx1ZEdGRmJYQjBlVlJ2Ym1VdWJtVjFkSEpoYkN3S0lDQjlLVHNLQ2lBZ1ptbHVZV3dnVTNSeWFXNW5JSFJwZEd4bE93b2dJR1pwYm1Gc0lFbGpiMjVFWVhSaElHbGpiMjQ3Q2lBZ1ptbHVZV3dnVTNSeWFXNW5QeUJ0WlhOellXZGxPd29nSUdacGJtRnNJRWR5YVc1MFlVVnRjSFI1Vkc5dVpTQjBiMjVsT3dvS0lDQkFiM1psY25KcFpHVUtJQ0JYYVdSblpYUWdZblZwYkdRb1FuVnBiR1JEYjI1MFpYaDBJR052Ym5SbGVIUXBJSHNLSUNBZ0lISmxkSFZ5YmlCRFlYSmtLQW9nSUNBZ0lDQmphR2xzWkRvZ1IzSnBiblJoUlcxd2RIbFRkR0YwWlNnS0lDQWdJQ0FnSUNCcFkyOXVPaUJwWTI5dUxBb2dJQ0FnSUNBZ0lIUnBkR3hsT2lCMGFYUnNaU3dLSUNBZ0lDQWdJQ0J0WlhOellXZGxPaUJ0WlhOellXZGxMQW9nSUNBZ0lDQWdJSFJ2Ym1VNklIUnZibVVzQ2lBZ0lDQWdJQ0FnWTI5dGNHRmpkRG9nZEhKMVpTd0tJQ0FnSUNBZ0tTd0tJQ0FnSUNrN0NpQWdmUXA5Q2c9PSIsImxpYi9mZWF0dXJlcy9tYXRjaGVzL3ByZXNlbnRhdGlvbi9tYXRjaF9kZXRhaWxzX3BhZ2UuZGFydCI6ImFXMXdiM0owSUNkd1lXTnJZV2RsT21GelgyZHlhVzUwWVM5amIzSmxMM1JvWlcxbEwyRndjRjkwYUdWdFpTNWtZWEowSnpzS2FXMXdiM0owSUNkd1lXTnJZV2RsT21GelgyZHlhVzUwWVM5amIzSmxMM1YwYVd4ekwyRndjRjlsY25KdmNuTXVaR0Z5ZENjN0NtbHRjRzl5ZENBbmNHRmphMkZuWlRwaGMxOW5jbWx1ZEdFdlkyOXlaUzkxZEdsc2N5OWhjSEJmWm05eWJXRjBjeTVrWVhKMEp6c0thVzF3YjNKMElDZHdZV05yWVdkbE9tRnpYMmR5YVc1MFlTOWpiM0psTDNkcFpHZGxkSE12WjNKcGJuUmhYMkZ3Y0Y5aVlYSXVaR0Z5ZENjN0NtbHRjRzl5ZENBbmNHRmphMkZuWlRwaGMxOW5jbWx1ZEdFdlkyOXlaUzkzYVdSblpYUnpMMjFoZEdOb1gyWnBlSFIxY21VdVpHRnlkQ2M3Q21sdGNHOXlkQ0FuY0dGamEyRm5aVHBoYzE5bmNtbHVkR0V2Wm1WaGRIVnlaWE12WVhWMGFDOXdjbVZ6Wlc1MFlYUnBiMjR2WVhWMGFGOXpkR0YwWlM1a1lYSjBKenNLYVcxd2IzSjBJQ2R3WVdOcllXZGxPbUZ6WDJkeWFXNTBZUzltWldGMGRYSmxjeTlpWVdSblpYTXZjSEpsYzJWdWRHRjBhVzl1TDI1aGJXVmZkMmwwYUY5aVlXUm5aWE11WkdGeWRDYzdDbWx0Y0c5eWRDQW5jR0ZqYTJGblpUcGhjMTluY21sdWRHRXZabVZoZEhWeVpYTXZabVZoZEhWeVpWOW1iR0ZuY3k5d2NtVnpaVzUwWVhScGIyNHZabVZoZEhWeVpWOW1iR0ZuYzE5amIyNTBjbTlzYkdWeUxtUmhjblFuT3dwcGJYQnZjblFnSjNCaFkydGhaMlU2WVhOZlozSnBiblJoTDJabFlYUjFjbVZ6TDIxaGRHTm9aWE12WkdGMFlTOXRZWFJqYUY5a1pYUmhhV3h6WDNKbGNHOXphWFJ2Y25rdVpHRnlkQ2M3Q21sdGNHOXlkQ0FuY0dGamEyRm5aVHBoYzE5bmNtbHVkR0V2Wm1WaGRIVnlaWE12YldGMFkyaGxjeTlrWVhSaEwyMWhkR05vWDJacGJtRnNhWHBoZEdsdmJsOXlaWEJ2YzJsMGIzSjVMbVJoY25Rbk93cHBiWEJ2Y25RZ0ozQmhZMnRoWjJVNllYTmZaM0pwYm5SaEwyWmxZWFIxY21WekwzTndiM0owYzE5dFlXNWhaMlZ0Wlc1MEwyUmhkR0V2YldGMFkyaGZZMjl0Y0c5emFYUnBiMjVmY21Wd2IzTnBkRzl5ZVM1a1lYSjBKenNLYVcxd2IzSjBJQ2R3WVdOcllXZGxPbUZ6WDJkeWFXNTBZUzltWldGMGRYSmxjeTl6Y0c5eWRITmZiV0Z1WVdkbGJXVnVkQzlrWVhSaEwzTndiM0owWDIxdmRHMWZkbTkwWlY5eVpYQnZjMmwwYjNKNUxtUmhjblFuT3dwcGJYQnZjblFnSjNCaFkydGhaMlU2WVhOZlozSnBiblJoTDJabFlYUjFjbVZ6TDNOd2IzSjBjMTl0WVc1aFoyVnRaVzUwTDJSdmJXRnBiaTl0WVhSamFGOWpiMjF3YjNOcGRHbHZiaTVrWVhKMEp6c0thVzF3YjNKMElDZHdZV05yWVdkbE9tRnpYMmR5YVc1MFlTOW1aV0YwZFhKbGN5OXpjRzl5ZEhOZmJXRnVZV2RsYldWdWRDOXdjbVZ6Wlc1MFlYUnBiMjR2YzNCdmNuUmZiVzkwYlY5MmIzUmxYM0JoWjJVdVpHRnlkQ2M3Q21sdGNHOXlkQ0FuY0dGamEyRm5aVHBoYzE5bmNtbHVkR0V2Wm1WaGRIVnlaWE12YzNCdmNuUnpYMjFoYm1GblpXMWxiblF2Y0hKbGMyVnVkR0YwYVc5dUwzZHBaR2RsZEhNdlkyOXRjRzl6YVhScGIyNWZjR2wwWTJndVpHRnlkQ2M3Q21sdGNHOXlkQ0FuY0dGamEyRm5aVHBtYkhWMGRHVnlMMjFoZEdWeWFXRnNMbVJoY25Rbk93cHBiWEJ2Y25RZ0ozQmhZMnRoWjJVNlpteDFkSFJsY2w5eWFYWmxjbkJ2WkM5bWJIVjBkR1Z5WDNKcGRtVnljRzlrTG1SaGNuUW5Pd3BwYlhCdmNuUWdKM0JoWTJ0aFoyVTZaMjlmY205MWRHVnlMMmR2WDNKdmRYUmxjaTVrWVhKMEp6c0thVzF3YjNKMElDZHdZV05yWVdkbE9tRnpYMmR5YVc1MFlTOWpiM0psTDNkcFpHZGxkSE12WjNKcGJuUmhYMnh2WVdSbGNpNWtZWEowSnpzS0NtTnNZWE56SUUxaGRHTm9SR1YwWVdsc2MxQmhaMlVnWlhoMFpXNWtjeUJEYjI1emRXMWxjbGRwWkdkbGRDQjdDaUFnWTI5dWMzUWdUV0YwWTJoRVpYUmhhV3h6VUdGblpTaDdjM1Z3WlhJdWEyVjVMQ0J5WlhGMWFYSmxaQ0IwYUdsekxtMWhkR05vU1dSOUtUc0tDaUFnWm1sdVlXd2dVM1J5YVc1bklHMWhk
Shell: R05vU1dRN0Nnb2dJRUJ2ZG1WeWNtbGtaUW9nSUZkcFpHZGxkQ0JpZFdsc1pDaENkV2xzWkVOdmJuUmxlSFFnWTI5dWRHVjRkQ3dnVjJsa1oyVjBVbVZtSUhKbFppa2dld29nSUNBZ1ptbHVZV3dnWkdWMFlXbHNjMEZ6ZVc1aklEMGdjbVZtTG5kaGRHTm9LRzFoZEdOb1JHVjBZV2xzYzFCeWIzWnBaR1Z5S0cxaGRHTm9TV1FwS1RzS0lDQWdJR1pwYm1Gc0lHbHpRV1J0YVc0Z1BTQnlaV1l1ZDJGMFkyZ29hWE5CWkcxcGJsWnBaWGRRY205MmFXUmxjaWs3Q2lBZ0lDQm1hVzVoYkNCemNHOXlkSE5GYm1GaWJHVmtJRDBnY21WbUxuZGhkR05vS0hOd2IzSjBjMDFoYm1GblpXMWxiblJGYm1GaWJHVmtVSEp2ZG1sa1pYSXBPd29nSUNBZ1ptbHVZV3dnWTNWeWNtVnVkRkJ5YjJacGJHVkpaQ0E5SUhKbFppNTNZWFJqYUNnS0lDQWdJQ0FnWVhWMGFFTnZiblJ5YjJ4c1pYSlFjbTkyYVdSbGNpNXpaV3hsWTNRb0tITjBZWFJsS1NBOVBpQnpkR0YwWlM1d2NtOW1hV3hsUHk1cFpDa3NDaUFnSUNBcE93b0tJQ0FnSUhKbGRIVnliaUJUWTJGbVptOXNaQ2dLSUNBZ0lDQWdZWEJ3UW1GeU9pQkhjbWx1ZEdGQmNIQkNZWElvZEdsMGJHVTZJR052Ym5OMElGUmxlSFFvSjAxaGRHTm9KeWtwTEFvZ0lDQWdJQ0JpYjJSNU9pQlNaV1p5WlhOb1NXNWthV05oZEc5eUtBb2dJQ0FnSUNBZ0lHOXVVbVZtY21WemFEb2dLQ2tnWVhONWJtTWdld29nSUNBZ0lDQWdJQ0FnWVhkaGFYUWdjbVZtTG5KbFlXUW9abVZoZEhWeVpVWnNZV2R6UTI5dWRISnZiR3hsY2xCeWIzWnBaR1Z5TG01dmRHbG1hV1Z5S1M1eVpXWnlaWE5vS0NrN0NpQWdJQ0FnSUNBZ0lDQnlaV1lLSUNBZ0lDQWdJQ0FnSUNBZ0xpNXBiblpoYkdsa1lYUmxLRzFoZEdOb1JHVjBZV2xzYzFCeWIzWnBaR1Z5S0cxaGRHTm9TV1FwS1FvZ0lDQWdJQ0FnSUNBZ0lDQXVMbWx1ZG1Gc2FXUmhkR1VvYldGMFkyaEdhVzVoYkdsNllYUnBiMjVEYjI1MFpYaDBVSEp2ZG1sa1pYSW9iV0YwWTJoSlpDa3BDaUFnSUNBZ0lDQWdJQ0FnSUM0dWFXNTJZV3hwWkdGMFpTaHpjRzl5ZEUxdmRHMVdiM1JsVUhKdmRtbGtaWElvYldGMFkyaEpaQ2twT3dvZ0lDQWdJQ0FnSUNBZ1lYZGhhWFFnY21WbUxuSmxZV1FvYldGMFkyaEVaWFJoYVd4elVISnZkbWxrWlhJb2JXRjBZMmhKWkNrdVpuVjBkWEpsS1RzS0lDQWdJQ0FnSUNCOUxBb2dJQ0FnSUNBZ0lHTm9hV3hrT2lCa1pYUmhhV3h6UVhONWJtTXVkMmhsYmlnS0lDQWdJQ0FnSUNBZ0lHeHZZV1JwYm1jNklDZ3BJRDArSUV4cGMzUldhV1YzS0FvZ0lDQWdJQ0FnSUNBZ0lDQmphR2xzWkhKbGJqb2dZMjl1YzNRZ1d3b2dJQ0FnSUNBZ0lDQWdJQ0FnSUZOcGVtVmtRbTk0S0dobGFXZG9kRG9nTWpJd0tTd0tJQ0FnSUNBZ0lDQWdJQ0FnSUNCRFpXNTBaWElvWTJocGJHUTZJRWR5YVc1MFlWQnliMmR5WlhOelNXNWthV05oZEc5eUtDa3BMQW9nSUNBZ0lDQWdJQ0FnSUNCZExBb2dJQ0FnSUNBZ0lDQWdLU3dLSUNBZ0lDQWdJQ0FnSUdWeWNtOXlPaUFvWlhKeWIzSXNJRjhwSUQwK0lFeHBjM1JXYVdWM0tBb2dJQ0FnSUNBZ0lDQWdJQ0J3WVdSa2FXNW5PaUJqYjI1emRDQkZaR2RsU1c1elpYUnpMbUZzYkNneE5pa3NDaUFnSUNBZ0lDQWdJQ0FnSUdOb2FXeGtjbVZ1T2lCYkNpQWdJQ0FnSUNBZ0lDQWdJQ0FnUTJGeVpDZ0tJQ0FnSUNBZ0lDQWdJQ0FnSUNBZ0lHTm9hV3hrT2lCUVlXUmthVzVuS0FvZ0lDQWdJQ0FnSUNBZ0lDQWdJQ0FnSUNCd1lXUmthVzVuT2lCamIyNXpkQ0JGWkdkbFNXNXpaWFJ6TG1Gc2JDZ3lNQ2tzQ2lBZ0lDQWdJQ0FnSUNBZ0lDQWdJQ0FnSUdOb2FXeGtPaUJVWlhoMEtHaDFiV0Z1YVhwbFJYSnliM0lvWlhKeWIzSXBLU3dLSUNBZ0lDQWdJQ0FnSUNBZ0lDQWdJQ2tzQ2lBZ0lDQWdJQ0FnSUNBZ0lDQWdLU3dLSUNBZ0lDQWdJQ0FnSUNBZ1hTd0tJQ0FnSUNBZ0lDQWdJQ2tzQ2lBZ0lDQWdJQ0FnSUNCa1lYUmhPaUFvWkdWMFlXbHNjeWtnZXdvZ0lDQWdJQ0FnSUNBZ0lDQnBaaUFvSVdSbGRHRnBiSE11YVhOV1lXeHBaR0YwWldRcElIc0tJQ0FnSUNBZ0lDQWdJQ0FnSUNCeVpYUjFjbTRnVEdsemRGWnBaWGNvQ2lBZ0lDQWdJQ0FnSUNBZ0lDQWdJQ0J3WVdSa2FXNW5PaUJqYjI1emRDQkZaR2RsU1c1elpYUnpMbVp5YjIxTVZGSkNLREUyTENBeE5pd2dNVFlzSURNeUtTd0tJQ0FnSUNBZ0lDQWdJQ0FnSUNBZ0lHTm9hV3hrY21WdU9pQmJDaUFnSUNBZ0lDQWdJQ0FnSUNBZ0lDQWdJRjlWY0dOdmJXbHVaMGhsWVdSbGNpaGtaWFJoYVd4ek9pQmtaWFJoYVd4ektTd0tJQ0FnSUNBZ0lDQWdJQ0FnSUNBZ0lDQWdZMjl1YzNRZ1UybDZaV1JDYjNnb2FHVnBaMmgwT2lBeE5pa3NDaUFnSUNBZ0lDQWdJQ0FnSUNBZ0lDQWdJR2xtSUNoemNHOXlkSE5GYm1GaWJHVmtLUW9nSUNBZ0lDQWdJQ0FnSUNBZ0lDQWdJQ0FnSUY5VmNHTnZiV2x1WjAxdlpIVnNaWE1vYldGMFkyaEpaRG9nYldGMFkyaEpaQ3dnYVhOQlpHMXBiam9nYVhOQlpHMXBiaWtLSUNBZ0lDQWdJQ0FnSUNBZ0lDQWdJQ0FnWld4elpRb2dJQ0FnSUNBZ0lDQWdJQ0FnSUNBZ0lDQWdJR052Ym5OMElFTmhjbVFvQ2lBZ0lDQWdJQ0FnSUNBZ0lDQWdJQ0FnSUNBZ0lDQmphR2xzWkRvZ1VHRmtaR2x1WnlnS0lDQWdJQ0FnSUNBZ0lDQWdJQ0FnSUNBZ0lDQWdJQ0FnY0dGa1pHbHVaem9nUldSblpVbHVjMlYwY3k1aGJHd29NVGdwTEFvZ0lDQWdJQ0FnSUNBZ0lDQWdJQ0FnSUNBZ0lDQWdJQ0JqYUdsc1pEb2dWR1Y0ZENnblIyVnpkR2x2YmlCemNHOXlkR2wyWlNCcGJtUnBjM0J2Ym1saWJHVXVKeWtzQ2lBZ0lDQWdJQ0FnSUNBZ0lDQWdJQ0FnSUNBZ0lDQXBMQW9nSUNBZ0lDQWdJQ0FnSUNBZ0lDQWdJQ0FnSUNrc0NpQWdJQ0FnSUNBZ0lDQWdJQ0FnSUNCZExBb2dJQ0FnSUNBZ0lDQWdJQ0FnSUNrN0NpQWdJQ0FnSUNBZ0lDQWdJSDBLQ2lBZ0lDQWdJQ0FnSUNBZ0lISmxkSFZ5YmlCTWFYTjBWbWxsZHlnS0lDQWdJQ0FnSUNBZ0lDQWdJQ0J3WVdSa2FXNW5PaUJqYjI1emRDQkZaR2RsU1c1elpYUnpMbVp5YjIxTVZGSkNLREUyTENBeE5pd2dNVFlzSURNeUtTd0tJQ0FnSUNBZ0lDQWdJQ0FnSUNCamFHbHNa
Shell: SEpsYmpvZ1d3b2dJQ0FnSUNBZ0lDQWdJQ0FnSUNBZ1gwMWhkR05vU0dWaFpHVnlLR1JsZEdGcGJITTZJR1JsZEdGcGJITXBMQW9nSUNBZ0lDQWdJQ0FnSUNBZ0lDQWdhV1lnS0hOd2IzSjBjMFZ1WVdKc1pXUXBJQzR1TGxzS0lDQWdJQ0FnSUNBZ0lDQWdJQ0FnSUNBZ1kyOXVjM1FnVTJsNlpXUkNiM2dvYUdWcFoyaDBPaUF4Tmlrc0NpQWdJQ0FnSUNBZ0lDQWdJQ0FnSUNBZ0lFMWhkR05vVFc5MGJWWnZkR1ZEWVhKa0tHMWhkR05vU1dRNklHMWhkR05vU1dRcExBb2dJQ0FnSUNBZ0lDQWdJQ0FnSUNBZ1hTd0tJQ0FnSUNBZ0lDQWdJQ0FnSUNBZ0lHTnZibk4wSUZOcGVtVmtRbTk0S0dobGFXZG9kRG9nTVRZcExBb2dJQ0FnSUNBZ0lDQWdJQ0FnSUNBZ1gwTnZiWEJzWlhSbFpFTnZiWEJ2YzJsMGFXOXVRMkZ5WkNnS0lDQWdJQ0FnSUNBZ0lDQWdJQ0FnSUNBZ1pHVjBZV2xzY3pvZ1pHVjBZV2xzY3l3S0lDQWdJQ0FnSUNBZ0lDQWdJQ0FnSUNBZ2JXRjBZMmhKWkRvZ2JXRjBZMmhKWkN3S0lDQWdJQ0FnSUNBZ0lDQWdJQ0FnSUNBZ2MzQnZjblJ6Ulc1aFlteGxaRG9nYzNCdmNuUnpSVzVoWW14bFpDd0tJQ0FnSUNBZ0lDQWdJQ0FnSUNBZ0lDa3NDaUFnSUNBZ0lDQWdJQ0FnSUNBZ0lDQnBaaUFvWkdWMFlXbHNjeTV3Y21Wa2FXTjBhVzl1Y3k1cGMwNXZkRVZ0Y0hSNUtTQXVMaTViQ2lBZ0lDQWdJQ0FnSUNBZ0lDQWdJQ0FnSUdOdmJuTjBJRk5wZW1Wa1FtOTRLR2hsYVdkb2REb2dNVFlwTEFvZ0lDQWdJQ0FnSUNBZ0lDQWdJQ0FnSUNCZlVISmxaR2xqZEdsdmJuTlVZV0pzWlNnS0lDQWdJQ0FnSUNBZ0lDQWdJQ0FnSUNBZ0lDQndjbVZrYVdOMGFXOXVjem9nWkdWMFlXbHNjeTV3Y21Wa2FXTjBhVzl1Y3l3S0lDQWdJQ0FnSUNBZ0lDQWdJQ0FnSUNBZ0lDQmhZM1IxWVd4SGNtbHVkR0U2SUdSbGRHRnBiSE11YzJOdmNtVkhjbWx1ZEdFZ1B6OGdNQ3dLSUNBZ0lDQWdJQ0FnSUNBZ0lDQWdJQ0FnSUNCaFkzUjFZV3hQY0hCdmJtVnVkRG9nWkdWMFlXbHNjeTV6WTI5eVpVOXdjRzl1Wlc1MElEOC9JREFzQ2lBZ0lDQWdJQ0FnSUNBZ0lDQWdJQ0FnSUNBZ2FYTkliMjFsT2lCa1pYUmhhV3h6TG14dlkyRjBhVzl1SUQwOUlDZGtiMjFwWTJsc1pTY3NDaUFnSUNBZ0lDQWdJQ0FnSUNBZ0lDQWdJQ0FnWTNWeWNtVnVkRkJ5YjJacGJHVkpaRG9nWTNWeWNtVnVkRkJ5YjJacGJHVkpaQ3dLSUNBZ0lDQWdJQ0FnSUNBZ0lDQWdJQ0FnS1N3S0lDQWdJQ0FnSUNBZ0lDQWdJQ0FnSUYwc0NpQWdJQ0FnSUNBZ0lDQWdJQ0FnSUNCcFppQW9hWE5CWkcxcGJpa2dMaTR1V3dvZ0lDQWdJQ0FnSUNBZ0lDQWdJQ0FnSUNCamIyNXpkQ0JUYVhwbFpFSnZlQ2hvWldsbmFIUTZJREUyS1N3S0lDQWdJQ0FnSUNBZ0lDQWdJQ0FnSUNBZ2FXWWdLSE53YjNKMGMwVnVZV0pzWldRcElDNHVMbHNLSUNBZ0lDQWdJQ0FnSUNBZ0lDQWdJQ0FnSUNCUGRYUnNhVzVsWkVKMWRIUnZiaTVwWTI5dUtBb2dJQ0FnSUNBZ0lDQWdJQ0FnSUNBZ0lDQWdJQ0FnYjI1UWNtVnpjMlZrT2lBb0tTQTlQaUJqYjI1MFpYaDBMbkIxYzJnb0NpQWdJQ0FnSUNBZ0lDQWdJQ0FnSUNBZ0lDQWdJQ0FnSUNjdmJXRjBZMmhsY3k4a2JXRjBZMmhKWkM5amIyMXdiM05wZEdsdmJqOXpkR1Z3UFdOdmJYQnZjMmwwYVc5dUp5d0tJQ0FnSUNBZ0lDQWdJQ0FnSUNBZ0lDQWdJQ0FnSUNrc0NpQWdJQ0FnSUNBZ0lDQWdJQ0FnSUNBZ0lDQWdJQ0JwWTI5dU9pQmpiMjV6ZENCSlkyOXVLRWxqYjI1ekxtUmhjMmhpYjJGeVpGOWpkWE4wYjIxcGVtVmZiM1YwYkdsdVpXUXBMQW9nSUNBZ0lDQWdJQ0FnSUNBZ0lDQWdJQ0FnSUNBZ2JHRmlaV3c2SUdOdmJuTjBJRlJsZUhRb0owZkRxWEpsY2lCc1lTQmpiMjF3YjNOcGRHbHZiaWNwTEFvZ0lDQWdJQ0FnSUNBZ0lDQWdJQ0FnSUNBZ0lDa3NDaUFnSUNBZ0lDQWdJQ0FnSUNBZ0lDQWdJQ0FnWTI5dWMzUWdVMmw2WldSQ2IzZ29hR1ZwWjJoME9pQXhNQ2tzQ2lBZ0lDQWdJQ0FnSUNBZ0lDQWdJQ0FnSUYwc0NpQWdJQ0FnSUNBZ0lDQWdJQ0FnSUNBZ0lFWnBiR3hsWkVKMWRIUnZiaTVwWTI5dUtBb2dJQ0FnSUNBZ0lDQWdJQ0FnSUNBZ0lDQWdJRzl1VUhKbGMzTmxaRG9nS0NrZ1BUNGdZMjl1ZEdWNGRDNXdkWE5vS0NjdmJXRjBZMmhsY3k4a2JXRjBZMmhKWkM5bWFXNWhiR2w2WlNjcExBb2dJQ0FnSUNBZ0lDQWdJQ0FnSUNBZ0lDQWdJR2xqYjI0NklHTnZibk4wSUVsamIyNG9TV052Ym5NdVpXUnBkRjl1YjNSbFgyOTFkR3hwYm1Wa0tTd0tJQ0FnSUNBZ0lDQWdJQ0FnSUNBZ0lDQWdJQ0JzWVdKbGJEb2dZMjl1YzNRZ1ZHVjRkQ2duVFc5a2FXWnBaWElnYkdWeklITjBZWFJwYzNScGNYVmxjeWNwTEFvZ0lDQWdJQ0FnSUNBZ0lDQWdJQ0FnSUNBcExBb2dJQ0FnSUNBZ0lDQWdJQ0FnSUNBZ1hTd0tJQ0FnSUNBZ0lDQWdJQ0FnSUNCZExBb2dJQ0FnSUNBZ0lDQWdJQ0FwT3dvZ0lDQWdJQ0FnSUNBZ2ZTd0tJQ0FnSUNBZ0lDQXBMQW9nSUNBZ0lDQXBMQW9nSUNBZ0tUc0tJQ0I5Q24wS0NtTnNZWE56SUY5VmNHTnZiV2x1WjBobFlXUmxjaUJsZUhSbGJtUnpJRk4wWVhSbGJHVnpjMWRwWkdkbGRDQjdDaUFnWTI5dWMzUWdYMVZ3WTI5dGFXNW5TR1ZoWkdWeUtIdHlaWEYxYVhKbFpDQjBhR2x6TG1SbGRHRnBiSE45S1RzS0NpQWdabWx1WVd3Z1RXRjBZMmhFWlhSaGFXeHpSR0YwWVNCa1pYUmhhV3h6T3dvS0lDQkFiM1psY25KcFpHVUtJQ0JYYVdSblpYUWdZblZwYkdRb1FuVnBiR1JEYjI1MFpYaDBJR052Ym5SbGVIUXBJSHNLSUNBZ0lHWnBibUZzSUdodmJXVWdQU0JrWlhSaGFXeHpMbXh2WTJGMGFXOXVJRDA5SUNka2IyMXBZMmxzWlNjN0NpQWdJQ0JtYVc1aGJDQm9iMjFsVG1GdFpTQTlJR2h2YldVZ1B5QW5RVk1nUjNKcGJuUmhKeUE2SUdSbGRHRnBiSE11YjNCd2IyNWxiblJPWVcxbE93b2dJQ0FnWm1sdVlXd2dZWGRoZVU1aGJXVWdQU0JvYjIxbElEOGdaR1YwWVdsc2N5NXZjSEJ2Ym1WdWRFNWhiV1VnT2lBblFWTWdSM0pwYm5SaEp6c0tJQ0FnSUhKbGRIVnliaUJEWVhKa0tBb2dJQ0FnSUNCamFHbHNaRG9nVUdGa1pHbHVaeWdLSUNBZ0lDQWdJQ0J3WVdSa2FXNW5P
Shell: aUJqYjI1emRDQkZaR2RsU1c1elpYUnpMbUZzYkNneE9Da3NDaUFnSUNBZ0lDQWdZMmhwYkdRNklFTnZiSFZ0YmlnS0lDQWdJQ0FnSUNBZ0lHTnliM056UVhocGMwRnNhV2R1YldWdWREb2dRM0p2YzNOQmVHbHpRV3hwWjI1dFpXNTBMbk4wY21WMFkyZ3NDaUFnSUNBZ0lDQWdJQ0JqYUdsc1pISmxiam9nV3dvZ0lDQWdJQ0FnSUNBZ0lDQk5ZWFJqYUVacGVIUjFjbVVvQ2lBZ0lDQWdJQ0FnSUNBZ0lDQWdhRzl0WlU1aGJXVTZJR2h2YldWT1lXMWxMQW9nSUNBZ0lDQWdJQ0FnSUNBZ0lHRjNZWGxPWVcxbE9pQmhkMkY1VG1GdFpTd0tJQ0FnSUNBZ0lDQWdJQ0FnSUNCbmNtbHVkR0ZKYzBodmJXVTZJR2h2YldVc0NpQWdJQ0FnSUNBZ0lDQWdJQ0FnYm1GdFpWTjBlV3hsT2lCVWFHVnRaUzV2WmloamIyNTBaWGgwS1M1MFpYaDBWR2hsYldVdWRHbDBiR1ZNWVhKblpTd0tJQ0FnSUNBZ0lDQWdJQ0FnS1N3S0lDQWdJQ0FnSUNBZ0lDQWdZMjl1YzNRZ1UybDZaV1JDYjNnb2FHVnBaMmgwT2lBNEtTd0tJQ0FnSUNBZ0lDQWdJQ0FnVkdWNGRDaEJjSEJHYjNKdFlYUnpMbVJoZEdWVWFXMWxLR1JsZEdGcGJITXVhMmxqYTI5bVprRjBLU2tzQ2lBZ0lDQWdJQ0FnSUNCZExBb2dJQ0FnSUNBZ0lDa3NDaUFnSUNBZ0lDa3NDaUFnSUNBcE93b2dJSDBLZlFvS1kyeGhjM01nWDFWd1kyOXRhVzVuVFc5a2RXeGxjeUJsZUhSbGJtUnpJRk4wWVhSbGJHVnpjMWRwWkdkbGRDQjdDaUFnWTI5dWMzUWdYMVZ3WTI5dGFXNW5UVzlrZFd4bGN5aDdjbVZ4ZFdseVpXUWdkR2hwY3k1dFlYUmphRWxrTENCeVpYRjFhWEpsWkNCMGFHbHpMbWx6UVdSdGFXNTlLVHNLQ2lBZ1ptbHVZV3dnVTNSeWFXNW5JRzFoZEdOb1NXUTdDaUFnWm1sdVlXd2dZbTl2YkNCcGMwRmtiV2x1T3dvS0lDQkFiM1psY25KcFpHVUtJQ0JYYVdSblpYUWdZblZwYkdRb1FuVnBiR1JEYjI1MFpYaDBJR052Ym5SbGVIUXBJSHNLSUNBZ0lISmxkSFZ5YmlCTVlYbHZkWFJDZFdsc1pHVnlLQW9nSUNBZ0lDQmlkV2xzWkdWeU9pQW9ZMjl1ZEdWNGRDd2dZMjl1YzNSeVlXbHVkSE1wSUhzS0lDQWdJQ0FnSUNCbWFXNWhiQ0JqYjIxd1lXTjBJRDBnWTI5dWMzUnlZV2x1ZEhNdWJXRjRWMmxrZEdnZ1BDQTFNakE3Q2lBZ0lDQWdJQ0FnWm1sdVlXd2daV1ptWldOMGFXWWdQU0JmVFdGMFkyaE5iMlIxYkdVb0NpQWdJQ0FnSUNBZ0lDQnBZMjl1T2lCSlkyOXVjeTVuY205MWNITmZNbDl2ZFhSc2FXNWxaQ3dLSUNBZ0lDQWdJQ0FnSUhScGRHeGxPaUFuUldabVpXTjBhV1luTEFvZ0lDQWdJQ0FnSUNBZ2MzVmlkR2wwYkdVNklHbHpRV1J0YVc0S0lDQWdJQ0FnSUNBZ0lDQWdJQ0EvSUNkVHc2bHNaV04wYVc5dWJtVnlJSEIxYVhNZ1pXNXlaV2RwYzNSeVpYSWdiT0tBbVdWbVptVmpkR2xtTGljS0lDQWdJQ0FnSUNBZ0lDQWdJQ0E2SUNkRGIyNXpkV3gwWlhJZ2JHVnpJR3B2ZFdWMWNuTWdZMjl1ZG05eGRjT3BjeTRuTEFvZ0lDQWdJQ0FnSUNBZ2IyNVVZWEE2SUNncElEMCtJR052Ym5SbGVIUXVjSFZ6YUNnS0lDQWdJQ0FnSUNBZ0lDQWdhWE5CWkcxcGJnb2dJQ0FnSUNBZ0lDQWdJQ0FnSUNBZ1B5QW5MMjFoZEdOb1pYTXZKRzFoZEdOb1NXUXZZMjl0Y0c5emFYUnBiMjQvYzNSbGNEMWxabVpsWTNScFppY0tJQ0FnSUNBZ0lDQWdJQ0FnSUNBZ0lEb2dKeTl0WVhSamFHVnpMeVJ0WVhSamFFbGtMMnhwYm1WMWNEOXpaV04wYVc5dVBXVm1abVZqZEdsbUp5d0tJQ0FnSUNBZ0lDQWdJQ2tzQ2lBZ0lDQWdJQ0FnS1RzS0lDQWdJQ0FnSUNCbWFXNWhiQ0JqYjIxd2IzTnBkR2x2YmlBOUlGOU5ZWFJqYUUxdlpIVnNaU2dLSUNBZ0lDQWdJQ0FnSUdsamIyNDZJRWxqYjI1ekxtUmhjMmhpYjJGeVpGOWpkWE4wYjIxcGVtVmZiM1YwYkdsdVpXUXNDaUFnSUNBZ0lDQWdJQ0IwYVhSc1pUb2dKME52YlhCdmMybDBhVzl1Snl3S0lDQWdJQ0FnSUNBZ0lITjFZblJwZEd4bE9pQnBjMEZrYldsdUNpQWdJQ0FnSUNBZ0lDQWdJQ0FnUHlBblEzTERxV1Z5TENCbGJuSmxaMmx6ZEhKbGNpQmxkQ0J3ZFdKc2FXVnlJR3hoSUdOdmJYQnZjMmwwYVc5dUxpY0tJQ0FnSUNBZ0lDQWdJQ0FnSUNBNklDZERiMjV6ZFd4MFpYSWdiR0VnWTI5dGNHOXphWFJwYjI0Z2NIVmliR25EcVdVdUp5d0tJQ0FnSUNBZ0lDQWdJRzl1VkdGd09pQW9LU0E5UGlCamIyNTBaWGgwTG5CMWMyZ29DaUFnSUNBZ0lDQWdJQ0FnSUdselFXUnRhVzRLSUNBZ0lDQWdJQ0FnSUNBZ0lDQWdJRDhnSnk5dFlYUmphR1Z6THlSdFlYUmphRWxrTDJOdmJYQnZjMmwwYVc5dVAzTjBaWEE5WTI5dGNHOXphWFJwYjI0bkNpQWdJQ0FnSUNBZ0lDQWdJQ0FnSUNBNklDY3ZiV0YwWTJobGN5OGtiV0YwWTJoSlpDOXNhVzVsZFhBL2MyVmpkR2x2YmoxamIyMXdiM05wZEdsdmJpY3NDaUFnSUNBZ0lDQWdJQ0FwTEFvZ0lDQWdJQ0FnSUNrN0NpQWdJQ0FnSUNBZ2FXWWdLR052YlhCaFkzUXBJSHNLSUNBZ0lDQWdJQ0FnSUhKbGRIVnliaUJEYjJ4MWJXNG9DaUFnSUNBZ0lDQWdJQ0FnSUdOb2FXeGtjbVZ1T2lCYlpXWm1aV04wYVdZc0lHTnZibk4wSUZOcGVtVmtRbTk0S0dobGFXZG9kRG9nTVRJcExDQmpiMjF3YjNOcGRHbHZibDBzQ2lBZ0lDQWdJQ0FnSUNBcE93b2dJQ0FnSUNBZ0lIMEtJQ0FnSUNBZ0lDQnlaWFIxY200Z1VtOTNLQW9nSUNBZ0lDQWdJQ0FnWTNKdmMzTkJlR2x6UVd4cFoyNXRaVzUwT2lCRGNtOXpjMEY0YVhOQmJHbG5ibTFsYm5RdWMzUmhjblFzQ2lBZ0lDQWdJQ0FnSUNCamFHbHNaSEpsYmpvZ1d3b2dJQ0FnSUNBZ0lDQWdJQ0JGZUhCaGJtUmxaQ2hqYUdsc1pEb2daV1ptWldOMGFXWXBMQW9nSUNBZ0lDQWdJQ0FnSUNCamIyNXpkQ0JUYVhwbFpFSnZlQ2gzYVdSMGFEb2dNVElwTEFvZ0lDQWdJQ0FnSUNBZ0lDQkZlSEJoYm1SbFpDaGphR2xzWkRvZ1kyOXRjRzl6YVhScGIyNHBMQW9nSUNBZ0lDQWdJQ0FnWFN3S0lDQWdJQ0FnSUNBcE93b2dJQ0FnSUNCOUxBb2dJQ0FnS1RzS0lDQjlDbjBLQ21Oc1lYTnpJRjlOWVhSamFFMXZaSFZzWlNCbGVIUmxibVJ6SUZOMFlYUmxiR1Z6YzFkcFpHZGxkQ0I3Q2lBZ1kyOXVjM1FnWDAxaGRHTm9UVzlrZFd4bEtIc0tJ
Shell: Q0FnSUhKbGNYVnBjbVZrSUhSb2FYTXVhV052Yml3S0lDQWdJSEpsY1hWcGNtVmtJSFJvYVhNdWRHbDBiR1VzQ2lBZ0lDQnlaWEYxYVhKbFpDQjBhR2x6TG5OMVluUnBkR3hsTEFvZ0lDQWdjbVZ4ZFdseVpXUWdkR2hwY3k1dmJsUmhjQ3dLSUNCOUtUc0tDaUFnWm1sdVlXd2dTV052YmtSaGRHRWdhV052YmpzS0lDQm1hVzVoYkNCVGRISnBibWNnZEdsMGJHVTdDaUFnWm1sdVlXd2dVM1J5YVc1bklITjFZblJwZEd4bE93b2dJR1pwYm1Gc0lGWnZhV1JEWVd4c1ltRmpheUJ2YmxSaGNEc0tDaUFnUUc5MlpYSnlhV1JsQ2lBZ1YybGtaMlYwSUdKMWFXeGtLRUoxYVd4a1EyOXVkR1Y0ZENCamIyNTBaWGgwS1NCN0NpQWdJQ0J5WlhSMWNtNGdRMkZ5WkNnS0lDQWdJQ0FnWTJ4cGNFSmxhR0YyYVc5eU9pQkRiR2x3TG1GdWRHbEJiR2xoY3l3S0lDQWdJQ0FnWTJocGJHUTZJRWx1YTFkbGJHd29DaUFnSUNBZ0lDQWdiMjVVWVhBNklHOXVWR0Z3TEFvZ0lDQWdJQ0FnSUdOb2FXeGtPaUJRWVdSa2FXNW5LQW9nSUNBZ0lDQWdJQ0FnY0dGa1pHbHVaem9nWTI5dWMzUWdSV1JuWlVsdWMyVjBjeTVoYkd3b01qQXBMQW9nSUNBZ0lDQWdJQ0FnWTJocGJHUTZJRU52YkhWdGJpZ0tJQ0FnSUNBZ0lDQWdJQ0FnWTNKdmMzTkJlR2x6UVd4cFoyNXRaVzUwT2lCRGNtOXpjMEY0YVhOQmJHbG5ibTFsYm5RdWMzUmhjblFzQ2lBZ0lDQWdJQ0FnSUNBZ0lHTm9hV3hrY21WdU9pQmJDaUFnSUNBZ0lDQWdJQ0FnSUNBZ1EybHlZMnhsUVhaaGRHRnlLSEpoWkdsMWN6b2dNalFzSUdOb2FXeGtPaUJKWTI5dUtHbGpiMjRwS1N3S0lDQWdJQ0FnSUNBZ0lDQWdJQ0JqYjI1emRDQlRhWHBsWkVKdmVDaG9aV2xuYUhRNklERTBLU3dLSUNBZ0lDQWdJQ0FnSUNBZ0lDQlVaWGgwS0FvZ0lDQWdJQ0FnSUNBZ0lDQWdJQ0FnZEdsMGJHVXNDaUFnSUNBZ0lDQWdJQ0FnSUNBZ0lDQnpkSGxzWlRvZ1ZHaGxiV1V1YjJZb0NpQWdJQ0FnSUNBZ0lDQWdJQ0FnSUNBZ0lHTnZiblJsZUhRc0NpQWdJQ0FnSUNBZ0lDQWdJQ0FnSUNBcExuUmxlSFJVYUdWdFpTNTBhWFJzWlV4aGNtZGxQeTVqYjNCNVYybDBhQ2htYjI1MFYyVnBaMmgwT2lCR2IyNTBWMlZwWjJoMExuYzVNREFwTEFvZ0lDQWdJQ0FnSUNBZ0lDQWdJQ2tzQ2lBZ0lDQWdJQ0FnSUNBZ0lDQWdZMjl1YzNRZ1UybDZaV1JDYjNnb2FHVnBaMmgwT2lBMktTd0tJQ0FnSUNBZ0lDQWdJQ0FnSUNCVVpYaDBLQW9nSUNBZ0lDQWdJQ0FnSUNBZ0lDQWdjM1ZpZEdsMGJHVXNDaUFnSUNBZ0lDQWdJQ0FnSUNBZ0lDQnpkSGxzWlRvZ1ZHaGxiV1V1YjJZb0NpQWdJQ0FnSUNBZ0lDQWdJQ0FnSUNBZ0lHTnZiblJsZUhRc0NpQWdJQ0FnSUNBZ0lDQWdJQ0FnSUNBcExuUmxlSFJVYUdWdFpTNWliMlI1VFdWa2FYVnRQeTVqYjNCNVYybDBhQ2hqYjJ4dmNqb2dRWEJ3VkdobGJXVXVkR1Y0ZEZObFkyOXVaR0Z5ZVNrc0NpQWdJQ0FnSUNBZ0lDQWdJQ0FnS1N3S0lDQWdJQ0FnSUNBZ0lDQWdJQ0JqYjI1emRDQlRhWHBsWkVKdmVDaG9aV2xuYUhRNklERXlLU3dLSUNBZ0lDQWdJQ0FnSUNBZ0lDQmpiMjV6ZENCQmJHbG5iaWdLSUNBZ0lDQWdJQ0FnSUNBZ0lDQWdJR0ZzYVdkdWJXVnVkRG9nUVd4cFoyNXRaVzUwTG1ObGJuUmxjbEpwWjJoMExBb2dJQ0FnSUNBZ0lDQWdJQ0FnSUNBZ1kyaHBiR1E2SUVsamIyNG9TV052Ym5NdVkyaGxkbkp2Ymw5eWFXZG9kQ2tzQ2lBZ0lDQWdJQ0FnSUNBZ0lDQWdLU3dLSUNBZ0lDQWdJQ0FnSUNBZ1hTd0tJQ0FnSUNBZ0lDQWdJQ2tzQ2lBZ0lDQWdJQ0FnS1N3S0lDQWdJQ0FnS1N3S0lDQWdJQ2s3Q2lBZ2ZRcDlDZ3BqYkdGemN5QmZUV0YwWTJoSVpXRmtaWElnWlhoMFpXNWtjeUJUZEdGMFpXeGxjM05YYVdSblpYUWdld29nSUdOdmJuTjBJRjlOWVhSamFFaGxZV1JsY2loN2NtVnhkV2x5WldRZ2RHaHBjeTVrWlhSaGFXeHpmU2s3Q2dvZ0lHWnBibUZzSUUxaGRHTm9SR1YwWVdsc2MwUmhkR0VnWkdWMFlXbHNjenNLQ2lBZ1FHOTJaWEp5YVdSbENpQWdWMmxrWjJWMElHSjFhV3hrS0VKMWFXeGtRMjl1ZEdWNGRDQmpiMjUwWlhoMEtTQjdDaUFnSUNCbWFXNWhiQ0JvYjIxbElEMGdaR1YwWVdsc2N5NXNiMk5oZEdsdmJpQTlQU0FuWkc5dGFXTnBiR1VuT3dvZ0lDQWdabWx1WVd3Z1ozSnBiblJoSUQwZ1pHVjBZV2xzY3k1elkyOXlaVWR5YVc1MFlTQS9QeUF3T3dvZ0lDQWdabWx1WVd3Z2IzQndiMjVsYm5RZ1BTQmtaWFJoYVd4ekxuTmpiM0psVDNCd2IyNWxiblFnUHo4Z01Ec0tDaUFnSUNCeVpYUjFjbTRnUTJGeVpDZ0tJQ0FnSUNBZ1kyaHBiR1E2SUZCaFpHUnBibWNvQ2lBZ0lDQWdJQ0FnY0dGa1pHbHVaem9nWTI5dWMzUWdSV1JuWlVsdWMyVjBjeTVoYkd3b01UZ3BMQW9nSUNBZ0lDQWdJR05vYVd4a09pQkRiMngxYlc0b0NpQWdJQ0FnSUNBZ0lDQmpjbTl6YzBGNGFYTkJiR2xuYm0xbGJuUTZJRU55YjNOelFYaHBjMEZzYVdkdWJXVnVkQzV6ZEhKbGRHTm9MQW9nSUNBZ0lDQWdJQ0FnWTJocGJHUnlaVzQ2SUZzS0lDQWdJQ0FnSUNBZ0lDQWdUV0YwWTJoR2FYaDBkWEpsS0FvZ0lDQWdJQ0FnSUNBZ0lDQWdJR2h2YldWT1lXMWxPaUJvYjIxbElEOGdKMEZUSUVkeWFXNTBZU2NnT2lCa1pYUmhhV3h6TG05d2NHOXVaVzUwVG1GdFpTd0tJQ0FnSUNBZ0lDQWdJQ0FnSUNCaGQyRjVUbUZ0WlRvZ2FHOXRaU0EvSUdSbGRHRnBiSE11YjNCd2IyNWxiblJPWVcxbElEb2dKMEZUSUVkeWFXNTBZU2NzQ2lBZ0lDQWdJQ0FnSUNBZ0lDQWdaM0pwYm5SaFNYTkliMjFsT2lCb2IyMWxMQW9nSUNBZ0lDQWdJQ0FnSUNBZ0lHaHZiV1ZUWTI5eVpUb2dhRzl0WlNBL0lHZHlhVzUwWVNBNklHOXdjRzl1Wlc1MExBb2dJQ0FnSUNBZ0lDQWdJQ0FnSUdGM1lYbFRZMjl5WlRvZ2FHOXRaU0EvSUc5d2NHOXVaVzUwSURvZ1ozSnBiblJoTEFvZ0lDQWdJQ0FnSUNBZ0lDQWdJR1pwYm1semFHVmtPaUIwY25WbExBb2dJQ0FnSUNBZ0lDQWdJQ0FnSUc1aGJXVlRkSGxzWlRvZ1ZHaGxiV1V1YjJZb1kyOXVkR1Y0ZENrdWRHVjRkRlJvWlcxbExuUnBkR3hsVEdGeVoyVXNDaUFnSUNBZ0lDQWdJQ0FnSUNrc0NpQWdJQ0FnSUNBZ0lDQWdJ
Shell: R052Ym5OMElGTnBlbVZrUW05NEtHaGxhV2RvZERvZ09Da3NDaUFnSUNBZ0lDQWdJQ0FnSUZSbGVIUW9RWEJ3Um05eWJXRjBjeTVrWVhSbFZHbHRaU2hrWlhSaGFXeHpMbXRwWTJ0dlptWkJkQ2twTEFvZ0lDQWdJQ0FnSUNBZ1hTd0tJQ0FnSUNBZ0lDQXBMQW9nSUNBZ0lDQXBMQW9nSUNBZ0tUc0tJQ0I5Q24wS0NtTnNZWE56SUY5RGIyMXdiR1YwWldSUWJHRjVaWEpUZFcxdFlYSjVJSHNLSUNCamIyNXpkQ0JmUTI5dGNHeGxkR1ZrVUd4aGVXVnlVM1Z0YldGeWVTaDdjbVZ4ZFdseVpXUWdkR2hwY3k1dVlXMWxMQ0J5WlhGMWFYSmxaQ0IwYUdsekxtZHZZV3h6ZlNrN0Nnb2dJR1pwYm1Gc0lGTjBjbWx1WnlCdVlXMWxPd29nSUdacGJtRnNJR2x1ZENCbmIyRnNjenNLZlFvS1kyeGhjM01nWDBOdmJYQnNaWFJsWkVOdmJYQnZjMmwwYVc5dVEyRnlaQ0JsZUhSbGJtUnpJRU52Ym5OMWJXVnlWMmxrWjJWMElIc0tJQ0JqYjI1emRDQmZRMjl0Y0d4bGRHVmtRMjl0Y0c5emFYUnBiMjVEWVhKa0tIc0tJQ0FnSUhKbGNYVnBjbVZrSUhSb2FYTXVaR1YwWVdsc2N5d0tJQ0FnSUhKbGNYVnBjbVZrSUhSb2FYTXViV0YwWTJoSlpDd0tJQ0FnSUhKbGNYVnBjbVZrSUhSb2FYTXVjM0J2Y25SelJXNWhZbXhsWkN3S0lDQjlLVHNLQ2lBZ1ptbHVZV3dnVFdGMFkyaEVaWFJoYVd4elJHRjBZU0JrWlhSaGFXeHpPd29nSUdacGJtRnNJRk4wY21sdVp5QnRZWFJqYUVsa093b2dJR1pwYm1Gc0lHSnZiMndnYzNCdmNuUnpSVzVoWW14bFpEc0tDaUFnVEdsemREeGZRMjl0Y0d4bGRHVmtVR3hoZVdWeVUzVnRiV0Z5ZVQ0Z1gzQnNZWGxsY25OR2NtOXRUV0YwWTJoRVpYUmhhV3h6S0NrZ2V3b2dJQ0FnWm1sdVlXd2djR3hoZVdWeWMwSjVUbUZ0WlNBOUlEeFRkSEpwYm1jc0lGOURiMjF3YkdWMFpXUlFiR0Y1WlhKVGRXMXRZWEo1UG50OU93b0tJQ0FnSUhadmFXUWdZV1JrVUd4aGVXVnlLRk4wY21sdVp5QnlZWGRPWVcxbExDQnBiblFnWjI5aGJITXBJSHNLSUNBZ0lDQWdabWx1WVd3Z2JtRnRaU0E5SUhKaGQwNWhiV1V1ZEhKcGJTZ3BPd29nSUNBZ0lDQnBaaUFvYm1GdFpTNXBjMFZ0Y0hSNUtTQnlaWFIxY200N0NpQWdJQ0FnSUdacGJtRnNJR3RsZVNBOUlHNWhiV1V1ZEc5TWIzZGxja05oYzJVb0tUc0tJQ0FnSUNBZ1ptbHVZV3dnWlhocGMzUnBibWNnUFNCd2JHRjVaWEp6UW5sT1lXMWxXMnRsZVYwN0NpQWdJQ0FnSUdsbUlDaGxlR2x6ZEdsdVp5QTlQU0J1ZFd4c0lIeDhJR2R2WVd4eklENGdaWGhwYzNScGJtY3VaMjloYkhNcElIc0tJQ0FnSUNBZ0lDQndiR0Y1WlhKelFubE9ZVzFsVzJ0bGVWMGdQU0JmUTI5dGNHeGxkR1ZrVUd4aGVXVnlVM1Z0YldGeWVTaHVZVzFsT2lCdVlXMWxMQ0JuYjJGc2N6b2daMjloYkhNcE93b2dJQ0FnSUNCOUNpQWdJQ0I5Q2dvZ0lDQWdabTl5SUNobWFXNWhiQ0J3YkdGNVpYSWdhVzRnWkdWMFlXbHNjeTV3YkdGNVpYSlRkR0YwY3lrZ2V3b2dJQ0FnSUNCaFpHUlFiR0Y1WlhJb2NHeGhlV1Z5TG01aGJXVXNJSEJzWVhsbGNpNW5iMkZzY3lrN0NpQWdJQ0I5Q2lBZ0lDQm1iM0lnS0dacGJtRnNJSEJzWVhsbGNpQnBiaUJrWlhSaGFXeHpMbk4wWVhKMGFXNW5UR2x1WlhWd0tTQjdDaUFnSUNBZ0lHRmtaRkJzWVhsbGNpaHdiR0Y1WlhJdWJtRnRaU3dnY0d4aGVXVnlMbWR2WVd4ektUc0tJQ0FnSUgwS0NpQWdJQ0J5WlhSMWNtNGdjR3hoZVdWeWMwSjVUbUZ0WlM1MllXeDFaWE11ZEc5TWFYTjBLQ2tLSUNBZ0lDQWdMaTV6YjNKMEtDaGhMQ0JpS1NBOVBpQmhMbTVoYldVdWRHOU1iM2RsY2tOaGMyVW9LUzVqYjIxd1lYSmxWRzhvWWk1dVlXMWxMblJ2VEc5M1pYSkRZWE5sS0NrcEtUc0tJQ0I5Q2dvZ0lFeHBjM1E4WDBOdmJYQnNaWFJsWkZCc1lYbGxjbE4xYlcxaGNuaytJRjltZFd4c1UzRjFZV1JRYkdGNVpYSnpLQW9nSUNBZ1RXRjBZMmhHYVc1aGJHbDZZWFJwYjI1RGIyNTBaWGgwUHlCbWFXNWhiR2w2WVhScGIyNHNDaUFnS1NCN0NpQWdJQ0JtYVc1aGJDQm1ZV3hzWW1GamExQnNZWGxsY25NZ1BTQmZjR3hoZVdWeWMwWnliMjFOWVhSamFFUmxkR0ZwYkhNb0tUc0tJQ0FnSUdsbUlDaG1hVzVoYkdsNllYUnBiMjRnUFQwZ2JuVnNiQ0I4ZkNCbWFXNWhiR2w2WVhScGIyNHVjM0YxWVdRdWFYTkZiWEIwZVNrZ2V3b2dJQ0FnSUNCeVpYUjFjbTRnWm1Gc2JHSmhZMnRRYkdGNVpYSnpPd29nSUNBZ2ZRb0tJQ0FnSUdacGJtRnNJR2R2WVd4elFubFFiR0Y1WlhKSlpDQTlJRHhUZEhKcGJtY3NJR2x1ZEQ1N2ZUc0tJQ0FnSUdadmNpQW9abWx1WVd3Z2MyTnZjbVZ5U1dRZ2FXNGdabWx1WVd4cGVtRjBhVzl1TG5OamIzSmxja2R2WVd4TWFXNWxjeWtnZXdvZ0lDQWdJQ0JuYjJGc2MwSjVVR3hoZVdWeVNXUXVkWEJrWVhSbEtBb2dJQ0FnSUNBZ0lITmpiM0psY2tsa0xBb2dJQ0FnSUNBZ0lDaG5iMkZzY3lrZ1BUNGdaMjloYkhNZ0t5QXhMQW9nSUNBZ0lDQWdJR2xtUVdKelpXNTBPaUFvS1NBOVBpQXhMQW9nSUNBZ0lDQXBPd29nSUNBZ2ZRb0tJQ0FnSUdacGJtRnNJSE5sYkdWamRHVmtVR3hoZVdWeVNXUnpJRDBnWm1sdVlXeHBlbUYwYVc5dUxuQnlaWE5sYm5SUWJHRjVaWEpKWkhNN0NpQWdJQ0JtYVc1aGJDQndiR0Y1WlhKeklEMGdXd29nSUNBZ0lDQm1iM0lnS0dacGJtRnNJSEJzWVhsbGNpQnBiaUJtYVc1aGJHbDZZWFJwYjI0dWMzRjFZV1FwQ2lBZ0lDQWdJQ0FnYVdZZ0tITmxiR1ZqZEdWa1VHeGhlV1Z5U1dSekxtTnZiblJoYVc1ektIQnNZWGxsY2k1cFpDa2dmSHdLSUNBZ0lDQWdJQ0FnSUNBZ1oyOWhiSE5DZVZCc1lYbGxja2xrTG1OdmJuUmhhVzV6UzJWNUtIQnNZWGxsY2k1cFpDa3BDaUFnSUNBZ0lDQWdJQ0JmUTI5dGNHeGxkR1ZrVUd4aGVXVnlVM1Z0YldGeWVTZ0tJQ0FnSUNBZ0lDQWdJQ0FnYm1GdFpUb2djR3hoZVdWeUxtNWhiV1VzQ2lBZ0lDQWdJQ0FnSUNBZ0lHZHZZV3h6T2lCbmIyRnNjMEo1VUd4aGVXVnlTV1JiY0d4aGVXVnlMbWxrWFNBL1B5QXdMQW9nSUNBZ0lDQWdJQ0FnS1N3S0lDQWdJRjA3Q2dvZ0lDQWdabTl5SUNobWFXNWhiQ0JtWVd4c1ltRmpheUJwYmlCbVlXeHNZbUZqYTFCc1lYbGxj
Shell: bk1wSUhzS0lDQWdJQ0FnWm1sdVlXd2dhVzVrWlhnZ1BTQndiR0Y1WlhKekxtbHVaR1Y0VjJobGNtVW9DaUFnSUNBZ0lDQWdLSEJzWVhsbGNpa2dQVDRnY0d4aGVXVnlMbTVoYldVdWRHOU1iM2RsY2tOaGMyVW9LU0E5UFNCbVlXeHNZbUZqYXk1dVlXMWxMblJ2VEc5M1pYSkRZWE5sS0Nrc0NpQWdJQ0FnSUNrN0NpQWdJQ0FnSUdsbUlDaHBibVJsZUNBOVBTQXRNU2tnZXdvZ0lDQWdJQ0FnSUhCc1lYbGxjbk11WVdSa0tHWmhiR3hpWVdOcktUc0tJQ0FnSUNBZ2ZTQmxiSE5sSUdsbUlDaG1ZV3hzWW1GamF5NW5iMkZzY3lBK0lIQnNZWGxsY25OYmFXNWtaWGhkTG1kdllXeHpLU0I3Q2lBZ0lDQWdJQ0FnY0d4aGVXVnljMXRwYm1SbGVGMGdQU0JtWVd4c1ltRmphenNLSUNBZ0lDQWdmUW9nSUNBZ2ZRb0tJQ0FnSUhCc1lYbGxjbk11YzI5eWRDZ0tJQ0FnSUNBZ0tHRXNJR0lwSUQwK0lHRXVibUZ0WlM1MGIweHZkMlZ5UTJGelpTZ3BMbU52YlhCaGNtVlVieWhpTG01aGJXVXVkRzlNYjNkbGNrTmhjMlVvS1Nrc0NpQWdJQ0FwT3dvZ0lDQWdjbVYwZFhKdUlIQnNZWGxsY25NN0NpQWdmUW9LSUNCQWIzWmxjbkpwWkdVS0lDQlhhV1JuWlhRZ1luVnBiR1FvUW5WcGJHUkRiMjUwWlhoMElHTnZiblJsZUhRc0lGZHBaR2RsZEZKbFppQnlaV1lwSUhzS0lDQWdJR2xtSUNoemNHOXlkSE5GYm1GaWJHVmtLU0I3Q2lBZ0lDQWdJQzh2SUZCeWFXOXlhWFREcVNCaGRTQnlaVzVrZFNCTlVFY2daTU9vY3lCeGRTZDFibVVnWTI5dGNHOXphWFJwYjI0Z2NIVmliR25EcVdVZ1pYaHBjM1JsTGdvZ0lDQWdJQ0JtYVc1aGJDQmpiMjF3YjNOcGRHbHZiaUE5Q2lBZ0lDQWdJQ0FnSUNCeVpXWXVkMkYwWTJnb2NIVmliR2x6YUdWa1RXRjBZMmhEYjIxd2IzTnBkR2x2YmxCeWIzWnBaR1Z5S0cxaGRHTm9TV1FwS1M1MllXeDFaVTl5VG5Wc2JEc0tJQ0FnSUNBZ1ptbHVZV3dnWm1sbGJHUkZiblJ5YVdWeklEMEtJQ0FnSUNBZ0lDQWdJR052YlhCdmMybDBhVzl1UHk1bGJuUnlhV1Z6Um05eUtFMWhkR05vUTI5dGNHOXphWFJwYjI1YWIyNWxMbVpwWld4a0tTQS9QeUJqYjI1emRDQmJYVHNLSUNBZ0lDQWdhV1lnS0dacFpXeGtSVzUwY21sbGN5NXBjMDV2ZEVWdGNIUjVLU0I3Q2lBZ0lDQWdJQ0FnY21WMGRYSnVJRjlOY0dkRGIyMXdiR1YwWldSRFlYSmtLR052YlhCdmMybDBhVzl1T2lCamIyMXdiM05wZEdsdmJpRXBPd29nSUNBZ0lDQjlDaUFnSUNCOUNnb2dJQ0FnWm1sdVlXd2dabWx1WVd4cGVtRjBhVzl1SUQwZ2MzQnZjblJ6Ulc1aFlteGxaQW9nSUNBZ0lDQWdJRDhnYm5Wc2JBb2dJQ0FnSUNBZ0lEb2djbVZtTG5kaGRHTm9LRzFoZEdOb1JtbHVZV3hwZW1GMGFXOXVRMjl1ZEdWNGRGQnliM1pwWkdWeUtHMWhkR05vU1dRcEtTNTJZV3gxWlU5eVRuVnNiRHNLSUNBZ0lHWnBibUZzSUhCc1lYbGxjbk1nUFNCemNHOXlkSE5GYm1GaWJHVmtDaUFnSUNBZ0lDQWdQeUJmY0d4aGVXVnljMFp5YjIxTllYUmphRVJsZEdGcGJITW9LUW9nSUNBZ0lDQWdJRG9nWDJaMWJHeFRjWFZoWkZCc1lYbGxjbk1vWm1sdVlXeHBlbUYwYVc5dUtUc0tDaUFnSUNCeVpYUjFjbTRnUTJGeVpDZ0tJQ0FnSUNBZ1kyaHBiR1E2SUZCaFpHUnBibWNvQ2lBZ0lDQWdJQ0FnY0dGa1pHbHVaem9nWTI5dWMzUWdSV1JuWlVsdWMyVjBjeTVoYkd3b01UWXBMQW9nSUNBZ0lDQWdJR05vYVd4a09pQkRiMngxYlc0b0NpQWdJQ0FnSUNBZ0lDQmpjbTl6YzBGNGFYTkJiR2xuYm0xbGJuUTZJRU55YjNOelFYaHBjMEZzYVdkdWJXVnVkQzV6ZEhKbGRHTm9MQW9nSUNBZ0lDQWdJQ0FnWTJocGJHUnlaVzQ2SUZzS0lDQWdJQ0FnSUNBZ0lDQWdWR1Y0ZENnS0lDQWdJQ0FnSUNBZ0lDQWdJQ0J3YkdGNVpYSnpMbWx6Ulcxd2RIa2dQeUFuU205MVpYVnljeWNnT2lBblNtOTFaWFZ5Y3lBb0pIdHdiR0Y1WlhKekxteGxibWQwYUgwcEp5d0tJQ0FnSUNBZ0lDQWdJQ0FnSUNCemRIbHNaVG9nVkdobGJXVXViMllvQ2lBZ0lDQWdJQ0FnSUNBZ0lDQWdJQ0JqYjI1MFpYaDBMQW9nSUNBZ0lDQWdJQ0FnSUNBZ0lDa3VkR1Y0ZEZSb1pXMWxMblJwZEd4bFRHRnlaMlUvTG1OdmNIbFhhWFJvS0dadmJuUlhaV2xuYUhRNklFWnZiblJYWldsbmFIUXVkemt3TUNrc0NpQWdJQ0FnSUNBZ0lDQWdJQ2tzQ2lBZ0lDQWdJQ0FnSUNBZ0lHTnZibk4wSUZOcGVtVmtRbTk0S0dobGFXZG9kRG9nTVRJcExBb2dJQ0FnSUNBZ0lDQWdJQ0JwWmlBb2NHeGhlV1Z5Y3k1cGMwVnRjSFI1S1FvZ0lDQWdJQ0FnSUNBZ0lDQWdJR052Ym5OMElGUmxlSFFvSjBGMVkzVnVJR3B2ZFdWMWNpQnlaVzV6WldsbmJzT3BMaWNwQ2lBZ0lDQWdJQ0FnSUNBZ0lHVnNjMlVLSUNBZ0lDQWdJQ0FnSUNBZ0lDQmZRMjl0Y0d4bGRHVmtVR3hoZVdWeWMweHBjM1FvY0d4aGVXVnljem9nY0d4aGVXVnljeWtzQ2lBZ0lDQWdJQ0FnSUNCZExBb2dJQ0FnSUNBZ0lDa3NDaUFnSUNBZ0lDa3NDaUFnSUNBcE93b2dJSDBLZlFvS0x5OHZJRkpsYm1SMUlFMVFSeUJrSjNWdVpTQmpiMjF3YjNOcGRHbHZiaUJ3ZFdKc2FjT3BaU0FvY0dodmRHOXpMQ0JqYjNWeWIyNXVaU0R3bjVHUkxDQmlZV3hzYjI1ektTQndiM1Z5SUhWdUNpOHZMeUJ0WVhSamFDQjBaWEp0YVc3RHFTRGlnSlFnYVdSbGJuUnBjWFZsSU1PZ0lHd25ZV1ptYVdOb1lXZGxJR1FuWVhaaGJuUXRiV0YwWTJndUNtTnNZWE56SUY5TmNHZERiMjF3YkdWMFpXUkRZWEprSUdWNGRHVnVaSE1nVTNSaGRHVnNaWE56VjJsa1oyVjBJSHNLSUNCamIyNXpkQ0JmVFhCblEyOXRjR3hsZEdWa1EyRnlaQ2g3Y21WeGRXbHlaV1FnZEdocGN5NWpiMjF3YjNOcGRHbHZibjBwT3dvS0lDQm1hVzVoYkNCTllYUmphRU52YlhCdmMybDBhVzl1SUdOdmJYQnZjMmwwYVc5dU93b0tJQ0JBYjNabGNuSnBaR1VLSUNCWGFXUm5aWFFnWW5WcGJHUW9RblZwYkdSRGIyNTBaWGgwSUdOdmJuUmxlSFFwSUhzS0lDQWdJR1pwYm1Gc0lHSmxibU5vSUQwZ1kyOXRjRzl6YVhScGIyNHVaVzUwY21sbGMwWnZjaWhOWVhSamFFTnZiWEJ2YzJsMGFXOXVXbTl1WlM1aVpXNWphQ2s3Q2lBZ0lDQnlaWFIxY200Z1EyRnlaQ2dLSUNBZ0lDQWdZ
Shell: MmhwYkdRNklGQmhaR1JwYm1jb0NpQWdJQ0FnSUNBZ2NHRmtaR2x1WnpvZ1kyOXVjM1FnUldSblpVbHVjMlYwY3k1aGJHd29NVFlwTEFvZ0lDQWdJQ0FnSUdOb2FXeGtPaUJEYjJ4MWJXNG9DaUFnSUNBZ0lDQWdJQ0JqY205emMwRjRhWE5CYkdsbmJtMWxiblE2SUVOeWIzTnpRWGhwYzBGc2FXZHViV1Z1ZEM1emRISmxkR05vTEFvZ0lDQWdJQ0FnSUNBZ1kyaHBiR1J5Wlc0NklGc0tJQ0FnSUNBZ0lDQWdJQ0FnVkdWNGRDZ0tJQ0FnSUNBZ0lDQWdJQ0FnSUNBblEyOXRjRzl6YVhScGIyNGdaWFFnY3NPcGMzVnR3NmtuTEFvZ0lDQWdJQ0FnSUNBZ0lDQWdJSE4wZVd4bE9pQlVhR1Z0WlM1dlppZ0tJQ0FnSUNBZ0lDQWdJQ0FnSUNBZ0lHTnZiblJsZUhRc0NpQWdJQ0FnSUNBZ0lDQWdJQ0FnS1M1MFpYaDBWR2hsYldVdWRHbDBiR1ZNWVhKblpUOHVZMjl3ZVZkcGRHZ29abTl1ZEZkbGFXZG9kRG9nUm05dWRGZGxhV2RvZEM1M09UQXdLU3dLSUNBZ0lDQWdJQ0FnSUNBZ0tTd0tJQ0FnSUNBZ0lDQWdJQ0FnWTI5dWMzUWdVMmw2WldSQ2IzZ29hR1ZwWjJoME9pQTJLU3dLSUNBZ0lDQWdJQ0FnSUNBZ1ZHVjRkQ2dLSUNBZ0lDQWdJQ0FnSUNBZ0lDQW5UR1Z6SUdKMWRITWc0cHE5SUdWMElHemlnSmxvYjIxdFpTQmtkU0J0WVhSamFDRHduNUdSSUhOdmJuUWdZV1ptYVdOb3c2bHpJR1JwY21WamRHVnRaVzUwSUNjS0lDQWdJQ0FnSUNBZ0lDQWdJQ0FuYzNWeUlHeGxjeUJxYjNWbGRYSnpMaWNzQ2lBZ0lDQWdJQ0FnSUNBZ0lDQWdjM1I1YkdVNklGUm9aVzFsTG05bUtBb2dJQ0FnSUNBZ0lDQWdJQ0FnSUNBZ1kyOXVkR1Y0ZEN3S0lDQWdJQ0FnSUNBZ0lDQWdJQ0FwTG5SbGVIUlVhR1Z0WlM1aWIyUjVVMjFoYkd3L0xtTnZjSGxYYVhSb0tHTnZiRzl5T2lCQmNIQlVhR1Z0WlM1MFpYaDBVMlZqYjI1a1lYSjVLU3dLSUNBZ0lDQWdJQ0FnSUNBZ0tTd0tJQ0FnSUNBZ0lDQWdJQ0FnWTI5dWMzUWdVMmw2WldSQ2IzZ29hR1ZwWjJoME9pQXhOaWtzQ2lBZ0lDQWdJQ0FnSUNBZ0lFTmxiblJsY2lnS0lDQWdJQ0FnSUNBZ0lDQWdJQ0JqYUdsc1pEb2dRMjl1YzNSeVlXbHVaV1JDYjNnb0NpQWdJQ0FnSUNBZ0lDQWdJQ0FnSUNCamIyNXpkSEpoYVc1MGN6b2dZMjl1YzNRZ1FtOTRRMjl1YzNSeVlXbHVkSE1vYldGNFYybGtkR2c2SURVeU1Da3NDaUFnSUNBZ0lDQWdJQ0FnSUNBZ0lDQmphR2xzWkRvZ1EyOXRjRzl6YVhScGIyNVFhWFJqYUNnS0lDQWdJQ0FnSUNBZ0lDQWdJQ0FnSUNBZ1pXNTBjbWxsY3pvZ1kyOXRjRzl6YVhScGIyNHVaVzUwY21sbGMwWnZjaWhOWVhSamFFTnZiWEJ2YzJsMGFXOXVXbTl1WlM1bWFXVnNaQ2tzQ2lBZ0lDQWdJQ0FnSUNBZ0lDQWdJQ0FwTEFvZ0lDQWdJQ0FnSUNBZ0lDQWdJQ2tzQ2lBZ0lDQWdJQ0FnSUNBZ0lDa3NDaUFnSUNBZ0lDQWdJQ0FnSUdsbUlDaGlaVzVqYUM1cGMwNXZkRVZ0Y0hSNUtTQXVMaTViQ2lBZ0lDQWdJQ0FnSUNBZ0lDQWdZMjl1YzNRZ1UybDZaV1JDYjNnb2FHVnBaMmgwT2lBeE5pa3NDaUFnSUNBZ0lDQWdJQ0FnSUNBZ1ZHVjRkQ2dLSUNBZ0lDQWdJQ0FnSUNBZ0lDQWdJQ2RTWlcxd2JHSERwMkZ1ZEhNZ0tDUjdZbVZ1WTJndWJHVnVaM1JvZlNrbkxBb2dJQ0FnSUNBZ0lDQWdJQ0FnSUNBZ2MzUjViR1U2SUZSb1pXMWxMbTltS0FvZ0lDQWdJQ0FnSUNBZ0lDQWdJQ0FnSUNCamIyNTBaWGgwTEFvZ0lDQWdJQ0FnSUNBZ0lDQWdJQ0FnS1M1MFpYaDBWR2hsYldVdWRHbDBiR1ZOWldScGRXMC9MbU52Y0hsWGFYUm9LR1p2Ym5SWFpXbG5hSFE2SUVadmJuUlhaV2xuYUhRdWR6a3dNQ2tzQ2lBZ0lDQWdJQ0FnSUNBZ0lDQWdLU3dLSUNBZ0lDQWdJQ0FnSUNBZ0lDQmpiMjV6ZENCVGFYcGxaRUp2ZUNob1pXbG5hSFE2SURFd0tTd0tJQ0FnSUNBZ0lDQWdJQ0FnSUNCWGNtRndLQW9nSUNBZ0lDQWdJQ0FnSUNBZ0lDQWdjM0JoWTJsdVp6b2dNVElzQ2lBZ0lDQWdJQ0FnSUNBZ0lDQWdJQ0J5ZFc1VGNHRmphVzVuT2lBeE1pd0tJQ0FnSUNBZ0lDQWdJQ0FnSUNBZ0lHTm9hV3hrY21WdU9pQmJDaUFnSUNBZ0lDQWdJQ0FnSUNBZ0lDQWdJR1p2Y2lBb1ptbHVZV3dnWlc1MGNua2dhVzRnWW1WdVkyZ3BDaUFnSUNBZ0lDQWdJQ0FnSUNBZ0lDQWdJQ0FnUTI5dGNHOXphWFJwYjI1UWJHRjVaWEpVYVd4bEtHVnVkSEo1T2lCbGJuUnllU2tzQ2lBZ0lDQWdJQ0FnSUNBZ0lDQWdJQ0JkTEFvZ0lDQWdJQ0FnSUNBZ0lDQWdJQ2tzQ2lBZ0lDQWdJQ0FnSUNBZ0lGMHNDaUFnSUNBZ0lDQWdJQ0JkTEFvZ0lDQWdJQ0FnSUNrc0NpQWdJQ0FnSUNrc0NpQWdJQ0FwT3dvZ0lIMEtmUW9LWTJ4aGMzTWdYME52YlhCc1pYUmxaRkJzWVhsbGNuTk1hWE4wSUdWNGRHVnVaSE1nVTNSaGRHVnNaWE56VjJsa1oyVjBJSHNLSUNCamIyNXpkQ0JmUTI5dGNHeGxkR1ZrVUd4aGVXVnljMHhwYzNRb2UzSmxjWFZwY21Wa0lIUm9hWE11Y0d4aGVXVnljMzBwT3dvS0lDQm1hVzVoYkNCTWFYTjBQRjlEYjIxd2JHVjBaV1JRYkdGNVpYSlRkVzF0WVhKNVBpQndiR0Y1WlhKek93b0tJQ0JBYjNabGNuSnBaR1VLSUNCWGFXUm5aWFFnWW5WcGJHUW9RblZwYkdSRGIyNTBaWGgwSUdOdmJuUmxlSFFwSUhzS0lDQWdJSEpsZEhWeWJpQkRiMngxYlc0b0NpQWdJQ0FnSUdOeWIzTnpRWGhwYzBGc2FXZHViV1Z1ZERvZ1EzSnZjM05CZUdselFXeHBaMjV0Wlc1MExuTjBjbVYwWTJnc0NpQWdJQ0FnSUdOb2FXeGtjbVZ1T2lCYkNpQWdJQ0FnSUNBZ1ptOXlJQ2gyWVhJZ2FXNWtaWGdnUFNBd095QnBibVJsZUNBOElIQnNZWGxsY25NdWJHVnVaM1JvT3lCcGJtUmxlQ0FyUFNBeEtTQXVMaTViQ2lBZ0lDQWdJQ0FnSUNCVFpXMWhiblJwWTNNb0NpQWdJQ0FnSUNBZ0lDQWdJR3hoWW1Wc09pQndiR0Y1WlhKelcybHVaR1Y0WFM1bmIyRnNjeUE5UFNBd0NpQWdJQ0FnSUNBZ0lDQWdJQ0FnSUNBL0lIQnNZWGxsY25OYmFXNWtaWGhkTG01aGJXVUtJQ0FnSUNBZ0lDQWdJQ0FnSUNBZ0lEb2dKeVI3Y0d4aGVXVnljMXRwYm1SbGVGMHVibUZ0Wlgwc0lDUjdjR3hoZVdWeWMxdHBibVJsZUYwdVoyOWhiSE45SUNjS0lDQWdJQ0FnSUNBZ0lDQWdJQ0FnSUNBZ0lDQW5K
Shell: SHR3YkdGNVpYSnpXMmx1WkdWNFhTNW5iMkZzY3lBOVBTQXhJRDhnSjJKMWRDY2dPaUFuWW5WMGN5ZDlKeXdLSUNBZ0lDQWdJQ0FnSUNBZ1kyaHBiR1E2SUZCaFpHUnBibWNvQ2lBZ0lDQWdJQ0FnSUNBZ0lDQWdjR0ZrWkdsdVp6b2dZMjl1YzNRZ1JXUm5aVWx1YzJWMGN5NXplVzF0WlhSeWFXTW9kbVZ5ZEdsallXdzZJRGdwTEFvZ0lDQWdJQ0FnSUNBZ0lDQWdJR05vYVd4a09pQlNiM2NvQ2lBZ0lDQWdJQ0FnSUNBZ0lDQWdJQ0JqYUdsc1pISmxiam9nV3dvZ0lDQWdJQ0FnSUNBZ0lDQWdJQ0FnSUNCRmVIQmhibVJsWkNnS0lDQWdJQ0FnSUNBZ0lDQWdJQ0FnSUNBZ0lDQmphR2xzWkRvZ1ZHVjRkQ2dLSUNBZ0lDQWdJQ0FnSUNBZ0lDQWdJQ0FnSUNBZ0lIQnNZWGxsY25OYmFXNWtaWGhkTG01aGJXVXNDaUFnSUNBZ0lDQWdJQ0FnSUNBZ0lDQWdJQ0FnSUNCemRIbHNaVG9nVkdobGJXVXViMllvWTI5dWRHVjRkQ2t1ZEdWNGRGUm9aVzFsTG1KdlpIbE1ZWEpuWlQ4dVkyOXdlVmRwZEdnb0NpQWdJQ0FnSUNBZ0lDQWdJQ0FnSUNBZ0lDQWdJQ0FnSUNBZ0lDQm1iMjUwVjJWcFoyaDBPaUJHYjI1MFYyVnBaMmgwTG5jM01EQXNDaUFnSUNBZ0lDQWdJQ0FnSUNBZ0lDQWdJQ0FnSUNBZ0lDQWdLU3dLSUNBZ0lDQWdJQ0FnSUNBZ0lDQWdJQ0FnSUNBcExBb2dJQ0FnSUNBZ0lDQWdJQ0FnSUNBZ0lDQXBMQW9nSUNBZ0lDQWdJQ0FnSUNBZ0lDQWdJQ0JwWmlBb2NHeGhlV1Z5YzF0cGJtUmxlRjB1WjI5aGJITWdQaUF3S1NBdUxpNWJDaUFnSUNBZ0lDQWdJQ0FnSUNBZ0lDQWdJQ0FnWTI5dWMzUWdVMmw2WldSQ2IzZ29kMmxrZEdnNklERXlLU3dLSUNBZ0lDQWdJQ0FnSUNBZ0lDQWdJQ0FnSUNCVVpYaDBLQW9nSUNBZ0lDQWdJQ0FnSUNBZ0lDQWdJQ0FnSUNBZ2NHeGhlV1Z5YzF0cGJtUmxlRjB1WjI5aGJITWdQVDBnTVFvZ0lDQWdJQ0FnSUNBZ0lDQWdJQ0FnSUNBZ0lDQWdJQ0FnSUQ4Z0orS2F2U2NLSUNBZ0lDQWdJQ0FnSUNBZ0lDQWdJQ0FnSUNBZ0lDQWdJQ0E2SUNmaW1yMGd3NWNrZTNCc1lYbGxjbk5iYVc1a1pYaGRMbWR2WVd4emZTY3NDaUFnSUNBZ0lDQWdJQ0FnSUNBZ0lDQWdJQ0FnSUNCemRIbHNaVG9nVkdobGJXVXViMllvWTI5dWRHVjRkQ2t1ZEdWNGRGUm9aVzFsTG1KdlpIbE1ZWEpuWlQ4dVkyOXdlVmRwZEdnb0NpQWdJQ0FnSUNBZ0lDQWdJQ0FnSUNBZ0lDQWdJQ0FnSUNBZ0lDQm1iMjUwVjJWcFoyaDBPaUJHYjI1MFYyVnBaMmgwTG5jNU1EQXNDaUFnSUNBZ0lDQWdJQ0FnSUNBZ0lDQWdJQ0FnSUNBZ0lDQWdLU3dLSUNBZ0lDQWdJQ0FnSUNBZ0lDQWdJQ0FnSUNBcExBb2dJQ0FnSUNBZ0lDQWdJQ0FnSUNBZ0lDQmRMQW9nSUNBZ0lDQWdJQ0FnSUNBZ0lDQWdYU3dLSUNBZ0lDQWdJQ0FnSUNBZ0lDQXBMQW9nSUNBZ0lDQWdJQ0FnSUNBcExBb2dJQ0FnSUNBZ0lDQWdLU3dLSUNBZ0lDQWdJQ0FnSUdsbUlDaHBibVJsZUNBOElIQnNZWGxsY25NdWJHVnVaM1JvSUMwZ01Ta2dZMjl1YzNRZ1JHbDJhV1JsY2lob1pXbG5hSFE2SURFcExBb2dJQ0FnSUNBZ0lGMHNDaUFnSUNBZ0lGMHNDaUFnSUNBcE93b2dJSDBLZlFvS1kyeGhjM01nWDFCeVpXUnBZM1JwYjI1elZHRmliR1VnWlhoMFpXNWtjeUJUZEdGMFpXeGxjM05YYVdSblpYUWdld29nSUdOdmJuTjBJRjlRY21Wa2FXTjBhVzl1YzFSaFlteGxLSHNLSUNBZ0lISmxjWFZwY21Wa0lIUm9hWE11Y0hKbFpHbGpkR2x2Ym5Nc0NpQWdJQ0J5WlhGMWFYSmxaQ0IwYUdsekxtRmpkSFZoYkVkeWFXNTBZU3dLSUNBZ0lISmxjWFZwY21Wa0lIUm9hWE11WVdOMGRXRnNUM0J3YjI1bGJuUXNDaUFnSUNCeVpYRjFhWEpsWkNCMGFHbHpMbWx6U0c5dFpTd0tJQ0FnSUhKbGNYVnBjbVZrSUhSb2FYTXVZM1Z5Y21WdWRGQnliMlpwYkdWSlpDd0tJQ0I5S1RzS0NpQWdabWx1WVd3Z1RHbHpkRHhOWVhSamFGQnlaV1JwWTNScGIyNVNaWE4xYkhRK0lIQnlaV1JwWTNScGIyNXpPd29nSUdacGJtRnNJR2x1ZENCaFkzUjFZV3hIY21sdWRHRTdDaUFnWm1sdVlXd2dhVzUwSUdGamRIVmhiRTl3Y0c5dVpXNTBPd29nSUdacGJtRnNJR0p2YjJ3Z2FYTkliMjFsT3dvZ0lHWnBibUZzSUZOMGNtbHVaejhnWTNWeWNtVnVkRkJ5YjJacGJHVkpaRHNLQ2lBZ2FXNTBJRjl5WlhOMWJIUW9hVzUwSUdodmJXVXNJR2x1ZENCaGQyRjVLU0E5UGlCb2IyMWxJRDA5SUdGM1lYa2dQeUF3SURvZ0tHaHZiV1VnUGlCaGQyRjVJRDhnTVNBNklDMHhLVHNLQ2lBZ1EyOXNiM0kvSUY5amIyeHZja1p2Y2loTllYUmphRkJ5WldScFkzUnBiMjVTWlhOMWJIUWdjSEpsWkdsamRHbHZiaWtnZXdvZ0lDQWdhV1lnS0hCeVpXUnBZM1JwYjI0dWNHOXBiblJ6SUR3OUlEQXBJSEpsZEhWeWJpQnVkV3hzT3dvZ0lDQWdabWx1WVd3Z1pYaGhZM1FnUFNCd2NtVmthV04wYVc5dUxuTmpiM0psUjNKcGJuUmhJRDA5SUdGamRIVmhiRWR5YVc1MFlTQW1KZ29nSUNBZ0lDQWdJSEJ5WldScFkzUnBiMjR1YzJOdmNtVlBjSEJ2Ym1WdWRDQTlQU0JoWTNSMVlXeFBjSEJ2Ym1WdWREc0tJQ0FnSUdsbUlDaGxlR0ZqZENrZ2NtVjBkWEp1SUdOdmJuTjBJRU52Ykc5eUtEQjRSa1k1UWpaRFJrWXBPd29nSUNBZ1ptbHVZV3dnWTI5eWNtVmpkRmRwYm01bGNpQTlDaUFnSUNBZ0lDQWdYM0psYzNWc2RDaHdjbVZrYVdOMGFXOXVMbk5qYjNKbFIzSnBiblJoTENCd2NtVmthV04wYVc5dUxuTmpiM0psVDNCd2IyNWxiblFwSUQwOUNpQWdJQ0FnSUNBZ0lDQWdJRjl5WlhOMWJIUW9ZV04wZFdGc1IzSnBiblJoTENCaFkzUjFZV3hQY0hCdmJtVnVkQ2s3Q2lBZ0lDQnBaaUFvSVdOdmNuSmxZM1JYYVc1dVpYSXBJSEpsZEhWeWJpQnVkV3hzT3dvZ0lDQWdjbVYwZFhKdUlHTnZibk4wSUVOdmJHOXlLREI0UmtZek9VVTNPRFFwT3dvZ0lIMEtDaUFnVjJsa1oyVjBJRjl3Y21Wa2FXTjBhVzl1VW05M0tBb2dJQ0FnUW5WcGJHUkRiMjUwWlhoMElHTnZiblJsZUhRc0NpQWdJQ0JOWVhSamFGQnlaV1JwWTNScGIyNVNaWE4xYkhRZ2NISmxaR2xqZEdsdmJpd0tJQ0FwSUhzS0lDQWdJR1pwYm1Gc0lISmxjM1ZzZEVOdmJHOXlJRDBnWDJOdmJHOXlSbTl5S0hCeVpXUnBZ
Shell: M1JwYjI0cE93b2dJQ0FnWm1sdVlXd2dhWE5EZFhKeVpXNTBWWE5sY2lBOUNpQWdJQ0FnSUNBZ1kzVnljbVZ1ZEZCeWIyWnBiR1ZKWkNBaFBTQnVkV3hzSUNZbUlIQnlaV1JwWTNScGIyNHVjSEp2Wm1sc1pVbGtJRDA5SUdOMWNuSmxiblJRY205bWFXeGxTV1E3Q2lBZ0lDQm1hVzVoYkNCb2FXZG9iR2xuYUhSRGIyeHZjaUE5SUdselEzVnljbVZ1ZEZWelpYSWdQeUJCY0hCVWFHVnRaUzVoWTJObGJuUWdPaUJ5WlhOMWJIUkRiMnh2Y2pzS0NpQWdJQ0J5WlhSMWNtNGdRMjl1ZEdGcGJtVnlLQW9nSUNBZ0lDQnRZWEpuYVc0NklHTnZibk4wSUVWa1oyVkpibk5sZEhNdWMzbHRiV1YwY21saktIWmxjblJwWTJGc09pQTBLU3dLSUNBZ0lDQWdjR0ZrWkdsdVp6b2dZMjl1YzNRZ1JXUm5aVWx1YzJWMGN5NXplVzF0WlhSeWFXTW9hRzl5YVhwdmJuUmhiRG9nTVRBc0lIWmxjblJwWTJGc09pQTVLU3dLSUNBZ0lDQWdaR1ZqYjNKaGRHbHZiam9nUW05NFJHVmpiM0poZEdsdmJpZ0tJQ0FnSUNBZ0lDQmliM0prWlhKU1lXUnBkWE02SUVKdmNtUmxjbEpoWkdsMWN5NWphWEpqZFd4aGNpZ3hOQ2tzQ2lBZ0lDQWdJQ0FnWW05eVpHVnlPaUJvYVdkb2JHbG5hSFJEYjJ4dmNpQTlQU0J1ZFd4c0NpQWdJQ0FnSUNBZ0lDQWdJRDhnYm5Wc2JBb2dJQ0FnSUNBZ0lDQWdJQ0E2SUVKdmNtUmxjaTVoYkd3b0NpQWdJQ0FnSUNBZ0lDQWdJQ0FnSUNCamIyeHZjam9nYUdsbmFHeHBaMmgwUTI5c2IzSXNDaUFnSUNBZ0lDQWdJQ0FnSUNBZ0lDQjNhV1IwYURvZ2FYTkRkWEp5Wlc1MFZYTmxjaUEvSURJdU1pQTZJREV1Tnl3S0lDQWdJQ0FnSUNBZ0lDQWdJQ0FwTEFvZ0lDQWdJQ0FnSUdOdmJHOXlPaUJvYVdkb2JHbG5hSFJEYjJ4dmNqOHVkMmwwYUZaaGJIVmxjeWhoYkhCb1lUb2dhWE5EZFhKeVpXNTBWWE5sY2lBL0lDNHhOaUE2SUM0d09Da3NDaUFnSUNBZ0lDa3NDaUFnSUNBZ0lHTm9hV3hrT2lCU2IzY29DaUFnSUNBZ0lDQWdZMmhwYkdSeVpXNDZJRnNLSUNBZ0lDQWdJQ0FnSUVWNGNHRnVaR1ZrS0FvZ0lDQWdJQ0FnSUNBZ0lDQm1iR1Y0T2lBeUxBb2dJQ0FnSUNBZ0lDQWdJQ0JqYUdsc1pEb2dUbUZ0WlZkcGRHaENZV1JuWlhNb0NpQWdJQ0FnSUNBZ0lDQWdJQ0FnY0hKdlptbHNaVWxrT2lCd2NtVmthV04wYVc5dUxuQnliMlpwYkdWSlpDd0tJQ0FnSUNBZ0lDQWdJQ0FnSUNCdVlXMWxPaUJ3Y21Wa2FXTjBhVzl1TG01aGJXVXNDaUFnSUNBZ0lDQWdJQ0FnSUNrc0NpQWdJQ0FnSUNBZ0lDQXBMQW9nSUNBZ0lDQWdJQ0FnUlhod1lXNWtaV1FvQ2lBZ0lDQWdJQ0FnSUNBZ0lHTm9hV3hrT2lCVVpYaDBLQW9nSUNBZ0lDQWdJQ0FnSUNBZ0lHbHpTRzl0WlFvZ0lDQWdJQ0FnSUNBZ0lDQWdJQ0FnSUNBL0lDY2tlM0J5WldScFkzUnBiMjR1YzJOdmNtVkhjbWx1ZEdGOTRvQ1RKSHR3Y21Wa2FXTjBhVzl1TG5OamIzSmxUM0J3YjI1bGJuUjlKd29nSUNBZ0lDQWdJQ0FnSUNBZ0lDQWdJQ0E2SUNja2UzQnlaV1JwWTNScGIyNHVjMk52Y21WUGNIQnZibVZ1ZEgzaWdKTWtlM0J5WldScFkzUnBiMjR1YzJOdmNtVkhjbWx1ZEdGOUp5d0tJQ0FnSUNBZ0lDQWdJQ0FnSUNCMFpYaDBRV3hwWjI0NklGUmxlSFJCYkdsbmJpNWpaVzUwWlhJc0NpQWdJQ0FnSUNBZ0lDQWdJQ2tzQ2lBZ0lDQWdJQ0FnSUNBcExBb2dJQ0FnSUNBZ0lDQWdVMmw2WldSQ2IzZ29DaUFnSUNBZ0lDQWdJQ0FnSUhkcFpIUm9PaUF6TUN3S0lDQWdJQ0FnSUNBZ0lDQWdZMmhwYkdRNklIQnlaV1JwWTNScGIyNHVkWE5sWkZneUNpQWdJQ0FnSUNBZ0lDQWdJQ0FnSUNBL0lHTnZibk4wSUVGc2FXZHVLQW9nSUNBZ0lDQWdJQ0FnSUNBZ0lDQWdJQ0FnSUdGc2FXZHViV1Z1ZERvZ1FXeHBaMjV0Wlc1MExtTmxiblJsY2xKcFoyaDBMQW9nSUNBZ0lDQWdJQ0FnSUNBZ0lDQWdJQ0FnSUdOb2FXeGtPaUJmV0RKQ1lXUm5aU2dwTEFvZ0lDQWdJQ0FnSUNBZ0lDQWdJQ0FnSUNBcENpQWdJQ0FnSUNBZ0lDQWdJQ0FnSUNBNklHNTFiR3dzQ2lBZ0lDQWdJQ0FnSUNBcExBb2dJQ0FnSUNBZ0lDQWdZMjl1YzNRZ1UybDZaV1JDYjNnb2QybGtkR2c2SURncExBb2dJQ0FnSUNBZ0lDQWdSWGh3WVc1a1pXUW9DaUFnSUNBZ0lDQWdJQ0FnSUdOb2FXeGtPaUJVWlhoMEtBb2dJQ0FnSUNBZ0lDQWdJQ0FnSUhCeVpXUnBZM1JwYjI0dWNHOXBiblJ6TG5KdmRXNWtLQ2t1ZEc5VGRISnBibWNvS1N3S0lDQWdJQ0FnSUNBZ0lDQWdJQ0IwWlhoMFFXeHBaMjQ2SUZSbGVIUkJiR2xuYmk1bGJtUXNDaUFnSUNBZ0lDQWdJQ0FnSUNBZ2MzUjViR1U2SUdOdmJuTjBJRlJsZUhSVGRIbHNaU2htYjI1MFYyVnBaMmgwT2lCR2IyNTBWMlZwWjJoMExuYzVNREFwTEFvZ0lDQWdJQ0FnSUNBZ0lDQXBMQW9nSUNBZ0lDQWdJQ0FnS1N3S0lDQWdJQ0FnSUNCZExBb2dJQ0FnSUNBcExBb2dJQ0FnS1RzS0lDQjlDZ29nSUVCdmRtVnljbWxrWlFvZ0lGZHBaR2RsZENCaWRXbHNaQ2hDZFdsc1pFTnZiblJsZUhRZ1kyOXVkR1Y0ZENrZ2V3b2dJQ0FnY21WMGRYSnVJRU5oY21Rb0NpQWdJQ0FnSUdOb2FXeGtPaUJRWVdSa2FXNW5LQW9nSUNBZ0lDQWdJSEJoWkdScGJtYzZJR052Ym5OMElFVmtaMlZKYm5ObGRITXVZV3hzS0RFNEtTd0tJQ0FnSUNBZ0lDQmphR2xzWkRvZ1EyOXNkVzF1S0FvZ0lDQWdJQ0FnSUNBZ1kzSnZjM05CZUdselFXeHBaMjV0Wlc1ME9pQkRjbTl6YzBGNGFYTkJiR2xuYm0xbGJuUXVjM1JoY25Rc0NpQWdJQ0FnSUNBZ0lDQmphR2xzWkhKbGJqb2dXd29nSUNBZ0lDQWdJQ0FnSUNCVVpYaDBLQ2RRY205dWIzTjBhV056Snl3Z2MzUjViR1U2SUZSb1pXMWxMbTltS0dOdmJuUmxlSFFwTG5SbGVIUlVhR1Z0WlM1MGFYUnNaVXhoY21kbEtTd0tJQ0FnSUNBZ0lDQWdJQ0FnWTI5dWMzUWdVMmw2WldSQ2IzZ29hR1ZwWjJoME9pQXhNaWtzQ2lBZ0lDQWdJQ0FnSUNBZ0lHWnZjaUFvWm1sdVlXd2djSEpsWkdsamRHbHZiaUJwYmlCd2NtVmthV04wYVc5dWN5a0tJQ0FnSUNBZ0lDQWdJQ0FnSUNCZmNISmxaR2xqZEdsdmJsSnZkeWhqYjI1MFpYaDBMQ0J3Y21Wa2FXTjBhVzl1S1N3S0lDQWdJQ0FnSUNBZ0lGMHNDaUFnSUNBZ0lDQWdL
Shell: U3dLSUNBZ0lDQWdLU3dLSUNBZ0lDazdDaUFnZlFwOUNnb3ZMeThnVUdGemRHbHNiR1Vnd3FzZ3c1Y3lJTUs3SUdsdVpHbHhkV0Z1ZENCeGRTZDFiaUJxYjNWbGRYSWdZU0IxZEdsc2FYUERxU0J6YjI0Z1ltOXVkWE1nWkc5MVlteGxJSE4xY2lCalpRb3ZMeThnY0hKdmJtOXpkR2xqSUNoelpYTWdjRzlwYm5SeklITnZiblFnWkc5MVltekRxWE1wTGdwamJHRnpjeUJmV0RKQ1lXUm5aU0JsZUhSbGJtUnpJRk4wWVhSbGJHVnpjMWRwWkdkbGRDQjdDaUFnWTI5dWMzUWdYMWd5UW1Ga1oyVW9LVHNLQ2lBZ1FHOTJaWEp5YVdSbENpQWdWMmxrWjJWMElHSjFhV3hrS0VKMWFXeGtRMjl1ZEdWNGRDQmpiMjUwWlhoMEtTQjdDaUFnSUNCeVpYUjFjbTRnUTI5dWRHRnBibVZ5S0FvZ0lDQWdJQ0J3WVdSa2FXNW5PaUJqYjI1emRDQkZaR2RsU1c1elpYUnpMbk41YlcxbGRISnBZeWhvYjNKcGVtOXVkR0ZzT2lBMkxDQjJaWEowYVdOaGJEb2dNaWtzQ2lBZ0lDQWdJR1JsWTI5eVlYUnBiMjQ2SUVKdmVFUmxZMjl5WVhScGIyNG9DaUFnSUNBZ0lDQWdZMjlzYjNJNklFRndjRlJvWlcxbExtRmpZMlZ1ZEM1M2FYUm9WbUZzZFdWektHRnNjR2hoT2lBdU1UZ3BMQW9nSUNBZ0lDQWdJR0p2Y21SbGNsSmhaR2wxY3pvZ1FtOXlaR1Z5VW1Ga2FYVnpMbU5wY21OMWJHRnlLRGdwTEFvZ0lDQWdJQ0FnSUdKdmNtUmxjam9nUW05eVpHVnlMbUZzYkNoamIyeHZjam9nUVhCd1ZHaGxiV1V1WVdOalpXNTBMbmRwZEdoV1lXeDFaWE1vWVd4d2FHRTZJQzQxTlNrcExBb2dJQ0FnSUNBcExBb2dJQ0FnSUNCamFHbHNaRG9nWTI5dWMzUWdWR1Y0ZENnS0lDQWdJQ0FnSUNBbnc1Y3lKeXdLSUNBZ0lDQWdJQ0J6ZEhsc1pUb2dWR1Y0ZEZOMGVXeGxLQW9nSUNBZ0lDQWdJQ0FnWTI5c2IzSTZJRUZ3Y0ZSb1pXMWxMbUZqWTJWdWRDd0tJQ0FnSUNBZ0lDQWdJR1p2Ym5SWFpXbG5hSFE2SUVadmJuUlhaV2xuYUhRdWR6a3dNQ3dLSUNBZ0lDQWdJQ0FnSUdadmJuUlRhWHBsT2lBeE1Td0tJQ0FnSUNBZ0lDQXBMQW9nSUNBZ0lDQXBMQW9nSUNBZ0tUc0tJQ0I5Q24wSyIsImxpYi9mZWF0dXJlcy9tYXRjaGVzL3ByZXNlbnRhdGlvbi9tYXRjaF9maW5hbGl6YXRpb25fcGFnZS5kYXJ0IjoiYVcxd2IzSjBJQ2R3WVdOcllXZGxPbUZ6WDJkeWFXNTBZUzlqYjNKbEwzVjBhV3h6TDJGd2NGOWxjbkp2Y25NdVpHRnlkQ2M3Q21sdGNHOXlkQ0FuY0dGamEyRm5aVHBoYzE5bmNtbHVkR0V2WTI5eVpTOTNhV1JuWlhSekwyZHlhVzUwWVY5aGNIQmZZbUZ5TG1SaGNuUW5Pd3BwYlhCdmNuUWdKM0JoWTJ0aFoyVTZZWE5mWjNKcGJuUmhMMlpsWVhSMWNtVnpMMmh2YldVdlpHRjBZUzlvYjIxbFgzSmxjRzl6YVhSdmNua3VaR0Z5ZENjN0NtbHRjRzl5ZENBbmNHRmphMkZuWlRwaGMxOW5jbWx1ZEdFdlptVmhkSFZ5WlhNdmJXRjBZMmhsY3k5a1lYUmhMMjFoZEdOb1gyUmxkR0ZwYkhOZmNtVndiM05wZEc5eWVTNWtZWEowSnpzS2FXMXdiM0owSUNkd1lXTnJZV2RsT21GelgyZHlhVzUwWVM5bVpXRjBkWEpsY3k5dFlYUmphR1Z6TDJSaGRHRXZiV0YwWTJoZlptbHVZV3hwZW1GMGFXOXVYM0psY0c5emFYUnZjbmt1WkdGeWRDYzdDbWx0Y0c5eWRDQW5jR0ZqYTJGblpUcGhjMTluY21sdWRHRXZabVZoZEhWeVpYTXZiV0YwWTJobGN5OXdjbVZ6Wlc1MFlYUnBiMjR2YldGMFkyaGZabWx1WVd4cGVtRjBhVzl1WDJOdmJuUnliMnhzWlhJdVpHRnlkQ2M3Q21sdGNHOXlkQ0FuY0dGamEyRm5aVHBtYkhWMGRHVnlMMjFoZEdWeWFXRnNMbVJoY25Rbk93cHBiWEJ2Y25RZ0ozQmhZMnRoWjJVNlpteDFkSFJsY2k5elpYSjJhV05sY3k1a1lYSjBKenNLYVcxd2IzSjBJQ2R3WVdOcllXZGxPbVpzZFhSMFpYSmZjbWwyWlhKd2IyUXZabXgxZEhSbGNsOXlhWFpsY25CdlpDNWtZWEowSnpzS2FXMXdiM0owSUNkd1lXTnJZV2RsT21GelgyZHlhVzUwWVM5amIzSmxMM2RwWkdkbGRITXZaM0pwYm5SaFgyeHZZV1JsY2k1a1lYSjBKenNLQ2k4dkx5QlZibVVnYkdsbmJtVWdaR1VnWW5WMElEb2dkVzRnWW5WMFpYVnlJQ2htWVdOMWJIUmhkR2xtS1NCbGRDQjFiaUJ1YjIxaWNtVWdaR1VnWW5WMGN5QndiM1Z5SUdObENpOHZMeUJxYjNWbGRYSWdjM1Z5SUdObGRIUmxJR3hwWjI1bElDaGpZWE5sSUhacFpHVWdQU0F4S1M0S1kyeGhjM01nWDBkdllXeFNiM2NnZXdvZ0lGOUhiMkZzVW05M0tIdDBhR2x6TG5Cc1lYbGxja2xrTENCVGRISnBibWNnWTI5MWJuUWdQU0FuSjMwcENpQWdJQ0FnSURvZ1kyOTFiblJEYjI1MGNtOXNiR1Z5SUQwZ1ZHVjRkRVZrYVhScGJtZERiMjUwY205c2JHVnlLSFJsZUhRNklHTnZkVzUwS1RzS0NpQWdVM1J5YVc1blB5QndiR0Y1WlhKSlpEc0tJQ0JtYVc1aGJDQlVaWGgwUldScGRHbHVaME52Ym5SeWIyeHNaWElnWTI5MWJuUkRiMjUwY205c2JHVnlPd29LSUNCMmIybGtJR1JwYzNCdmMyVW9LU0E5UGlCamIzVnVkRU52Ym5SeWIyeHNaWEl1WkdsemNHOXpaU2dwT3dwOUNnb3ZMeThnVTJGcGMybGxJR052YlhCc3c2aDBaU0JrSjNWdUlHMWhkR05vSURvZ2MyTnZjbVVzSUhCeXc2bHpaVzUwY3l3Z1luVjBaWFZ5Y3l3Z1kyeGxZVzRnYzJobFpYUWdaWFFnU0VSTkxnb3ZMeThnVlc1bElHTnZjbkpsWTNScGIyNGdjbVZqYUdGeVoyVWdkRzkxZEdWeklHeGxjeUJrYjI1dXc2bGxjeUJrdzZscXc2QWdaVzV5WldkcGMzUnl3NmxsY3k0S1kyeGhjM01nVFdGMFkyaEdhVzVoYkdsNllYUnBiMjVRWVdkbElHVjRkR1Z1WkhNZ1EyOXVjM1Z0WlhKVGRHRjBaV1oxYkZkcFpHZGxkQ0I3Q2lBZ1kyOXVjM1FnVFdGMFkyaEdhVzVoYkdsNllYUnBiMjVRWVdkbEtIdHpkWEJsY2k1clpYa3NJSEpsY1hWcGNtVmtJSFJvYVhNdWJXRjBZMmhKWkgwcE93b0tJQ0JtYVc1aGJDQlRkSEpwYm1jZ2JXRjBZMmhKWkRzS0NpQWdRRzkyWlhKeWFXUmxDaUFnUTI5dWMzVnRaWEpUZEdGMFpUeE5ZWFJqYUVacGJtRnNhWHBoZEdsdmJsQmhaMlUrSUdOeVpXRjBaVk4wWVhSbEtDa2dQVDRLSUNBZ0lDQWdYMDFoZEdOb1JtbHVZV3hwZW1GMGFXOXVVR0ZuWlZOMFlYUmxLQ2s3Q24wS0NtTnNZWE56SUY5TllYUmph
Shell: RVpwYm1Gc2FYcGhkR2x2YmxCaFoyVlRkR0YwWlNCbGVIUmxibVJ6SUVOdmJuTjFiV1Z5VTNSaGRHVThUV0YwWTJoR2FXNWhiR2w2WVhScGIyNVFZV2RsUGlCN0NpQWdabWx1WVd3Z1RHbHpkRHhmUjI5aGJGSnZkejRnWDNKdmQzTWdQU0JiWFRzS0lDQm1hVzVoYkNCVFpYUThVM1J5YVc1blBpQmZjSEpsYzJWdWRGQnNZWGxsY2tsa2N5QTlJSHQ5T3dvZ0lHbHVkQ0JmWjNKcGJuUmhVMk52Y21VZ1BTQXdPd29nSUdsdWRDQmZiM0J3YjI1bGJuUlRZMjl5WlNBOUlEQTdDaUFnWW05dmJDQmZZMnhsWVc1VGFHVmxkQ0E5SUdaaGJITmxPd29nSUdKdmIyd2dYM0J5WldacGJHeGxaQ0E5SUdaaGJITmxPd29nSUZOMGNtbHVaejhnWDIxaGJrOW1UV0YwWTJoUWJHRjVaWEpKWkRzS0NpQWdRRzkyWlhKeWFXUmxDaUFnZG05cFpDQmthWE53YjNObEtDa2dld29nSUNBZ1ptOXlJQ2htYVc1aGJDQnliM2NnYVc0Z1gzSnZkM01wSUhzS0lDQWdJQ0FnY205M0xtUnBjM0J2YzJVb0tUc0tJQ0FnSUgwS0lDQWdJSE4xY0dWeUxtUnBjM0J2YzJVb0tUc0tJQ0I5Q2dvZ0lIWnZhV1FnWDNCeVpXWnBiR3hHY205dEtFMWhkR05vUm1sdVlXeHBlbUYwYVc5dVEyOXVkR1Y0ZENCemFHVmxkQ2tnZXdvZ0lDQWdhV1lnS0Y5d2NtVm1hV3hzWldRcElISmxkSFZ5YmpzS0lDQWdJRjl3Y21WbWFXeHNaV1FnUFNCMGNuVmxPd29LSUNBZ0lHWnBibUZzSUhOeGRXRmtTV1J6SUQwZ2MyaGxaWFF1YzNGMVlXUXViV0Z3S0NodFpXMWlaWElwSUQwK0lHMWxiV0psY2k1cFpDa3VkRzlUWlhRb0tUc0tJQ0FnSUY5d2NtVnpaVzUwVUd4aGVXVnlTV1J6Q2lBZ0lDQWdJQzR1WTJ4bFlYSW9LUW9nSUNBZ0lDQXVMbUZrWkVGc2JDaHphR1ZsZEM1d2NtVnpaVzUwVUd4aGVXVnlTV1J6TG5kb1pYSmxLSE54ZFdGa1NXUnpMbU52Ym5SaGFXNXpLU2s3Q2lBZ0lDQnBaaUFvYzJobFpYUXViV0Z1VDJaTllYUmphRkJzWVhsbGNrbGtJQ0U5SUc1MWJHd2dKaVlLSUNBZ0lDQWdJQ0J6Y1hWaFpFbGtjeTVqYjI1MFlXbHVjeWh6YUdWbGRDNXRZVzVQWmsxaGRHTm9VR3hoZVdWeVNXUXBLU0I3Q2lBZ0lDQWdJRjl0WVc1UFprMWhkR05vVUd4aGVXVnlTV1FnUFNCemFHVmxkQzV0WVc1UFprMWhkR05vVUd4aGVXVnlTV1E3Q2lBZ0lDQWdJRjl3Y21WelpXNTBVR3hoZVdWeVNXUnpMbUZrWkNoemFHVmxkQzV0WVc1UFprMWhkR05vVUd4aGVXVnlTV1FoS1RzS0lDQWdJSDBLQ2lBZ0lDQnBaaUFvSVhOb1pXVjBMbWx6Vm1Gc2FXUmhkR1ZrS1NCeVpYUjFjbTQ3Q2lBZ0lDQmZiM0J3YjI1bGJuUlRZMjl5WlNBOUlITm9aV1YwTG05d2NHOXVaVzUwVTJOdmNtVTdDaUFnSUNCZlozSnBiblJoVTJOdmNtVWdQU0J6YUdWbGRDNW5jbWx1ZEdGVFkyOXlaVHNLSUNBZ0lGOWpiR1ZoYmxOb1pXVjBJRDBnYzJobFpYUXVZMnhsWVc1VGFHVmxkRkJ5YjJacGJHVkpaQ0FoUFNCdWRXeHNJQ1ltQ2lBZ0lDQWdJQ0FnYzJobFpYUXVZMnhsWVc1VGFHVmxkRkJ5YjJacGJHVkpaQ0E5UFNCemFHVmxkQzVuYjJGc2EyVmxjR1Z5U1dRN0Nnb2dJQ0FnTHk4Z1VtVmpiMjV6ZEdsMGRXVWdiR1Z6SUd4cFoyNWxjeUREb0NCd1lYSjBhWElnWkdWeklHSjFkSE1nWk1PcGFzT2dJR1Z1Y21WbmFYTjBjc09wY3lBb2RXNGdZblYwWlhWeUNpQWdJQ0F2THlCaGRtVmpJRElnWW5WMGN5QnZZMk4xY0dVZ2RXNWxJR3hwWjI1bElNS3JJR3B2ZFdWMWNpRERseUF5SU1LN0tTd2djSFZwY3lCamIyMXdiTU9vZEdVZ1lYWmxZeUJrWlhNS0lDQWdJQzh2SUd4cFoyNWxjeUIyYVdSbGN5QnFkWE54ZFNmRG9DQmhkSFJsYVc1a2NtVWdiR1VnYzJOdmNtVXVDaUFnSUNCbWFXNWhiQ0JuYjJGc2MwSjVVR3hoZVdWeUlEMGdQRk4wY21sdVp5d2dhVzUwUG50OU93b2dJQ0FnWm05eUlDaG1hVzVoYkNCcFpDQnBiaUJ6YUdWbGRDNXpZMjl5WlhKSGIyRnNUR2x1WlhNcElIc0tJQ0FnSUNBZ1oyOWhiSE5DZVZCc1lYbGxjaTUxY0dSaGRHVW9hV1FzSUNoMktTQTlQaUIySUNzZ01Td2dhV1pCWW5ObGJuUTZJQ2dwSUQwK0lERXBPd29nSUNBZ0lDQnBaaUFvYzNGMVlXUkpaSE11WTI5dWRHRnBibk1vYVdRcEtTQmZjSEpsYzJWdWRGQnNZWGxsY2tsa2N5NWhaR1FvYVdRcE93b2dJQ0FnZlFvZ0lDQWdabTl5SUNobWFXNWhiQ0JsYm5SeWVTQnBiaUJuYjJGc2MwSjVVR3hoZVdWeUxtVnVkSEpwWlhNcElIc0tJQ0FnSUNBZ1gzSnZkM011WVdSa0tGOUhiMkZzVW05M0tIQnNZWGxsY2tsa09pQmxiblJ5ZVM1clpYa3NJR052ZFc1ME9pQW5KSHRsYm5SeWVTNTJZV3gxWlgwbktTazdDaUFnSUNCOUNpQWdJQ0IzYUdsc1pTQW9YM0p2ZDNNdWJHVnVaM1JvSUR3Z1gyZHlhVzUwWVZOamIzSmxLU0I3Q2lBZ0lDQWdJRjl5YjNkekxtRmtaQ2hmUjI5aGJGSnZkeWdwS1RzS0lDQWdJSDBLSUNBZ0lHbG1JQ2hmWTJ4bFlXNVRhR1ZsZENBbUppQnphR1ZsZEM1bmIyRnNhMlZsY0dWeVNXUWdJVDBnYm5Wc2JDa2dld29nSUNBZ0lDQmZjSEpsYzJWdWRGQnNZWGxsY2tsa2N5NWhaR1FvYzJobFpYUXVaMjloYkd0bFpYQmxja2xrSVNrN0NpQWdJQ0I5Q2lBZ2ZRb0tJQ0IyYjJsa0lGOXpaWFJIY21sdWRHRlRZMjl5WlNocGJuUWdkbUZzZFdVcElIc0tJQ0FnSUdacGJtRnNJRzVsZUhRZ1BTQjJZV3gxWlM1amJHRnRjQ2d3TENBek1DazdDaUFnSUNCelpYUlRkR0YwWlNnb0tTQjdDaUFnSUNBZ0lIZG9hV3hsSUNoZmNtOTNjeTVzWlc1bmRHZ2dQQ0J1WlhoMEtTQjdDaUFnSUNBZ0lDQWdYM0p2ZDNNdVlXUmtLRjlIYjJGc1VtOTNLQ2twT3dvZ0lDQWdJQ0I5Q2lBZ0lDQWdJSGRvYVd4bElDaGZjbTkzY3k1c1pXNW5kR2dnUGlCdVpYaDBLU0I3Q2lBZ0lDQWdJQ0FnWDNKdmQzTXVjbVZ0YjNabFRHRnpkQ2dwTG1ScGMzQnZjMlVvS1RzS0lDQWdJQ0FnZlFvZ0lDQWdJQ0JmWjNKcGJuUmhVMk52Y21VZ1BTQnVaWGgwT3dvZ0lDQWdmU2s3Q2lBZ2ZRb0tJQ0IyYjJsa0lGOXpaWFJCZEhSbGJtUmhibU5sS0ZOMGNtbHVaeUJ3YkdGNVpYSkpaQ3dnWW05dmJDQnBjMUJ5WlhObGJuUXBJSHNLSUNBZ0lITmxkRk4wWVhSbEtDZ3BJSHNLSUNBZ0lDQWdhV1lnS0dselVISmxj
Shell: MlZ1ZENrZ2V3b2dJQ0FnSUNBZ0lGOXdjbVZ6Wlc1MFVHeGhlV1Z5U1dSekxtRmtaQ2h3YkdGNVpYSkpaQ2s3Q2lBZ0lDQWdJSDBnWld4elpTQjdDaUFnSUNBZ0lDQWdYM0J5WlhObGJuUlFiR0Y1WlhKSlpITXVjbVZ0YjNabEtIQnNZWGxsY2tsa0tUc0tJQ0FnSUNBZ0lDQnBaaUFvWDIxaGJrOW1UV0YwWTJoUWJHRjVaWEpKWkNBOVBTQndiR0Y1WlhKSlpDa2dld29nSUNBZ0lDQWdJQ0FnWDIxaGJrOW1UV0YwWTJoUWJHRjVaWEpKWkNBOUlHNTFiR3c3Q2lBZ0lDQWdJQ0FnZlFvZ0lDQWdJQ0I5Q2lBZ0lDQjlLVHNLSUNCOUNnb2dJSFp2YVdRZ1gzTmxiR1ZqZEVGc2JGQnNZWGxsY25Nb1RHbHpkRHhUY1hWaFpFMWxiV0psY2o0Z2MzRjFZV1FwSUhzS0lDQWdJSE5sZEZOMFlYUmxLQ2dwSUhzS0lDQWdJQ0FnWDNCeVpYTmxiblJRYkdGNVpYSkpaSE1LSUNBZ0lDQWdJQ0F1TG1Oc1pXRnlLQ2tLSUNBZ0lDQWdJQ0F1TG1Ga1pFRnNiQ2h6Y1hWaFpDNXRZWEFvS0cxbGJXSmxjaWtnUFQ0Z2JXVnRZbVZ5TG1sa0tTazdDaUFnSUNCOUtUc0tJQ0I5Q2dvZ0lIWnZhV1FnWDJOc1pXRnlRV3hzVUd4aGVXVnljeWdwSUhzS0lDQWdJSE5sZEZOMFlYUmxLQ2dwSUhzS0lDQWdJQ0FnWDNCeVpYTmxiblJRYkdGNVpYSkpaSE11WTJ4bFlYSW9LVHNLSUNBZ0lDQWdYMjFoYms5bVRXRjBZMmhRYkdGNVpYSkpaQ0E5SUc1MWJHdzdDaUFnSUNBZ0lGOWpiR1ZoYmxOb1pXVjBJRDBnWm1Gc2MyVTdDaUFnSUNCOUtUc0tJQ0I5Q2dvZ0lFWjFkSFZ5WlR4MmIybGtQaUJmY0dsamExQnNZWGxsY2locGJuUWdhVzVrWlhnc0lFeHBjM1E4VTNGMVlXUk5aVzFpWlhJK0lITnhkV0ZrS1NCaGMzbHVZeUI3Q2lBZ0lDQm1hVzVoYkNCelpXeGxZM1JsWkNBOUlHRjNZV2wwSUhOb2IzZE5iMlJoYkVKdmRIUnZiVk5vWldWMFBGTjBjbWx1Wno0b0NpQWdJQ0FnSUdOdmJuUmxlSFE2SUdOdmJuUmxlSFFzQ2lBZ0lDQWdJR2x6VTJOeWIyeHNRMjl1ZEhKdmJHeGxaRG9nZEhKMVpTd0tJQ0FnSUNBZ2MyaHZkMFJ5WVdkSVlXNWtiR1U2SUhSeWRXVXNDaUFnSUNBZ0lHSjFhV3hrWlhJNklDaGpiMjUwWlhoMEtTQTlQaUJmVUd4aGVXVnlVR2xqYTJWeVUyaGxaWFFvYzNGMVlXUTZJSE54ZFdGa0tTd0tJQ0FnSUNrN0NpQWdJQ0JwWmlBb2MyVnNaV04wWldRZ0lUMGdiblZzYkNrZ2V3b2dJQ0FnSUNCelpYUlRkR0YwWlNnb0tTQjdDaUFnSUNBZ0lDQWdYM0p2ZDNOYmFXNWtaWGhkTG5Cc1lYbGxja2xrSUQwZ2MyVnNaV04wWldRN0NpQWdJQ0FnSUNBZ1gzQnlaWE5sYm5SUWJHRjVaWEpKWkhNdVlXUmtLSE5sYkdWamRHVmtLVHNLSUNBZ0lDQWdmU2s3Q2lBZ0lDQjlDaUFnZlFvS0lDQkdkWFIxY21VOGRtOXBaRDRnWDNOMVltMXBkQ2hOWVhSamFFWnBibUZzYVhwaGRHbHZia052Ym5SbGVIUWdjMmhsWlhRcElHRnplVzVqSUhzS0lDQWdJQzh2SUVGbmNzT29aMlVnYkdWeklHSjFkSE1nWVhSMGNtbGlkY09wY3lCd1lYSWdhbTkxWlhWeUlDaGpZWE5sSUhacFpHVWdQU0F4S1M0S0lDQWdJR1pwYm1Gc0lITmpiM0psY2tkdllXeHpJRDBnUEZOMGNtbHVaeXdnYVc1MFBudDlPd29nSUNBZ1ptOXlJQ2htYVc1aGJDQnliM2NnYVc0Z1gzSnZkM01wSUhzS0lDQWdJQ0FnWm1sdVlXd2dhV1FnUFNCeWIzY3VjR3hoZVdWeVNXUTdDaUFnSUNBZ0lHbG1JQ2hwWkNBOVBTQnVkV3hzS1NCamIyNTBhVzUxWlRzS0lDQWdJQ0FnWm1sdVlXd2djR0Z5YzJWa0lEMGdhVzUwTG5SeWVWQmhjbk5sS0hKdmR5NWpiM1Z1ZEVOdmJuUnliMnhzWlhJdWRHVjRkQzUwY21sdEtDa3BPd29nSUNBZ0lDQm1hVzVoYkNCbmIyRnNjeUE5SUNod1lYSnpaV1FnUFQwZ2JuVnNiQ0I4ZkNCd1lYSnpaV1FnUEQwZ01Da2dQeUF4SURvZ2NHRnljMlZrT3dvZ0lDQWdJQ0J6WTI5eVpYSkhiMkZzY3k1MWNHUmhkR1VvYVdRc0lDaDJLU0E5UGlCMklDc2daMjloYkhNc0lHbG1RV0p6Wlc1ME9pQW9LU0E5UGlCbmIyRnNjeWs3Q2lBZ0lDQjlDZ29nSUNBZ1ptbHVZV3dnWTJ4bFlXNVRhR1ZsZEVsa0lEMEtJQ0FnSUNBZ0lDQmZZMnhsWVc1VGFHVmxkQ0FtSmlCZmIzQndiMjVsYm5SVFkyOXlaU0E5UFNBd0lEOGdjMmhsWlhRdVoyOWhiR3RsWlhCbGNrbGtJRG9nYm5Wc2JEc0tJQ0FnSUdacGJtRnNJSE4xWTJObGMzTWdQU0JoZDJGcGRDQnlaV1lLSUNBZ0lDQWdJQ0F1Y21WaFpDaHRZWFJqYUVacGJtRnNhWHBoZEdsdmJrTnZiblJ5YjJ4c1pYSlFjbTkyYVdSbGNpNXViM1JwWm1sbGNpa0tJQ0FnSUNBZ0lDQXVabWx1WVd4cGVtVk5ZWFJqYUNnS0lDQWdJQ0FnSUNBZ0lHMWhkR05vU1dRNklIZHBaR2RsZEM1dFlYUmphRWxrTEFvZ0lDQWdJQ0FnSUNBZ1ozSnBiblJoVTJOdmNtVTZJRjluY21sdWRHRlRZMjl5WlN3S0lDQWdJQ0FnSUNBZ0lHOXdjRzl1Wlc1MFUyTnZjbVU2SUY5dmNIQnZibVZ1ZEZOamIzSmxMQW9nSUNBZ0lDQWdJQ0FnYzJOdmNtVnlSMjloYkhNNklITmpiM0psY2tkdllXeHpMQW9nSUNBZ0lDQWdJQ0FnWTJ4bFlXNVRhR1ZsZEZCeWIyWnBiR1ZKWkRvZ1kyeGxZVzVUYUdWbGRFbGtMQW9nSUNBZ0lDQWdJQ0FnY0hKbGMyVnVkRkJzWVhsbGNrbGtjem9nVTJWMFBGTjBjbWx1Wno0dVpuSnZiU2hmY0hKbGMyVnVkRkJzWVhsbGNrbGtjeWtzQ2lBZ0lDQWdJQ0FnSUNCdFlXNVBaazFoZEdOb1VHeGhlV1Z5U1dRNklGOXRZVzVQWmsxaGRHTm9VR3hoZVdWeVNXUXNDaUFnSUNBZ0lDQWdLVHNLSUNBZ0lHbG1JQ2h6ZFdOalpYTnpLU0I3Q2lBZ0lDQWdJSEpsWmk1cGJuWmhiR2xrWVhSbEtHMWhkR05vUkdWMFlXbHNjMUJ5YjNacFpHVnlLSGRwWkdkbGRDNXRZWFJqYUVsa0tTazdDaUFnSUNBZ0lISmxaaTVwYm5aaGJHbGtZWFJsS0dodmJXVkVZWE5vWW05aGNtUlFjbTkyYVdSbGNpazdDaUFnSUNBZ0lISmxaaTVwYm5aaGJHbGtZWFJsS0cxaGRHTm9SbWx1WVd4cGVtRjBhVzl1UTI5dWRHVjRkRkJ5YjNacFpHVnlLSGRwWkdkbGRDNXRZWFJqYUVsa0tTazdDaUFnSUNBZ0lHbG1JQ2h0YjNWdWRHVmtLU0I3Q2lBZ0lDQWdJQ0FnVTJOaFptWnZiR1JOWlhOelpXNW5aWEl1YjJZb1kyOXVkR1Y0ZENrdWMyaHZk
Shell: MU51WVdOclFtRnlLQW9nSUNBZ0lDQWdJQ0FnWTI5dWMzUWdVMjVoWTJ0Q1lYSW9ZMjl1ZEdWdWREb2dWR1Y0ZENnblRXRjBZMmdnWlhRZ2MzUmhkR2x6ZEdseGRXVnpJR1Z1Y21WbmFYTjBjc09wY3k0bktTa3NDaUFnSUNBZ0lDQWdLVHNLSUNBZ0lDQWdJQ0JPWVhacFoyRjBiM0l1Y0c5d0tHTnZiblJsZUhRcE93b2dJQ0FnSUNCOUNpQWdJQ0I5Q2lBZ2ZRb0tJQ0JBYjNabGNuSnBaR1VLSUNCWGFXUm5aWFFnWW5WcGJHUW9RblZwYkdSRGIyNTBaWGgwSUdOdmJuUmxlSFFwSUhzS0lDQWdJR1pwYm1Gc0lITjBZWFJsSUQwZ2NtVm1MbmRoZEdOb0tHMWhkR05vUm1sdVlXeHBlbUYwYVc5dVEyOXVkSEp2Ykd4bGNsQnliM1pwWkdWeUtUc0tJQ0FnSUdacGJtRnNJR052Ym5SbGVIUkJjM2x1WXlBOUlISmxaaTUzWVhSamFDZ0tJQ0FnSUNBZ2JXRjBZMmhHYVc1aGJHbDZZWFJwYjI1RGIyNTBaWGgwVUhKdmRtbGtaWElvZDJsa1oyVjBMbTFoZEdOb1NXUXBMQW9nSUNBZ0tUc0tDaUFnSUNCeVpYUjFjbTRnVTJOaFptWnZiR1FvQ2lBZ0lDQWdJR0Z3Y0VKaGNqb2dSM0pwYm5SaFFYQndRbUZ5S0hScGRHeGxPaUJqYjI1emRDQlVaWGgwS0NkVFlXbHphV1VnWkhVZ2JXRjBZMmduS1N3Z1lXUnRhVzQ2SUhSeWRXVXBMQW9nSUNBZ0lDQmliMlI1T2lCamIyNTBaWGgwUVhONWJtTXVkMmhsYmlnS0lDQWdJQ0FnSUNCc2IyRmthVzVuT2lBb0tTQTlQaUJqYjI1emRDQkRaVzUwWlhJb1kyaHBiR1E2SUVkeWFXNTBZVkJ5YjJkeVpYTnpTVzVrYVdOaGRHOXlLQ2twTEFvZ0lDQWdJQ0FnSUdWeWNtOXlPaUFvWlhKeWIzSXNJRjhwSUQwK0lFTmxiblJsY2lnS0lDQWdJQ0FnSUNBZ0lHTm9hV3hrT2lCUVlXUmthVzVuS0FvZ0lDQWdJQ0FnSUNBZ0lDQndZV1JrYVc1bk9pQmpiMjV6ZENCRlpHZGxTVzV6WlhSekxtRnNiQ2d5TkNrc0NpQWdJQ0FnSUNBZ0lDQWdJR05vYVd4a09pQlVaWGgwS0doMWJXRnVhWHBsUlhKeWIzSW9aWEp5YjNJcExDQjBaWGgwUVd4cFoyNDZJRlJsZUhSQmJHbG5iaTVqWlc1MFpYSXBMQW9nSUNBZ0lDQWdJQ0FnS1N3S0lDQWdJQ0FnSUNBcExBb2dJQ0FnSUNBZ0lHUmhkR0U2SUNoemFHVmxkQ2tnZXdvZ0lDQWdJQ0FnSUNBZ1gzQnlaV1pwYkd4R2NtOXRLSE5vWldWMEtUc0tJQ0FnSUNBZ0lDQWdJR1pwYm1Gc0lHNWhiV1ZDZVVsa0lEMGdlMlp2Y2lBb1ptbHVZV3dnYlNCcGJpQnphR1ZsZEM1emNYVmhaQ2tnYlM1cFpEb2diUzV1WVcxbGZUc0tJQ0FnSUNBZ0lDQWdJR1pwYm1Gc0lIQnlaWE5sYm5STlpXMWlaWEp6SUQwZ2MyaGxaWFF1YzNGMVlXUUtJQ0FnSUNBZ0lDQWdJQ0FnSUNBdWQyaGxjbVVvS0cxbGJXSmxjaWtnUFQ0Z1gzQnlaWE5sYm5SUWJHRjVaWEpKWkhNdVkyOXVkR0ZwYm5Nb2JXVnRZbVZ5TG1sa0tTa0tJQ0FnSUNBZ0lDQWdJQ0FnSUNBdWRHOU1hWE4wS0NrN0Nnb2dJQ0FnSUNBZ0lDQWdjbVYwZFhKdUlFeHBjM1JXYVdWM0tBb2dJQ0FnSUNBZ0lDQWdJQ0J3WVdSa2FXNW5PaUJqYjI1emRDQkZaR2RsU1c1elpYUnpMbVp5YjIxTVZGSkNLREUyTENBeE5pd2dNVFlzSURRd0tTd0tJQ0FnSUNBZ0lDQWdJQ0FnWTJocGJHUnlaVzQ2SUZzS0lDQWdJQ0FnSUNBZ0lDQWdJQ0JmVTJOdmNtVkRZWEprS0FvZ0lDQWdJQ0FnSUNBZ0lDQWdJQ0FnWjNKcGJuUmhVMk52Y21VNklGOW5jbWx1ZEdGVFkyOXlaU3dLSUNBZ0lDQWdJQ0FnSUNBZ0lDQWdJRzl3Y0c5dVpXNTBVMk52Y21VNklGOXZjSEJ2Ym1WdWRGTmpiM0psTEFvZ0lDQWdJQ0FnSUNBZ0lDQWdJQ0FnYjI1SGNtbHVkR0ZEYUdGdVoyVmtPaUJmYzJWMFIzSnBiblJoVTJOdmNtVXNDaUFnSUNBZ0lDQWdJQ0FnSUNBZ0lDQnZiazl3Y0c5dVpXNTBRMmhoYm1kbFpEb2dLSFpoYkhWbEtTQTlQaUJ6WlhSVGRHRjBaU2dvS1NCN0NpQWdJQ0FnSUNBZ0lDQWdJQ0FnSUNBZ0lGOXZjSEJ2Ym1WdWRGTmpiM0psSUQwZ2RtRnNkV1V1WTJ4aGJYQW9NQ3dnTXpBcE93b2dJQ0FnSUNBZ0lDQWdJQ0FnSUNBZ0lDQnBaaUFvWDI5d2NHOXVaVzUwVTJOdmNtVWdQaUF3S1NCZlkyeGxZVzVUYUdWbGRDQTlJR1poYkhObE93b2dJQ0FnSUNBZ0lDQWdJQ0FnSUNBZ2ZTa3NDaUFnSUNBZ0lDQWdJQ0FnSUNBZ0tTd0tJQ0FnSUNBZ0lDQWdJQ0FnSUNCamIyNXpkQ0JUYVhwbFpFSnZlQ2hvWldsbmFIUTZJREl3S1N3S0lDQWdJQ0FnSUNBZ0lDQWdJQ0JmUVhSMFpXNWtZVzVqWlVOaGNtUW9DaUFnSUNBZ0lDQWdJQ0FnSUNBZ0lDQnpjWFZoWkRvZ2MyaGxaWFF1YzNGMVlXUXNDaUFnSUNBZ0lDQWdJQ0FnSUNBZ0lDQndjbVZ6Wlc1MFVHeGhlV1Z5U1dSek9pQmZjSEpsYzJWdWRGQnNZWGxsY2tsa2N5d0tJQ0FnSUNBZ0lDQWdJQ0FnSUNBZ0lHOXVRMmhoYm1kbFpEb2dYM05sZEVGMGRHVnVaR0Z1WTJVc0NpQWdJQ0FnSUNBZ0lDQWdJQ0FnSUNCdmJsTmxiR1ZqZEVGc2JEb2dLQ2tnUFQ0Z1gzTmxiR1ZqZEVGc2JGQnNZWGxsY25Nb2MyaGxaWFF1YzNGMVlXUXBMQW9nSUNBZ0lDQWdJQ0FnSUNBZ0lDQWdiMjVEYkdWaGNrRnNiRG9nWDJOc1pXRnlRV3hzVUd4aGVXVnljeXdLSUNBZ0lDQWdJQ0FnSUNBZ0lDQXBMQW9nSUNBZ0lDQWdJQ0FnSUNBZ0lHTnZibk4wSUZOcGVtVmtRbTk0S0dobGFXZG9kRG9nTWpBcExBb2dJQ0FnSUNBZ0lDQWdJQ0FnSUZKdmR5Z0tJQ0FnSUNBZ0lDQWdJQ0FnSUNBZ0lHTm9hV3hrY21WdU9pQmJDaUFnSUNBZ0lDQWdJQ0FnSUNBZ0lDQWdJRlJsZUhRb0NpQWdJQ0FnSUNBZ0lDQWdJQ0FnSUNBZ0lDQWdKMEoxZEdWMWNuTW5MQW9nSUNBZ0lDQWdJQ0FnSUNBZ0lDQWdJQ0FnSUhOMGVXeGxPaUJVYUdWdFpTNXZaaWhqYjI1MFpYaDBLUzUwWlhoMFZHaGxiV1V1ZEdsMGJHVk1ZWEpuWlN3S0lDQWdJQ0FnSUNBZ0lDQWdJQ0FnSUNBZ0tTd0tJQ0FnSUNBZ0lDQWdJQ0FnSUNBZ0lDQWdZMjl1YzNRZ1UybDZaV1JDYjNnb2QybGtkR2c2SURncExBb2dJQ0FnSUNBZ0lDQWdJQ0FnSUNBZ0lDQlVaWGgwS0FvZ0lDQWdJQ0FnSUNBZ0lDQWdJQ0FnSUNBZ0lGOW5jbWx1ZEdGVFkyOXlaU0E5UFNBd0NpQWdJQ0FnSUNBZ0lDQWdJQ0FnSUNBZ0lDQWdJQ0FnSUQ4Z0p5Y0tJ
Shell: Q0FnSUNBZ0lDQWdJQ0FnSUNBZ0lDQWdJQ0FnSUNBZ09pQW5KRjluY21sdWRHRlRZMjl5WlNCc2FXZHVaU1I3WDJkeWFXNTBZVk5qYjNKbElENGdNU0EvSUNkekp5QTZJQ2NuZlNjc0NpQWdJQ0FnSUNBZ0lDQWdJQ0FnSUNBZ0lDQWdjM1I1YkdVNklGUm9aVzFsTG05bUtHTnZiblJsZUhRcExuUmxlSFJVYUdWdFpTNWliMlI1VTIxaGJHd3NDaUFnSUNBZ0lDQWdJQ0FnSUNBZ0lDQWdJQ2tzQ2lBZ0lDQWdJQ0FnSUNBZ0lDQWdJQ0JkTEFvZ0lDQWdJQ0FnSUNBZ0lDQWdJQ2tzQ2lBZ0lDQWdJQ0FnSUNBZ0lDQWdZMjl1YzNRZ1UybDZaV1JDYjNnb2FHVnBaMmgwT2lBMEtTd0tJQ0FnSUNBZ0lDQWdJQ0FnSUNCVVpYaDBLQW9nSUNBZ0lDQWdJQ0FnSUNBZ0lDQWdYMmR5YVc1MFlWTmpiM0psSUQwOUlEQUtJQ0FnSUNBZ0lDQWdJQ0FnSUNBZ0lDQWdJQ0EvSUNkRGFHOXBjMmx6SUd4bElITmpiM0psSUdUaWdKbEJVeUJIY21sdWRHRWdjRzkxY2lCdmRYWnlhWElnYkdWeklHeHBaMjVsY3lCa1pTQW5DaUFnSUNBZ0lDQWdJQ0FnSUNBZ0lDQWdJQ0FnSUNBZ0lDZGlkWFJsZFhKekxpY0tJQ0FnSUNBZ0lDQWdJQ0FnSUNBZ0lDQWdJQ0E2SUNkVmJpQmlkWFJsZFhJZ2NHRnlJR0oxZENBb1ptRmpkV3gwWVhScFppa3VJRlZ1SUdKMWRHVjFjaUJ6dzZsc1pXTjBhVzl1YnNPcElDY0tJQ0FnSUNBZ0lDQWdJQ0FnSUNBZ0lDQWdJQ0FnSUNBZ0oyVnpkQ0JoZFhSdmJXRjBhWEYxWlcxbGJuUWdZV3B2ZFhURHFTQmhkWGdnY0hMRHFYTmxiblJ6TGljc0NpQWdJQ0FnSUNBZ0lDQWdJQ0FnSUNCemRIbHNaVG9nVkdobGJXVXViMllvWTI5dWRHVjRkQ2t1ZEdWNGRGUm9aVzFsTG1KdlpIbFRiV0ZzYkN3S0lDQWdJQ0FnSUNBZ0lDQWdJQ0FwTEFvZ0lDQWdJQ0FnSUNBZ0lDQWdJR052Ym5OMElGTnBlbVZrUW05NEtHaGxhV2RvZERvZ01USXBMQW9nSUNBZ0lDQWdJQ0FnSUNBZ0lHWnZjaUFvZG1GeUlHbHVaR1Y0SUQwZ01Ec2dhVzVrWlhnZ1BDQmZjbTkzY3k1c1pXNW5kR2c3SUdsdVpHVjRLeXNwQ2lBZ0lDQWdJQ0FnSUNBZ0lDQWdJQ0JmVTJOdmNtVnlVbTkzVkdsc1pTZ0tJQ0FnSUNBZ0lDQWdJQ0FnSUNBZ0lDQWdhMlY1T2lCV1lXeDFaVXRsZVNoZmNtOTNjMXRwYm1SbGVGMHBMQW9nSUNBZ0lDQWdJQ0FnSUNBZ0lDQWdJQ0JwYm1SbGVEb2dhVzVrWlhnc0NpQWdJQ0FnSUNBZ0lDQWdJQ0FnSUNBZ0lIQnNZWGxsY2s1aGJXVTZJRjl5YjNkelcybHVaR1Y0WFM1d2JHRjVaWEpKWkNBOVBTQnVkV3hzQ2lBZ0lDQWdJQ0FnSUNBZ0lDQWdJQ0FnSUNBZ0lDQS9JRzUxYkd3S0lDQWdJQ0FnSUNBZ0lDQWdJQ0FnSUNBZ0lDQWdJRG9nYm1GdFpVSjVTV1JiWDNKdmQzTmJhVzVrWlhoZExuQnNZWGxsY2tsa1hTQS9QeUFuU205MVpYVnlKeXdLSUNBZ0lDQWdJQ0FnSUNBZ0lDQWdJQ0FnWTI5MWJuUkRiMjUwY205c2JHVnlPaUJmY205M2MxdHBibVJsZUYwdVkyOTFiblJEYjI1MGNtOXNiR1Z5TEFvZ0lDQWdJQ0FnSUNBZ0lDQWdJQ0FnSUNCdmJsQnBZMnM2SUNncElEMCtJRjl3YVdOclVHeGhlV1Z5S0dsdVpHVjRMQ0J6YUdWbGRDNXpjWFZoWkNrc0NpQWdJQ0FnSUNBZ0lDQWdJQ0FnSUNBZ0lHOXVRMnhsWVhJNklGOXliM2R6VzJsdVpHVjRYUzV3YkdGNVpYSkpaQ0E5UFNCdWRXeHNDaUFnSUNBZ0lDQWdJQ0FnSUNBZ0lDQWdJQ0FnSUNBL0lHNTFiR3dLSUNBZ0lDQWdJQ0FnSUNBZ0lDQWdJQ0FnSUNBZ0lEb2dLQ2tnUFQ0Z2MyVjBVM1JoZEdVb0tDa2dQVDRnWDNKdmQzTmJhVzVrWlhoZExuQnNZWGxsY2tsa0lEMGdiblZzYkNrc0NpQWdJQ0FnSUNBZ0lDQWdJQ0FnSUNBcExBb2dJQ0FnSUNBZ0lDQWdJQ0FnSUdOdmJuTjBJRk5wZW1Wa1FtOTRLR2hsYVdkb2REb2dNakFwTEFvZ0lDQWdJQ0FnSUNBZ0lDQWdJR2xtSUNoemFHVmxkQzVuYjJGc2EyVmxjR1Z5U1dRZ0lUMGdiblZzYkNrS0lDQWdJQ0FnSUNBZ0lDQWdJQ0FnSUVOaGNtUW9DaUFnSUNBZ0lDQWdJQ0FnSUNBZ0lDQWdJR05vYVd4a09pQlRkMmwwWTJoTWFYTjBWR2xzWlNnS0lDQWdJQ0FnSUNBZ0lDQWdJQ0FnSUNBZ0lDQnpaV052Ym1SaGNuazZJR052Ym5OMElGUmxlSFFvSi9DZnA2UW5MQ0J6ZEhsc1pUb2dWR1Y0ZEZOMGVXeGxLR1p2Ym5SVGFYcGxPaUF5TWlrcExBb2dJQ0FnSUNBZ0lDQWdJQ0FnSUNBZ0lDQWdJSFJwZEd4bE9pQlVaWGgwS0FvZ0lDQWdJQ0FnSUNBZ0lDQWdJQ0FnSUNBZ0lDQWdKeVI3YzJobFpYUXVaMjloYkd0bFpYQmxjazVoYldVZ1B6OGdKMHhsSUdkaGNtUnBaVzRuZlNCaElITERxV0ZzYVhQRHFTQjFiaUFuQ2lBZ0lDQWdJQ0FnSUNBZ0lDQWdJQ0FnSUNBZ0lDQW5ZMnhsWVc0Z2MyaGxaWFFuTEFvZ0lDQWdJQ0FnSUNBZ0lDQWdJQ0FnSUNBZ0lDa3NDaUFnSUNBZ0lDQWdJQ0FnSUNBZ0lDQWdJQ0FnYzNWaWRHbDBiR1U2SUY5dmNIQnZibVZ1ZEZOamIzSmxJRDRnTUFvZ0lDQWdJQ0FnSUNBZ0lDQWdJQ0FnSUNBZ0lDQWdJQ0EvSUdOdmJuTjBJRlJsZUhRb0owbHRjRzl6YzJsaWJHVWdPaUJzNG9DWllXUjJaWEp6WVdseVpTQmhJRzFoY25GMXc2a3VKeWtLSUNBZ0lDQWdJQ0FnSUNBZ0lDQWdJQ0FnSUNBZ0lDQWdPaUJqYjI1emRDQlVaWGgwS0FvZ0lDQWdJQ0FnSUNBZ0lDQWdJQ0FnSUNBZ0lDQWdJQ0FnSUNBZ0oweGxJR2RoY21ScFpXNGdjMlZ5WVNCaGRYUnZiV0YwYVhGMVpXMWxiblFnWVdwdmRYVERxU0JoZFhnZ2NITERxWE5sYm5SekxpY3NDaUFnSUNBZ0lDQWdJQ0FnSUNBZ0lDQWdJQ0FnSUNBZ0lDQWdLU3dLSUNBZ0lDQWdJQ0FnSUNBZ0lDQWdJQ0FnSUNCMllXeDFaVG9nWDJOc1pXRnVVMmhsWlhRZ0ppWWdYMjl3Y0c5dVpXNTBVMk52Y21VZ1BUMGdNQ3dLSUNBZ0lDQWdJQ0FnSUNBZ0lDQWdJQ0FnSUNCdmJrTm9ZVzVuWldRNklGOXZjSEJ2Ym1WdWRGTmpiM0psSUQ0Z01Bb2dJQ0FnSUNBZ0lDQWdJQ0FnSUNBZ0lDQWdJQ0FnSUNBL0lHNTFiR3dLSUNBZ0lDQWdJQ0FnSUNBZ0lDQWdJQ0FnSUNBZ0lDQWdPaUFvZG1Gc2RXVXBJRDArSUhObGRGTjBZWFJsS0NncElIc0tJQ0FnSUNBZ0lDQWdJQ0FnSUNBZ0lDQWdJQ0FnSUNBZ0lDQWdJQ0FnWDJOc1pXRnVV
Shell: MmhsWlhRZ1BTQjJZV3gxWlRzS0lDQWdJQ0FnSUNBZ0lDQWdJQ0FnSUNBZ0lDQWdJQ0FnSUNBZ0lDQWdhV1lnS0haaGJIVmxLU0I3Q2lBZ0lDQWdJQ0FnSUNBZ0lDQWdJQ0FnSUNBZ0lDQWdJQ0FnSUNBZ0lDQWdYM0J5WlhObGJuUlFiR0Y1WlhKSlpITXVZV1JrS0hOb1pXVjBMbWR2WVd4clpXVndaWEpKWkNFcE93b2dJQ0FnSUNBZ0lDQWdJQ0FnSUNBZ0lDQWdJQ0FnSUNBZ0lDQWdJQ0I5Q2lBZ0lDQWdJQ0FnSUNBZ0lDQWdJQ0FnSUNBZ0lDQWdJQ0FnSUNCOUtTd0tJQ0FnSUNBZ0lDQWdJQ0FnSUNBZ0lDQWdLU3dLSUNBZ0lDQWdJQ0FnSUNBZ0lDQWdJQ2tzQ2lBZ0lDQWdJQ0FnSUNBZ0lDQWdZMjl1YzNRZ1UybDZaV1JDYjNnb2FHVnBaMmgwT2lBeE1pa3NDaUFnSUNBZ0lDQWdJQ0FnSUNBZ1EyRnlaQ2dLSUNBZ0lDQWdJQ0FnSUNBZ0lDQWdJR05vYVd4a09pQlFZV1JrYVc1bktBb2dJQ0FnSUNBZ0lDQWdJQ0FnSUNBZ0lDQndZV1JrYVc1bk9pQmpiMjV6ZENCRlpHZGxTVzV6WlhSekxtWnliMjFNVkZKQ0tERTJMQ0F4TkN3Z01UWXNJREUyS1N3S0lDQWdJQ0FnSUNBZ0lDQWdJQ0FnSUNBZ1kyaHBiR1E2SUVSeWIzQmtiM2R1UW5WMGRHOXVSbTl5YlVacFpXeGtQRk4wY21sdVp6NG9DaUFnSUNBZ0lDQWdJQ0FnSUNBZ0lDQWdJQ0FnYVc1cGRHbGhiRlpoYkhWbE9pQmZiV0Z1VDJaTllYUmphRkJzWVhsbGNrbGtMQW9nSUNBZ0lDQWdJQ0FnSUNBZ0lDQWdJQ0FnSUdselJYaHdZVzVrWldRNklIUnlkV1VzQ2lBZ0lDQWdJQ0FnSUNBZ0lDQWdJQ0FnSUNBZ1pHVmpiM0poZEdsdmJqb2dTVzV3ZFhSRVpXTnZjbUYwYVc5dUtBb2dJQ0FnSUNBZ0lDQWdJQ0FnSUNBZ0lDQWdJQ0FnY0hKbFptbDRTV052YmpvZ1kyOXVjM1FnU1dOdmJpaEpZMjl1Y3k1emRHRnlYMjkxZEd4cGJtVXBMQW9nSUNBZ0lDQWdJQ0FnSUNBZ0lDQWdJQ0FnSUNBZ2JHRmlaV3hVWlhoME9pQW5TRzl0YldVZ1pIVWdiV0YwWTJnbkxBb2dJQ0FnSUNBZ0lDQWdJQ0FnSUNBZ0lDQWdJQ0FnYUdWc2NHVnlWR1Y0ZERvZ2NISmxjMlZ1ZEUxbGJXSmxjbk11YVhORmJYQjBlUW9nSUNBZ0lDQWdJQ0FnSUNBZ0lDQWdJQ0FnSUNBZ0lDQWdJRDhnSjFQRHFXeGxZM1JwYjI1dVpTQms0b0NaWVdKdmNtUWdiR1Z6SUdwdmRXVjFjbk1nY0hMRHFYTmxiblJ6TGljS0lDQWdJQ0FnSUNBZ0lDQWdJQ0FnSUNBZ0lDQWdJQ0FnSUNBNklDZERhRzlwYzJseklHeGxJR3B2ZFdWMWNpRERxV3gxSUhCdmRYSWdZMlVnYldGMFkyZ3VKeXdLSUNBZ0lDQWdJQ0FnSUNBZ0lDQWdJQ0FnSUNBZ0lITjFabVpwZUVsamIyNDZJRjl0WVc1UFprMWhkR05vVUd4aGVXVnlTV1FnUFQwZ2JuVnNiQW9nSUNBZ0lDQWdJQ0FnSUNBZ0lDQWdJQ0FnSUNBZ0lDQWdJRDhnYm5Wc2JBb2dJQ0FnSUNBZ0lDQWdJQ0FnSUNBZ0lDQWdJQ0FnSUNBZ0lEb2dTV052YmtKMWRIUnZiaWdLSUNBZ0lDQWdJQ0FnSUNBZ0lDQWdJQ0FnSUNBZ0lDQWdJQ0FnSUNBZ2RHOXZiSFJwY0RvZ0oxSmxkR2x5WlhJZ2JHVWdTRVJOSnl3S0lDQWdJQ0FnSUNBZ0lDQWdJQ0FnSUNBZ0lDQWdJQ0FnSUNBZ0lDQWdiMjVRY21WemMyVmtPaUFvS1NBOVBnb2dJQ0FnSUNBZ0lDQWdJQ0FnSUNBZ0lDQWdJQ0FnSUNBZ0lDQWdJQ0FnSUNBZ2MyVjBVM1JoZEdVb0tDa2dQVDRnWDIxaGJrOW1UV0YwWTJoUWJHRjVaWEpKWkNBOUlHNTFiR3dwTEFvZ0lDQWdJQ0FnSUNBZ0lDQWdJQ0FnSUNBZ0lDQWdJQ0FnSUNBZ0lDQnBZMjl1T2lCamIyNXpkQ0JKWTI5dUtFbGpiMjV6TG1Oc2IzTmxLU3dLSUNBZ0lDQWdJQ0FnSUNBZ0lDQWdJQ0FnSUNBZ0lDQWdJQ0FnSUNrc0NpQWdJQ0FnSUNBZ0lDQWdJQ0FnSUNBZ0lDQWdLU3dLSUNBZ0lDQWdJQ0FnSUNBZ0lDQWdJQ0FnSUNCcGRHVnRjem9nV3dvZ0lDQWdJQ0FnSUNBZ0lDQWdJQ0FnSUNBZ0lDQWdabTl5SUNobWFXNWhiQ0J0WlcxaVpYSWdhVzRnY0hKbGMyVnVkRTFsYldKbGNuTXBDaUFnSUNBZ0lDQWdJQ0FnSUNBZ0lDQWdJQ0FnSUNBZ0lFUnliM0JrYjNkdVRXVnVkVWwwWlcwb0NpQWdJQ0FnSUNBZ0lDQWdJQ0FnSUNBZ0lDQWdJQ0FnSUNBZ2RtRnNkV1U2SUcxbGJXSmxjaTVwWkN3S0lDQWdJQ0FnSUNBZ0lDQWdJQ0FnSUNBZ0lDQWdJQ0FnSUNCamFHbHNaRG9nVW05M0tBb2dJQ0FnSUNBZ0lDQWdJQ0FnSUNBZ0lDQWdJQ0FnSUNBZ0lDQWdZMmhwYkdSeVpXNDZJRnNLSUNBZ0lDQWdJQ0FnSUNBZ0lDQWdJQ0FnSUNBZ0lDQWdJQ0FnSUNBZ1ZHVjRkQ2h0WlcxaVpYSXVhWE5IYjJGc2EyVmxjR1Z5SUQ4Z0ovQ2ZwNlFuSURvZ0orS2F2U2NwTEFvZ0lDQWdJQ0FnSUNBZ0lDQWdJQ0FnSUNBZ0lDQWdJQ0FnSUNBZ0lDQmpiMjV6ZENCVGFYcGxaRUp2ZUNoM2FXUjBhRG9nTVRBcExBb2dJQ0FnSUNBZ0lDQWdJQ0FnSUNBZ0lDQWdJQ0FnSUNBZ0lDQWdJQ0JGZUhCaGJtUmxaQ2dLSUNBZ0lDQWdJQ0FnSUNBZ0lDQWdJQ0FnSUNBZ0lDQWdJQ0FnSUNBZ0lDQmphR2xzWkRvZ1ZHVjRkQ2dLSUNBZ0lDQWdJQ0FnSUNBZ0lDQWdJQ0FnSUNBZ0lDQWdJQ0FnSUNBZ0lDQWdJRzFsYldKbGNpNXVZVzFsTEFvZ0lDQWdJQ0FnSUNBZ0lDQWdJQ0FnSUNBZ0lDQWdJQ0FnSUNBZ0lDQWdJQ0FnYjNabGNtWnNiM2M2SUZSbGVIUlBkbVZ5Wm14dmR5NWxiR3hwY0hOcGN5d0tJQ0FnSUNBZ0lDQWdJQ0FnSUNBZ0lDQWdJQ0FnSUNBZ0lDQWdJQ0FnSUNBcExBb2dJQ0FnSUNBZ0lDQWdJQ0FnSUNBZ0lDQWdJQ0FnSUNBZ0lDQWdJQ0FwTEFvZ0lDQWdJQ0FnSUNBZ0lDQWdJQ0FnSUNBZ0lDQWdJQ0FnSUNBZ1hTd0tJQ0FnSUNBZ0lDQWdJQ0FnSUNBZ0lDQWdJQ0FnSUNBZ0lDQXBMQW9nSUNBZ0lDQWdJQ0FnSUNBZ0lDQWdJQ0FnSUNBZ0lDQXBMQW9nSUNBZ0lDQWdJQ0FnSUNBZ0lDQWdJQ0FnSUYwc0NpQWdJQ0FnSUNBZ0lDQWdJQ0FnSUNBZ0lDQWdiMjVEYUdGdVoyVmtPaUJ3Y21WelpXNTBUV1Z0WW1WeWN5NXBjMFZ0Y0hSNUNpQWdJQ0FnSUNBZ0lDQWdJQ0FnSUNBZ0lDQWdJQ0FnSUQ4Z2JuVnNiQW9nSUNBZ0lDQWdJQ0FnSUNBZ0lDQWdJQ0FnSUNBZ0lDQTZJQ2gyWVd4MVpTa2dQVDRLSUNBZ0lDQWdJQ0FnSUNBZ0lDQWdJ
Shell: Q0FnSUNBZ0lDQWdJQ0FnSUhObGRGTjBZWFJsS0NncElEMCtJRjl0WVc1UFprMWhkR05vVUd4aGVXVnlTV1FnUFNCMllXeDFaU2tzQ2lBZ0lDQWdJQ0FnSUNBZ0lDQWdJQ0FnSUNrc0NpQWdJQ0FnSUNBZ0lDQWdJQ0FnSUNBcExBb2dJQ0FnSUNBZ0lDQWdJQ0FnSUNrc0NpQWdJQ0FnSUNBZ0lDQWdJQ0FnYVdZZ0tITjBZWFJsTG1WeWNtOXlJQ0U5SUc1MWJHd3BJQzR1TGxzS0lDQWdJQ0FnSUNBZ0lDQWdJQ0FnSUdOdmJuTjBJRk5wZW1Wa1FtOTRLR2hsYVdkb2REb2dNVElwTEFvZ0lDQWdJQ0FnSUNBZ0lDQWdJQ0FnVkdWNGRDZ0tJQ0FnSUNBZ0lDQWdJQ0FnSUNBZ0lDQWdjM1JoZEdVdVpYSnliM0loTEFvZ0lDQWdJQ0FnSUNBZ0lDQWdJQ0FnSUNCemRIbHNaVG9nVkdWNGRGTjBlV3hsS0dOdmJHOXlPaUJVYUdWdFpTNXZaaWhqYjI1MFpYaDBLUzVqYjJ4dmNsTmphR1Z0WlM1bGNuSnZjaWtzQ2lBZ0lDQWdJQ0FnSUNBZ0lDQWdJQ0FwTEFvZ0lDQWdJQ0FnSUNBZ0lDQWdJRjBzQ2lBZ0lDQWdJQ0FnSUNBZ0lDQWdZMjl1YzNRZ1UybDZaV1JDYjNnb2FHVnBaMmgwT2lBeU1Da3NDaUFnSUNBZ0lDQWdJQ0FnSUNBZ1JtbHNiR1ZrUW5WMGRHOXVMbWxqYjI0b0NpQWdJQ0FnSUNBZ0lDQWdJQ0FnSUNCdmJsQnlaWE56WldRNklITjBZWFJsTG1selRHOWhaR2x1WnlBL0lHNTFiR3dnT2lBb0tTQTlQaUJmYzNWaWJXbDBLSE5vWldWMEtTd0tJQ0FnSUNBZ0lDQWdJQ0FnSUNBZ0lHbGpiMjQ2SUhOMFlYUmxMbWx6VEc5aFpHbHVad29nSUNBZ0lDQWdJQ0FnSUNBZ0lDQWdJQ0FnSUQ4Z1kyOXVjM1FnVTJsNlpXUkNiM2dvQ2lBZ0lDQWdJQ0FnSUNBZ0lDQWdJQ0FnSUNBZ0lDQWdJSGRwWkhSb09pQXhPQ3dLSUNBZ0lDQWdJQ0FnSUNBZ0lDQWdJQ0FnSUNBZ0lDQWdhR1ZwWjJoME9pQXhPQ3dLSUNBZ0lDQWdJQ0FnSUNBZ0lDQWdJQ0FnSUNBZ0lDQWdZMmhwYkdRNklFZHlhVzUwWVZCeWIyZHlaWE56U1c1a2FXTmhkRzl5S0hOMGNtOXJaVmRwWkhSb09pQXlLU3dLSUNBZ0lDQWdJQ0FnSUNBZ0lDQWdJQ0FnSUNBZ0lDa0tJQ0FnSUNBZ0lDQWdJQ0FnSUNBZ0lDQWdJQ0E2SUdOdmJuTjBJRWxqYjI0b1NXTnZibk11WTJobFkydGZZMmx5WTJ4bFgyOTFkR3hwYm1VcExBb2dJQ0FnSUNBZ0lDQWdJQ0FnSUNBZ2JHRmlaV3c2SUZSbGVIUW9DaUFnSUNBZ0lDQWdJQ0FnSUNBZ0lDQWdJSE5vWldWMExtbHpWbUZzYVdSaGRHVmtDaUFnSUNBZ0lDQWdJQ0FnSUNBZ0lDQWdJQ0FnSUNBL0lDZERiM0p5YVdkbGNpQnNaU0J0WVhSamFDY0tJQ0FnSUNBZ0lDQWdJQ0FnSUNBZ0lDQWdJQ0FnSURvZ0owVnVjbVZuYVhOMGNtVnlJR3hsSUcxaGRHTm9KeXdLSUNBZ0lDQWdJQ0FnSUNBZ0lDQWdJQ2tzQ2lBZ0lDQWdJQ0FnSUNBZ0lDQWdLU3dLSUNBZ0lDQWdJQ0FnSUNBZ0lDQmpiMjV6ZENCVGFYcGxaRUp2ZUNob1pXbG5hSFE2SURncExBb2dJQ0FnSUNBZ0lDQWdJQ0FnSUZSbGVIUW9DaUFnSUNBZ0lDQWdJQ0FnSUNBZ0lDQW5UR1VnYzJOdmNtVXNJR3hsY3lCd2NzT3BjMlZ1ZEhNZ1pYUWdiT0tBbVdodmJXMWxJR1IxSUcxaGRHTm9JR0ZzYVcxbGJuUmxiblFnSndvZ0lDQWdJQ0FnSUNBZ0lDQWdJQ0FnSjJGMWRHOXRZWFJwY1hWbGJXVnVkQ0JzWlhNZ2MzUmhkR2x6ZEdseGRXVnpJR1YwSUd4bGN5QmlZV1JuWlhNdUp5d0tJQ0FnSUNBZ0lDQWdJQ0FnSUNBZ0lITjBlV3hsT2lCVWFHVnRaUzV2WmloamIyNTBaWGgwS1M1MFpYaDBWR2hsYldVdVltOWtlVk50WVd4c0xBb2dJQ0FnSUNBZ0lDQWdJQ0FnSUNrc0NpQWdJQ0FnSUNBZ0lDQWdJRjBzQ2lBZ0lDQWdJQ0FnSUNBcE93b2dJQ0FnSUNBZ0lIMHNDaUFnSUNBZ0lDa3NDaUFnSUNBcE93b2dJSDBLZlFvS1kyeGhjM01nWDBGMGRHVnVaR0Z1WTJWRFlYSmtJR1Y0ZEdWdVpITWdVM1JoZEdWc1pYTnpWMmxrWjJWMElIc0tJQ0JqYjI1emRDQmZRWFIwWlc1a1lXNWpaVU5oY21Rb2V3b2dJQ0FnY21WeGRXbHlaV1FnZEdocGN5NXpjWFZoWkN3S0lDQWdJSEpsY1hWcGNtVmtJSFJvYVhNdWNISmxjMlZ1ZEZCc1lYbGxja2xrY3l3S0lDQWdJSEpsY1hWcGNtVmtJSFJvYVhNdWIyNURhR0Z1WjJWa0xBb2dJQ0FnY21WeGRXbHlaV1FnZEdocGN5NXZibE5sYkdWamRFRnNiQ3dLSUNBZ0lISmxjWFZwY21Wa0lIUm9hWE11YjI1RGJHVmhja0ZzYkN3S0lDQjlLVHNLQ2lBZ1ptbHVZV3dnVEdsemREeFRjWFZoWkUxbGJXSmxjajRnYzNGMVlXUTdDaUFnWm1sdVlXd2dVMlYwUEZOMGNtbHVaejRnY0hKbGMyVnVkRkJzWVhsbGNrbGtjenNLSUNCbWFXNWhiQ0IyYjJsa0lFWjFibU4wYVc5dUtGTjBjbWx1WnlCd2JHRjVaWEpKWkN3Z1ltOXZiQ0JwYzFCeVpYTmxiblFwSUc5dVEyaGhibWRsWkRzS0lDQm1hVzVoYkNCV2IybGtRMkZzYkdKaFkyc2diMjVUWld4bFkzUkJiR3c3Q2lBZ1ptbHVZV3dnVm05cFpFTmhiR3hpWVdOcklHOXVRMnhsWVhKQmJHdzdDZ29nSUVCdmRtVnljbWxrWlFvZ0lGZHBaR2RsZENCaWRXbHNaQ2hDZFdsc1pFTnZiblJsZUhRZ1kyOXVkR1Y0ZENrZ2V3b2dJQ0FnY21WMGRYSnVJRU5oY21Rb0NpQWdJQ0FnSUdOb2FXeGtPaUJRWVdSa2FXNW5LQW9nSUNBZ0lDQWdJSEJoWkdScGJtYzZJR052Ym5OMElFVmtaMlZKYm5ObGRITXVabkp2YlV4VVVrSW9PQ3dnTVRJc0lEZ3NJRGdwTEFvZ0lDQWdJQ0FnSUdOb2FXeGtPaUJEYjJ4MWJXNG9DaUFnSUNBZ0lDQWdJQ0JqY205emMwRjRhWE5CYkdsbmJtMWxiblE2SUVOeWIzTnpRWGhwYzBGc2FXZHViV1Z1ZEM1emRHRnlkQ3dLSUNBZ0lDQWdJQ0FnSUdOb2FXeGtjbVZ1T2lCYkNpQWdJQ0FnSUNBZ0lDQWdJRkJoWkdScGJtY29DaUFnSUNBZ0lDQWdJQ0FnSUNBZ2NHRmtaR2x1WnpvZ1kyOXVjM1FnUldSblpVbHVjMlYwY3k1emVXMXRaWFJ5YVdNb2FHOXlhWHB2Ym5SaGJEb2dPQ2tzQ2lBZ0lDQWdJQ0FnSUNBZ0lDQWdZMmhwYkdRNklGSnZkeWdLSUNBZ0lDQWdJQ0FnSUNBZ0lDQWdJR05vYVd4a2NtVnVPaUJiQ2lBZ0lDQWdJQ0FnSUNBZ0lDQWdJQ0FnSUVWNGNHRnVaR1ZrS0FvZ0lDQWdJQ0FnSUNBZ0lDQWdJQ0FnSUNBZ0lHTm9hV3hrT2lCVVpYaDBL
Shell: QW9nSUNBZ0lDQWdJQ0FnSUNBZ0lDQWdJQ0FnSUNBZ0owcHZkV1YxY25NZ2NITERxWE5sYm5Sekp5d0tJQ0FnSUNBZ0lDQWdJQ0FnSUNBZ0lDQWdJQ0FnSUhOMGVXeGxPaUJVYUdWdFpTNXZaaWhqYjI1MFpYaDBLUzUwWlhoMFZHaGxiV1V1ZEdsMGJHVk1ZWEpuWlN3S0lDQWdJQ0FnSUNBZ0lDQWdJQ0FnSUNBZ0lDQXBMQW9nSUNBZ0lDQWdJQ0FnSUNBZ0lDQWdJQ0FwTEFvZ0lDQWdJQ0FnSUNBZ0lDQWdJQ0FnSUNCVVpYaDBLQW9nSUNBZ0lDQWdJQ0FnSUNBZ0lDQWdJQ0FnSUNja2UzQnlaWE5sYm5SUWJHRjVaWEpKWkhNdWJHVnVaM1JvZlM4a2UzTnhkV0ZrTG14bGJtZDBhSDBuTEFvZ0lDQWdJQ0FnSUNBZ0lDQWdJQ0FnSUNBZ0lITjBlV3hsT2lCVWFHVnRaUzV2WmloamIyNTBaWGgwS1M1MFpYaDBWR2hsYldVdVltOWtlVk50WVd4c0xBb2dJQ0FnSUNBZ0lDQWdJQ0FnSUNBZ0lDQXBMQW9nSUNBZ0lDQWdJQ0FnSUNBZ0lDQWdYU3dLSUNBZ0lDQWdJQ0FnSUNBZ0lDQXBMQW9nSUNBZ0lDQWdJQ0FnSUNBcExBb2dJQ0FnSUNBZ0lDQWdJQ0JRWVdSa2FXNW5LQW9nSUNBZ0lDQWdJQ0FnSUNBZ0lIQmhaR1JwYm1jNklHTnZibk4wSUVWa1oyVkpibk5sZEhNdWMzbHRiV1YwY21saktHaHZjbWw2YjI1MFlXdzZJRFFwTEFvZ0lDQWdJQ0FnSUNBZ0lDQWdJR05vYVd4a09pQlNiM2NvQ2lBZ0lDQWdJQ0FnSUNBZ0lDQWdJQ0JqYUdsc1pISmxiam9nV3dvZ0lDQWdJQ0FnSUNBZ0lDQWdJQ0FnSUNCVVpYaDBRblYwZEc5dUtBb2dJQ0FnSUNBZ0lDQWdJQ0FnSUNBZ0lDQWdJRzl1VUhKbGMzTmxaRG9nYjI1VFpXeGxZM1JCYkd3c0NpQWdJQ0FnSUNBZ0lDQWdJQ0FnSUNBZ0lDQWdZMmhwYkdRNklHTnZibk4wSUZSbGVIUW9KMVJ2ZFhRZ2M4T3BiR1ZqZEdsdmJtNWxjaWNwTEFvZ0lDQWdJQ0FnSUNBZ0lDQWdJQ0FnSUNBcExBb2dJQ0FnSUNBZ0lDQWdJQ0FnSUNBZ0lDQlVaWGgwUW5WMGRHOXVLQW9nSUNBZ0lDQWdJQ0FnSUNBZ0lDQWdJQ0FnSUc5dVVISmxjM05sWkRvZ2NISmxjMlZ1ZEZCc1lYbGxja2xrY3k1cGMwVnRjSFI1SUQ4Z2JuVnNiQ0E2SUc5dVEyeGxZWEpCYkd3c0NpQWdJQ0FnSUNBZ0lDQWdJQ0FnSUNBZ0lDQWdZMmhwYkdRNklHTnZibk4wSUZSbGVIUW9KMFZtWm1GalpYSW5LU3dLSUNBZ0lDQWdJQ0FnSUNBZ0lDQWdJQ0FnS1N3S0lDQWdJQ0FnSUNBZ0lDQWdJQ0FnSUYwc0NpQWdJQ0FnSUNBZ0lDQWdJQ0FnS1N3S0lDQWdJQ0FnSUNBZ0lDQWdLU3dLSUNBZ0lDQWdJQ0FnSUNBZ1kyOXVjM1FnUkdsMmFXUmxjaWhvWldsbmFIUTZJREVwTEFvZ0lDQWdJQ0FnSUNBZ0lDQm1iM0lnS0dacGJtRnNJRzFsYldKbGNpQnBiaUJ6Y1hWaFpDa0tJQ0FnSUNBZ0lDQWdJQ0FnSUNCRGFHVmphMkp2ZUV4cGMzUlVhV3hsS0FvZ0lDQWdJQ0FnSUNBZ0lDQWdJQ0FnWkdWdWMyVTZJSFJ5ZFdVc0NpQWdJQ0FnSUNBZ0lDQWdJQ0FnSUNCamIyNTBjbTlzUVdabWFXNXBkSGs2SUV4cGMzUlVhV3hsUTI5dWRISnZiRUZtWm1sdWFYUjVMblJ5WVdsc2FXNW5MQW9nSUNBZ0lDQWdJQ0FnSUNBZ0lDQWdjMlZqYjI1a1lYSjVPaUJVWlhoMEtBb2dJQ0FnSUNBZ0lDQWdJQ0FnSUNBZ0lDQnRaVzFpWlhJdWFYTkhiMkZzYTJWbGNHVnlJRDhnSi9DZnA2UW5JRG9nSitLYXZTY3NDaUFnSUNBZ0lDQWdJQ0FnSUNBZ0lDQWdJSE4wZVd4bE9pQmpiMjV6ZENCVVpYaDBVM1I1YkdVb1ptOXVkRk5wZW1VNklESXdLU3dLSUNBZ0lDQWdJQ0FnSUNBZ0lDQWdJQ2tzQ2lBZ0lDQWdJQ0FnSUNBZ0lDQWdJQ0IwYVhSc1pUb2dWR1Y0ZENodFpXMWlaWEl1Ym1GdFpTa3NDaUFnSUNBZ0lDQWdJQ0FnSUNBZ0lDQjJZV3gxWlRvZ2NISmxjMlZ1ZEZCc1lYbGxja2xrY3k1amIyNTBZV2x1Y3lodFpXMWlaWEl1YVdRcExBb2dJQ0FnSUNBZ0lDQWdJQ0FnSUNBZ2IyNURhR0Z1WjJWa09pQW9kbUZzZFdVcElEMCtJRzl1UTJoaGJtZGxaQ2h0WlcxaVpYSXVhV1FzSUhaaGJIVmxJRDgvSUdaaGJITmxLU3dLSUNBZ0lDQWdJQ0FnSUNBZ0lDQXBMQW9nSUNBZ0lDQWdJQ0FnWFN3S0lDQWdJQ0FnSUNBcExBb2dJQ0FnSUNBcExBb2dJQ0FnS1RzS0lDQjlDbjBLQ2k4dkx5QlZibVVnYkdsbmJtVWdaR1VnWW5WMFpYVnlJRG9nWW05MWRHOXVJR1JsSUhQRHFXeGxZM1JwYjI0Z1pIVWdhbTkxWlhWeUlDc2djR1YwYVhSbElHTmhjMlVnWkhVZ2JtOXRZbkpsQ2k4dkx5QmtaU0JpZFhSeklDaDJhV1JsSUQwZ01Ta3VDbU5zWVhOeklGOVRZMjl5WlhKU2IzZFVhV3hsSUdWNGRHVnVaSE1nVTNSaGRHVnNaWE56VjJsa1oyVjBJSHNLSUNCamIyNXpkQ0JmVTJOdmNtVnlVbTkzVkdsc1pTaDdDaUFnSUNCemRYQmxjaTVyWlhrc0NpQWdJQ0J5WlhGMWFYSmxaQ0IwYUdsekxtbHVaR1Y0TEFvZ0lDQWdjbVZ4ZFdseVpXUWdkR2hwY3k1d2JHRjVaWEpPWVcxbExBb2dJQ0FnY21WeGRXbHlaV1FnZEdocGN5NWpiM1Z1ZEVOdmJuUnliMnhzWlhJc0NpQWdJQ0J5WlhGMWFYSmxaQ0IwYUdsekxtOXVVR2xqYXl3S0lDQWdJSEpsY1hWcGNtVmtJSFJvYVhNdWIyNURiR1ZoY2l3S0lDQjlLVHNLQ2lBZ1ptbHVZV3dnYVc1MElHbHVaR1Y0T3dvZ0lHWnBibUZzSUZOMGNtbHVaejhnY0d4aGVXVnlUbUZ0WlRzS0lDQm1hVzVoYkNCVVpYaDBSV1JwZEdsdVowTnZiblJ5YjJ4c1pYSWdZMjkxYm5SRGIyNTBjbTlzYkdWeU93b2dJR1pwYm1Gc0lGWnZhV1JEWVd4c1ltRmpheUJ2YmxCcFkyczdDaUFnWm1sdVlXd2dWbTlwWkVOaGJHeGlZV05yUHlCdmJrTnNaV0Z5T3dvS0lDQkFiM1psY25KcFpHVUtJQ0JYYVdSblpYUWdZblZwYkdRb1FuVnBiR1JEYjI1MFpYaDBJR052Ym5SbGVIUXBJSHNLSUNBZ0lHWnBibUZzSUhOamFHVnRaU0E5SUZSb1pXMWxMbTltS0dOdmJuUmxlSFFwTG1OdmJHOXlVMk5vWlcxbE93b2dJQ0FnWm1sdVlXd2dhR0Z6VUd4aGVXVnlJRDBnY0d4aGVXVnlUbUZ0WlNBaFBTQnVkV3hzT3dvZ0lDQWdjbVYwZFhKdUlGQmhaR1JwYm1jb0NpQWdJQ0FnSUhCaFpHUnBibWM2SUdOdmJuTjBJRVZrWjJWSmJuTmxkSE11YjI1c2VTaGliM1IwYjIwNklEZ3BMQW9nSUNBZ0lDQmphR2xzWkRvZ1VtOTNL
Shell: QW9nSUNBZ0lDQWdJR05vYVd4a2NtVnVPaUJiQ2lBZ0lDQWdJQ0FnSUNCRGIyNTBZV2x1WlhJb0NpQWdJQ0FnSUNBZ0lDQWdJSGRwWkhSb09pQXlOaXdLSUNBZ0lDQWdJQ0FnSUNBZ1lXeHBaMjV0Wlc1ME9pQkJiR2xuYm0xbGJuUXVZMlZ1ZEdWeUxBb2dJQ0FnSUNBZ0lDQWdJQ0JqYUdsc1pEb2dWR1Y0ZENnS0lDQWdJQ0FnSUNBZ0lDQWdJQ0FuSkh0cGJtUmxlQ0FySURGOUp5d0tJQ0FnSUNBZ0lDQWdJQ0FnSUNCemRIbHNaVG9nVkdWNGRGTjBlV3hsS0FvZ0lDQWdJQ0FnSUNBZ0lDQWdJQ0FnWTI5c2IzSTZJSE5qYUdWdFpTNXZibE4xY21aaFkyVldZWEpwWVc1MExBb2dJQ0FnSUNBZ0lDQWdJQ0FnSUNBZ1ptOXVkRmRsYVdkb2REb2dSbTl1ZEZkbGFXZG9kQzUzTnpBd0xBb2dJQ0FnSUNBZ0lDQWdJQ0FnSUNrc0NpQWdJQ0FnSUNBZ0lDQWdJQ2tzQ2lBZ0lDQWdJQ0FnSUNBcExBb2dJQ0FnSUNBZ0lDQWdZMjl1YzNRZ1UybDZaV1JDYjNnb2QybGtkR2c2SURZcExBb2dJQ0FnSUNBZ0lDQWdSWGh3WVc1a1pXUW9DaUFnSUNBZ0lDQWdJQ0FnSUdOb2FXeGtPaUJKYm10WFpXeHNLQW9nSUNBZ0lDQWdJQ0FnSUNBZ0lHSnZjbVJsY2xKaFpHbDFjem9nUW05eVpHVnlVbUZrYVhWekxtTnBjbU4xYkdGeUtERTJLU3dLSUNBZ0lDQWdJQ0FnSUNBZ0lDQnZibFJoY0RvZ2IyNVFhV05yTEFvZ0lDQWdJQ0FnSUNBZ0lDQWdJR05vYVd4a09pQkRiMjUwWVdsdVpYSW9DaUFnSUNBZ0lDQWdJQ0FnSUNBZ0lDQm9aV2xuYUhRNklEVXlMQW9nSUNBZ0lDQWdJQ0FnSUNBZ0lDQWdjR0ZrWkdsdVp6b2dZMjl1YzNRZ1JXUm5aVWx1YzJWMGN5NXplVzF0WlhSeWFXTW9hRzl5YVhwdmJuUmhiRG9nTVRRcExBb2dJQ0FnSUNBZ0lDQWdJQ0FnSUNBZ1pHVmpiM0poZEdsdmJqb2dRbTk0UkdWamIzSmhkR2x2YmlnS0lDQWdJQ0FnSUNBZ0lDQWdJQ0FnSUNBZ1kyOXNiM0k2SUhOamFHVnRaUzV6ZFhKbVlXTmxRMjl1ZEdGcGJtVnlTR2xuYUdWemRDd0tJQ0FnSUNBZ0lDQWdJQ0FnSUNBZ0lDQWdZbTl5WkdWeVVtRmthWFZ6T2lCQ2IzSmtaWEpTWVdScGRYTXVZMmx5WTNWc1lYSW9NVFlwTEFvZ0lDQWdJQ0FnSUNBZ0lDQWdJQ0FnSUNCaWIzSmtaWEk2SUVKdmNtUmxjaTVoYkd3b1kyOXNiM0k2SUhOamFHVnRaUzV2ZFhSc2FXNWxLU3dLSUNBZ0lDQWdJQ0FnSUNBZ0lDQWdJQ2tzQ2lBZ0lDQWdJQ0FnSUNBZ0lDQWdJQ0JqYUdsc1pEb2dVbTkzS0FvZ0lDQWdJQ0FnSUNBZ0lDQWdJQ0FnSUNCamFHbHNaSEpsYmpvZ1d3b2dJQ0FnSUNBZ0lDQWdJQ0FnSUNBZ0lDQWdJRlJsZUhRb0NpQWdJQ0FnSUNBZ0lDQWdJQ0FnSUNBZ0lDQWdJQ0JvWVhOUWJHRjVaWElnUHlBbjRwcTlKeUE2SUNmaW5wVW5MQW9nSUNBZ0lDQWdJQ0FnSUNBZ0lDQWdJQ0FnSUNBZ2MzUjViR1U2SUdOdmJuTjBJRlJsZUhSVGRIbHNaU2htYjI1MFUybDZaVG9nTVRncExBb2dJQ0FnSUNBZ0lDQWdJQ0FnSUNBZ0lDQWdJQ2tzQ2lBZ0lDQWdJQ0FnSUNBZ0lDQWdJQ0FnSUNBZ1kyOXVjM1FnVTJsNlpXUkNiM2dvZDJsa2RHZzZJREV3S1N3S0lDQWdJQ0FnSUNBZ0lDQWdJQ0FnSUNBZ0lDQkZlSEJoYm1SbFpDZ0tJQ0FnSUNBZ0lDQWdJQ0FnSUNBZ0lDQWdJQ0FnSUdOb2FXeGtPaUJVWlhoMEtBb2dJQ0FnSUNBZ0lDQWdJQ0FnSUNBZ0lDQWdJQ0FnSUNCb1lYTlFiR0Y1WlhJZ1B5QndiR0Y1WlhKT1lXMWxJU0E2SUNkRGFHOXBjMmx5SUhWdUlHSjFkR1YxY2ljc0NpQWdJQ0FnSUNBZ0lDQWdJQ0FnSUNBZ0lDQWdJQ0FnSUcxaGVFeHBibVZ6T2lBeExBb2dJQ0FnSUNBZ0lDQWdJQ0FnSUNBZ0lDQWdJQ0FnSUNCdmRtVnlabXh2ZHpvZ1ZHVjRkRTkyWlhKbWJHOTNMbVZzYkdsd2MybHpMQW9nSUNBZ0lDQWdJQ0FnSUNBZ0lDQWdJQ0FnSUNBZ0lDQnpkSGxzWlRvZ1ZHVjRkRk4wZVd4bEtBb2dJQ0FnSUNBZ0lDQWdJQ0FnSUNBZ0lDQWdJQ0FnSUNBZ0lHWnZiblJYWldsbmFIUTZJRVp2Ym5SWFpXbG5hSFF1ZHpjd01Dd0tJQ0FnSUNBZ0lDQWdJQ0FnSUNBZ0lDQWdJQ0FnSUNBZ0lDQmpiMnh2Y2pvZ2FHRnpVR3hoZVdWeUNpQWdJQ0FnSUNBZ0lDQWdJQ0FnSUNBZ0lDQWdJQ0FnSUNBZ0lDQWdJRDhnYzJOb1pXMWxMbTl1VTNWeVptRmpaUW9nSUNBZ0lDQWdJQ0FnSUNBZ0lDQWdJQ0FnSUNBZ0lDQWdJQ0FnSUNBNklITmphR1Z0WlM1dmJsTjFjbVpoWTJWV1lYSnBZVzUwTEFvZ0lDQWdJQ0FnSUNBZ0lDQWdJQ0FnSUNBZ0lDQWdJQ0FwTEFvZ0lDQWdJQ0FnSUNBZ0lDQWdJQ0FnSUNBZ0lDQWdLU3dLSUNBZ0lDQWdJQ0FnSUNBZ0lDQWdJQ0FnSUNBcExBb2dJQ0FnSUNBZ0lDQWdJQ0FnSUNBZ0lDQWdJR2xtSUNodmJrTnNaV0Z5SUNFOUlHNTFiR3dwQ2lBZ0lDQWdJQ0FnSUNBZ0lDQWdJQ0FnSUNBZ0lDQkhaWE4wZFhKbFJHVjBaV04wYjNJb0NpQWdJQ0FnSUNBZ0lDQWdJQ0FnSUNBZ0lDQWdJQ0FnSUc5dVZHRndPaUJ2YmtOc1pXRnlMQW9nSUNBZ0lDQWdJQ0FnSUNBZ0lDQWdJQ0FnSUNBZ0lDQmphR2xzWkRvZ1NXTnZiaWdLSUNBZ0lDQWdJQ0FnSUNBZ0lDQWdJQ0FnSUNBZ0lDQWdJQ0JKWTI5dWN5NWpiRzl6WlN3S0lDQWdJQ0FnSUNBZ0lDQWdJQ0FnSUNBZ0lDQWdJQ0FnSUNCemFYcGxPaUF5TUN3S0lDQWdJQ0FnSUNBZ0lDQWdJQ0FnSUNBZ0lDQWdJQ0FnSUNCamIyeHZjam9nYzJOb1pXMWxMbTl1VTNWeVptRmpaVlpoY21saGJuUXNDaUFnSUNBZ0lDQWdJQ0FnSUNBZ0lDQWdJQ0FnSUNBZ0lDa3NDaUFnSUNBZ0lDQWdJQ0FnSUNBZ0lDQWdJQ0FnSUNBcExBb2dJQ0FnSUNBZ0lDQWdJQ0FnSUNBZ0lDQmRMQW9nSUNBZ0lDQWdJQ0FnSUNBZ0lDQWdLU3dLSUNBZ0lDQWdJQ0FnSUNBZ0lDQXBMQW9nSUNBZ0lDQWdJQ0FnSUNBcExBb2dJQ0FnSUNBZ0lDQWdLU3dLSUNBZ0lDQWdJQ0FnSUdOdmJuTjBJRk5wZW1Wa1FtOTRLSGRwWkhSb09pQTRLU3dLSUNBZ0lDQWdJQ0FnSUZOcGVtVmtRbTk0S0FvZ0lDQWdJQ0FnSUNBZ0lDQjNhV1IwYURvZ05USXNDaUFnSUNBZ0lDQWdJQ0FnSUdOb2FXeGtPaUJVWlhoMFJtbGxiR1FvQ2lBZ0lDQWdJQ0FnSUNBZ0lDQWdZMjl1ZEhKdmJHeGxjam9nWTI5MWJuUkRi
Shell: MjUwY205c2JHVnlMQW9nSUNBZ0lDQWdJQ0FnSUNBZ0lHdGxlV0p2WVhKa1ZIbHdaVG9nVkdWNGRFbHVjSFYwVkhsd1pTNXVkVzFpWlhJc0NpQWdJQ0FnSUNBZ0lDQWdJQ0FnZEdWNGRFRnNhV2R1T2lCVVpYaDBRV3hwWjI0dVkyVnVkR1Z5TEFvZ0lDQWdJQ0FnSUNBZ0lDQWdJR2x1Y0hWMFJtOXliV0YwZEdWeWN6b2dXMFpwYkhSbGNtbHVaMVJsZUhSSmJuQjFkRVp2Y20xaGRIUmxjaTVrYVdkcGRITlBibXg1WFN3S0lDQWdJQ0FnSUNBZ0lDQWdJQ0J6ZEhsc1pUb2dZMjl1YzNRZ1ZHVjRkRk4wZVd4bEtHWnZiblJYWldsbmFIUTZJRVp2Ym5SWFpXbG5hSFF1ZHpnd01Da3NDaUFnSUNBZ0lDQWdJQ0FnSUNBZ1pHVmpiM0poZEdsdmJqb2dZMjl1YzNRZ1NXNXdkWFJFWldOdmNtRjBhVzl1S0FvZ0lDQWdJQ0FnSUNBZ0lDQWdJQ0FnYVhORVpXNXpaVG9nZEhKMVpTd0tJQ0FnSUNBZ0lDQWdJQ0FnSUNBZ0lHaHBiblJVWlhoME9pQW5NU2NzQ2lBZ0lDQWdJQ0FnSUNBZ0lDQWdJQ0JqYjI1MFpXNTBVR0ZrWkdsdVp6b2dSV1JuWlVsdWMyVjBjeTV6ZVcxdFpYUnlhV01vQ2lBZ0lDQWdJQ0FnSUNBZ0lDQWdJQ0FnSUdodmNtbDZiMjUwWVd3NklEWXNDaUFnSUNBZ0lDQWdJQ0FnSUNBZ0lDQWdJSFpsY25ScFkyRnNPaUF4TkN3S0lDQWdJQ0FnSUNBZ0lDQWdJQ0FnSUNrc0NpQWdJQ0FnSUNBZ0lDQWdJQ0FnS1N3S0lDQWdJQ0FnSUNBZ0lDQWdLU3dLSUNBZ0lDQWdJQ0FnSUNrc0NpQWdJQ0FnSUNBZ1hTd0tJQ0FnSUNBZ0tTd0tJQ0FnSUNrN0NpQWdmUXA5Q2dvdkx5OGdSbVYxYVd4c1pTQmtaU0J6dzZsc1pXTjBhVzl1SUdRbmRXNGdZblYwWlhWeUlHRjJaV01nY21WamFHVnlZMmhsSUdsdWMzUmhiblJoYnNPcFpTNEtZMnhoYzNNZ1gxQnNZWGxsY2xCcFkydGxjbE5vWldWMElHVjRkR1Z1WkhNZ1UzUmhkR1ZtZFd4WGFXUm5aWFFnZXdvZ0lHTnZibk4wSUY5UWJHRjVaWEpRYVdOclpYSlRhR1ZsZENoN2NtVnhkV2x5WldRZ2RHaHBjeTV6Y1hWaFpIMHBPd29LSUNCbWFXNWhiQ0JNYVhOMFBGTnhkV0ZrVFdWdFltVnlQaUJ6Y1hWaFpEc0tDaUFnUUc5MlpYSnlhV1JsQ2lBZ1UzUmhkR1U4WDFCc1lYbGxjbEJwWTJ0bGNsTm9aV1YwUGlCamNtVmhkR1ZUZEdGMFpTZ3BJRDArSUY5UWJHRjVaWEpRYVdOclpYSlRhR1ZsZEZOMFlYUmxLQ2s3Q24wS0NtTnNZWE56SUY5UWJHRjVaWEpRYVdOclpYSlRhR1ZsZEZOMFlYUmxJR1Y0ZEdWdVpITWdVM1JoZEdVOFgxQnNZWGxsY2xCcFkydGxjbE5vWldWMFBpQjdDaUFnVTNSeWFXNW5JRjl4ZFdWeWVTQTlJQ2NuT3dvS0lDQkFiM1psY25KcFpHVUtJQ0JYYVdSblpYUWdZblZwYkdRb1FuVnBiR1JEYjI1MFpYaDBJR052Ym5SbGVIUXBJSHNLSUNBZ0lHWnBibUZzSUhGMVpYSjVJRDBnWDNGMVpYSjVMblJ5YVcwb0tTNTBiMHh2ZDJWeVEyRnpaU2dwT3dvZ0lDQWdabWx1WVd3Z2NtVnpkV3gwY3lBOUlIRjFaWEo1TG1selJXMXdkSGtLSUNBZ0lDQWdJQ0EvSUhkcFpHZGxkQzV6Y1hWaFpBb2dJQ0FnSUNBZ0lEb2dkMmxrWjJWMExuTnhkV0ZrQ2lBZ0lDQWdJQ0FnSUNBZ0lDNTNhR1Z5WlNnb2JTa2dQVDRnYlM1dVlXMWxMblJ2VEc5M1pYSkRZWE5sS0NrdVkyOXVkR0ZwYm5Nb2NYVmxjbmtwS1FvZ0lDQWdJQ0FnSUNBZ0lDQXVkRzlNYVhOMEtDazdDZ29nSUNBZ2NtVjBkWEp1SUZCaFpHUnBibWNvQ2lBZ0lDQWdJSEJoWkdScGJtYzZJRVZrWjJWSmJuTmxkSE11YjI1c2VTZ0tJQ0FnSUNBZ0lDQnNaV1owT2lBeE5pd0tJQ0FnSUNBZ0lDQnlhV2RvZERvZ01UWXNDaUFnSUNBZ0lDQWdZbTkwZEc5dE9pQk5aV1JwWVZGMVpYSjVMbTltS0dOdmJuUmxlSFFwTG5acFpYZEpibk5sZEhNdVltOTBkRzl0SUNzZ01UWXNDaUFnSUNBZ0lDa3NDaUFnSUNBZ0lHTm9hV3hrT2lCRGIyeDFiVzRvQ2lBZ0lDQWdJQ0FnYldGcGJrRjRhWE5UYVhwbE9pQk5ZV2x1UVhocGMxTnBlbVV1YldsdUxBb2dJQ0FnSUNBZ0lHTm9hV3hrY21WdU9pQmJDaUFnSUNBZ0lDQWdJQ0JVWlhoMFJtbGxiR1FvQ2lBZ0lDQWdJQ0FnSUNBZ0lHRjFkRzltYjJOMWN6b2dkSEoxWlN3S0lDQWdJQ0FnSUNBZ0lDQWdaR1ZqYjNKaGRHbHZiam9nWTI5dWMzUWdTVzV3ZFhSRVpXTnZjbUYwYVc5dUtBb2dJQ0FnSUNBZ0lDQWdJQ0FnSUhCeVpXWnBlRWxqYjI0NklFbGpiMjRvU1dOdmJuTXVjMlZoY21Ob0tTd0tJQ0FnSUNBZ0lDQWdJQ0FnSUNCb2FXNTBWR1Y0ZERvZ0oxSmxZMmhsY21Ob1pYSWdkVzRnWW5WMFpYVnk0b0NtSnl3S0lDQWdJQ0FnSUNBZ0lDQWdLU3dLSUNBZ0lDQWdJQ0FnSUNBZ2IyNURhR0Z1WjJWa09pQW9kbUZzZFdVcElEMCtJSE5sZEZOMFlYUmxLQ2dwSUQwK0lGOXhkV1Z5ZVNBOUlIWmhiSFZsS1N3S0lDQWdJQ0FnSUNBZ0lDa3NDaUFnSUNBZ0lDQWdJQ0JqYjI1emRDQlRhWHBsWkVKdmVDaG9aV2xuYUhRNklEZ3BMQW9nSUNBZ0lDQWdJQ0FnUTI5dWMzUnlZV2x1WldSQ2IzZ29DaUFnSUNBZ0lDQWdJQ0FnSUdOdmJuTjBjbUZwYm5Sek9pQkNiM2hEYjI1emRISmhhVzUwY3lnS0lDQWdJQ0FnSUNBZ0lDQWdJQ0J0WVhoSVpXbG5hSFE2SUUxbFpHbGhVWFZsY25rdWIyWW9ZMjl1ZEdWNGRDa3VjMmw2WlM1b1pXbG5hSFFnS2lBd0xqUTFMQW9nSUNBZ0lDQWdJQ0FnSUNBcExBb2dJQ0FnSUNBZ0lDQWdJQ0JqYUdsc1pEb2dUR2x6ZEZacFpYY29DaUFnSUNBZ0lDQWdJQ0FnSUNBZ2MyaHlhVzVyVjNKaGNEb2dkSEoxWlN3S0lDQWdJQ0FnSUNBZ0lDQWdJQ0JqYUdsc1pISmxiam9nV3dvZ0lDQWdJQ0FnSUNBZ0lDQWdJQ0FnWm05eUlDaG1hVzVoYkNCdFpXMWlaWElnYVc0Z2NtVnpkV3gwY3lrS0lDQWdJQ0FnSUNBZ0lDQWdJQ0FnSUNBZ1RHbHpkRlJwYkdVb0NpQWdJQ0FnSUNBZ0lDQWdJQ0FnSUNBZ0lDQWdiR1ZoWkdsdVp6b2dWR1Y0ZENnS0lDQWdJQ0FnSUNBZ0lDQWdJQ0FnSUNBZ0lDQWdJRzFsYldKbGNpNXBjMGR2WVd4clpXVndaWElnUHlBbjhKK25wQ2NnT2lBbjRwcTlKeXdLSUNBZ0lDQWdJQ0FnSUNBZ0lDQWdJQ0FnSUNBZ0lITjBlV3hsT2lCamIyNXpkQ0JVWlhoMFUzUjViR1VvWm05dWRGTnBlbVU2SURJd0tTd0tJ
Shell: Q0FnSUNBZ0lDQWdJQ0FnSUNBZ0lDQWdJQ0FwTEFvZ0lDQWdJQ0FnSUNBZ0lDQWdJQ0FnSUNBZ0lIUnBkR3hsT2lCVVpYaDBLRzFsYldKbGNpNXVZVzFsS1N3S0lDQWdJQ0FnSUNBZ0lDQWdJQ0FnSUNBZ0lDQnZibFJoY0RvZ0tDa2dQVDRnVG1GMmFXZGhkRzl5TG5CdmNDaGpiMjUwWlhoMExDQnRaVzFpWlhJdWFXUXBMQW9nSUNBZ0lDQWdJQ0FnSUNBZ0lDQWdJQ0FwTEFvZ0lDQWdJQ0FnSUNBZ0lDQWdJQ0FnYVdZZ0tISmxjM1ZzZEhNdWFYTkZiWEIwZVNrS0lDQWdJQ0FnSUNBZ0lDQWdJQ0FnSUNBZ1kyOXVjM1FnVUdGa1pHbHVaeWdLSUNBZ0lDQWdJQ0FnSUNBZ0lDQWdJQ0FnSUNCd1lXUmthVzVuT2lCRlpHZGxTVzV6WlhSekxtRnNiQ2d4Tmlrc0NpQWdJQ0FnSUNBZ0lDQWdJQ0FnSUNBZ0lDQWdZMmhwYkdRNklGUmxlSFFvSjBGMVkzVnVJR3B2ZFdWMWNpQjBjbTkxZHNPcExpY3BMQW9nSUNBZ0lDQWdJQ0FnSUNBZ0lDQWdJQ0FwTEFvZ0lDQWdJQ0FnSUNBZ0lDQWdJRjBzQ2lBZ0lDQWdJQ0FnSUNBZ0lDa3NDaUFnSUNBZ0lDQWdJQ0FwTEFvZ0lDQWdJQ0FnSUYwc0NpQWdJQ0FnSUNrc0NpQWdJQ0FwT3dvZ0lIMEtmUW9LWTJ4aGMzTWdYMU5qYjNKbFEyRnlaQ0JsZUhSbGJtUnpJRk4wWVhSbGJHVnpjMWRwWkdkbGRDQjdDaUFnWTI5dWMzUWdYMU5qYjNKbFEyRnlaQ2g3Q2lBZ0lDQnlaWEYxYVhKbFpDQjBhR2x6TG1keWFXNTBZVk5qYjNKbExBb2dJQ0FnY21WeGRXbHlaV1FnZEdocGN5NXZjSEJ2Ym1WdWRGTmpiM0psTEFvZ0lDQWdjbVZ4ZFdseVpXUWdkR2hwY3k1dmJrZHlhVzUwWVVOb1lXNW5aV1FzQ2lBZ0lDQnlaWEYxYVhKbFpDQjBhR2x6TG05dVQzQndiMjVsYm5SRGFHRnVaMlZrTEFvZ0lIMHBPd29LSUNCbWFXNWhiQ0JwYm5RZ1ozSnBiblJoVTJOdmNtVTdDaUFnWm1sdVlXd2dhVzUwSUc5d2NHOXVaVzUwVTJOdmNtVTdDaUFnWm1sdVlXd2dWbUZzZFdWRGFHRnVaMlZrUEdsdWRENGdiMjVIY21sdWRHRkRhR0Z1WjJWa093b2dJR1pwYm1Gc0lGWmhiSFZsUTJoaGJtZGxaRHhwYm5RK0lHOXVUM0J3YjI1bGJuUkRhR0Z1WjJWa093b0tJQ0JBYjNabGNuSnBaR1VLSUNCWGFXUm5aWFFnWW5WcGJHUW9RblZwYkdSRGIyNTBaWGgwSUdOdmJuUmxlSFFwSUhzS0lDQWdJSEpsZEhWeWJpQkRZWEprS0FvZ0lDQWdJQ0JqYUdsc1pEb2dVR0ZrWkdsdVp5Z0tJQ0FnSUNBZ0lDQndZV1JrYVc1bk9pQmpiMjV6ZENCRlpHZGxTVzV6WlhSekxuTjViVzFsZEhKcFl5aG9iM0pwZW05dWRHRnNPaUE0TENCMlpYSjBhV05oYkRvZ01UZ3BMQW9nSUNBZ0lDQWdJR05vYVd4a09pQlNiM2NvQ2lBZ0lDQWdJQ0FnSUNCamFHbHNaSEpsYmpvZ1d3b2dJQ0FnSUNBZ0lDQWdJQ0JGZUhCaGJtUmxaQ2dLSUNBZ0lDQWdJQ0FnSUNBZ0lDQmphR2xzWkRvZ1gxTjBaWEJ3WlhJb0NpQWdJQ0FnSUNBZ0lDQWdJQ0FnSUNCc1lXSmxiRG9nSjBGVElFZHlhVzUwWVNjc0NpQWdJQ0FnSUNBZ0lDQWdJQ0FnSUNCMllXeDFaVG9nWjNKcGJuUmhVMk52Y21Vc0NpQWdJQ0FnSUNBZ0lDQWdJQ0FnSUNCdmJrTm9ZVzVuWldRNklHOXVSM0pwYm5SaFEyaGhibWRsWkN3S0lDQWdJQ0FnSUNBZ0lDQWdJQ0FwTEFvZ0lDQWdJQ0FnSUNBZ0lDQXBMQW9nSUNBZ0lDQWdJQ0FnSUNCUVlXUmthVzVuS0FvZ0lDQWdJQ0FnSUNBZ0lDQWdJSEJoWkdScGJtYzZJR052Ym5OMElFVmtaMlZKYm5ObGRITXVjM2x0YldWMGNtbGpLR2h2Y21sNmIyNTBZV3c2SURRcExBb2dJQ0FnSUNBZ0lDQWdJQ0FnSUdOb2FXeGtPaUJVWlhoMEtBb2dJQ0FnSUNBZ0lDQWdJQ0FnSUNBZ0orS0FsQ2NzQ2lBZ0lDQWdJQ0FnSUNBZ0lDQWdJQ0J6ZEhsc1pUb2dWR2hsYldVdWIyWW9ZMjl1ZEdWNGRDa3VkR1Y0ZEZSb1pXMWxMbWhsWVdSc2FXNWxUV1ZrYVhWdExBb2dJQ0FnSUNBZ0lDQWdJQ0FnSUNrc0NpQWdJQ0FnSUNBZ0lDQWdJQ2tzQ2lBZ0lDQWdJQ0FnSUNBZ0lFVjRjR0Z1WkdWa0tBb2dJQ0FnSUNBZ0lDQWdJQ0FnSUdOb2FXeGtPaUJmVTNSbGNIQmxjaWdLSUNBZ0lDQWdJQ0FnSUNBZ0lDQWdJR3hoWW1Wc09pQW5RV1IyWlhKellXbHlaU2NzQ2lBZ0lDQWdJQ0FnSUNBZ0lDQWdJQ0IyWVd4MVpUb2diM0J3YjI1bGJuUlRZMjl5WlN3S0lDQWdJQ0FnSUNBZ0lDQWdJQ0FnSUc5dVEyaGhibWRsWkRvZ2IyNVBjSEJ2Ym1WdWRFTm9ZVzVuWldRc0NpQWdJQ0FnSUNBZ0lDQWdJQ0FnS1N3S0lDQWdJQ0FnSUNBZ0lDQWdLU3dLSUNBZ0lDQWdJQ0FnSUYwc0NpQWdJQ0FnSUNBZ0tTd0tJQ0FnSUNBZ0tTd0tJQ0FnSUNrN0NpQWdmUXA5Q2dwamJHRnpjeUJmVTNSbGNIQmxjaUJsZUhSbGJtUnpJRk4wWVhSbGJHVnpjMWRwWkdkbGRDQjdDaUFnWTI5dWMzUWdYMU4wWlhCd1pYSW9ld29nSUNBZ2NtVnhkV2x5WldRZ2RHaHBjeTVzWVdKbGJDd0tJQ0FnSUhKbGNYVnBjbVZrSUhSb2FYTXVkbUZzZFdVc0NpQWdJQ0J5WlhGMWFYSmxaQ0IwYUdsekxtOXVRMmhoYm1kbFpDd0tJQ0I5S1RzS0NpQWdabWx1WVd3Z1UzUnlhVzVuSUd4aFltVnNPd29nSUdacGJtRnNJR2x1ZENCMllXeDFaVHNLSUNCbWFXNWhiQ0JXWVd4MVpVTm9ZVzVuWldROGFXNTBQaUJ2YmtOb1lXNW5aV1E3Q2dvZ0lFQnZkbVZ5Y21sa1pRb2dJRmRwWkdkbGRDQmlkV2xzWkNoQ2RXbHNaRU52Ym5SbGVIUWdZMjl1ZEdWNGRDa2dld29nSUNBZ2NtVjBkWEp1SUVOdmJIVnRiaWdLSUNBZ0lDQWdiV0ZwYmtGNGFYTlRhWHBsT2lCTllXbHVRWGhwYzFOcGVtVXViV2x1TEFvZ0lDQWdJQ0JqYUdsc1pISmxiam9nV3dvZ0lDQWdJQ0FnSUZSbGVIUW9DaUFnSUNBZ0lDQWdJQ0JzWVdKbGJDd0tJQ0FnSUNBZ0lDQWdJSFJsZUhSQmJHbG5iam9nVkdWNGRFRnNhV2R1TG1ObGJuUmxjaXdLSUNBZ0lDQWdJQ0FnSUhOMGVXeGxPaUJVYUdWdFpTNXZaaWhqYjI1MFpYaDBLUzUwWlhoMFZHaGxiV1V1ZEdsMGJHVk5aV1JwZFcwc0NpQWdJQ0FnSUNBZ0tTd0tJQ0FnSUNBZ0lDQmpiMjV6ZENCVGFYcGxaRUp2ZUNob1pXbG5hSFE2SURncExBb2dJQ0FnSUNBZ0lGSnZkeWdLSUNBZ0lDQWdJQ0FnSUcxaGFXNUJlR2x6UVd4cFoyNXRaVzUwT2lCTllXbHVR
Shell: WGhwYzBGc2FXZHViV1Z1ZEM1alpXNTBaWElzQ2lBZ0lDQWdJQ0FnSUNCamFHbHNaSEpsYmpvZ1d3b2dJQ0FnSUNBZ0lDQWdJQ0JKWTI5dVFuVjBkRzl1TG1acGJHeGxaRlJ2Ym1Gc0tBb2dJQ0FnSUNBZ0lDQWdJQ0FnSUhSdmIyeDBhWEE2SUNkU1pYUnBjbVZ5SUhWdUlHSjFkQ2NzQ2lBZ0lDQWdJQ0FnSUNBZ0lDQWdkbWx6ZFdGc1JHVnVjMmwwZVRvZ1ZtbHpkV0ZzUkdWdWMybDBlUzVqYjIxd1lXTjBMQW9nSUNBZ0lDQWdJQ0FnSUNBZ0lHOXVVSEpsYzNObFpEb2dkbUZzZFdVZ1BpQXdJRDhnS0NrZ1BUNGdiMjVEYUdGdVoyVmtLSFpoYkhWbElDMGdNU2tnT2lCdWRXeHNMQW9nSUNBZ0lDQWdJQ0FnSUNBZ0lHbGpiMjQ2SUdOdmJuTjBJRWxqYjI0b1NXTnZibk11Y21WdGIzWmxLU3dLSUNBZ0lDQWdJQ0FnSUNBZ0tTd0tJQ0FnSUNBZ0lDQWdJQ0FnVTJsNlpXUkNiM2dvQ2lBZ0lDQWdJQ0FnSUNBZ0lDQWdkMmxrZEdnNklEUXdMQW9nSUNBZ0lDQWdJQ0FnSUNBZ0lHTm9hV3hrT2lCVVpYaDBLQW9nSUNBZ0lDQWdJQ0FnSUNBZ0lDQWdKeVIyWVd4MVpTY3NDaUFnSUNBZ0lDQWdJQ0FnSUNBZ0lDQjBaWGgwUVd4cFoyNDZJRlJsZUhSQmJHbG5iaTVqWlc1MFpYSXNDaUFnSUNBZ0lDQWdJQ0FnSUNBZ0lDQnpkSGxzWlRvZ1ZHaGxiV1V1YjJZb1kyOXVkR1Y0ZENrdWRHVjRkRlJvWlcxbExtaGxZV1JzYVc1bFRXVmthWFZ0TEFvZ0lDQWdJQ0FnSUNBZ0lDQWdJQ2tzQ2lBZ0lDQWdJQ0FnSUNBZ0lDa3NDaUFnSUNBZ0lDQWdJQ0FnSUVsamIyNUNkWFIwYjI0dVptbHNiR1ZrVkc5dVlXd29DaUFnSUNBZ0lDQWdJQ0FnSUNBZ2RHOXZiSFJwY0RvZ0owRnFiM1YwWlhJZ2RXNGdZblYwSnl3S0lDQWdJQ0FnSUNBZ0lDQWdJQ0IyYVhOMVlXeEVaVzV6YVhSNU9pQldhWE4xWVd4RVpXNXphWFI1TG1OdmJYQmhZM1FzQ2lBZ0lDQWdJQ0FnSUNBZ0lDQWdiMjVRY21WemMyVmtPaUFvS1NBOVBpQnZia05vWVc1blpXUW9kbUZzZFdVZ0t5QXhLU3dLSUNBZ0lDQWdJQ0FnSUNBZ0lDQnBZMjl1T2lCamIyNXpkQ0JKWTI5dUtFbGpiMjV6TG1Ga1pDa3NDaUFnSUNBZ0lDQWdJQ0FnSUNrc0NpQWdJQ0FnSUNBZ0lDQmRMQW9nSUNBZ0lDQWdJQ2tzQ2lBZ0lDQWdJRjBzQ2lBZ0lDQXBPd29nSUgwS2ZRbz0iLCJsaWIvZmVhdHVyZXMvbWF0Y2hlcy9wcmVzZW50YXRpb24vbWF0Y2hfZm9ybV9wYWdlLmRhcnQiOiJhVzF3YjNKMElDZHdZV05yWVdkbE9tRnpYMmR5YVc1MFlTOWpiM0psTDNWMGFXeHpMMkZ3Y0Y5bWIzSnRZWFJ6TG1SaGNuUW5Pd3BwYlhCdmNuUWdKM0JoWTJ0aFoyVTZZWE5mWjNKcGJuUmhMMk52Y21VdmQybGtaMlYwY3k5bmNtbHVkR0ZmWVhCd1gySmhjaTVrWVhKMEp6c0thVzF3YjNKMElDZHdZV05yWVdkbE9tRnpYMmR5YVc1MFlTOW1aV0YwZFhKbGN5OWhkWFJvTDJSdmJXRnBiaTloZFhSb1gzQnliMlpwYkdVdVpHRnlkQ2M3Q21sdGNHOXlkQ0FuY0dGamEyRm5aVHBoYzE5bmNtbHVkR0V2Wm1WaGRIVnlaWE12WVhWMGFDOXdjbVZ6Wlc1MFlYUnBiMjR2WVhWMGFGOXpkR0YwWlM1a1lYSjBKenNLYVcxd2IzSjBJQ2R3WVdOcllXZGxPbUZ6WDJkeWFXNTBZUzltWldGMGRYSmxjeTltWldGMGRYSmxYMlpzWVdkekwzQnlaWE5sYm5SaGRHbHZiaTltWldGMGRYSmxYMlpzWVdkelgyTnZiblJ5YjJ4c1pYSXVaR0Z5ZENjN0NtbHRjRzl5ZENBbmNHRmphMkZuWlRwaGMxOW5jbWx1ZEdFdlptVmhkSFZ5WlhNdmJXRjBZMmhsY3k5a1lYUmhMMjFoZEdOb1pYTmZjbVZ3YjNOcGRHOXllUzVrWVhKMEp6c0thVzF3YjNKMElDZHdZV05yWVdkbE9tRnpYMmR5YVc1MFlTOW1aV0YwZFhKbGN5OXRZWFJqYUdWekwyUnZiV0ZwYmk5dFlYUmphRjl0YjJSbGJDNWtZWEowSnpzS2FXMXdiM0owSUNkd1lXTnJZV2RsT21GelgyZHlhVzUwWVM5bVpXRjBkWEpsY3k5dFlYUmphR1Z6TDNCeVpYTmxiblJoZEdsdmJpOXRZWFJqYUdWelgyTnZiblJ5YjJ4c1pYSXVaR0Z5ZENjN0NtbHRjRzl5ZENBbmNHRmphMkZuWlRwbWJIVjBkR1Z5TDIxaGRHVnlhV0ZzTG1SaGNuUW5Pd3BwYlhCdmNuUWdKM0JoWTJ0aFoyVTZabXgxZEhSbGNsOXlhWFpsY25CdlpDOW1iSFYwZEdWeVgzSnBkbVZ5Y0c5a0xtUmhjblFuT3dwcGJYQnZjblFnSjNCaFkydGhaMlU2WVhOZlozSnBiblJoTDJOdmNtVXZkMmxrWjJWMGN5OW5jbWx1ZEdGZmJHOWhaR1Z5TG1SaGNuUW5Pd29LWTJ4aGMzTWdUV0YwWTJoR2IzSnRVR0ZuWlNCbGVIUmxibVJ6SUVOdmJuTjFiV1Z5VTNSaGRHVm1kV3hYYVdSblpYUWdld29nSUdOdmJuTjBJRTFoZEdOb1JtOXliVkJoWjJVb2UzTjFjR1Z5TG10bGVTd2dkR2hwY3k1dFlYUmphSDBwT3dvS0lDQm1hVzVoYkNCTllYUmphRTF2WkdWc1B5QnRZWFJqYURzS0NpQWdRRzkyWlhKeWFXUmxDaUFnUTI5dWMzVnRaWEpUZEdGMFpUeE5ZWFJqYUVadmNtMVFZV2RsUGlCamNtVmhkR1ZUZEdGMFpTZ3BJRDArSUY5TllYUmphRVp2Y20xUVlXZGxVM1JoZEdVb0tUc0tmUW9LWTJ4aGMzTWdYMDFoZEdOb1JtOXliVkJoWjJWVGRHRjBaU0JsZUhSbGJtUnpJRU52Ym5OMWJXVnlVM1JoZEdVOFRXRjBZMmhHYjNKdFVHRm5aVDRnZXdvZ0lHWnBibUZzSUY5bWIzSnRTMlY1SUQwZ1IyeHZZbUZzUzJWNVBFWnZjbTFUZEdGMFpUNG9LVHNLSUNCbWFXNWhiQ0JmYzNGMVlXUlRhWHBsUTI5dWRISnZiR3hsY2lBOUlGUmxlSFJGWkdsMGFXNW5RMjl1ZEhKdmJHeGxjaWgwWlhoME9pQW5NVFFuS1RzS0lDQm1hVzVoYkNCZllXUmtjbVZ6YzBOdmJuUnliMnhzWlhJZ1BTQlVaWGgwUldScGRHbHVaME52Ym5SeWIyeHNaWElvS1RzS0NpQWdaRzkxWW14bFB5QmZiMlJrYzFkcGJqc0tJQ0JrYjNWaWJHVS9JRjl2WkdSelJISmhkenNLSUNCa2IzVmliR1UvSUY5dlpHUnpURzl6Y3pzS0NpQWdiR0YwWlNCVGRISnBibWNnWDNObFlYTnZia2xrT3dvZ0lHeGhkR1VnVTNSeWFXNW5JRjl2Y0hCdmJtVnVkRWxrT3dvZ0lHeGhkR1VnUkdGMFpWUnBiV1VnWDJ0cFkydHZabVpCZERzS0lDQnNZWFJsSUdKdmIyd2dYMmx6U0c5dFpUc0tDaUFnWW05dmJDQmZjM1ZuWjJWemRHbHVaMDlrWkhNZ1BTQm1Z
Shell: V3h6WlRzS0lDQmliMjlzSUY5emNYVmhaRVJsWm1GMWJIUkJjSEJzYVdWa0lEMGdabUZzYzJVN0NpQWdZbTl2YkNCZmMzRjFZV1JNYVcxcGRFeHZZV1JwYm1jZ1BTQm1ZV3h6WlRzS0lDQmliMjlzSUY5emNYVmhaRXhwYldsMFRHOWhaR1ZrSUQwZ1ptRnNjMlU3Q2lBZ1ltOXZiQ0JmY21WdFpXMWlaWEpCWkdSeVpYTnpRWE5FWldaaGRXeDBJRDBnWm1Gc2MyVTdDZ29nSUM4dkx5QkJaSEpsYzNObElHUjFJSFJsY25KaGFXNGdaQ2RCVXlCSGNtbHVkR0VnS0cxaGRHTm9jeUREb0NCa2IyMXBZMmxzWlNrc0lHM0RxVzF2Y21senc2bGxJR2RzYjJKaGJHVnRaVzUwTGdvZ0lGTjBjbWx1Wno4Z1gyTnNkV0pJYjIxbFFXUmtjbVZ6Y3pzS0NpQWdSblYwZFhKbFBIWnZhV1ErSUY5emRXZG5aWE4wVDJSa2N5Z3BJR0Z6ZVc1aklIc0tJQ0FnSUdsbUlDaGZiM0J3YjI1bGJuUkpaQzVwYzBWdGNIUjVLU0J5WlhSMWNtNDdDZ29nSUNBZ2MyVjBVM1JoZEdVb0tDa2dQVDRnWDNOMVoyZGxjM1JwYm1kUFpHUnpJRDBnZEhKMVpTazdDaUFnSUNCbWFXNWhiQ0J2WkdSeklEMGdZWGRoYVhRZ2NtVm1DaUFnSUNBZ0lDQWdMbkpsWVdRb2JXRjBZMmhsYzFKbGNHOXphWFJ2Y25sUWNtOTJhV1JsY2lrS0lDQWdJQ0FnSUNBdWNISmxkbWxsZDAxaGRHTm9UMlJrY3lodmNIQnZibVZ1ZEVsa09pQmZiM0J3YjI1bGJuUkpaQ3dnYVhOSWIyMWxPaUJmYVhOSWIyMWxLVHNLSUNBZ0lHbG1JQ2doYlc5MWJuUmxaQ2tnY21WMGRYSnVPd29nSUNBZ2MyVjBVM1JoZEdVb0tDa2dld29nSUNBZ0lDQmZjM1ZuWjJWemRHbHVaMDlrWkhNZ1BTQm1ZV3h6WlRzS0lDQWdJQ0FnYVdZZ0tHOWtaSE1nSVQwZ2JuVnNiQ2tnZXdvZ0lDQWdJQ0FnSUY5dlpHUnpWMmx1SUQwZ2IyUmtjeTUzYVc0N0NpQWdJQ0FnSUNBZ1gyOWtaSE5FY21GM0lEMGdiMlJrY3k1a2NtRjNPd29nSUNBZ0lDQWdJRjl2WkdSelRHOXpjeUE5SUc5a1pITXViRzl6Y3pzS0lDQWdJQ0FnZlFvZ0lDQWdmU2s3Q2lBZ2ZRb0tJQ0JBYjNabGNuSnBaR1VLSUNCMmIybGtJR2x1YVhSVGRHRjBaU2dwSUhzS0lDQWdJSE4xY0dWeUxtbHVhWFJUZEdGMFpTZ3BPd29nSUNBZ1ptbHVZV3dnYldGMFkyZ2dQU0IzYVdSblpYUXViV0YwWTJnN0NpQWdJQ0JtYVc1aGJDQjBiMjF2Y25KdmR5QTlJRVJoZEdWVWFXMWxMbTV2ZHlncExtRmtaQ2hqYjI1emRDQkVkWEpoZEdsdmJpaGtZWGx6T2lBeEtTazdDaUFnSUNCZmMyVmhjMjl1U1dRZ1BTQnRZWFJqYUQ4dWMyVmhjMjl1U1dRZ1B6OGdKeWM3Q2lBZ0lDQmZiM0J3YjI1bGJuUkpaQ0E5SUcxaGRHTm9QeTV2Y0hCdmJtVnVkRWxrSUQ4L0lDY25Pd29nSUNBZ1gydHBZMnR2Wm1aQmRDQTlJRzFoZEdOb1B5NXJhV05yYjJabVFYUWdQejhLSUNBZ0lDQWdJQ0JFWVhSbFZHbHRaU2gwYjIxdmNuSnZkeTU1WldGeUxDQjBiMjF2Y25KdmR5NXRiMjUwYUN3Z2RHOXRiM0p5YjNjdVpHRjVMQ0F5TVNrN0NpQWdJQ0JmYVhOSWIyMWxJRDBnYldGMFkyZy9MbWx6U0c5dFpTQS9QeUIwY25WbE93b2dJQ0FnWDI5a1pITlhhVzRnUFNCdFlYUmphRDh1YjJSa2MxZHBianNLSUNBZ0lGOXZaR1J6UkhKaGR5QTlJRzFoZEdOb1B5NXZaR1J6UkhKaGR6c0tJQ0FnSUY5dlpHUnpURzl6Y3lBOUlHMWhkR05vUHk1dlpHUnpURzl6Y3pzS0lDQWdJRjloWkdSeVpYTnpRMjl1ZEhKdmJHeGxjaTUwWlhoMElEMGdiV0YwWTJnL0xtRmtaSEpsYzNNZ1B6OGdKeWM3Q2lBZ0lDQXZMeUJCWkhKbGMzTmxJR1IxSUhSbGNuSmhhVzRnWkNkQlV5QkhjbWx1ZEdFc0lIQnZkWElnY0hMRHFYSmxiWEJzYVhJZ2RXNGdiV0YwWTJnZ3c2QWdaRzl0YVdOcGJHVXVDaUFnSUNCR2RYUjFjbVV1YldsamNtOTBZWE5yS0NncElHRnplVzVqSUhzS0lDQWdJQ0FnWm1sdVlXd2dhRzl0WlNBOUNpQWdJQ0FnSUNBZ0lDQmhkMkZwZENCeVpXWXVjbVZoWkNodFlYUmphR1Z6VW1Wd2IzTnBkRzl5ZVZCeWIzWnBaR1Z5S1M1bVpYUmphRU5zZFdKSWIyMWxRV1JrY21WemN5Z3BPd29nSUNBZ0lDQnBaaUFvSVcxdmRXNTBaV1FwSUhKbGRIVnlianNLSUNBZ0lDQWdjMlYwVTNSaGRHVW9LQ2tnUFQ0Z1gyTnNkV0pJYjIxbFFXUmtjbVZ6Y3lBOUlHaHZiV1VwT3dvZ0lDQWdJQ0JmY0hKbFptbHNiRUZrWkhKbGMzTW9LVHNLSUNBZ0lIMHBPd29nSUgwS0NpQWdRRzkyWlhKeWFXUmxDaUFnZG05cFpDQmthWE53YjNObEtDa2dld29nSUNBZ1gzTnhkV0ZrVTJsNlpVTnZiblJ5YjJ4c1pYSXVaR2x6Y0c5elpTZ3BPd29nSUNBZ1gyRmtaSEpsYzNORGIyNTBjbTlzYkdWeUxtUnBjM0J2YzJVb0tUc0tJQ0FnSUhOMWNHVnlMbVJwYzNCdmMyVW9LVHNLSUNCOUNnb2dJQzh2THlCUWNzT3BjbVZ0Y0d4cGRDQnNKMkZrY21WemMyVWdZWFpsWXlCalpXeHNaU0JrWlNCc0o4T3BjWFZwY0dVZ3c2QWdaRzl0YVdOcGJHVWdiY09wYlc5eWFYUERxV1VnT2lCc1pRb2dJQzh2THlCMFpYSnlZV2x1SUdRblFWTWdSM0pwYm5SaElIQnZkWElnZFc0Z2JXRjBZMmdndzZBZ1pHOXRhV05wYkdVc0lHTmxiSFZwSUdSbElHd25ZV1IyWlhKellXbHlaU0J3YjNWeUNpQWdMeTh2SUhWdUlHMWhkR05vSU1PZ0lHd25aWGgwdzZseWFXVjFjaTRnVG1VZ2RHOTFZMmhsSUhCaGN5QjFiaUJqYUdGdGNDQmt3NmxxdzZBZ2NtVnVjMlZwWjI3RHFTNEtJQ0IyYjJsa0lGOXdjbVZtYVd4c1FXUmtjbVZ6Y3lncElIc0tJQ0FnSUdsbUlDaGZZV1JrY21WemMwTnZiblJ5YjJ4c1pYSXVkR1Y0ZEM1MGNtbHRLQ2t1YVhOT2IzUkZiWEIwZVNrZ2NtVjBkWEp1T3dvZ0lDQWdVM1J5YVc1blB5QnlaVzFsYldKbGNtVmtPd29nSUNBZ2FXWWdLRjlwYzBodmJXVXBJSHNLSUNBZ0lDQWdjbVZ0WlcxaVpYSmxaQ0E5SUY5amJIVmlTRzl0WlVGa1pISmxjM003Q2lBZ0lDQjlJR1ZzYzJVZ2FXWWdLRjl2Y0hCdmJtVnVkRWxrTG1selRtOTBSVzF3ZEhrcElIc0tJQ0FnSUNBZ1ptbHVZV3dnYjNCd2IyNWxiblFnUFNCeVpXWXVjbVZoWkNodFlYUmphR1Z6UTI5dWRISnZiR3hsY2xCeWIzWnBaR1Z5S1M1dmNIQnZibVZ1ZEhNdVptbHljM1JYYUdWeVpTZ0tJQ0FnSUNBZ0lDQWdJQ0FnS0dsMFpXMHBJ
Shell: RDArSUdsMFpXMWJKMmxrSjEwdWRHOVRkSEpwYm1jb0tTQTlQU0JmYjNCd2IyNWxiblJKWkN3S0lDQWdJQ0FnSUNBZ0lDQWdiM0pGYkhObE9pQW9LU0E5UGlCamIyNXpkQ0E4VTNSeWFXNW5MQ0JrZVc1aGJXbGpQbnQ5TEFvZ0lDQWdJQ0FnSUNBZ0tUc0tJQ0FnSUNBZ2NtVnRaVzFpWlhKbFpDQTlJRzl3Y0c5dVpXNTBXeWRoWkdSeVpYTnpKMTAvTG5SdlUzUnlhVzVuS0NrdWRISnBiU2dwT3dvZ0lDQWdmUW9nSUNBZ2FXWWdLSEpsYldWdFltVnlaV1FnSVQwZ2JuVnNiQ0FtSmlCeVpXMWxiV0psY21Wa0xtbHpUbTkwUlcxd2RIa3BJSHNLSUNBZ0lDQWdYMkZrWkhKbGMzTkRiMjUwY205c2JHVnlMblJsZUhRZ1BTQnlaVzFsYldKbGNtVmtPd29nSUNBZ2ZRb2dJSDBLQ2lBZ1JuVjBkWEpsUEhadmFXUStJRjlzYjJGa1UzRjFZV1JNYVcxcGRDZ3BJR0Z6ZVc1aklIc0tJQ0FnSUdacGJtRnNJRzFoZEdOb0lEMGdkMmxrWjJWMExtMWhkR05vT3dvZ0lDQWdhV1lnS0cxaGRHTm9JRDA5SUc1MWJHd2dmSHdnWDNOeGRXRmtUR2x0YVhSTWIyRmthVzVuSUh4OElGOXpjWFZoWkV4cGJXbDBURzloWkdWa0tTQnlaWFIxY200N0NpQWdJQ0J6WlhSVGRHRjBaU2dvS1NBOVBpQmZjM0YxWVdSTWFXMXBkRXh2WVdScGJtY2dQU0IwY25WbEtUc0tJQ0FnSUhSeWVTQjdDaUFnSUNBZ0lHWnBibUZzSUd4cGJXbDBJRDBnWVhkaGFYUWdjbVZtQ2lBZ0lDQWdJQ0FnSUNBdWNtVmhaQ2h0WVhSamFHVnpVbVZ3YjNOcGRHOXllVkJ5YjNacFpHVnlLUW9nSUNBZ0lDQWdJQ0FnTG1abGRHTm9VM0J2Y25SVGNYVmhaRXhwYldsMEtHMWhkR05vTG1sa0tUc0tJQ0FnSUNBZ2FXWWdLQ0Z0YjNWdWRHVmtLU0J5WlhSMWNtNDdDaUFnSUNBZ0lGOXpjWFZoWkZOcGVtVkRiMjUwY205c2JHVnlMblJsZUhRZ1BTQnNhVzFwZEM1MGIxTjBjbWx1WnlncE93b2dJQ0FnSUNCZmMzRjFZV1JNYVcxcGRFeHZZV1JsWkNBOUlIUnlkV1U3Q2lBZ0lDQjlJR1pwYm1Gc2JIa2dld29nSUNBZ0lDQnBaaUFvYlc5MWJuUmxaQ2tnYzJWMFUzUmhkR1VvS0NrZ1BUNGdYM054ZFdGa1RHbHRhWFJNYjJGa2FXNW5JRDBnWm1Gc2MyVXBPd29nSUNBZ2ZRb2dJSDBLQ2lBZ1FHOTJaWEp5YVdSbENpQWdWMmxrWjJWMElHSjFhV3hrS0VKMWFXeGtRMjl1ZEdWNGRDQmpiMjUwWlhoMEtTQjdDaUFnSUNCbWFXNWhiQ0J6ZEdGMFpTQTlJSEpsWmk1M1lYUmphQ2h0WVhSamFHVnpRMjl1ZEhKdmJHeGxjbEJ5YjNacFpHVnlLVHNLSUNBZ0lHWnBibUZzSUhKdmJHVWdQU0J5WldZdWQyRjBZMmdvWVhWMGFFTnZiblJ5YjJ4c1pYSlFjbTkyYVdSbGNpa3VjSEp2Wm1sc1pUOHVjbTlzWlRzS0lDQWdJR1pwYm1Gc0lHTmhiazFoYm1GblpTQTlJSEp2YkdVZ1BUMGdRWFYwYUZKdmJHVXVZV1J0YVc0N0NpQWdJQ0JtYVc1aGJDQnpjRzl5ZEhORmJtRmliR1ZrSUQwZ2NtVm1MbmRoZEdOb0tITndiM0owYzAxaGJtRm5aVzFsYm5SRmJtRmliR1ZrVUhKdmRtbGtaWElwT3dvZ0lDQWdabWx1WVd3Z1ptVmhkSFZ5WlNBOUNpQWdJQ0FnSUNBZ2NtVm1MbmRoZEdOb0tHWmxZWFIxY21WR2JHRm5jME52Ym5SeWIyeHNaWEpRY205MmFXUmxjaWt1ZG1Gc2RXVlBjazUxYkd3L0xuTndiM0owYzAxaGJtRm5aVzFsYm5RN0NpQWdJQ0JtYVc1aGJDQnpaV0Z6YjI1eklEMGdkMmxrWjJWMExtMWhkR05vSUQwOUlHNTFiR3dLSUNBZ0lDQWdJQ0EvSUhOMFlYUmxMbk5sWVhOdmJuTUtJQ0FnSUNBZ0lDQWdJQ0FnTG5kb1pYSmxLQ2h6WldGemIyNHBJRDArSUhObFlYTnZibHNuYzNSaGRIVnpKMTAvTG5SdlUzUnlhVzVuS0NrZ1BUMGdKMjl3Wlc0bktRb2dJQ0FnSUNBZ0lDQWdJQ0F1ZEc5TWFYTjBLQ2tLSUNBZ0lDQWdJQ0E2SUhOMFlYUmxMbk5sWVhOdmJuTTdDaUFnSUNCbWFXNWhiQ0J2Y0hCdmJtVnVkSE1nUFNCYkxpNHVjM1JoZEdVdWIzQndiMjVsYm5SelhRb2dJQ0FnSUNBdUxuTnZjblFvS0dFc0lHSXBJRDArSUdGYkoyNWhiV1VuWFM1MGIxTjBjbWx1WnlncExtTnZiWEJoY21WVWJ5aGlXeWR1WVcxbEoxMHVkRzlUZEhKcGJtY29LU2twT3dvS0lDQWdJR2xtSUNoZmMyVmhjMjl1U1dRdWFYTkZiWEIwZVNBbUppQnpaV0Z6YjI1ekxtbHpUbTkwUlcxd2RIa3BJSHNLSUNBZ0lDQWdYM05sWVhOdmJrbGtJRDBnYzJWaGMyOXVjeTVtYVhKemRGc25hV1FuWFM1MGIxTjBjbWx1WnlncE93b2dJQ0FnZlFvZ0lDQWdhV1lnS0hOd2IzSjBjMFZ1WVdKc1pXUWdKaVlnSVY5emNYVmhaRVJsWm1GMWJIUkJjSEJzYVdWa0tTQjdDaUFnSUNBZ0lGOXpjWFZoWkVSbFptRjFiSFJCY0hCc2FXVmtJRDBnZEhKMVpUc0tJQ0FnSUNBZ2FXWWdLSGRwWkdkbGRDNXRZWFJqYUNBOVBTQnVkV3hzS1NCN0NpQWdJQ0FnSUNBZ1gzTnhkV0ZrVTJsNlpVTnZiblJ5YjJ4c1pYSXVkR1Y0ZENBOUlDaG1aV0YwZFhKbFB5NTFjM1ZoYkZOeGRXRmtVMmw2WlNBL1B5QXhOQ2t1ZEc5VGRISnBibWNvS1RzS0lDQWdJQ0FnZlNCbGJITmxJSHNLSUNBZ0lDQWdJQ0JYYVdSblpYUnpRbWx1WkdsdVp5NXBibk4wWVc1alpTNWhaR1JRYjNOMFJuSmhiV1ZEWVd4c1ltRmpheWdvWHlrZ1BUNGdYMnh2WVdSVGNYVmhaRXhwYldsMEtDa3BPd29nSUNBZ0lDQjlDaUFnSUNCOUNnb2dJQ0FnY21WMGRYSnVJRk5qWVdabWIyeGtLQW9nSUNBZ0lDQmhjSEJDWVhJNklFZHlhVzUwWVVGd2NFSmhjaWdLSUNBZ0lDQWdJQ0IwYVhSc1pUb2dWR1Y0ZENnS0lDQWdJQ0FnSUNBZ0lIZHBaR2RsZEM1dFlYUmphQ0E5UFNCdWRXeHNJRDhnSjBOeXc2bGxjaUIxYmlCdFlYUmphQ2NnT2lBblRXOWthV1pwWlhJZ2JHVWdiV0YwWTJnbkxBb2dJQ0FnSUNBZ0lDa3NDaUFnSUNBZ0lDQWdZV1J0YVc0NklIUnlkV1VzQ2lBZ0lDQWdJQ0FnWVdOMGFXOXVjem9nV3dvZ0lDQWdJQ0FnSUNBZ2FXWWdLSGRwWkdkbGRDNXRZWFJqYUNBaFBTQnVkV3hzSUNZbUlHTmhiazFoYm1GblpTa0tJQ0FnSUNBZ0lDQWdJQ0FnU1dOdmJrSjFkSFJ2YmlnS0lDQWdJQ0FnSUNBZ0lDQWdJQ0IwYjI5c2RHbHdPaUFuVTNWd2NISnBiV1Z5SUd4bElHMWhkR05vSnl3S0lDQWdJQ0FnSUNBZ0lDQWdJQ0J2YmxCeVpYTnpa
Shell: V1E2SUhOMFlYUmxMbWx6VEc5aFpHbHVaeUEvSUc1MWJHd2dPaUJmWTI5dVptbHliVVJsYkdWMFpTd0tJQ0FnSUNBZ0lDQWdJQ0FnSUNCcFkyOXVPaUJqYjI1emRDQkpZMjl1S0VsamIyNXpMbVJsYkdWMFpWOXZkWFJzYVc1bEtTd0tJQ0FnSUNBZ0lDQWdJQ0FnS1N3S0lDQWdJQ0FnSUNCZExBb2dJQ0FnSUNBcExBb2dJQ0FnSUNCaWIyUjVPaUJHYjNKdEtBb2dJQ0FnSUNBZ0lHdGxlVG9nWDJadmNtMUxaWGtzQ2lBZ0lDQWdJQ0FnWTJocGJHUTZJRXhwYzNSV2FXVjNLQW9nSUNBZ0lDQWdJQ0FnY0dGa1pHbHVaem9nWTI5dWMzUWdSV1JuWlVsdWMyVjBjeTVoYkd3b01qQXBMQW9nSUNBZ0lDQWdJQ0FnWTJocGJHUnlaVzQ2SUZzS0lDQWdJQ0FnSUNBZ0lDQWdhV1lnS0hkcFpHZGxkQzV0WVhSamFDQWhQU0J1ZFd4c0tTQXVMaTViQ2lBZ0lDQWdJQ0FnSUNBZ0lDQWdSSEp2Y0dSdmQyNUNkWFIwYjI1R2IzSnRSbWxsYkdROFUzUnlhVzVuUGlnS0lDQWdJQ0FnSUNBZ0lDQWdJQ0FnSUdsdWFYUnBZV3hXWVd4MVpUb2dYM05sWVhOdmJrbGtMbWx6Ulcxd2RIa2dQeUJ1ZFd4c0lEb2dYM05sWVhOdmJrbGtMQW9nSUNBZ0lDQWdJQ0FnSUNBZ0lDQWdaR1ZqYjNKaGRHbHZiam9nWTI5dWMzUWdTVzV3ZFhSRVpXTnZjbUYwYVc5dUtHeGhZbVZzVkdWNGREb2dKMU5oYVhOdmJpY3BMQW9nSUNBZ0lDQWdJQ0FnSUNBZ0lDQWdhWFJsYlhNNklITmxZWE52Ym5NS0lDQWdJQ0FnSUNBZ0lDQWdJQ0FnSUNBZ0lDQXViV0Z3S0FvZ0lDQWdJQ0FnSUNBZ0lDQWdJQ0FnSUNBZ0lDQWdLSE5sWVhOdmJpa2dQVDRnUkhKdmNHUnZkMjVOWlc1MVNYUmxiVHhUZEhKcGJtYytLQW9nSUNBZ0lDQWdJQ0FnSUNBZ0lDQWdJQ0FnSUNBZ0lDQjJZV3gxWlRvZ2MyVmhjMjl1V3lkcFpDZGRMblJ2VTNSeWFXNW5LQ2tzQ2lBZ0lDQWdJQ0FnSUNBZ0lDQWdJQ0FnSUNBZ0lDQWdJR05vYVd4a09pQlVaWGgwS0hObFlYTnZibHNuYm1GdFpTZGRMblJ2VTNSeWFXNW5LQ2twTEFvZ0lDQWdJQ0FnSUNBZ0lDQWdJQ0FnSUNBZ0lDQWdLU3dLSUNBZ0lDQWdJQ0FnSUNBZ0lDQWdJQ0FnSUNBcENpQWdJQ0FnSUNBZ0lDQWdJQ0FnSUNBZ0lDQWdMblJ2VEdsemRDZ3BMQW9nSUNBZ0lDQWdJQ0FnSUNBZ0lDQWdiMjVEYUdGdVoyVmtPaUFvZG1Gc2RXVXBJRDArSUhObGRGTjBZWFJsS0NncElEMCtJRjl6WldGemIyNUpaQ0E5SUhaaGJIVmxJRDgvSUNjbktTd0tJQ0FnSUNBZ0lDQWdJQ0FnSUNBZ0lIWmhiR2xrWVhSdmNqb2dLSFpoYkhWbEtTQTlQaUIyWVd4MVpTQTlQU0J1ZFd4c0lIeDhJSFpoYkhWbExtbHpSVzF3ZEhrS0lDQWdJQ0FnSUNBZ0lDQWdJQ0FnSUNBZ0lDQS9JQ2RUdzZsc1pXTjBhVzl1Ym1WNklIVnVaU0J6WVdsemIyNG5DaUFnSUNBZ0lDQWdJQ0FnSUNBZ0lDQWdJQ0FnT2lCdWRXeHNMQW9nSUNBZ0lDQWdJQ0FnSUNBZ0lDa3NDaUFnSUNBZ0lDQWdJQ0FnSUNBZ1kyOXVjM1FnVTJsNlpXUkNiM2dvYUdWcFoyaDBPaUF4TWlrc0NpQWdJQ0FnSUNBZ0lDQWdJRjBzQ2lBZ0lDQWdJQ0FnSUNBZ0lGSnZkeWdLSUNBZ0lDQWdJQ0FnSUNBZ0lDQmpjbTl6YzBGNGFYTkJiR2xuYm0xbGJuUTZJRU55YjNOelFYaHBjMEZzYVdkdWJXVnVkQzVsYm1Rc0NpQWdJQ0FnSUNBZ0lDQWdJQ0FnWTJocGJHUnlaVzQ2SUZzS0lDQWdJQ0FnSUNBZ0lDQWdJQ0FnSUVWNGNHRnVaR1ZrS0FvZ0lDQWdJQ0FnSUNBZ0lDQWdJQ0FnSUNCamFHbHNaRG9nUkhKdmNHUnZkMjVDZFhSMGIyNUdiM0p0Um1sbGJHUThVM1J5YVc1blBpZ0tJQ0FnSUNBZ0lDQWdJQ0FnSUNBZ0lDQWdJQ0JwYm1sMGFXRnNWbUZzZFdVNklGOXZjSEJ2Ym1WdWRFbGtMbWx6Ulcxd2RIa2dQeUJ1ZFd4c0lEb2dYMjl3Y0c5dVpXNTBTV1FzQ2lBZ0lDQWdJQ0FnSUNBZ0lDQWdJQ0FnSUNBZ1pHVmpiM0poZEdsdmJqb2dZMjl1YzNRZ1NXNXdkWFJFWldOdmNtRjBhVzl1S0d4aFltVnNWR1Y0ZERvZ0owRmtkbVZ5YzJGcGNtVW5LU3dLSUNBZ0lDQWdJQ0FnSUNBZ0lDQWdJQ0FnSUNCcGRHVnRjem9nYjNCd2IyNWxiblJ6Q2lBZ0lDQWdJQ0FnSUNBZ0lDQWdJQ0FnSUNBZ0lDQWdJQzV0WVhBb0NpQWdJQ0FnSUNBZ0lDQWdJQ0FnSUNBZ0lDQWdJQ0FnSUNBZ0tHOXdjRzl1Wlc1MEtTQTlQaUJFY205d1pHOTNiazFsYm5WSmRHVnRQRk4wY21sdVp6NG9DaUFnSUNBZ0lDQWdJQ0FnSUNBZ0lDQWdJQ0FnSUNBZ0lDQWdJQ0IyWVd4MVpUb2diM0J3YjI1bGJuUmJKMmxrSjEwdWRHOVRkSEpwYm1jb0tTd0tJQ0FnSUNBZ0lDQWdJQ0FnSUNBZ0lDQWdJQ0FnSUNBZ0lDQWdJR05vYVd4a09pQlVaWGgwS0c5d2NHOXVaVzUwV3lkdVlXMWxKMTB1ZEc5VGRISnBibWNvS1Nrc0NpQWdJQ0FnSUNBZ0lDQWdJQ0FnSUNBZ0lDQWdJQ0FnSUNBZ0tTd0tJQ0FnSUNBZ0lDQWdJQ0FnSUNBZ0lDQWdJQ0FnSUNBZ0tRb2dJQ0FnSUNBZ0lDQWdJQ0FnSUNBZ0lDQWdJQ0FnSUNBdWRHOU1hWE4wS0Nrc0NpQWdJQ0FnSUNBZ0lDQWdJQ0FnSUNBZ0lDQWdiMjVEYUdGdVoyVmtPaUFvZG1Gc2RXVXBJSHNLSUNBZ0lDQWdJQ0FnSUNBZ0lDQWdJQ0FnSUNBZ0lITmxkRk4wWVhSbEtDZ3BJSHNLSUNBZ0lDQWdJQ0FnSUNBZ0lDQWdJQ0FnSUNBZ0lDQWdYMjl3Y0c5dVpXNTBTV1FnUFNCMllXeDFaU0EvUHlBbkp6c0tJQ0FnSUNBZ0lDQWdJQ0FnSUNBZ0lDQWdJQ0FnSUNBZ1gzQnlaV1pwYkd4QlpHUnlaWE56S0NrN0NpQWdJQ0FnSUNBZ0lDQWdJQ0FnSUNBZ0lDQWdJQ0I5S1RzS0lDQWdJQ0FnSUNBZ0lDQWdJQ0FnSUNBZ0lDQWdJRjl6ZFdkblpYTjBUMlJrY3lncE93b2dJQ0FnSUNBZ0lDQWdJQ0FnSUNBZ0lDQWdJSDBzQ2lBZ0lDQWdJQ0FnSUNBZ0lDQWdJQ0FnSUNBZ2RtRnNhV1JoZEc5eU9pQW9kbUZzZFdVcElEMCtJSFpoYkhWbElEMDlJRzUxYkd3Z2ZId2dkbUZzZFdVdWFYTkZiWEIwZVFvZ0lDQWdJQ0FnSUNBZ0lDQWdJQ0FnSUNBZ0lDQWdJQ0EvSUNkVHc2bHNaV04wYVc5dWJtVjZJSFZ1SUdGa2RtVnljMkZwY21VbkNpQWdJQ0FnSUNBZ0lDQWdJQ0FnSUNBZ0lDQWdJQ0FnSURvZ2JuVnNiQ3dLSUNBZ0lDQWdJQ0FnSUNBZ0lDQWdJQ0FnS1N3S0lDQWdJ
Shell: Q0FnSUNBZ0lDQWdJQ0FnSUNrc0NpQWdJQ0FnSUNBZ0lDQWdJQ0FnSUNCamIyNXpkQ0JUYVhwbFpFSnZlQ2gzYVdSMGFEb2dPQ2tzQ2lBZ0lDQWdJQ0FnSUNBZ0lDQWdJQ0JKWTI5dVFuVjBkRzl1TG1acGJHeGxaRlJ2Ym1Gc0tBb2dJQ0FnSUNBZ0lDQWdJQ0FnSUNBZ0lDQjBiMjlzZEdsd09pQW5RV3B2ZFhSbGNpQjFiaUJoWkhabGNuTmhhWEpsSnl3S0lDQWdJQ0FnSUNBZ0lDQWdJQ0FnSUNBZ2IyNVFjbVZ6YzJWa09pQmZZM0psWVhSbFQzQndiMjVsYm5Rc0NpQWdJQ0FnSUNBZ0lDQWdJQ0FnSUNBZ0lHbGpiMjQ2SUdOdmJuTjBJRWxqYjI0b1NXTnZibk11WVdSa0tTd0tJQ0FnSUNBZ0lDQWdJQ0FnSUNBZ0lDa3NDaUFnSUNBZ0lDQWdJQ0FnSUNBZ1hTd0tJQ0FnSUNBZ0lDQWdJQ0FnS1N3S0lDQWdJQ0FnSUNBZ0lDQWdZMjl1YzNRZ1UybDZaV1JDYjNnb2FHVnBaMmgwT2lBeE1pa3NDaUFnSUNBZ0lDQWdJQ0FnSUV4cGMzUlVhV3hsS0FvZ0lDQWdJQ0FnSUNBZ0lDQWdJR052Ym5SbGJuUlFZV1JrYVc1bk9pQkZaR2RsU1c1elpYUnpMbnBsY204c0NpQWdJQ0FnSUNBZ0lDQWdJQ0FnZEdsMGJHVTZJR052Ym5OMElGUmxlSFFvSjBSaGRHVW5LU3dLSUNBZ0lDQWdJQ0FnSUNBZ0lDQnpkV0owYVhSc1pUb2dWR1Y0ZENoZlptOXliV0YwUkdGMFpTaGZhMmxqYTI5bVprRjBLU2tzQ2lBZ0lDQWdJQ0FnSUNBZ0lDQWdkSEpoYVd4cGJtYzZJR052Ym5OMElFbGpiMjRvU1dOdmJuTXVZMkZzWlc1a1lYSmZkRzlrWVhrcExBb2dJQ0FnSUNBZ0lDQWdJQ0FnSUc5dVZHRndPaUJmY0dsamEwUmhkR1VzQ2lBZ0lDQWdJQ0FnSUNBZ0lDa3NDaUFnSUNBZ0lDQWdJQ0FnSUV4cGMzUlVhV3hsS0FvZ0lDQWdJQ0FnSUNBZ0lDQWdJR052Ym5SbGJuUlFZV1JrYVc1bk9pQkZaR2RsU1c1elpYUnpMbnBsY204c0NpQWdJQ0FnSUNBZ0lDQWdJQ0FnZEdsMGJHVTZJR052Ym5OMElGUmxlSFFvSjBobGRYSmxKeWtzQ2lBZ0lDQWdJQ0FnSUNBZ0lDQWdjM1ZpZEdsMGJHVTZJRlJsZUhRb1gyWnZjbTFoZEZScGJXVW9YMnRwWTJ0dlptWkJkQ2twTEFvZ0lDQWdJQ0FnSUNBZ0lDQWdJSFJ5WVdsc2FXNW5PaUJqYjI1emRDQkpZMjl1S0VsamIyNXpMbk5qYUdWa2RXeGxLU3dLSUNBZ0lDQWdJQ0FnSUNBZ0lDQnZibFJoY0RvZ1gzQnBZMnRVYVcxbExBb2dJQ0FnSUNBZ0lDQWdJQ0FwTEFvZ0lDQWdJQ0FnSUNBZ0lDQmpiMjV6ZENCVGFYcGxaRUp2ZUNob1pXbG5hSFE2SURFeUtTd0tJQ0FnSUNBZ0lDQWdJQ0FnVkdWNGRFWnZjbTFHYVdWc1pDZ0tJQ0FnSUNBZ0lDQWdJQ0FnSUNCamIyNTBjbTlzYkdWeU9pQmZZV1JrY21WemMwTnZiblJ5YjJ4c1pYSXNDaUFnSUNBZ0lDQWdJQ0FnSUNBZ2RHVjRkRU5oY0dsMFlXeHBlbUYwYVc5dU9pQlVaWGgwUTJGd2FYUmhiR2w2WVhScGIyNHVkMjl5WkhNc0NpQWdJQ0FnSUNBZ0lDQWdJQ0FnYldGNFRHVnVaM1JvT2lBek1EQXNDaUFnSUNBZ0lDQWdJQ0FnSUNBZ1pHVmpiM0poZEdsdmJqb2dZMjl1YzNRZ1NXNXdkWFJFWldOdmNtRjBhVzl1S0FvZ0lDQWdJQ0FnSUNBZ0lDQWdJQ0FnYkdGaVpXeFVaWGgwT2lBblFXUnlaWE56WlNBb1ptRmpkV3gwWVhScFppa25MQW9nSUNBZ0lDQWdJQ0FnSUNBZ0lDQWdhR2x1ZEZSbGVIUTZJQ2RVWlhKeVlXbHVMQ0J5ZFdVc0lIWnBiR3hsNG9DbUp5d0tJQ0FnSUNBZ0lDQWdJQ0FnSUNBZ0lIQnlaV1pwZUVsamIyNDZJRWxqYjI0b1NXTnZibk11Y0d4aFkyVmZiM1YwYkdsdVpXUXBMQW9nSUNBZ0lDQWdJQ0FnSUNBZ0lDa3NDaUFnSUNBZ0lDQWdJQ0FnSUNrc0NpQWdJQ0FnSUNBZ0lDQWdJRU5vWldOclltOTRUR2x6ZEZScGJHVW9DaUFnSUNBZ0lDQWdJQ0FnSUNBZ1kyOXVkR1Z1ZEZCaFpHUnBibWM2SUVWa1oyVkpibk5sZEhNdWVtVnlieXdLSUNBZ0lDQWdJQ0FnSUNBZ0lDQjJZV3gxWlRvZ1gzSmxiV1Z0WW1WeVFXUmtjbVZ6YzBGelJHVm1ZWFZzZEN3S0lDQWdJQ0FnSUNBZ0lDQWdJQ0J2YmtOb1lXNW5aV1E2SUNoMllXeDFaU2tnUFQ0S0lDQWdJQ0FnSUNBZ0lDQWdJQ0FnSUNBZ2MyVjBVM1JoZEdVb0tDa2dQVDRnWDNKbGJXVnRZbVZ5UVdSa2NtVnpjMEZ6UkdWbVlYVnNkQ0E5SUhaaGJIVmxJRDgvSUdaaGJITmxLU3dLSUNBZ0lDQWdJQ0FnSUNBZ0lDQjBhWFJzWlRvZ1kyOXVjM1FnVkdWNGRDZ0tJQ0FnSUNBZ0lDQWdJQ0FnSUNBZ0lDZFZkR2xzYVhObGNpQmpaWFIwWlNCaFpISmxjM05sSUhCaGNpQmt3NmxtWVhWMElIQnZkWElnYkdWeklIQnliMk5vWVdsdWN5QnRZWFJqYUhNbkxBb2dJQ0FnSUNBZ0lDQWdJQ0FnSUNrc0NpQWdJQ0FnSUNBZ0lDQWdJQ0FnYzNWaWRHbDBiR1U2SUZSbGVIUW9DaUFnSUNBZ0lDQWdJQ0FnSUNBZ0lDQmZhWE5JYjIxbENpQWdJQ0FnSUNBZ0lDQWdJQ0FnSUNBZ0lDQWdQeUFuVFdWMElNT2dJR3B2ZFhJZ2JHVWdkR1Z5Y21GcGJpQndZWElnWk1PcFptRjFkQ0JrNG9DWlFWTWdSM0pwYm5SaExpY0tJQ0FnSUNBZ0lDQWdJQ0FnSUNBZ0lDQWdJQ0E2SUNkTlpYUWd3NkFnYW05MWNpQnNaU0IwWlhKeVlXbHVJSEJoY2lCa3c2bG1ZWFYwSUdSbElHemlnSmxoWkhabGNuTmhhWEpsTGljc0NpQWdJQ0FnSUNBZ0lDQWdJQ0FnS1N3S0lDQWdJQ0FnSUNBZ0lDQWdJQ0JqYjI1MGNtOXNRV1ptYVc1cGRIazZJRXhwYzNSVWFXeGxRMjl1ZEhKdmJFRm1abWx1YVhSNUxteGxZV1JwYm1jc0NpQWdJQ0FnSUNBZ0lDQWdJQ2tzQ2lBZ0lDQWdJQ0FnSUNBZ0lHTnZibk4wSUZOcGVtVmtRbTk0S0dobGFXZG9kRG9nTVRJcExBb2dJQ0FnSUNBZ0lDQWdJQ0JFY205d1pHOTNia0oxZEhSdmJrWnZjbTFHYVdWc1pEeGliMjlzUGlnS0lDQWdJQ0FnSUNBZ0lDQWdJQ0JwYm1sMGFXRnNWbUZzZFdVNklGOXBjMGh2YldVc0NpQWdJQ0FnSUNBZ0lDQWdJQ0FnWkdWamIzSmhkR2x2YmpvZ1kyOXVjM1FnU1c1d2RYUkVaV052Y21GMGFXOXVLR3hoWW1Wc1ZHVjRkRG9nSjB4cFpYVW5LU3dLSUNBZ0lDQWdJQ0FnSUNBZ0lDQnBkR1Z0Y3pvZ1kyOXVjM1FnV3dvZ0lDQWdJQ0FnSUNBZ0lDQWdJQ0FnUkhKdmNHUnZkMjVOWlc1MVNYUmxiU2gyWVd4MVpUb2dkSEoxWlN3Z1kyaHBi
Shell: R1E2SUZSbGVIUW9KMFJ2YldsamFXeGxKeWtwTEFvZ0lDQWdJQ0FnSUNBZ0lDQWdJQ0FnUkhKdmNHUnZkMjVOWlc1MVNYUmxiU2gyWVd4MVpUb2dabUZzYzJVc0lHTm9hV3hrT2lCVVpYaDBLQ2RGZUhURHFYSnBaWFZ5SnlrcExBb2dJQ0FnSUNBZ0lDQWdJQ0FnSUYwc0NpQWdJQ0FnSUNBZ0lDQWdJQ0FnYjI1RGFHRnVaMlZrT2lBb2RtRnNkV1VwSUhzS0lDQWdJQ0FnSUNBZ0lDQWdJQ0FnSUhObGRGTjBZWFJsS0NncElIc0tJQ0FnSUNBZ0lDQWdJQ0FnSUNBZ0lDQWdYMmx6U0c5dFpTQTlJSFpoYkhWbElEOC9JSFJ5ZFdVN0NpQWdJQ0FnSUNBZ0lDQWdJQ0FnSUNBZ0lGOXdjbVZtYVd4c1FXUmtjbVZ6Y3lncE93b2dJQ0FnSUNBZ0lDQWdJQ0FnSUNBZ2ZTazdDaUFnSUNBZ0lDQWdJQ0FnSUNBZ0lDQmZjM1ZuWjJWemRFOWtaSE1vS1RzS0lDQWdJQ0FnSUNBZ0lDQWdJQ0I5TEFvZ0lDQWdJQ0FnSUNBZ0lDQXBMQW9nSUNBZ0lDQWdJQ0FnSUNCcFppQW9jM0J2Y25SelJXNWhZbXhsWkNrZ0xpNHVXd29nSUNBZ0lDQWdJQ0FnSUNBZ0lHTnZibk4wSUZOcGVtVmtRbTk0S0dobGFXZG9kRG9nTVRJcExBb2dJQ0FnSUNBZ0lDQWdJQ0FnSUZSbGVIUkdiM0p0Um1sbGJHUW9DaUFnSUNBZ0lDQWdJQ0FnSUNBZ0lDQmpiMjUwY205c2JHVnlPaUJmYzNGMVlXUlRhWHBsUTI5dWRISnZiR3hsY2l3S0lDQWdJQ0FnSUNBZ0lDQWdJQ0FnSUdWdVlXSnNaV1E2SUNGZmMzRjFZV1JNYVcxcGRFeHZZV1JwYm1jc0NpQWdJQ0FnSUNBZ0lDQWdJQ0FnSUNCclpYbGliMkZ5WkZSNWNHVTZJRlJsZUhSSmJuQjFkRlI1Y0dVdWJuVnRZbVZ5TEFvZ0lDQWdJQ0FnSUNBZ0lDQWdJQ0FnWkdWamIzSmhkR2x2YmpvZ1NXNXdkWFJFWldOdmNtRjBhVzl1S0FvZ0lDQWdJQ0FnSUNBZ0lDQWdJQ0FnSUNCc1lXSmxiRlJsZUhRNklDZE9iMjFpY21VZ1pHVWdhbTkxWlhWeWN5QmpiMjUyYjNGMXc2bHpKeXdLSUNBZ0lDQWdJQ0FnSUNBZ0lDQWdJQ0FnYzNWbVptbDRTV052YmpvZ1gzTnhkV0ZrVEdsdGFYUk1iMkZrYVc1bkNpQWdJQ0FnSUNBZ0lDQWdJQ0FnSUNBZ0lDQWdJQ0EvSUdOdmJuTjBJRkJoWkdScGJtY29DaUFnSUNBZ0lDQWdJQ0FnSUNBZ0lDQWdJQ0FnSUNBZ0lDQWdjR0ZrWkdsdVp6b2dSV1JuWlVsdWMyVjBjeTVoYkd3b01USXBMQW9nSUNBZ0lDQWdJQ0FnSUNBZ0lDQWdJQ0FnSUNBZ0lDQWdJR05vYVd4a09pQkhjbWx1ZEdGUWNtOW5jbVZ6YzBsdVpHbGpZWFJ2Y2loemRISnZhMlZYYVdSMGFEb2dNaWtzQ2lBZ0lDQWdJQ0FnSUNBZ0lDQWdJQ0FnSUNBZ0lDQWdJQ2tLSUNBZ0lDQWdJQ0FnSUNBZ0lDQWdJQ0FnSUNBZ0lEb2diblZzYkN3S0lDQWdJQ0FnSUNBZ0lDQWdJQ0FnSUNrc0NpQWdJQ0FnSUNBZ0lDQWdJQ0FnSUNCMllXeHBaR0YwYjNJNklDaHlZWGNwSUhzS0lDQWdJQ0FnSUNBZ0lDQWdJQ0FnSUNBZ2FXWWdLQ0Z6Y0c5eWRITkZibUZpYkdWa0tTQnlaWFIxY200Z2JuVnNiRHNLSUNBZ0lDQWdJQ0FnSUNBZ0lDQWdJQ0FnWm1sdVlXd2dkbUZzZFdVZ1BTQnBiblF1ZEhKNVVHRnljMlVvY21GM1B5NTBjbWx0S0NrZ1B6OGdKeWNwT3dvZ0lDQWdJQ0FnSUNBZ0lDQWdJQ0FnSUNCcFppQW9kbUZzZFdVZ1BUMGdiblZzYkNCOGZDQjJZV3gxWlNBOElERWdmSHdnZG1Gc2RXVWdQaUF6TUNrZ2V3b2dJQ0FnSUNBZ0lDQWdJQ0FnSUNBZ0lDQWdJSEpsZEhWeWJpQW5RMmh2YVhOcGMzTmxlaUIxYmlCdWIyMWljbVVnWlc1MGNtVWdNU0JsZENBek1DYzdDaUFnSUNBZ0lDQWdJQ0FnSUNBZ0lDQWdJSDBLSUNBZ0lDQWdJQ0FnSUNBZ0lDQWdJQ0FnY21WMGRYSnVJRzUxYkd3N0NpQWdJQ0FnSUNBZ0lDQWdJQ0FnSUNCOUxBb2dJQ0FnSUNBZ0lDQWdJQ0FnSUNrc0NpQWdJQ0FnSUNBZ0lDQWdJRjBzQ2lBZ0lDQWdJQ0FnSUNBZ0lHTnZibk4wSUZOcGVtVmtRbTk0S0dobGFXZG9kRG9nTWpBcExBb2dJQ0FnSUNBZ0lDQWdJQ0JTYjNjb0NpQWdJQ0FnSUNBZ0lDQWdJQ0FnWTJocGJHUnlaVzQ2SUZzS0lDQWdJQ0FnSUNBZ0lDQWdJQ0FnSUZSbGVIUW9KME52ZEdWekp5d2djM1I1YkdVNklGUm9aVzFsTG05bUtHTnZiblJsZUhRcExuUmxlSFJVYUdWdFpTNTBhWFJzWlUxbFpHbDFiU2tzQ2lBZ0lDQWdJQ0FnSUNBZ0lDQWdJQ0JwWmlBb1gzTjFaMmRsYzNScGJtZFBaR1J6S1NBdUxpNWJDaUFnSUNBZ0lDQWdJQ0FnSUNBZ0lDQWdJR052Ym5OMElGTndZV05sY2lncExBb2dJQ0FnSUNBZ0lDQWdJQ0FnSUNBZ0lDQmpiMjV6ZENCVGFYcGxaRUp2ZUNnS0lDQWdJQ0FnSUNBZ0lDQWdJQ0FnSUNBZ0lDQjNhV1IwYURvZ01UZ3NDaUFnSUNBZ0lDQWdJQ0FnSUNBZ0lDQWdJQ0FnYUdWcFoyaDBPaUF4T0N3S0lDQWdJQ0FnSUNBZ0lDQWdJQ0FnSUNBZ0lDQmphR2xzWkRvZ1IzSnBiblJoVUhKdlozSmxjM05KYm1ScFkyRjBiM0lvYzNSeWIydGxWMmxrZEdnNklESXBMQW9nSUNBZ0lDQWdJQ0FnSUNBZ0lDQWdJQ0FwTEFvZ0lDQWdJQ0FnSUNBZ0lDQWdJQ0FnWFN3S0lDQWdJQ0FnSUNBZ0lDQWdJQ0JkTEFvZ0lDQWdJQ0FnSUNBZ0lDQXBMQW9nSUNBZ0lDQWdJQ0FnSUNCamIyNXpkQ0JUYVhwbFpFSnZlQ2hvWldsbmFIUTZJREV3S1N3S0lDQWdJQ0FnSUNBZ0lDQWdVbTkzS0FvZ0lDQWdJQ0FnSUNBZ0lDQWdJR05vYVd4a2NtVnVPaUJiQ2lBZ0lDQWdJQ0FnSUNBZ0lDQWdJQ0JGZUhCaGJtUmxaQ2dLSUNBZ0lDQWdJQ0FnSUNBZ0lDQWdJQ0FnWTJocGJHUTZJRjlQWkdSelJHbHpjR3hoZVNoc1lXSmxiRG9nSjFacFkzUnZhWEpsSnl3Z2RtRnNkV1U2SUY5dlpHUnpWMmx1S1N3S0lDQWdJQ0FnSUNBZ0lDQWdJQ0FnSUNrc0NpQWdJQ0FnSUNBZ0lDQWdJQ0FnSUNCamIyNXpkQ0JUYVhwbFpFSnZlQ2gzYVdSMGFEb2dPQ2tzQ2lBZ0lDQWdJQ0FnSUNBZ0lDQWdJQ0JGZUhCaGJtUmxaQ2dLSUNBZ0lDQWdJQ0FnSUNBZ0lDQWdJQ0FnWTJocGJHUTZJRjlQWkdSelJHbHpjR3hoZVNoc1lXSmxiRG9nSjA1MWJDY3NJSFpoYkhWbE9pQmZiMlJrYzBSeVlYY3BMQW9nSUNBZ0lDQWdJQ0FnSUNBZ0lDQWdLU3dLSUNBZ0lDQWdJQ0FnSUNBZ0lDQWdJR052Ym5OMElGTnBlbVZrUW05NEtIZHBa
Shell: SFJvT2lBNEtTd0tJQ0FnSUNBZ0lDQWdJQ0FnSUNBZ0lFVjRjR0Z1WkdWa0tBb2dJQ0FnSUNBZ0lDQWdJQ0FnSUNBZ0lDQmphR2xzWkRvZ1gwOWtaSE5FYVhOd2JHRjVLR3hoWW1Wc09pQW5STU9wWm1GcGRHVW5MQ0IyWVd4MVpUb2dYMjlrWkhOTWIzTnpLU3dLSUNBZ0lDQWdJQ0FnSUNBZ0lDQWdJQ2tzQ2lBZ0lDQWdJQ0FnSUNBZ0lDQWdYU3dLSUNBZ0lDQWdJQ0FnSUNBZ0tTd0tJQ0FnSUNBZ0lDQWdJQ0FnWTI5dWMzUWdVMmw2WldSQ2IzZ29hR1ZwWjJoME9pQXlOQ2tzQ2lBZ0lDQWdJQ0FnSUNBZ0lFWnBiR3hsWkVKMWRIUnZiaTVwWTI5dUtBb2dJQ0FnSUNBZ0lDQWdJQ0FnSUc5dVVISmxjM05sWkRvZ1kyRnVUV0Z1WVdkbElDWW1JQ0Z6ZEdGMFpTNXBjMHh2WVdScGJtY2dKaVlnSVY5emNYVmhaRXhwYldsMFRHOWhaR2x1WndvZ0lDQWdJQ0FnSUNBZ0lDQWdJQ0FnSUNBL0lGOXpkV0p0YVhRS0lDQWdJQ0FnSUNBZ0lDQWdJQ0FnSUNBZ09pQnVkV3hzTEFvZ0lDQWdJQ0FnSUNBZ0lDQWdJR2xqYjI0NklHTnZibk4wSUVsamIyNG9TV052Ym5NdWMyRjJaVjl2ZFhSc2FXNWxaQ2tzQ2lBZ0lDQWdJQ0FnSUNBZ0lDQWdiR0ZpWld3NklHTnZibk4wSUZSbGVIUW9KMFZ1Y21WbmFYTjBjbVZ5Snlrc0NpQWdJQ0FnSUNBZ0lDQWdJQ2tzQ2lBZ0lDQWdJQ0FnSUNBZ0lHbG1JQ2gzYVdSblpYUXViV0YwWTJnZ0lUMGdiblZzYkNBbUppQmpZVzVOWVc1aFoyVXBJQzR1TGxzS0lDQWdJQ0FnSUNBZ0lDQWdJQ0JqYjI1emRDQlRhWHBsWkVKdmVDaG9aV2xuYUhRNklERXlLU3dLSUNBZ0lDQWdJQ0FnSUNBZ0lDQlBkWFJzYVc1bFpFSjFkSFJ2Ymk1cFkyOXVLQW9nSUNBZ0lDQWdJQ0FnSUNBZ0lDQWdjM1I1YkdVNklFOTFkR3hwYm1Wa1FuVjBkRzl1TG5OMGVXeGxSbkp2YlNnS0lDQWdJQ0FnSUNBZ0lDQWdJQ0FnSUNBZ1ptOXlaV2R5YjNWdVpFTnZiRzl5T2lCVWFHVnRaUzV2WmloamIyNTBaWGgwS1M1amIyeHZjbE5qYUdWdFpTNWxjbkp2Y2l3S0lDQWdJQ0FnSUNBZ0lDQWdJQ0FnSUNrc0NpQWdJQ0FnSUNBZ0lDQWdJQ0FnSUNCdmJsQnlaWE56WldRNklITjBZWFJsTG1selRHOWhaR2x1WnlBL0lHNTFiR3dnT2lCZlkyOXVabWx5YlVSbGJHVjBaU3dLSUNBZ0lDQWdJQ0FnSUNBZ0lDQWdJR2xqYjI0NklHTnZibk4wSUVsamIyNG9TV052Ym5NdVpHVnNaWFJsWDJadmNtVjJaWEpmYjNWMGJHbHVaV1FwTEFvZ0lDQWdJQ0FnSUNBZ0lDQWdJQ0FnYkdGaVpXdzZJR052Ym5OMElGUmxlSFFvSjFOMWNIQnlhVzFsY2lCa3c2bG1hVzVwZEdsMlpXMWxiblFnYkdVZ2JXRjBZMmduS1N3S0lDQWdJQ0FnSUNBZ0lDQWdJQ0FwTEFvZ0lDQWdJQ0FnSUNBZ0lDQmRMQW9nSUNBZ0lDQWdJQ0FnSUNCcFppQW9jM1JoZEdVdVpYSnliM0lnSVQwZ2JuVnNiQ2tnTGk0dVd3b2dJQ0FnSUNBZ0lDQWdJQ0FnSUdOdmJuTjBJRk5wZW1Wa1FtOTRLR2hsYVdkb2REb2dNVElwTEFvZ0lDQWdJQ0FnSUNBZ0lDQWdJRlJsZUhRb0NpQWdJQ0FnSUNBZ0lDQWdJQ0FnSUNCemRHRjBaUzVsY25KdmNpRXNDaUFnSUNBZ0lDQWdJQ0FnSUNBZ0lDQnpkSGxzWlRvZ1ZHVjRkRk4wZVd4bEtHTnZiRzl5T2lCVWFHVnRaUzV2WmloamIyNTBaWGgwS1M1amIyeHZjbE5qYUdWdFpTNWxjbkp2Y2lrc0NpQWdJQ0FnSUNBZ0lDQWdJQ0FnS1N3S0lDQWdJQ0FnSUNBZ0lDQWdYU3dLSUNBZ0lDQWdJQ0FnSUYwc0NpQWdJQ0FnSUNBZ0tTd0tJQ0FnSUNBZ0tTd0tJQ0FnSUNrN0NpQWdmUW9LSUNCR2RYUjFjbVU4ZG05cFpENGdYMk55WldGMFpVOXdjRzl1Wlc1MEtDa2dZWE41Ym1NZ2V3b2dJQ0FnWm1sdVlXd2dZMjl1ZEhKdmJHeGxjaUE5SUZSbGVIUkZaR2wwYVc1blEyOXVkSEp2Ykd4bGNpZ3BPd29nSUNBZ1ptbHVZV3dnYm1GdFpTQTlJR0YzWVdsMElITm9iM2RFYVdGc2IyYzhVM1J5YVc1blBpZ0tJQ0FnSUNBZ1kyOXVkR1Y0ZERvZ1kyOXVkR1Y0ZEN3S0lDQWdJQ0FnWW5WcGJHUmxjam9nS0dScFlXeHZaME52Ym5SbGVIUXBJRDArSUVGc1pYSjBSR2xoYkc5bktBb2dJQ0FnSUNBZ0lIUnBkR3hsT2lCamIyNXpkQ0JVWlhoMEtDZE9iM1YyWld3Z1lXUjJaWEp6WVdseVpTY3BMQW9nSUNBZ0lDQWdJR052Ym5SbGJuUTZJRlJsZUhSR2FXVnNaQ2dLSUNBZ0lDQWdJQ0FnSUdOdmJuUnliMnhzWlhJNklHTnZiblJ5YjJ4c1pYSXNDaUFnSUNBZ0lDQWdJQ0JoZFhSdlptOWpkWE02SUhSeWRXVXNDaUFnSUNBZ0lDQWdJQ0JrWldOdmNtRjBhVzl1T2lCamIyNXpkQ0JKYm5CMWRFUmxZMjl5WVhScGIyNG9iR0ZpWld4VVpYaDBPaUFuVG05dEp5a3NDaUFnSUNBZ0lDQWdLU3dLSUNBZ0lDQWdJQ0JoWTNScGIyNXpPaUJiQ2lBZ0lDQWdJQ0FnSUNCVVpYaDBRblYwZEc5dUtBb2dJQ0FnSUNBZ0lDQWdJQ0J2YmxCeVpYTnpaV1E2SUNncElEMCtJRTVoZG1sbllYUnZjaTV3YjNBb1pHbGhiRzluUTI5dWRHVjRkQ2tzQ2lBZ0lDQWdJQ0FnSUNBZ0lHTm9hV3hrT2lCamIyNXpkQ0JVWlhoMEtDZEJibTUxYkdWeUp5a3NDaUFnSUNBZ0lDQWdJQ0FwTEFvZ0lDQWdJQ0FnSUNBZ1JtbHNiR1ZrUW5WMGRHOXVLQW9nSUNBZ0lDQWdJQ0FnSUNCdmJsQnlaWE56WldRNklDZ3BJRDArSUU1aGRtbG5ZWFJ2Y2k1d2IzQW9aR2xoYkc5blEyOXVkR1Y0ZEN3Z1kyOXVkSEp2Ykd4bGNpNTBaWGgwS1N3S0lDQWdJQ0FnSUNBZ0lDQWdZMmhwYkdRNklHTnZibk4wSUZSbGVIUW9KME55dzZsbGNpY3BMQW9nSUNBZ0lDQWdJQ0FnS1N3S0lDQWdJQ0FnSUNCZExBb2dJQ0FnSUNBcExBb2dJQ0FnS1RzS0lDQWdJR052Ym5SeWIyeHNaWEl1WkdsemNHOXpaU2dwT3dvZ0lDQWdhV1lnS0c1aGJXVWdQVDBnYm5Wc2JDQjhmQ0J1WVcxbExuUnlhVzBvS1M1cGMwVnRjSFI1S1NCeVpYUjFjbTQ3Q2lBZ0lDQm1hVzVoYkNCcFpDQTlJR0YzWVdsMElISmxaZ29nSUNBZ0lDQWdJQzV5WldGa0tHMWhkR05vWlhORGIyNTBjbTlzYkdWeVVISnZkbWxrWlhJdWJtOTBhV1pwWlhJcENpQWdJQ0FnSUNBZ0xtTnlaV0YwWlU5d2NHOXVaVzUwS0c1aGJXVXVkSEpwYlNncEtUc0tJQ0FnSUdsbUlDZ2hiVzkxYm5SbFpDQjhmQ0JwWkNBOVBTQnVk
Shell: V3hzS1NCeVpYUjFjbTQ3Q2lBZ0lDQnpaWFJUZEdGMFpTZ29LU0E5UGlCZmIzQndiMjVsYm5SSlpDQTlJR2xrS1RzS0lDQWdJR0YzWVdsMElGOXpkV2RuWlhOMFQyUmtjeWdwT3dvZ0lIMEtDaUFnUm5WMGRYSmxQSFp2YVdRK0lGOWpiMjVtYVhKdFJHVnNaWFJsS0NrZ1lYTjVibU1nZXdvZ0lDQWdabWx1WVd3Z2JXRjBZMmdnUFNCM2FXUm5aWFF1YldGMFkyZzdDaUFnSUNCcFppQW9iV0YwWTJnZ1BUMGdiblZzYkNrZ2NtVjBkWEp1T3dvZ0lDQWdabWx1WVd3Z1kyOXVabWx5YldWa0lEMGdZWGRoYVhRZ2MyaHZkMFJwWVd4dlp6eGliMjlzUGlnS0lDQWdJQ0FnSUNBZ0lHTnZiblJsZUhRNklHTnZiblJsZUhRc0NpQWdJQ0FnSUNBZ0lDQmlkV2xzWkdWeU9pQW9aR2xoYkc5blEyOXVkR1Y0ZENrZ1BUNGdRV3hsY25SRWFXRnNiMmNvQ2lBZ0lDQWdJQ0FnSUNBZ0lIUnBkR3hsT2lCamIyNXpkQ0JVWlhoMEtDZFRkWEJ3Y21sdFpYSWdZMlVnYldGMFkyZ2dQeWNwTEFvZ0lDQWdJQ0FnSUNBZ0lDQmpiMjUwWlc1ME9pQmpiMjV6ZENCVVpYaDBLQW9nSUNBZ0lDQWdJQ0FnSUNBZ0lDZERaWFIwWlNCaFkzUnBiMjRnYzNWd2NISnBiV1VnWVhWemMya2djMlZ6SUdOdmRHVnpJR1YwSUhObGN5QndjbTl1YjNOMGFXTnpMaUJGYkd4bElHVnpkQ0JwY25MRHFYWmxjbk5wWW14bExpY3NDaUFnSUNBZ0lDQWdJQ0FnSUNrc0NpQWdJQ0FnSUNBZ0lDQWdJR0ZqZEdsdmJuTTZJRnNLSUNBZ0lDQWdJQ0FnSUNBZ0lDQlVaWGgwUW5WMGRHOXVLQW9nSUNBZ0lDQWdJQ0FnSUNBZ0lDQWdiMjVRY21WemMyVmtPaUFvS1NBOVBpQk9ZWFpwWjJGMGIzSXVjRzl3S0dScFlXeHZaME52Ym5SbGVIUXNJR1poYkhObEtTd0tJQ0FnSUNBZ0lDQWdJQ0FnSUNBZ0lHTm9hV3hrT2lCamIyNXpkQ0JVWlhoMEtDZEJibTUxYkdWeUp5a3NDaUFnSUNBZ0lDQWdJQ0FnSUNBZ0tTd0tJQ0FnSUNBZ0lDQWdJQ0FnSUNCR2FXeHNaV1JDZFhSMGIyNG9DaUFnSUNBZ0lDQWdJQ0FnSUNBZ0lDQnZibEJ5WlhOelpXUTZJQ2dwSUQwK0lFNWhkbWxuWVhSdmNpNXdiM0FvWkdsaGJHOW5RMjl1ZEdWNGRDd2dkSEoxWlNrc0NpQWdJQ0FnSUNBZ0lDQWdJQ0FnSUNCamFHbHNaRG9nWTI5dWMzUWdWR1Y0ZENnblUzVndjSEpwYldWeUp5a3NDaUFnSUNBZ0lDQWdJQ0FnSUNBZ0tTd0tJQ0FnSUNBZ0lDQWdJQ0FnWFN3S0lDQWdJQ0FnSUNBZ0lDa3NDaUFnSUNBZ0lDQWdLU0EvUHdvZ0lDQWdJQ0FnSUdaaGJITmxPd29nSUNBZ2FXWWdLQ0ZqYjI1bWFYSnRaV1FwSUhKbGRIVnlianNLSUNBZ0lHRjNZV2wwSUhKbFppNXlaV0ZrS0cxaGRHTm9aWE5EYjI1MGNtOXNiR1Z5VUhKdmRtbGtaWEl1Ym05MGFXWnBaWElwTG1SbGJHVjBaVTFoZEdOb0tHMWhkR05vTG1sa0tUc0tJQ0FnSUdsbUlDZ2hiVzkxYm5SbFpDa2djbVYwZFhKdU93b2dJQ0FnYVdZZ0tISmxaaTV5WldGa0tHMWhkR05vWlhORGIyNTBjbTlzYkdWeVVISnZkbWxrWlhJcExtVnljbTl5SUQwOUlHNTFiR3dwSUhzS0lDQWdJQ0FnVG1GMmFXZGhkRzl5TG5CdmNDaGpiMjUwWlhoMEtUc0tJQ0FnSUgwS0lDQjlDZ29nSUVaMWRIVnlaVHgyYjJsa1BpQmZjR2xqYTBSaGRHVW9LU0JoYzNsdVl5QjdDaUFnSUNCbWFXNWhiQ0JrWVhSbElEMGdZWGRoYVhRZ2MyaHZkMFJoZEdWUWFXTnJaWElvQ2lBZ0lDQWdJR052Ym5SbGVIUTZJR052Ym5SbGVIUXNDaUFnSUNBZ0lHbHVhWFJwWVd4RVlYUmxPaUJmYTJsamEyOW1aa0YwTEFvZ0lDQWdJQ0JtYVhKemRFUmhkR1U2SUVSaGRHVlVhVzFsTG01dmR5Z3BMbk4xWW5SeVlXTjBLR052Ym5OMElFUjFjbUYwYVc5dUtHUmhlWE02SURNMk5UQXBLU3dLSUNBZ0lDQWdiR0Z6ZEVSaGRHVTZJRVJoZEdWVWFXMWxMbTV2ZHlncExtRmtaQ2hqYjI1emRDQkVkWEpoZEdsdmJpaGtZWGx6T2lBek5qVXdLU2tzQ2lBZ0lDQXBPd29nSUNBZ2FXWWdLR1JoZEdVZ1BUMGdiblZzYkNrZ2NtVjBkWEp1T3dvZ0lDQWdjMlYwVTNSaGRHVW9LQ2tnZXdvZ0lDQWdJQ0JmYTJsamEyOW1aa0YwSUQwZ1JHRjBaVlJwYldVb0NpQWdJQ0FnSUNBZ1pHRjBaUzU1WldGeUxBb2dJQ0FnSUNBZ0lHUmhkR1V1Ylc5dWRHZ3NDaUFnSUNBZ0lDQWdaR0YwWlM1a1lYa3NDaUFnSUNBZ0lDQWdYMnRwWTJ0dlptWkJkQzVvYjNWeUxBb2dJQ0FnSUNBZ0lGOXJhV05yYjJabVFYUXViV2x1ZFhSbExBb2dJQ0FnSUNBcE93b2dJQ0FnZlNrN0NpQWdmUW9LSUNCR2RYUjFjbVU4ZG05cFpENGdYM0JwWTJ0VWFXMWxLQ2tnWVhONWJtTWdld29nSUNBZ1ptbHVZV3dnZEdsdFpTQTlJR0YzWVdsMElITm9iM2RVYVcxbFVHbGphMlZ5S0FvZ0lDQWdJQ0JqYjI1MFpYaDBPaUJqYjI1MFpYaDBMQW9nSUNBZ0lDQnBibWwwYVdGc1ZHbHRaVG9nVkdsdFpVOW1SR0Y1TG1aeWIyMUVZWFJsVkdsdFpTaGZhMmxqYTI5bVprRjBLU3dLSUNBZ0lDQWdZblZwYkdSbGNqb2dLR052Ym5SbGVIUXNJR05vYVd4a0tTQTlQaUJOWldScFlWRjFaWEo1S0FvZ0lDQWdJQ0FnSUdSaGRHRTZJRTFsWkdsaFVYVmxjbmt1YjJZb1kyOXVkR1Y0ZENrdVkyOXdlVmRwZEdnb1lXeDNZWGx6VlhObE1qUkliM1Z5Um05eWJXRjBPaUIwY25WbEtTd0tJQ0FnSUNBZ0lDQmphR2xzWkRvZ1kyaHBiR1FoTEFvZ0lDQWdJQ0FwTEFvZ0lDQWdLVHNLSUNBZ0lHbG1JQ2gwYVcxbElEMDlJRzUxYkd3cElISmxkSFZ5YmpzS0lDQWdJSE5sZEZOMFlYUmxLQ2dwSUhzS0lDQWdJQ0FnWDJ0cFkydHZabVpCZENBOUlFUmhkR1ZVYVcxbEtBb2dJQ0FnSUNBZ0lGOXJhV05yYjJabVFYUXVlV1ZoY2l3S0lDQWdJQ0FnSUNCZmEybGphMjltWmtGMExtMXZiblJvTEFvZ0lDQWdJQ0FnSUY5cmFXTnJiMlptUVhRdVpHRjVMQW9nSUNBZ0lDQWdJSFJwYldVdWFHOTFjaXdLSUNBZ0lDQWdJQ0IwYVcxbExtMXBiblYwWlN3S0lDQWdJQ0FnS1RzS0lDQWdJSDBwT3dvZ0lIMEtDaUFnUm5WMGRYSmxQSFp2YVdRK0lGOXpkV0p0YVhRb0tTQmhjM2x1WXlCN0NpQWdJQ0JwWmlBb1gzTmxZWE52Ymtsa0xtbHpSVzF3ZEhrcElIc0tJQ0FnSUNBZ1UyTmhabVp2YkdSTlpYTnpaVzVuWlhJdWIyWW9ZMjl1ZEdWNGRDa3Vj
Shell: Mmh2ZDFOdVlXTnJRbUZ5S0FvZ0lDQWdJQ0FnSUdOdmJuTjBJRk51WVdOclFtRnlLR052Ym5SbGJuUTZJRlJsZUhRb0owRjFZM1Z1WlNCellXbHpiMjRnYjNWMlpYSjBaU0JrYVhOd2IyNXBZbXhsTGljcEtTd0tJQ0FnSUNBZ0tUc0tJQ0FnSUNBZ2NtVjBkWEp1T3dvZ0lDQWdmUW9nSUNBZ2FXWWdLQ0ZmWm05eWJVdGxlUzVqZFhKeVpXNTBVM1JoZEdVaExuWmhiR2xrWVhSbEtDa3BJSEpsZEhWeWJqc0tJQ0FnSUdacGJtRnNJRzlrWkhOWGFXNGdQU0JmYjJSa2MxZHBianNLSUNBZ0lHWnBibUZzSUc5a1pITkVjbUYzSUQwZ1gyOWtaSE5FY21GM093b2dJQ0FnWm1sdVlXd2diMlJrYzB4dmMzTWdQU0JmYjJSa2MweHZjM003Q2lBZ0lDQnBaaUFvYjJSa2MxZHBiaUE5UFNCdWRXeHNJSHg4SUc5a1pITkVjbUYzSUQwOUlHNTFiR3dnZkh3Z2IyUmtjMHh2YzNNZ1BUMGdiblZzYkNrZ2V3b2dJQ0FnSUNCVFkyRm1abTlzWkUxbGMzTmxibWRsY2k1dlppaGpiMjUwWlhoMEtTNXphRzkzVTI1aFkydENZWElvQ2lBZ0lDQWdJQ0FnWTI5dWMzUWdVMjVoWTJ0Q1lYSW9DaUFnSUNBZ0lDQWdJQ0JqYjI1MFpXNTBPaUJVWlhoMEtDZFR3NmxzWldOMGFXOXVibVVnZFc0Z1lXUjJaWEp6WVdseVpTQndiM1Z5SUdOaGJHTjFiR1Z5SUd4bGN5QmpiM1JsY3k0bktTd0tJQ0FnSUNBZ0lDQXBMQW9nSUNBZ0lDQXBPd29nSUNBZ0lDQnlaWFIxY200N0NpQWdJQ0I5Q2lBZ0lDQm1hVzVoYkNCemNHOXlkSE5GYm1GaWJHVmtJRDBnY21WbUxuSmxZV1FvYzNCdmNuUnpUV0Z1WVdkbGJXVnVkRVZ1WVdKc1pXUlFjbTkyYVdSbGNpazdDaUFnSUNCbWFXNWhiQ0J6Y1hWaFpGTnBlbVZNYVcxcGRDQTlDaUFnSUNBZ0lDQWdjM0J2Y25SelJXNWhZbXhsWkNBL0lHbHVkQzV3WVhKelpTaGZjM0YxWVdSVGFYcGxRMjl1ZEhKdmJHeGxjaTUwWlhoMExuUnlhVzBvS1NrZ09pQnVkV3hzT3dvZ0lDQWdabWx1WVd3Z2JtOTBhV1pwWlhJZ1BTQnlaV1l1Y21WaFpDaHRZWFJqYUdWelEyOXVkSEp2Ykd4bGNsQnliM1pwWkdWeUxtNXZkR2xtYVdWeUtUc0tJQ0FnSUdacGJtRnNJR0ZrWkhKbGMzTWdQU0JmWVdSa2NtVnpjME52Ym5SeWIyeHNaWEl1ZEdWNGRDNTBjbWx0S0NrN0NpQWdJQ0JwWmlBb2QybGtaMlYwTG0xaGRHTm9JRDA5SUc1MWJHd3BJSHNLSUNBZ0lDQWdZWGRoYVhRZ2JtOTBhV1pwWlhJdVkzSmxZWFJsVFdGMFkyZ29DaUFnSUNBZ0lDQWdjMlZoYzI5dVNXUTZJRjl6WldGemIyNUpaQ3dLSUNBZ0lDQWdJQ0J2Y0hCdmJtVnVkRWxrT2lCZmIzQndiMjVsYm5SSlpDd0tJQ0FnSUNBZ0lDQnJhV05yYjJabVFYUTZJRjlyYVdOcmIyWm1RWFFzQ2lBZ0lDQWdJQ0FnYVhOSWIyMWxPaUJmYVhOSWIyMWxMQW9nSUNBZ0lDQWdJRzlrWkhOWGFXNDZJRzlrWkhOWGFXNHNDaUFnSUNBZ0lDQWdiMlJrYzBSeVlYYzZJRzlrWkhORWNtRjNMQW9nSUNBZ0lDQWdJRzlrWkhOTWIzTnpPaUJ2WkdSelRHOXpjeXdLSUNBZ0lDQWdJQ0J6Y1hWaFpGTnBlbVZNYVcxcGREb2djM0YxWVdSVGFYcGxUR2x0YVhRc0NpQWdJQ0FnSUNBZ1lXUmtjbVZ6Y3pvZ1lXUmtjbVZ6Y3k1cGMwVnRjSFI1SUQ4Z2JuVnNiQ0E2SUdGa1pISmxjM01zQ2lBZ0lDQWdJQ0FnY21WdFpXMWlaWEpCWkdSeVpYTnpRWE5FWldaaGRXeDBPaUJmY21WdFpXMWlaWEpCWkdSeVpYTnpRWE5FWldaaGRXeDBMQW9nSUNBZ0lDQXBPd29nSUNBZ2ZTQmxiSE5sSUhzS0lDQWdJQ0FnWVhkaGFYUWdibTkwYVdacFpYSXVkWEJrWVhSbFRXRjBZMmdvQ2lBZ0lDQWdJQ0FnYVdRNklIZHBaR2RsZEM1dFlYUmphQ0V1YVdRc0NpQWdJQ0FnSUNBZ2MyVmhjMjl1U1dRNklGOXpaV0Z6YjI1SlpDd0tJQ0FnSUNBZ0lDQnZjSEJ2Ym1WdWRFbGtPaUJmYjNCd2IyNWxiblJKWkN3S0lDQWdJQ0FnSUNCcmFXTnJiMlptUVhRNklGOXJhV05yYjJabVFYUXNDaUFnSUNBZ0lDQWdhWE5JYjIxbE9pQmZhWE5JYjIxbExBb2dJQ0FnSUNBZ0lITjBZWFIxY3pvZ2QybGtaMlYwTG0xaGRHTm9JUzV6ZEdGMGRYTXNDaUFnSUNBZ0lDQWdiMlJrYzFkcGJqb2diMlJrYzFkcGJpd0tJQ0FnSUNBZ0lDQnZaR1J6UkhKaGR6b2diMlJrYzBSeVlYY3NDaUFnSUNBZ0lDQWdiMlJrYzB4dmMzTTZJRzlrWkhOTWIzTnpMQW9nSUNBZ0lDQWdJSE54ZFdGa1UybDZaVXhwYldsME9pQnpjWFZoWkZOcGVtVk1hVzFwZEN3S0lDQWdJQ0FnSUNCaFpHUnlaWE56T2lCaFpHUnlaWE56TG1selJXMXdkSGtnUHlCdWRXeHNJRG9nWVdSa2NtVnpjeXdLSUNBZ0lDQWdJQ0J5WlcxbGJXSmxja0ZrWkhKbGMzTkJjMFJsWm1GMWJIUTZJRjl5WlcxbGJXSmxja0ZrWkhKbGMzTkJjMFJsWm1GMWJIUXNDaUFnSUNBZ0lDazdDaUFnSUNCOUNpQWdJQ0JwWmlBb0lXMXZkVzUwWldRcElISmxkSFZ5YmpzS0lDQWdJR2xtSUNoeVpXWXVjbVZoWkNodFlYUmphR1Z6UTI5dWRISnZiR3hsY2xCeWIzWnBaR1Z5S1M1bGNuSnZjaUE5UFNCdWRXeHNLU0I3Q2lBZ0lDQWdJRTVoZG1sbllYUnZjaTV3YjNBb1kyOXVkR1Y0ZENrN0NpQWdJQ0I5Q2lBZ2ZRb0tJQ0JUZEhKcGJtY2dYMlp2Y20xaGRFUmhkR1VvUkdGMFpWUnBiV1VnZG1Gc2RXVXBJRDArQ2lBZ0lDQWdJQ2NrZTNaaGJIVmxMbVJoZVM1MGIxTjBjbWx1WnlncExuQmhaRXhsWm5Rb01pd2dKekFuS1gwdkp3b2dJQ0FnSUNBbkpIdDJZV3gxWlM1dGIyNTBhQzUwYjFOMGNtbHVaeWdwTG5CaFpFeGxablFvTWl3Z0p6QW5LWDB2Skh0MllXeDFaUzU1WldGeWZTYzdDZ29nSUZOMGNtbHVaeUJmWm05eWJXRjBWR2x0WlNoRVlYUmxWR2x0WlNCMllXeDFaU2tnUFQ0S0lDQWdJQ0FnSnlSN2RtRnNkV1V1YUc5MWNpNTBiMU4wY21sdVp5Z3BMbkJoWkV4bFpuUW9NaXdnSnpBbktYMDZKd29nSUNBZ0lDQW5KSHQyWVd4MVpTNXRhVzUxZEdVdWRHOVRkSEpwYm1jb0tTNXdZV1JNWldaMEtESXNJQ2N3SnlsOUp6c0tmUW9LWTJ4aGMzTWdYMDlrWkhORWFYTndiR0Y1SUdWNGRHVnVaSE1nVTNSaGRHVnNaWE56VjJsa1oyVjBJSHNLSUNCamIyNXpkQ0JmVDJSa2MwUnBjM0JzWVhrb2UzSmxjWFZwY21Wa0lIUm9hWE11YkdGaVpXd3NJSEpsY1hWcGNtVmtJ
Shell: SFJvYVhNdWRtRnNkV1Y5S1RzS0NpQWdabWx1WVd3Z1UzUnlhVzVuSUd4aFltVnNPd29nSUdacGJtRnNJR1J2ZFdKc1pUOGdkbUZzZFdVN0Nnb2dJRUJ2ZG1WeWNtbGtaUW9nSUZkcFpHZGxkQ0JpZFdsc1pDaENkV2xzWkVOdmJuUmxlSFFnWTI5dWRHVjRkQ2tnZXdvZ0lDQWdjbVYwZFhKdUlFTnZiblJoYVc1bGNpZ0tJQ0FnSUNBZ2NHRmtaR2x1WnpvZ1kyOXVjM1FnUldSblpVbHVjMlYwY3k1emVXMXRaWFJ5YVdNb2FHOXlhWHB2Ym5SaGJEb2dNVEFzSUhabGNuUnBZMkZzT2lBeE5Da3NDaUFnSUNBZ0lHUmxZMjl5WVhScGIyNDZJRUp2ZUVSbFkyOXlZWFJwYjI0b0NpQWdJQ0FnSUNBZ1ltOXlaR1Z5T2lCQ2IzSmtaWEl1WVd4c0tHTnZiRzl5T2lCVWFHVnRaUzV2WmloamIyNTBaWGgwS1M1amIyeHZjbE5qYUdWdFpTNXZkWFJzYVc1bFZtRnlhV0Z1ZENrc0NpQWdJQ0FnSUNBZ1ltOXlaR1Z5VW1Ga2FYVnpPaUJDYjNKa1pYSlNZV1JwZFhNdVkybHlZM1ZzWVhJb01UUXBMQW9nSUNBZ0lDQXBMQW9nSUNBZ0lDQmphR2xzWkRvZ1EyOXNkVzF1S0FvZ0lDQWdJQ0FnSUdOb2FXeGtjbVZ1T2lCYkNpQWdJQ0FnSUNBZ0lDQlVaWGgwS0FvZ0lDQWdJQ0FnSUNBZ0lDQnNZV0psYkN3S0lDQWdJQ0FnSUNBZ0lDQWdiV0Y0VEdsdVpYTTZJREVzQ2lBZ0lDQWdJQ0FnSUNBZ0lHOTJaWEptYkc5M09pQlVaWGgwVDNabGNtWnNiM2N1Wld4c2FYQnphWE1zQ2lBZ0lDQWdJQ0FnSUNBZ0lITjBlV3hsT2lCVWFHVnRaUzV2WmloamIyNTBaWGgwS1M1MFpYaDBWR2hsYldVdVltOWtlVk50WVd4c0xBb2dJQ0FnSUNBZ0lDQWdLU3dLSUNBZ0lDQWdJQ0FnSUdOdmJuTjBJRk5wZW1Wa1FtOTRLR2hsYVdkb2REb2dOQ2tzQ2lBZ0lDQWdJQ0FnSUNCVVpYaDBLQW9nSUNBZ0lDQWdJQ0FnSUNCMllXeDFaU0E5UFNCdWRXeHNJRDhnSitLQWxDY2dPaUJCY0hCR2IzSnRZWFJ6TG05a1pITW9kbUZzZFdVaEtTd0tJQ0FnSUNBZ0lDQWdJQ0FnYzNSNWJHVTZJRlJvWlcxbExtOW1LR052Ym5SbGVIUXBMblJsZUhSVWFHVnRaUzUwYVhSc1pVMWxaR2wxYlN3S0lDQWdJQ0FnSUNBZ0lDa3NDaUFnSUNBZ0lDQWdYU3dLSUNBZ0lDQWdLU3dLSUNBZ0lDazdDaUFnZlFwOUNnPT0iLCJsaWIvZmVhdHVyZXMvbWF0Y2hlcy9wcmVzZW50YXRpb24vbWF0Y2hlc19wYWdlLmRhcnQiOiJhVzF3YjNKMElDZHdZV05yWVdkbE9tRnpYMmR5YVc1MFlTOWpiM0psTDNkcFpHZGxkSE12WjNKcGJuUmhYMkZ3Y0Y5aVlYSXVaR0Z5ZENjN0NtbHRjRzl5ZENBbmNHRmphMkZuWlRwaGMxOW5jbWx1ZEdFdlkyOXlaUzkzYVdSblpYUnpMMmR5YVc1MFlWOWxiWEIwZVY5emRHRjBaUzVrWVhKMEp6c0thVzF3YjNKMElDZHdZV05yWVdkbE9tRnpYMmR5YVc1MFlTOW1aV0YwZFhKbGN5OWhkWFJvTDNCeVpYTmxiblJoZEdsdmJpOWhkWFJvWDNOMFlYUmxMbVJoY25Rbk93cHBiWEJ2Y25RZ0ozQmhZMnRoWjJVNllYTmZaM0pwYm5SaEwyWmxZWFIxY21WekwyMWhkR05vWlhNdlpHOXRZV2x1TDIxaGRHTm9YMjF2WkdWc0xtUmhjblFuT3dwcGJYQnZjblFnSjNCaFkydGhaMlU2WVhOZlozSnBiblJoTDJabFlYUjFjbVZ6TDIxaGRHTm9aWE12Y0hKbGMyVnVkR0YwYVc5dUwyMWhkR05vWDJadmNtMWZjR0ZuWlM1a1lYSjBKenNLYVcxd2IzSjBJQ2R3WVdOcllXZGxPbUZ6WDJkeWFXNTBZUzltWldGMGRYSmxjeTl0WVhSamFHVnpMM0J5WlhObGJuUmhkR2x2Ymk5dFlYUmphR1Z6WDJOdmJuUnliMnhzWlhJdVpHRnlkQ2M3Q21sdGNHOXlkQ0FuY0dGamEyRm5aVHBtYkhWMGRHVnlMMjFoZEdWeWFXRnNMbVJoY25Rbk93cHBiWEJ2Y25RZ0ozQmhZMnRoWjJVNlpteDFkSFJsY2w5eWFYWmxjbkJ2WkM5bWJIVjBkR1Z5WDNKcGRtVnljRzlrTG1SaGNuUW5Pd3BwYlhCdmNuUWdKM0JoWTJ0aFoyVTZaMjlmY205MWRHVnlMMmR2WDNKdmRYUmxjaTVrWVhKMEp6c0thVzF3YjNKMElDZHdZV05yWVdkbE9tRnpYMmR5YVc1MFlTOWpiM0psTDNkcFpHZGxkSE12WjNKcGJuUmhYMnh2WVdSbGNpNWtZWEowSnpzS0NtTnNZWE56SUUxaGRHTm9aWE5RWVdkbElHVjRkR1Z1WkhNZ1EyOXVjM1Z0WlhKVGRHRjBaV1oxYkZkcFpHZGxkQ0I3Q2lBZ1kyOXVjM1FnVFdGMFkyaGxjMUJoWjJVb2UzTjFjR1Z5TG10bGVYMHBPd29LSUNCQWIzWmxjbkpwWkdVS0lDQkRiMjV6ZFcxbGNsTjBZWFJsUEUxaGRHTm9aWE5RWVdkbFBpQmpjbVZoZEdWVGRHRjBaU2dwSUQwK0lGOU5ZWFJqYUdWelVHRm5aVk4wWVhSbEtDazdDbjBLQ21Oc1lYTnpJRjlOWVhSamFHVnpVR0ZuWlZOMFlYUmxJR1Y0ZEdWdVpITWdRMjl1YzNWdFpYSlRkR0YwWlR4TllYUmphR1Z6VUdGblpUNGdld29nSUdacGJtRnNJRjl6WTNKdmJHeERiMjUwY205c2JHVnlJRDBnVTJOeWIyeHNRMjl1ZEhKdmJHeGxjaWdwT3dvZ0lHWnBibUZzSUY5dVpYaDBUV0YwWTJoTFpYa2dQU0JIYkc5aVlXeExaWGtvS1RzS0NpQWdMeTh2SUVSbGNtNXBaWElnYldGMFkyZ2djM1Z5SUd4bGNYVmxiQ0JzWVNCd1lXZGxJSE1uWlhOMElIQnZjMmwwYVc5dWJzT3BaU0FvdzZsMmFYUmxJR1JsSUhKbExYTmpjbTlzYkdWeUNpQWdMeTh2SU1PZ0lHTm9ZWEYxWlNCeVlXWnlZY091WTJocGMzTmxiV1Z1ZENrdUNpQWdVM1J5YVc1blB5QmZZVzVqYUc5eVpXUk5ZWFJqYUVsa093b0tJQ0JBYjNabGNuSnBaR1VLSUNCMmIybGtJR2x1YVhSVGRHRjBaU2dwSUhzS0lDQWdJSE4xY0dWeUxtbHVhWFJUZEdGMFpTZ3BPd29nSUNBZ1JuVjBkWEpsTG0xcFkzSnZkR0Z6YXlnb0tTQTlQaUJ5WldZdWNtVmhaQ2h0WVhSamFHVnpRMjl1ZEhKdmJHeGxjbEJ5YjNacFpHVnlMbTV2ZEdsbWFXVnlLUzVzYjJGa0tDa3BPd29nSUgwS0NpQWdRRzkyWlhKeWFXUmxDaUFnZG05cFpDQmthWE53YjNObEtDa2dld29nSUNBZ1gzTmpjbTlzYkVOdmJuUnliMnhzWlhJdVpHbHpjRzl6WlNncE93b2dJQ0FnYzNWd1pYSXVaR2x6Y0c5elpTZ3BPd29nSUgwS0NpQWdRRzkyWlhKeWFXUmxDaUFnVjJsa1oyVjBJR0oxYVd4a0tFSjFhV3hrUTI5dWRHVjRkQ0JqYjI1MFpYaDBLU0I3Q2lBZ0lDQm1hVzVoYkNCemRHRjBaU0E5
Shell: SUhKbFppNTNZWFJqYUNodFlYUmphR1Z6UTI5dWRISnZiR3hsY2xCeWIzWnBaR1Z5S1RzS0lDQWdJR1pwYm1Gc0lHbHpRV1J0YVc0Z1BTQnlaV1l1ZDJGMFkyZ29hWE5CWkcxcGJsWnBaWGRRY205MmFXUmxjaWs3Q2dvZ0lDQWdMeThnVDNKa2NtVWdZMmh5YjI1dmJHOW5hWEYxWlNBNklIQnl3NmxqdzZsa1pXNTBjeUJsYmlCb1lYVjBMQ0J3Y205amFHRnBibk1nWlc0Z1ltRnpMZ29nSUNBZ1ptbHVZV3dnYldGMFkyaGxjeUE5SUZzdUxpNXpkR0YwWlM1dFlYUmphR1Z6WFFvZ0lDQWdJQ0F1TG5OdmNuUW9LR0VzSUdJcElEMCtJR0V1YTJsamEyOW1aa0YwTG1OdmJYQmhjbVZVYnloaUxtdHBZMnR2Wm1aQmRDa3BPd29LSUNBZ0lDOHZJRU5wWW14bElHUW5iM1YyWlhKMGRYSmxJRG9nYkdVZ2NISnZZMmhoYVc0Z2JXRjBZMmdndzZBZ2RtVnVhWElnS0d4bElIQnNkWE1nY0hKdlkyaGxLU3dnYzJsdWIyNGdiR1VLSUNBZ0lDOHZJR1JsY201cFpYSWdiV0YwWTJnZ0tHeGxJSEJzZFhNZ2NzT3BZMlZ1ZENrZ1pXNGdZbUZ6TGdvZ0lDQWdUV0YwWTJoTmIyUmxiRDhnZEdGeVoyVjBPd29nSUNBZ1ptOXlJQ2htYVc1aGJDQnRZWFJqYUNCcGJpQnRZWFJqYUdWektTQjdDaUFnSUNBZ0lHbG1JQ2doYldGMFkyZ3VhWE5HYVc1cGMyaGxaQ2tnZXdvZ0lDQWdJQ0FnSUhSaGNtZGxkQ0E5SUcxaGRHTm9Pd29nSUNBZ0lDQWdJR0p5WldGck93b2dJQ0FnSUNCOUNpQWdJQ0I5Q2lBZ0lDQjBZWEpuWlhRZ1B6ODlJRzFoZEdOb1pYTXVhWE5PYjNSRmJYQjBlU0EvSUcxaGRHTm9aWE11YkdGemRDQTZJRzUxYkd3N0Nnb2dJQ0FnYVdZZ0tDRnpkR0YwWlM1cGMweHZZV1JwYm1jZ0ppWWdkR0Z5WjJWMElDRTlJRzUxYkd3Z0ppWWdkR0Z5WjJWMExtbGtJQ0U5SUY5aGJtTm9iM0psWkUxaGRHTm9TV1FwSUhzS0lDQWdJQ0FnWm1sdVlXd2dkR0Z5WjJWMFNXUWdQU0IwWVhKblpYUXVhV1E3Q2lBZ0lDQWdJRmRwWkdkbGRITkNhVzVrYVc1bkxtbHVjM1JoYm1ObExtRmtaRkJ2YzNSR2NtRnRaVU5oYkd4aVlXTnJLQ2hmS1NCN0NpQWdJQ0FnSUNBZ1ptbHVZV3dnZEdGeVoyVjBRMjl1ZEdWNGRDQTlJRjl1WlhoMFRXRjBZMmhMWlhrdVkzVnljbVZ1ZEVOdmJuUmxlSFE3Q2lBZ0lDQWdJQ0FnYVdZZ0tIUmhjbWRsZEVOdmJuUmxlSFFnSVQwZ2JuVnNiQ2tnZXdvZ0lDQWdJQ0FnSUNBZ1UyTnliMnhzWVdKc1pTNWxibk4xY21WV2FYTnBZbXhsS0FvZ0lDQWdJQ0FnSUNBZ0lDQjBZWEpuWlhSRGIyNTBaWGgwTEFvZ0lDQWdJQ0FnSUNBZ0lDQmhiR2xuYm0xbGJuUTZJREF1TURJc0NpQWdJQ0FnSUNBZ0lDQWdJR1IxY21GMGFXOXVPaUJqYjI1emRDQkVkWEpoZEdsdmJpaHRhV3hzYVhObFkyOXVaSE02SURNMU1Da3NDaUFnSUNBZ0lDQWdJQ0FnSUdOMWNuWmxPaUJEZFhKMlpYTXVaV0Z6WlU5MWRDd0tJQ0FnSUNBZ0lDQWdJQ2s3Q2lBZ0lDQWdJQ0FnSUNCZllXNWphRzl5WldSTllYUmphRWxrSUQwZ2RHRnlaMlYwU1dRN0NpQWdJQ0FnSUNBZ2ZRb2dJQ0FnSUNCOUtUc0tJQ0FnSUgwS0NpQWdJQ0J5WlhSMWNtNGdVMk5oWm1admJHUW9DaUFnSUNBZ0lHRndjRUpoY2pvZ1IzSnBiblJoUVhCd1FtRnlLQW9nSUNBZ0lDQWdJSFJwZEd4bE9pQmpiMjV6ZENCVVpYaDBLQ2ROWVhSamFITW5LU3dLSUNBZ0lDQWdJQ0JoWkcxcGJqb2dkSEoxWlN3S0lDQWdJQ0FnSUNCaFkzUnBiMjV6T2lCYkNpQWdJQ0FnSUNBZ0lDQnBaaUFvYVhOQlpHMXBiaWtLSUNBZ0lDQWdJQ0FnSUNBZ1NXTnZia0oxZEhSdmJpZ0tJQ0FnSUNBZ0lDQWdJQ0FnSUNCMGIyOXNkR2x3T2lBbjhKK1JrU0JEY3NPcFpYSWdkVzRnYldGMFkyZ25MQW9nSUNBZ0lDQWdJQ0FnSUNBZ0lHbGpiMjQ2SUdOdmJuTjBJRWxqYjI0b1NXTnZibk11WVdSa1gyTnBjbU5zWlY5dmRYUnNhVzVsS1N3S0lDQWdJQ0FnSUNBZ0lDQWdJQ0J2YmxCeVpYTnpaV1E2SUNncElHRnplVzVqSUhzS0lDQWdJQ0FnSUNBZ0lDQWdJQ0FnSUdGM1lXbDBJRTVoZG1sbllYUnZjaTV2WmloamIyNTBaWGgwS1M1d2RYTm9LQW9nSUNBZ0lDQWdJQ0FnSUNBZ0lDQWdJQ0JOWVhSbGNtbGhiRkJoWjJWU2IzVjBaU2hpZFdsc1pHVnlPaUFvWHlrZ1BUNGdZMjl1YzNRZ1RXRjBZMmhHYjNKdFVHRm5aU2dwS1N3S0lDQWdJQ0FnSUNBZ0lDQWdJQ0FnSUNrN0NpQWdJQ0FnSUNBZ0lDQWdJQ0FnSUNCcFppQW9JVzF2ZFc1MFpXUXBJSEpsZEhWeWJqc0tJQ0FnSUNBZ0lDQWdJQ0FnSUNBZ0lHRjNZV2wwSUhKbFppNXlaV0ZrS0cxaGRHTm9aWE5EYjI1MGNtOXNiR1Z5VUhKdmRtbGtaWEl1Ym05MGFXWnBaWElwTG14dllXUW9DaUFnSUNBZ0lDQWdJQ0FnSUNBZ0lDQWdJQ0FnSUNCelpXRnpiMjVKWkRvZ2MzUmhkR1V1YzJWc1pXTjBaV1JUWldGemIyNUpaQ3dLSUNBZ0lDQWdJQ0FnSUNBZ0lDQWdJQ0FnSUNBcE93b2dJQ0FnSUNBZ0lDQWdJQ0FnSUgwc0NpQWdJQ0FnSUNBZ0lDQWdJQ2tzQ2lBZ0lDQWdJQ0FnWFN3S0lDQWdJQ0FnS1N3S0lDQWdJQ0FnWW05a2VUb2dVbVZtY21WemFFbHVaR2xqWVhSdmNpZ0tJQ0FnSUNBZ0lDQnZibEpsWm5KbGMyZzZJQ2dwSUQwK0lISmxaaTV5WldGa0tHMWhkR05vWlhORGIyNTBjbTlzYkdWeVVISnZkbWxrWlhJdWJtOTBhV1pwWlhJcExteHZZV1FvQ2lBZ0lDQWdJQ0FnSUNBZ0lDQWdjMlZoYzI5dVNXUTZJSE4wWVhSbExuTmxiR1ZqZEdWa1UyVmhjMjl1U1dRc0NpQWdJQ0FnSUNBZ0lDQWdJQ2tzQ2lBZ0lDQWdJQ0FnWTJocGJHUTZJRk5wYm1kc1pVTm9hV3hrVTJOeWIyeHNWbWxsZHlnS0lDQWdJQ0FnSUNBZ0lHTnZiblJ5YjJ4c1pYSTZJRjl6WTNKdmJHeERiMjUwY205c2JHVnlMQW9nSUNBZ0lDQWdJQ0FnY0doNWMybGpjem9nWTI5dWMzUWdRV3gzWVhselUyTnliMnhzWVdKc1pWTmpjbTlzYkZCb2VYTnBZM01vS1N3S0lDQWdJQ0FnSUNBZ0lIQmhaR1JwYm1jNklHTnZibk4wSUVWa1oyVkpibk5sZEhNdVlXeHNLREUyS1N3S0lDQWdJQ0FnSUNBZ0lHTm9hV3hrT2lCRGIyeDFiVzRvQ2lBZ0lDQWdJQ0FnSUNBZ0lHTnliM056UVhocGMwRnNhV2R1YldWdWREb2dRM0p2YzNOQmVHbHpRV3hwWjI1dFpXNTBMbk4w
Shell: Y21WMFkyZ3NDaUFnSUNBZ0lDQWdJQ0FnSUdOb2FXeGtjbVZ1T2lCYkNpQWdJQ0FnSUNBZ0lDQWdJQ0FnYVdZZ0tITjBZWFJsTG5ObFlYTnZibk11YVhOT2IzUkZiWEIwZVNBbUppQnpkR0YwWlM1elpXeGxZM1JsWkZObFlYTnZia2xrSUNFOUlHNTFiR3dwQ2lBZ0lDQWdJQ0FnSUNBZ0lDQWdJQ0JFY205d1pHOTNia0oxZEhSdmJrWnZjbTFHYVdWc1pEeFRkSEpwYm1jK0tBb2dJQ0FnSUNBZ0lDQWdJQ0FnSUNBZ0lDQnBibWwwYVdGc1ZtRnNkV1U2SUhOMFlYUmxMbk5sYkdWamRHVmtVMlZoYzI5dVNXUXNDaUFnSUNBZ0lDQWdJQ0FnSUNBZ0lDQWdJR1JsWTI5eVlYUnBiMjQ2SUdOdmJuTjBJRWx1Y0hWMFJHVmpiM0poZEdsdmJpaHNZV0psYkZSbGVIUTZJQ2RUWVdsemIyNG5LU3dLSUNBZ0lDQWdJQ0FnSUNBZ0lDQWdJQ0FnYVhSbGJYTTZJSE4wWVhSbExuTmxZWE52Ym5NS0lDQWdJQ0FnSUNBZ0lDQWdJQ0FnSUNBZ0lDQWdJQzV0WVhBb0NpQWdJQ0FnSUNBZ0lDQWdJQ0FnSUNBZ0lDQWdJQ0FnSUNoelpXRnpiMjRwSUQwK0lFUnliM0JrYjNkdVRXVnVkVWwwWlcwb0NpQWdJQ0FnSUNBZ0lDQWdJQ0FnSUNBZ0lDQWdJQ0FnSUNBZ2RtRnNkV1U2SUhObFlYTnZibHNuYVdRblhTNTBiMU4wY21sdVp5Z3BMQW9nSUNBZ0lDQWdJQ0FnSUNBZ0lDQWdJQ0FnSUNBZ0lDQWdJR05vYVd4a09pQlVaWGgwS0hObFlYTnZibHNuYm1GdFpTZGRMblJ2VTNSeWFXNW5LQ2twTEFvZ0lDQWdJQ0FnSUNBZ0lDQWdJQ0FnSUNBZ0lDQWdJQ0FwTEFvZ0lDQWdJQ0FnSUNBZ0lDQWdJQ0FnSUNBZ0lDQWdLUW9nSUNBZ0lDQWdJQ0FnSUNBZ0lDQWdJQ0FnSUNBZ0xuUnZUR2x6ZENncExBb2dJQ0FnSUNBZ0lDQWdJQ0FnSUNBZ0lDQnZia05vWVc1blpXUTZJQ2gyWVd4MVpTa2dZWE41Ym1NZ2V3b2dJQ0FnSUNBZ0lDQWdJQ0FnSUNBZ0lDQWdJR2xtSUNoMllXeDFaU0E5UFNCdWRXeHNJSHg4SUhaaGJIVmxJRDA5SUhOMFlYUmxMbk5sYkdWamRHVmtVMlZoYzI5dVNXUXBJSHNLSUNBZ0lDQWdJQ0FnSUNBZ0lDQWdJQ0FnSUNBZ0lISmxkSFZ5YmpzS0lDQWdJQ0FnSUNBZ0lDQWdJQ0FnSUNBZ0lDQjlDaUFnSUNBZ0lDQWdJQ0FnSUNBZ0lDQWdJQ0FnWVhkaGFYUWdjbVZtQ2lBZ0lDQWdJQ0FnSUNBZ0lDQWdJQ0FnSUNBZ0lDQWdJQzV5WldGa0tHMWhkR05vWlhORGIyNTBjbTlzYkdWeVVISnZkbWxrWlhJdWJtOTBhV1pwWlhJcENpQWdJQ0FnSUNBZ0lDQWdJQ0FnSUNBZ0lDQWdJQ0FnSUM1c2IyRmtLSE5sWVhOdmJrbGtPaUIyWVd4MVpTazdDaUFnSUNBZ0lDQWdJQ0FnSUNBZ0lDQWdJSDBzQ2lBZ0lDQWdJQ0FnSUNBZ0lDQWdJQ0FwTEFvZ0lDQWdJQ0FnSUNBZ0lDQWdJR052Ym5OMElGTnBlbVZrUW05NEtHaGxhV2RvZERvZ01UWXBMQW9nSUNBZ0lDQWdJQ0FnSUNBZ0lHbG1JQ2h6ZEdGMFpTNXBjMHh2WVdScGJtY3BDaUFnSUNBZ0lDQWdJQ0FnSUNBZ0lDQmpiMjV6ZENCRFpXNTBaWElvWTJocGJHUTZJRWR5YVc1MFlWQnliMmR5WlhOelNXNWthV05oZEc5eUtDa3BDaUFnSUNBZ0lDQWdJQ0FnSUNBZ1pXeHpaU0JwWmlBb2MzUmhkR1V1WlhKeWIzSWdJVDBnYm5Wc2JDa0tJQ0FnSUNBZ0lDQWdJQ0FnSUNBZ0lFTmhjbVFvQ2lBZ0lDQWdJQ0FnSUNBZ0lDQWdJQ0FnSUdOb2FXeGtPaUJRWVdSa2FXNW5LQW9nSUNBZ0lDQWdJQ0FnSUNBZ0lDQWdJQ0FnSUhCaFpHUnBibWM2SUdOdmJuTjBJRVZrWjJWSmJuTmxkSE11WVd4c0tERTJLU3dLSUNBZ0lDQWdJQ0FnSUNBZ0lDQWdJQ0FnSUNCamFHbHNaRG9nVkdWNGRDaHpkR0YwWlM1bGNuSnZjaUVwTEFvZ0lDQWdJQ0FnSUNBZ0lDQWdJQ0FnSUNBcExBb2dJQ0FnSUNBZ0lDQWdJQ0FnSUNBZ0tRb2dJQ0FnSUNBZ0lDQWdJQ0FnSUdWc2MyVWdhV1lnS0cxaGRHTm9aWE11YVhORmJYQjBlU2tLSUNBZ0lDQWdJQ0FnSUNBZ0lDQWdJR052Ym5OMElFTmhjbVFvQ2lBZ0lDQWdJQ0FnSUNBZ0lDQWdJQ0FnSUdOb2FXeGtPaUJIY21sdWRHRkZiWEIwZVZOMFlYUmxLQW9nSUNBZ0lDQWdJQ0FnSUNBZ0lDQWdJQ0FnSUdsamIyNDZJRWxqYjI1ekxuTjBZV1JwZFcxZmNtOTFibVJsWkN3S0lDQWdJQ0FnSUNBZ0lDQWdJQ0FnSUNBZ0lDQjBhWFJzWlRvZ0owRjFZM1Z1SUcxaGRHTm9JR05sZEhSbElITmhhWE52Ymljc0NpQWdJQ0FnSUNBZ0lDQWdJQ0FnSUNBZ0lDQWdiV1Z6YzJGblpUb2dKMHhsY3lCdFlYUmphSE1nWkdVZ2JHRWdjMkZwYzI5dUlHRndjR0Z5WWNPdWRISnZiblFnYVdOcElHVERxSE1nSndvZ0lDQWdJQ0FnSUNBZ0lDQWdJQ0FnSUNBZ0lDQWdJQ0FuY1hWY0oybHNjeUJ6WlhKdmJuUWdjSEp2WjNKaGJXM0RxWE11Snl3S0lDQWdJQ0FnSUNBZ0lDQWdJQ0FnSUNBZ0lDQmpiMjF3WVdOME9pQjBjblZsTEFvZ0lDQWdJQ0FnSUNBZ0lDQWdJQ0FnSUNBcExBb2dJQ0FnSUNBZ0lDQWdJQ0FnSUNBZ0tRb2dJQ0FnSUNBZ0lDQWdJQ0FnSUdWc2MyVUtJQ0FnSUNBZ0lDQWdJQ0FnSUNBZ0lHWnZjaUFvWm1sdVlXd2diV0YwWTJnZ2FXNGdiV0YwWTJobGN5a0tJQ0FnSUNBZ0lDQWdJQ0FnSUNBZ0lDQWdYMDFoZEdOb1EyRnlaQ2dLSUNBZ0lDQWdJQ0FnSUNBZ0lDQWdJQ0FnSUNCclpYazZJRzFoZEdOb0xtbGtJRDA5SUhSaGNtZGxkRDh1YVdRZ1B5QmZibVY0ZEUxaGRHTm9TMlY1SURvZ2JuVnNiQ3dLSUNBZ0lDQWdJQ0FnSUNBZ0lDQWdJQ0FnSUNCdFlYUmphRG9nYldGMFkyZ3NDaUFnSUNBZ0lDQWdJQ0FnSUNBZ0lDQWdJQ0FnYVhOT1pYaDBPaUJ0WVhSamFDNXBaQ0E5UFNCMFlYSm5aWFEvTG1sa0lDWW1JQ0Z0WVhSamFDNXBjMFpwYm1semFHVmtMQW9nSUNBZ0lDQWdJQ0FnSUNBZ0lDQWdJQ0FnSUdOaGJrVmthWFE2SUdselFXUnRhVzRzQ2lBZ0lDQWdJQ0FnSUNBZ0lDQWdJQ0FnSUNBZ1kyRnVSbWx1WVd4cGVtVTZJR2x6UVdSdGFXNHNDaUFnSUNBZ0lDQWdJQ0FnSUNBZ0lDQWdJQ0FnWTJGdVJHVnNaWFJsT2lCcGMwRmtiV2x1TEFvZ0lDQWdJQ0FnSUNBZ0lDQWdJQ0FnSUNBcExBb2dJQ0FnSUNBZ0lDQWdJQ0JkTEFvZ0lDQWdJQ0FnSUNBZ0tTd0tJQ0FnSUNBZ0lDQXBMQW9nSUNBZ0lDQXBMQW9nSUNBZ0tUc0tJQ0I5
Shell: Q24wS0NtTnNZWE56SUY5TllYUmphRU5oY21RZ1pYaDBaVzVrY3lCVGRHRjBaV3hsYzNOWGFXUm5aWFFnZXdvZ0lHTnZibk4wSUY5TllYUmphRU5oY21Rb2V3b2dJQ0FnYzNWd1pYSXVhMlY1TEFvZ0lDQWdjbVZ4ZFdseVpXUWdkR2hwY3k1dFlYUmphQ3dLSUNBZ0lISmxjWFZwY21Wa0lIUm9hWE11WTJGdVJHVnNaWFJsTEFvZ0lDQWdjbVZ4ZFdseVpXUWdkR2hwY3k1allXNUZaR2wwTEFvZ0lDQWdjbVZ4ZFdseVpXUWdkR2hwY3k1allXNUdhVzVoYkdsNlpTd0tJQ0FnSUhKbGNYVnBjbVZrSUhSb2FYTXVhWE5PWlhoMExBb2dJSDBwT3dvS0lDQm1hVzVoYkNCTllYUmphRTF2WkdWc0lHMWhkR05vT3dvZ0lHWnBibUZzSUdKdmIyd2dZMkZ1UkdWc1pYUmxPd29nSUdacGJtRnNJR0p2YjJ3Z1kyRnVSV1JwZERzS0lDQm1hVzVoYkNCaWIyOXNJR05oYmtacGJtRnNhWHBsT3dvZ0lHWnBibUZzSUdKdmIyd2dhWE5PWlhoME93b0tJQ0JBYjNabGNuSnBaR1VLSUNCWGFXUm5aWFFnWW5WcGJHUW9RblZwYkdSRGIyNTBaWGgwSUdOdmJuUmxlSFFwSUhzS0lDQWdJR1pwYm1Gc0lHbHpSbWx1YVhOb1pXUWdQU0J0WVhSamFDNXBjMFpwYm1semFHVmtPd29nSUNBZ1ptbHVZV3dnWTJGeVpFTnZiRzl5SUQwZ2FYTkdhVzVwYzJobFpBb2dJQ0FnSUNBZ0lEOGdZMjl1YzNRZ1EyOXNiM0lvTUhoR1JqRkRNalF6TXlrS0lDQWdJQ0FnSUNBNklHbHpUbVY0ZEFvZ0lDQWdJQ0FnSUNBZ0lDQS9JR052Ym5OMElFTnZiRzl5S0RCNFJrWXlOVEUyTkVZcENpQWdJQ0FnSUNBZ0lDQWdJRG9nWTI5dWMzUWdRMjlzYjNJb01IaEdSakV3TWtFMk5pazdDaUFnSUNCbWFXNWhiQ0JpYjNKa1pYSkRiMnh2Y2lBOUlHbHpSbWx1YVhOb1pXUUtJQ0FnSUNBZ0lDQS9JRU52Ykc5eWN5NTNhR2wwWlM1M2FYUm9WbUZzZFdWektHRnNjR2hoT2lBdU1UQXBDaUFnSUNBZ0lDQWdPaUJwYzA1bGVIUUtJQ0FnSUNBZ0lDQWdJQ0FnUHlCamIyNXpkQ0JEYjJ4dmNpZ3dlRVpHT1VJMlEwWkdLUW9nSUNBZ0lDQWdJQ0FnSUNBNklHTnZibk4wSUVOdmJHOXlLREI0UmtZMFFqWkdSa1lwT3dvS0lDQWdJSEpsZEhWeWJpQkRZWEprS0FvZ0lDQWdJQ0J0WVhKbmFXNDZJR052Ym5OMElFVmtaMlZKYm5ObGRITXViMjVzZVNoaWIzUjBiMjA2SURFeUtTd0tJQ0FnSUNBZ1kyOXNiM0k2SUdOaGNtUkRiMnh2Y2l3S0lDQWdJQ0FnYzJoaGNHVTZJRkp2ZFc1a1pXUlNaV04wWVc1bmJHVkNiM0prWlhJb0NpQWdJQ0FnSUNBZ1ltOXlaR1Z5VW1Ga2FYVnpPaUJDYjNKa1pYSlNZV1JwZFhNdVkybHlZM1ZzWVhJb01UZ3BMQW9nSUNBZ0lDQWdJSE5wWkdVNklFSnZjbVJsY2xOcFpHVW9ZMjlzYjNJNklHSnZjbVJsY2tOdmJHOXlMQ0IzYVdSMGFEb2dhWE5PWlhoMElEOGdNUzQ0SURvZ01TNDBLU3dLSUNBZ0lDQWdLU3dLSUNBZ0lDQWdZMmhwYkdRNklFbHVhMWRsYkd3b0NpQWdJQ0FnSUNBZ1ltOXlaR1Z5VW1Ga2FYVnpPaUJDYjNKa1pYSlNZV1JwZFhNdVkybHlZM1ZzWVhJb01UZ3BMQW9nSUNBZ0lDQWdJRzl1VkdGd09pQnBjMFpwYm1semFHVmtDaUFnSUNBZ0lDQWdJQ0FnSUQ4Z0tDa2dQVDRnWTI5dWRHVjRkQzV3ZFhOb0tDY3ZiV0YwWTJobGN5OGtlMjFoZEdOb0xtbGtmU2NwQ2lBZ0lDQWdJQ0FnSUNBZ0lEb2dhWE5PWlhoMENpQWdJQ0FnSUNBZ0lDQWdJQ0FnSUNBL0lDZ3BJRDArSUdOdmJuUmxlSFF1Y0hWemFDZ0tJQ0FnSUNBZ0lDQWdJQ0FnSUNBZ0lDQWdJQ0FnSUNjdmJXRjBZMmhsY3k4a2UyMWhkR05vTG1sa2ZTOXNhVzVsZFhBL2MyVmpkR2x2YmoxcGJtWnZKeXdLSUNBZ0lDQWdJQ0FnSUNBZ0lDQWdJQ0FnSUNBcENpQWdJQ0FnSUNBZ0lDQWdJQ0FnSUNBNklHNTFiR3dzQ2lBZ0lDQWdJQ0FnWTJocGJHUTZJRkJoWkdScGJtY29DaUFnSUNBZ0lDQWdJQ0J3WVdSa2FXNW5PaUJqYjI1emRDQkZaR2RsU1c1elpYUnpMbUZzYkNneE5pa3NDaUFnSUNBZ0lDQWdJQ0JqYUdsc1pEb2dRMjlzZFcxdUtBb2dJQ0FnSUNBZ0lDQWdJQ0JqY205emMwRjRhWE5CYkdsbmJtMWxiblE2SUVOeWIzTnpRWGhwYzBGc2FXZHViV1Z1ZEM1emRHRnlkQ3dLSUNBZ0lDQWdJQ0FnSUNBZ1kyaHBiR1J5Wlc0NklGc0tJQ0FnSUNBZ0lDQWdJQ0FnSUNCU2IzY29DaUFnSUNBZ0lDQWdJQ0FnSUNBZ0lDQmphR2xzWkhKbGJqb2dXd29nSUNBZ0lDQWdJQ0FnSUNBZ0lDQWdJQ0JGZUhCaGJtUmxaQ2dLSUNBZ0lDQWdJQ0FnSUNBZ0lDQWdJQ0FnSUNCamFHbHNaRG9nVkdWNGRDZ0tJQ0FnSUNBZ0lDQWdJQ0FnSUNBZ0lDQWdJQ0FnSUY5elkyOXlaVXhwYm1Vb0tTd0tJQ0FnSUNBZ0lDQWdJQ0FnSUNBZ0lDQWdJQ0FnSUhOMGVXeGxPaUJVYUdWdFpTNXZaaWhqYjI1MFpYaDBLUW9nSUNBZ0lDQWdJQ0FnSUNBZ0lDQWdJQ0FnSUNBZ0lDQWdJQzUwWlhoMFZHaGxiV1VLSUNBZ0lDQWdJQ0FnSUNBZ0lDQWdJQ0FnSUNBZ0lDQWdJQ0F1ZEdsMGJHVk5aV1JwZFcwS0lDQWdJQ0FnSUNBZ0lDQWdJQ0FnSUNBZ0lDQWdJQ0FnSUNBL0xtTnZjSGxYYVhSb0tHWnZiblJYWldsbmFIUTZJRVp2Ym5SWFpXbG5hSFF1ZHprd01Da3NDaUFnSUNBZ0lDQWdJQ0FnSUNBZ0lDQWdJQ0FnS1N3S0lDQWdJQ0FnSUNBZ0lDQWdJQ0FnSUNBZ0tTd0tJQ0FnSUNBZ0lDQWdJQ0FnSUNBZ0lDQWdRMjl1ZEdGcGJtVnlLQW9nSUNBZ0lDQWdJQ0FnSUNBZ0lDQWdJQ0FnSUhCaFpHUnBibWM2SUdOdmJuTjBJRVZrWjJWSmJuTmxkSE11YzNsdGJXVjBjbWxqS0FvZ0lDQWdJQ0FnSUNBZ0lDQWdJQ0FnSUNBZ0lDQWdhRzl5YVhwdmJuUmhiRG9nTVRBc0NpQWdJQ0FnSUNBZ0lDQWdJQ0FnSUNBZ0lDQWdJQ0IyWlhKMGFXTmhiRG9nTlN3S0lDQWdJQ0FnSUNBZ0lDQWdJQ0FnSUNBZ0lDQXBMQW9nSUNBZ0lDQWdJQ0FnSUNBZ0lDQWdJQ0FnSUdSbFkyOXlZWFJwYjI0NklFSnZlRVJsWTI5eVlYUnBiMjRvQ2lBZ0lDQWdJQ0FnSUNBZ0lDQWdJQ0FnSUNBZ0lDQmpiMnh2Y2pvZ2FYTkdhVzVwYzJobFpBb2dJQ0FnSUNBZ0lDQWdJQ0FnSUNBZ0lDQWdJQ0FnSUNBZ0lEOGdRMjlzYjNKekxuZG9hWFJsTG5kcGRHaFdZV3gxWlhNb1lXeHdhR0U2SUM0d09Da0tJQ0Fn
Shell: SUNBZ0lDQWdJQ0FnSUNBZ0lDQWdJQ0FnSUNBZ0lDQTZJR0p2Y21SbGNrTnZiRzl5TG5kcGRHaFdZV3gxWlhNb1lXeHdhR0U2SUM0eU1pa3NDaUFnSUNBZ0lDQWdJQ0FnSUNBZ0lDQWdJQ0FnSUNCaWIzSmtaWEpTWVdScGRYTTZJRUp2Y21SbGNsSmhaR2wxY3k1amFYSmpkV3hoY2lnNU9Ta3NDaUFnSUNBZ0lDQWdJQ0FnSUNBZ0lDQWdJQ0FnS1N3S0lDQWdJQ0FnSUNBZ0lDQWdJQ0FnSUNBZ0lDQmphR2xzWkRvZ1ZHVjRkQ2dLSUNBZ0lDQWdJQ0FnSUNBZ0lDQWdJQ0FnSUNBZ0lHbHpSbWx1YVhOb1pXUUtJQ0FnSUNBZ0lDQWdJQ0FnSUNBZ0lDQWdJQ0FnSUNBZ0lDQS9JQ2RVWlhKdGFXN0RxU2NLSUNBZ0lDQWdJQ0FnSUNBZ0lDQWdJQ0FnSUNBZ0lDQWdJQ0E2SUdselRtVjRkQW9nSUNBZ0lDQWdJQ0FnSUNBZ0lDQWdJQ0FnSUNBZ0lDQWdJQ0FnSUNBL0lDZFFjbTlqYUdGcGJpY0tJQ0FnSUNBZ0lDQWdJQ0FnSUNBZ0lDQWdJQ0FnSUNBZ0lDQWdJQ0FnT2lBbnc0QWdkbVZ1YVhJbkxBb2dJQ0FnSUNBZ0lDQWdJQ0FnSUNBZ0lDQWdJQ0FnYzNSNWJHVTZJR052Ym5OMElGUmxlSFJUZEhsc1pTaG1iMjUwVjJWcFoyaDBPaUJHYjI1MFYyVnBaMmgwTG5jNE1EQXBMQW9nSUNBZ0lDQWdJQ0FnSUNBZ0lDQWdJQ0FnSUNrc0NpQWdJQ0FnSUNBZ0lDQWdJQ0FnSUNBZ0lDa3NDaUFnSUNBZ0lDQWdJQ0FnSUNBZ0lDQmRMQW9nSUNBZ0lDQWdJQ0FnSUNBZ0lDa3NDaUFnSUNBZ0lDQWdJQ0FnSUNBZ1kyOXVjM1FnVTJsNlpXUkNiM2dvYUdWcFoyaDBPaUEyS1N3S0lDQWdJQ0FnSUNBZ0lDQWdJQ0JVWlhoMEtGOW1iM0p0WVhSTGFXTnJiMlptS0cxaGRHTm9MbXRwWTJ0dlptWkJkQ2twTEFvZ0lDQWdJQ0FnSUNBZ0lDQWdJR2xtSUNoallXNUZaR2wwSUh4OElHTmhia1pwYm1Gc2FYcGxJSHg4SUdOaGJrUmxiR1YwWlNrZ0xpNHVXd29nSUNBZ0lDQWdJQ0FnSUNBZ0lDQWdZMjl1YzNRZ1UybDZaV1JDYjNnb2FHVnBaMmgwT2lBeE1pa3NDaUFnSUNBZ0lDQWdJQ0FnSUNBZ0lDQlhjbUZ3S0FvZ0lDQWdJQ0FnSUNBZ0lDQWdJQ0FnSUNCemNHRmphVzVuT2lBNExBb2dJQ0FnSUNBZ0lDQWdJQ0FnSUNBZ0lDQnlkVzVUY0dGamFXNW5PaUE0TEFvZ0lDQWdJQ0FnSUNBZ0lDQWdJQ0FnSUNCamFHbHNaSEpsYmpvZ1d3b2dJQ0FnSUNBZ0lDQWdJQ0FnSUNBZ0lDQWdJR2xtSUNoallXNUZaR2wwS1FvZ0lDQWdJQ0FnSUNBZ0lDQWdJQ0FnSUNBZ0lDQWdSbWxzYkdWa1FuVjBkRzl1TG1samIyNG9DaUFnSUNBZ0lDQWdJQ0FnSUNBZ0lDQWdJQ0FnSUNBZ0lHOXVVSEpsYzNObFpEb2dLQ2tnUFQ0Z1RtRjJhV2RoZEc5eUxtOW1LR052Ym5SbGVIUXBMbkIxYzJnb0NpQWdJQ0FnSUNBZ0lDQWdJQ0FnSUNBZ0lDQWdJQ0FnSUNBZ1RXRjBaWEpwWVd4UVlXZGxVbTkxZEdVb0NpQWdJQ0FnSUNBZ0lDQWdJQ0FnSUNBZ0lDQWdJQ0FnSUNBZ0lDQmlkV2xzWkdWeU9pQW9YeWtnUFQ0Z1RXRjBZMmhHYjNKdFVHRm5aU2h0WVhSamFEb2diV0YwWTJncExBb2dJQ0FnSUNBZ0lDQWdJQ0FnSUNBZ0lDQWdJQ0FnSUNBZ0lDa3NDaUFnSUNBZ0lDQWdJQ0FnSUNBZ0lDQWdJQ0FnSUNBZ0lDa3NDaUFnSUNBZ0lDQWdJQ0FnSUNBZ0lDQWdJQ0FnSUNBZ0lHbGpiMjQ2SUdOdmJuTjBJRlJsZUhRb0orS2FtZSs0anljc0lITjBlV3hsT2lCVVpYaDBVM1I1YkdVb1ptOXVkRk5wZW1VNklERTRLU2tzQ2lBZ0lDQWdJQ0FnSUNBZ0lDQWdJQ0FnSUNBZ0lDQWdJR3hoWW1Wc09pQmpiMjV6ZENCVVpYaDBLQ2ROYjJScFptbGxjaWNwTEFvZ0lDQWdJQ0FnSUNBZ0lDQWdJQ0FnSUNBZ0lDQWdLU3dLSUNBZ0lDQWdJQ0FnSUNBZ0lDQWdJQ0FnSUNCcFppQW9ZMkZ1Um1sdVlXeHBlbVVwQ2lBZ0lDQWdJQ0FnSUNBZ0lDQWdJQ0FnSUNBZ0lDQkdhV3hzWldSQ2RYUjBiMjR1YVdOdmJpZ0tJQ0FnSUNBZ0lDQWdJQ0FnSUNBZ0lDQWdJQ0FnSUNBZ2IyNVFjbVZ6YzJWa09pQW9LU0E5UGdvZ0lDQWdJQ0FnSUNBZ0lDQWdJQ0FnSUNBZ0lDQWdJQ0FnSUNBZ1kyOXVkR1Y0ZEM1d2RYTm9LQ2N2YldGMFkyaGxjeThrZTIxaGRHTm9MbWxrZlM5bWFXNWhiR2w2WlNjcExBb2dJQ0FnSUNBZ0lDQWdJQ0FnSUNBZ0lDQWdJQ0FnSUNCcFkyOXVPaUJqYjI1emRDQlVaWGgwS0Nmd241T0lKeXdnYzNSNWJHVTZJRlJsZUhSVGRIbHNaU2htYjI1MFUybDZaVG9nTVRncEtTd0tJQ0FnSUNBZ0lDQWdJQ0FnSUNBZ0lDQWdJQ0FnSUNBZ2JHRmlaV3c2SUdOdmJuTjBJRlJsZUhRb0oxTjBZWFJ6Snlrc0NpQWdJQ0FnSUNBZ0lDQWdJQ0FnSUNBZ0lDQWdJQ0FwTEFvZ0lDQWdJQ0FnSUNBZ0lDQWdJQ0FnSUNBZ0lHbG1JQ2hqWVc1RVpXeGxkR1VwQ2lBZ0lDQWdJQ0FnSUNBZ0lDQWdJQ0FnSUNBZ0lDQlBkWFJzYVc1bFpFSjFkSFJ2Ymk1cFkyOXVLQW9nSUNBZ0lDQWdJQ0FnSUNBZ0lDQWdJQ0FnSUNBZ0lDQnZibEJ5WlhOelpXUTZJQ2dwSUdGemVXNWpJSHNLSUNBZ0lDQWdJQ0FnSUNBZ0lDQWdJQ0FnSUNBZ0lDQWdJQ0JtYVc1aGJDQmpiMjVtYVhKdFpXUWdQU0JoZDJGcGRDQnphRzkzUkdsaGJHOW5QR0p2YjJ3K0tBb2dJQ0FnSUNBZ0lDQWdJQ0FnSUNBZ0lDQWdJQ0FnSUNBZ0lDQWdJQ0FnSUdOdmJuUmxlSFE2SUdOdmJuUmxlSFFzQ2lBZ0lDQWdJQ0FnSUNBZ0lDQWdJQ0FnSUNBZ0lDQWdJQ0FnSUNBZ0lDQWdZblZwYkdSbGNqb2dLR1JwWVd4dlowTnZiblJsZUhRcElEMCtJRUZzWlhKMFJHbGhiRzluS0FvZ0lDQWdJQ0FnSUNBZ0lDQWdJQ0FnSUNBZ0lDQWdJQ0FnSUNBZ0lDQWdJQ0FnZEdsMGJHVTZJR052Ym5OMElGUmxlSFFvSjFOMWNIQnlhVzFsY2lCalpTQnRZWFJqYUNBL0p5a3NDaUFnSUNBZ0lDQWdJQ0FnSUNBZ0lDQWdJQ0FnSUNBZ0lDQWdJQ0FnSUNBZ0lDQmpiMjUwWlc1ME9pQmpiMjV6ZENCVVpYaDBLQW9nSUNBZ0lDQWdJQ0FnSUNBZ0lDQWdJQ0FnSUNBZ0lDQWdJQ0FnSUNBZ0lDQWdJQ0FuVEdVZ2JXRjBZMmdzSUhObGN5QndjbTl1YjNOMGFXTnpJR1YwSUhObGN5QnpkR0YwYVhOMGFYRjFaWE1nSndvZ0lDQWdJQ0FnSUNBZ0lDQWdJQ0FnSUNBZ0lDQWdJQ0FnSUNBZ0lDQWdJQ0FnSUNBbmMyVnliMjUw
Shell: SUdURHFXWnBibWwwYVhabGJXVnVkQ0J6ZFhCd2NtbHR3Nmx6TGljc0NpQWdJQ0FnSUNBZ0lDQWdJQ0FnSUNBZ0lDQWdJQ0FnSUNBZ0lDQWdJQ0FnSUNBcExBb2dJQ0FnSUNBZ0lDQWdJQ0FnSUNBZ0lDQWdJQ0FnSUNBZ0lDQWdJQ0FnSUNBZ1lXTjBhVzl1Y3pvZ1d3b2dJQ0FnSUNBZ0lDQWdJQ0FnSUNBZ0lDQWdJQ0FnSUNBZ0lDQWdJQ0FnSUNBZ0lDQlVaWGgwUW5WMGRHOXVLQW9nSUNBZ0lDQWdJQ0FnSUNBZ0lDQWdJQ0FnSUNBZ0lDQWdJQ0FnSUNBZ0lDQWdJQ0FnSUc5dVVISmxjM05sWkRvZ0tDa2dQVDRLSUNBZ0lDQWdJQ0FnSUNBZ0lDQWdJQ0FnSUNBZ0lDQWdJQ0FnSUNBZ0lDQWdJQ0FnSUNBZ0lDQWdUbUYyYVdkaGRHOXlMbkJ2Y0Noa2FXRnNiMmREYjI1MFpYaDBMQ0JtWVd4elpTa3NDaUFnSUNBZ0lDQWdJQ0FnSUNBZ0lDQWdJQ0FnSUNBZ0lDQWdJQ0FnSUNBZ0lDQWdJQ0FnWTJocGJHUTZJR052Ym5OMElGUmxlSFFvSjBGdWJuVnNaWEluS1N3S0lDQWdJQ0FnSUNBZ0lDQWdJQ0FnSUNBZ0lDQWdJQ0FnSUNBZ0lDQWdJQ0FnSUNBZ0tTd0tJQ0FnSUNBZ0lDQWdJQ0FnSUNBZ0lDQWdJQ0FnSUNBZ0lDQWdJQ0FnSUNBZ0lDQWdSbWxzYkdWa1FuVjBkRzl1S0FvZ0lDQWdJQ0FnSUNBZ0lDQWdJQ0FnSUNBZ0lDQWdJQ0FnSUNBZ0lDQWdJQ0FnSUNBZ0lHOXVVSEpsYzNObFpEb2dLQ2tnUFQ0S0lDQWdJQ0FnSUNBZ0lDQWdJQ0FnSUNBZ0lDQWdJQ0FnSUNBZ0lDQWdJQ0FnSUNBZ0lDQWdJQ0FnVG1GMmFXZGhkRzl5TG5CdmNDaGthV0ZzYjJkRGIyNTBaWGgwTENCMGNuVmxLU3dLSUNBZ0lDQWdJQ0FnSUNBZ0lDQWdJQ0FnSUNBZ0lDQWdJQ0FnSUNBZ0lDQWdJQ0FnSUNCamFHbHNaRG9nWTI5dWMzUWdWR1Y0ZENnblUzVndjSEpwYldWeUp5a3NDaUFnSUNBZ0lDQWdJQ0FnSUNBZ0lDQWdJQ0FnSUNBZ0lDQWdJQ0FnSUNBZ0lDQWdJQ2tzQ2lBZ0lDQWdJQ0FnSUNBZ0lDQWdJQ0FnSUNBZ0lDQWdJQ0FnSUNBZ0lDQWdJQ0JkTEFvZ0lDQWdJQ0FnSUNBZ0lDQWdJQ0FnSUNBZ0lDQWdJQ0FnSUNBZ0lDQWdJQ2tzQ2lBZ0lDQWdJQ0FnSUNBZ0lDQWdJQ0FnSUNBZ0lDQWdJQ0FnSUNBZ0lDa2dQejhLSUNBZ0lDQWdJQ0FnSUNBZ0lDQWdJQ0FnSUNBZ0lDQWdJQ0FnSUNBZ1ptRnNjMlU3Q2lBZ0lDQWdJQ0FnSUNBZ0lDQWdJQ0FnSUNBZ0lDQWdJQ0FnYVdZZ0tDRmpiMjVtYVhKdFpXUWdmSHdnSVdOdmJuUmxlSFF1Ylc5MWJuUmxaQ2tnY21WMGRYSnVPd29nSUNBZ0lDQWdJQ0FnSUNBZ0lDQWdJQ0FnSUNBZ0lDQWdJR0YzWVdsMElGQnliM1pwWkdWeVUyTnZjR1V1WTI5dWRHRnBibVZ5VDJZb1kyOXVkR1Y0ZENrS0lDQWdJQ0FnSUNBZ0lDQWdJQ0FnSUNBZ0lDQWdJQ0FnSUNBZ0lDQWdMbkpsWVdRb2JXRjBZMmhsYzBOdmJuUnliMnhzWlhKUWNtOTJhV1JsY2k1dWIzUnBabWxsY2lrS0lDQWdJQ0FnSUNBZ0lDQWdJQ0FnSUNBZ0lDQWdJQ0FnSUNBZ0lDQWdMbVJsYkdWMFpVMWhkR05vS0cxaGRHTm9MbWxrS1RzS0lDQWdJQ0FnSUNBZ0lDQWdJQ0FnSUNBZ0lDQWdJQ0FnZlN3S0lDQWdJQ0FnSUNBZ0lDQWdJQ0FnSUNBZ0lDQWdJQ0FnYVdOdmJqb2dZMjl1YzNRZ1ZHVjRkQ2duOEorYXF5Y3NJSE4wZVd4bE9pQlVaWGgwVTNSNWJHVW9abTl1ZEZOcGVtVTZJREU0S1Nrc0NpQWdJQ0FnSUNBZ0lDQWdJQ0FnSUNBZ0lDQWdJQ0FnSUd4aFltVnNPaUJqYjI1emRDQlVaWGgwS0NkVGRYQndjbWx0WlhJbktTd0tJQ0FnSUNBZ0lDQWdJQ0FnSUNBZ0lDQWdJQ0FnSUNrc0NpQWdJQ0FnSUNBZ0lDQWdJQ0FnSUNBZ0lGMHNDaUFnSUNBZ0lDQWdJQ0FnSUNBZ0lDQXBMQW9nSUNBZ0lDQWdJQ0FnSUNBZ0lGMHNDaUFnSUNBZ0lDQWdJQ0FnSUYwc0NpQWdJQ0FnSUNBZ0lDQXBMQW9nSUNBZ0lDQWdJQ2tzQ2lBZ0lDQWdJQ2tzQ2lBZ0lDQXBPd29nSUgwS0NpQWdVM1J5YVc1bklGOXpZMjl5WlV4cGJtVW9LU0I3Q2lBZ0lDQm1hVzVoYkNCdmNIQnZibVZ1ZENBOUlHMWhkR05vTG05d2NHOXVaVzUwVG1GdFpTQS9QeUFuUVdSMlpYSnpZV2x5WlNjN0NpQWdJQ0JwWmlBb0lXMWhkR05vTG1selJtbHVhWE5vWldRcElIc0tJQ0FnSUNBZ2NtVjBkWEp1SUcxaGRHTm9MbWx6U0c5dFpTQS9JQ2RCVXlCSGNtbHVkR0VnNG9DVElDUnZjSEJ2Ym1WdWRDY2dPaUFuSkc5d2NHOXVaVzUwSU9LQWt5QkJVeUJIY21sdWRHRW5Pd29nSUNBZ2ZRb2dJQ0FnWm1sdVlXd2daM0pwYm5SaElEMGdiV0YwWTJndVozSnBiblJoVTJOdmNtVWdQejhnTURzS0lDQWdJR1pwYm1Gc0lHRmtkbVZ5YzJVZ1BTQnRZWFJqYUM1dmNIQnZibVZ1ZEZOamIzSmxJRDgvSURBN0NpQWdJQ0J5WlhSMWNtNGdiV0YwWTJndWFYTkliMjFsQ2lBZ0lDQWdJQ0FnUHlBblFWTWdSM0pwYm5SaElDUm5jbWx1ZEdFZ0xTQWtZV1IyWlhKelpTQWtiM0J3YjI1bGJuUW5DaUFnSUNBZ0lDQWdPaUFuSkc5d2NHOXVaVzUwSUNSaFpIWmxjbk5sSUMwZ0pHZHlhVzUwWVNCQlV5QkhjbWx1ZEdFbk93b2dJSDBLQ2lBZ1UzUnlhVzVuSUY5bWIzSnRZWFJMYVdOcmIyWm1LRVJoZEdWVWFXMWxJSFpoYkhWbEtTQjdDaUFnSUNCVGRISnBibWNnZEhkdktHbHVkQ0J1ZFcxaVpYSXBJRDArSUc1MWJXSmxjaTUwYjFOMGNtbHVaeWdwTG5CaFpFeGxablFvTWl3Z0p6QW5LVHNLSUNBZ0lISmxkSFZ5YmlBbkpIdDBkMjhvZG1Gc2RXVXVaR0Y1S1gwdkpIdDBkMjhvZG1Gc2RXVXViVzl1ZEdncGZTOGtlM1poYkhWbExubGxZWEo5SU9LQW9pQW5DaUFnSUNBZ0lDQWdKeVI3ZEhkdktIWmhiSFZsTG1odmRYSXBmV2drZTNSM2J5aDJZV3gxWlM1dGFXNTFkR1VwZlNjN0NpQWdmUXA5Q2c9PSIsImxpYi9mZWF0dXJlcy9tYXRjaGVzL3ByZXNlbnRhdGlvbi93aWRnZXRzL21hdGNoX2luZm9fdGFiLmRhcnQiOiJhVzF3YjNKMElDZHdZV05yWVdkbE9tRnpYMmR5YVc1MFlTOWpiM0psTDNWMGFXeHpMMkZ3Y0Y5bWIzSnRZWFJ6TG1SaGNuUW5Pd3BwYlhCdmNuUWdKM0JoWTJ0aFoyVTZZWE5mWjNKcGJuUmhMMk52Y21VdmQybGtaMlYwY3k5dFlYUmphRjloWkdSeVpYTnpYM05vWldWMExtUmhjblFuT3dwcGJYQnZjblFnSjNCaFkydGha
Shell: MlU2WVhOZlozSnBiblJoTDJOdmNtVXZkMmxrWjJWMGN5OXRZWFJqYUY5bWFYaDBkWEpsTG1SaGNuUW5Pd3BwYlhCdmNuUWdKM0JoWTJ0aFoyVTZZWE5mWjNKcGJuUmhMMlpsWVhSMWNtVnpMMjFoZEdOb1pYTXZaR0YwWVM5dFlYUmphRjlwYm1adlgzSmxjRzl6YVhSdmNua3VaR0Z5ZENjN0NtbHRjRzl5ZENBbmNHRmphMkZuWlRwbWJIVjBkR1Z5TDIxaGRHVnlhV0ZzTG1SaGNuUW5Pd3BwYlhCdmNuUWdKM0JoWTJ0aFoyVTZabXgxZEhSbGNsOXlhWFpsY25CdlpDOW1iSFYwZEdWeVgzSnBkbVZ5Y0c5a0xtUmhjblFuT3dwcGJYQnZjblFnSjNCaFkydGhaMlU2WVhOZlozSnBiblJoTDJOdmNtVXZkMmxrWjJWMGN5OW5jbWx1ZEdGZmJHOWhaR1Z5TG1SaGNuUW5Pd29LTHk4dklFOXVaMnhsZENEQ3F5QkpibVp2SU1LN0lHUW5kVzVsSUdacFkyaGxJR1JsSUcxaGRHTm9JRG9nYUdWMWNtVXNJR0ZrY21WemMyVWdZMnhwY1hWaFlteGxJR1YwSUd4bGN3b3ZMeThnWkdWeWJtbkRxSEpsY3lCeVpXNWpiMjUwY21WeklHTnZiblJ5WlNCc0oyRmtkbVZ5YzJGcGNtVXVDbU5zWVhOeklFMWhkR05vU1c1bWIxUmhZaUJsZUhSbGJtUnpJRU52Ym5OMWJXVnlWMmxrWjJWMElIc0tJQ0JqYjI1emRDQk5ZWFJqYUVsdVptOVVZV0lvZTNOMWNHVnlMbXRsZVN3Z2NtVnhkV2x5WldRZ2RHaHBjeTV0WVhSamFFbGtmU2s3Q2dvZ0lHWnBibUZzSUZOMGNtbHVaeUJ0WVhSamFFbGtPd29LSUNCQWIzWmxjbkpwWkdVS0lDQlhhV1JuWlhRZ1luVnBiR1FvUW5WcGJHUkRiMjUwWlhoMElHTnZiblJsZUhRc0lGZHBaR2RsZEZKbFppQnlaV1lwSUhzS0lDQWdJR1pwYm1Gc0lHbHVabTlCYzNsdVl5QTlJSEpsWmk1M1lYUmphQ2h0WVhSamFFbHVabTlRY205MmFXUmxjaWh0WVhSamFFbGtLU2s3Q2lBZ0lDQnlaWFIxY200Z2FXNW1iMEZ6ZVc1akxuZG9aVzRvQ2lBZ0lDQWdJR3h2WVdScGJtYzZJQ2dwSUQwK0lHTnZibk4wSUVObGJuUmxjaWhqYUdsc1pEb2dSM0pwYm5SaFVISnZaM0psYzNOSmJtUnBZMkYwYjNJb0tTa3NDaUFnSUNBZ0lHVnljbTl5T2lBb1h5d2dYMThwSUQwK0lHTnZibk4wSUVOaGNtUW9DaUFnSUNBZ0lDQWdZMmhwYkdRNklGQmhaR1JwYm1jb0NpQWdJQ0FnSUNBZ0lDQndZV1JrYVc1bk9pQkZaR2RsU1c1elpYUnpMbUZzYkNneE9Da3NDaUFnSUNBZ0lDQWdJQ0JqYUdsc1pEb2dWR1Y0ZENnblNXNW1iM01nWkhVZ2JXRjBZMmdnYVc1a2FYTndiMjVwWW14bGN5NG5LU3dLSUNBZ0lDQWdJQ0FwTEFvZ0lDQWdJQ0FwTEFvZ0lDQWdJQ0JrWVhSaE9pQW9hVzVtYnlrZ1BUNGdRMkZ5WkNnS0lDQWdJQ0FnSUNCamFHbHNaRG9nVUdGa1pHbHVaeWdLSUNBZ0lDQWdJQ0FnSUhCaFpHUnBibWM2SUdOdmJuTjBJRVZrWjJWSmJuTmxkSE11WVd4c0tERTRLU3dLSUNBZ0lDQWdJQ0FnSUdOb2FXeGtPaUJEYjJ4MWJXNG9DaUFnSUNBZ0lDQWdJQ0FnSUdOeWIzTnpRWGhwYzBGc2FXZHViV1Z1ZERvZ1EzSnZjM05CZUdselFXeHBaMjV0Wlc1MExuTjBZWEowTEFvZ0lDQWdJQ0FnSUNBZ0lDQmphR2xzWkhKbGJqb2dXd29nSUNBZ0lDQWdJQ0FnSUNBZ0lHbG1JQ2hwYm1adkxtdHBZMnR2Wm1aQmRDQWhQU0J1ZFd4c0tTQXVMaTViQ2lBZ0lDQWdJQ0FnSUNBZ0lDQWdJQ0JmU1c1bWIxSnZkeWdLSUNBZ0lDQWdJQ0FnSUNBZ0lDQWdJQ0FnYVdOdmJqb2dTV052Ym5NdWMzQnZjblJ6WDNOdlkyTmxjbDl5YjNWdVpHVmtMQW9nSUNBZ0lDQWdJQ0FnSUNBZ0lDQWdJQ0JqYUdsc1pEb2dWR1Y0ZEM1eWFXTm9LQW9nSUNBZ0lDQWdJQ0FnSUNBZ0lDQWdJQ0FnSUZSbGVIUlRjR0Z1S0FvZ0lDQWdJQ0FnSUNBZ0lDQWdJQ0FnSUNBZ0lDQWdZMmhwYkdSeVpXNDZJRnNLSUNBZ0lDQWdJQ0FnSUNBZ0lDQWdJQ0FnSUNBZ0lDQWdZMjl1YzNRZ1ZHVjRkRk53WVc0b0NpQWdJQ0FnSUNBZ0lDQWdJQ0FnSUNBZ0lDQWdJQ0FnSUNBZ2RHVjRkRG9nSjBOdmRYQWdaT0tBbVdWdWRtOXBJQ0FuTEFvZ0lDQWdJQ0FnSUNBZ0lDQWdJQ0FnSUNBZ0lDQWdJQ0FnSUhOMGVXeGxPaUJVWlhoMFUzUjViR1VvWm05dWRGZGxhV2RvZERvZ1JtOXVkRmRsYVdkb2RDNTNOVEF3S1N3S0lDQWdJQ0FnSUNBZ0lDQWdJQ0FnSUNBZ0lDQWdJQ0FnS1N3S0lDQWdJQ0FnSUNBZ0lDQWdJQ0FnSUNBZ0lDQWdJQ0FnVkdWNGRGTndZVzRvQ2lBZ0lDQWdJQ0FnSUNBZ0lDQWdJQ0FnSUNBZ0lDQWdJQ0FnZEdWNGREb2dRWEJ3Um05eWJXRjBjeTVrWVhSbFZHbHRaU2hwYm1adkxtdHBZMnR2Wm1aQmRDRXBMQW9nSUNBZ0lDQWdJQ0FnSUNBZ0lDQWdJQ0FnSUNBZ0lDQWdJSE4wZVd4bE9pQmpiMjV6ZENCVVpYaDBVM1I1YkdVb1ptOXVkRmRsYVdkb2REb2dSbTl1ZEZkbGFXZG9kQzUzT0RBd0tTd0tJQ0FnSUNBZ0lDQWdJQ0FnSUNBZ0lDQWdJQ0FnSUNBZ0tTd0tJQ0FnSUNBZ0lDQWdJQ0FnSUNBZ0lDQWdJQ0FnSUYwc0NpQWdJQ0FnSUNBZ0lDQWdJQ0FnSUNBZ0lDQWdLU3dLSUNBZ0lDQWdJQ0FnSUNBZ0lDQWdJQ0FnS1N3S0lDQWdJQ0FnSUNBZ0lDQWdJQ0FnSUNrc0NpQWdJQ0FnSUNBZ0lDQWdJQ0FnSUNCamIyNXpkQ0JUYVhwbFpFSnZlQ2hvWldsbmFIUTZJRGdwTEFvZ0lDQWdJQ0FnSUNBZ0lDQWdJQ0FnWDBsdVptOVNiM2NvQ2lBZ0lDQWdJQ0FnSUNBZ0lDQWdJQ0FnSUdsamIyNDZJRWxqYjI1ekxtZHliM1Z3YzE5eWIzVnVaR1ZrTEFvZ0lDQWdJQ0FnSUNBZ0lDQWdJQ0FnSUNCamFHbHNaRG9nVkdWNGRDNXlhV05vS0FvZ0lDQWdJQ0FnSUNBZ0lDQWdJQ0FnSUNBZ0lGUmxlSFJUY0dGdUtBb2dJQ0FnSUNBZ0lDQWdJQ0FnSUNBZ0lDQWdJQ0FnWTJocGJHUnlaVzQ2SUZzS0lDQWdJQ0FnSUNBZ0lDQWdJQ0FnSUNBZ0lDQWdJQ0FnWTI5dWMzUWdWR1Y0ZEZOd1lXNG9DaUFnSUNBZ0lDQWdJQ0FnSUNBZ0lDQWdJQ0FnSUNBZ0lDQWdkR1Y0ZERvZ0oxSmxibVJsZWkxMmIzVnpJQ0FuTEFvZ0lDQWdJQ0FnSUNBZ0lDQWdJQ0FnSUNBZ0lDQWdJQ0FnSUhOMGVXeGxPaUJVWlhoMFUzUjViR1VvWm05dWRGZGxhV2RvZERvZ1JtOXVkRmRsYVdkb2RDNTNOVEF3S1N3S0lDQWdJQ0FnSUNBZ0lDQWdJQ0FnSUNBZ0lDQWdJ
Shell: Q0FnS1N3S0lDQWdJQ0FnSUNBZ0lDQWdJQ0FnSUNBZ0lDQWdJQ0FnVkdWNGRGTndZVzRvQ2lBZ0lDQWdJQ0FnSUNBZ0lDQWdJQ0FnSUNBZ0lDQWdJQ0FnZEdWNGREb2dRWEJ3Um05eWJXRjBjeTUwYVcxbEtBb2dJQ0FnSUNBZ0lDQWdJQ0FnSUNBZ0lDQWdJQ0FnSUNBZ0lDQWdhVzVtYnk1cmFXTnJiMlptUVhRaENpQWdJQ0FnSUNBZ0lDQWdJQ0FnSUNBZ0lDQWdJQ0FnSUNBZ0lDQWdJQ0FnTG5OMVluUnlZV04wS0dOdmJuTjBJRVIxY21GMGFXOXVLRzFwYm5WMFpYTTZJRE13S1Nrc0NpQWdJQ0FnSUNBZ0lDQWdJQ0FnSUNBZ0lDQWdJQ0FnSUNBZ0tTd0tJQ0FnSUNBZ0lDQWdJQ0FnSUNBZ0lDQWdJQ0FnSUNBZ0lDQnpkSGxzWlRvZ1kyOXVjM1FnVkdWNGRGTjBlV3hsS0dadmJuUlhaV2xuYUhRNklFWnZiblJYWldsbmFIUXVkemd3TUNrc0NpQWdJQ0FnSUNBZ0lDQWdJQ0FnSUNBZ0lDQWdJQ0FnSUNrc0NpQWdJQ0FnSUNBZ0lDQWdJQ0FnSUNBZ0lDQWdJQ0FnSUdOdmJuTjBJRlJsZUhSVGNHRnVLQW9nSUNBZ0lDQWdJQ0FnSUNBZ0lDQWdJQ0FnSUNBZ0lDQWdJSFJsZUhRNklDY2dJQ2d6TUNCdGFXNGdZWFpoYm5RcEp5d0tJQ0FnSUNBZ0lDQWdJQ0FnSUNBZ0lDQWdJQ0FnSUNBZ0lDQnpkSGxzWlRvZ1ZHVjRkRk4wZVd4bEtBb2dJQ0FnSUNBZ0lDQWdJQ0FnSUNBZ0lDQWdJQ0FnSUNBZ0lDQWdabTl1ZEZkbGFXZG9kRG9nUm05dWRGZGxhV2RvZEM1M05UQXdMQW9nSUNBZ0lDQWdJQ0FnSUNBZ0lDQWdJQ0FnSUNBZ0lDQWdJQ0FnWm05dWRGTnBlbVU2SURFeUxBb2dJQ0FnSUNBZ0lDQWdJQ0FnSUNBZ0lDQWdJQ0FnSUNBZ0lDa3NDaUFnSUNBZ0lDQWdJQ0FnSUNBZ0lDQWdJQ0FnSUNBZ0lDa3NDaUFnSUNBZ0lDQWdJQ0FnSUNBZ0lDQWdJQ0FnSUNCZExBb2dJQ0FnSUNBZ0lDQWdJQ0FnSUNBZ0lDQWdJQ2tzQ2lBZ0lDQWdJQ0FnSUNBZ0lDQWdJQ0FnSUNrc0NpQWdJQ0FnSUNBZ0lDQWdJQ0FnSUNBcExBb2dJQ0FnSUNBZ0lDQWdJQ0FnSUYwc0NpQWdJQ0FnSUNBZ0lDQWdJQ0FnWTI5dWMzUWdVMmw2WldSQ2IzZ29hR1ZwWjJoME9pQXhNaWtzQ2lBZ0lDQWdJQ0FnSUNBZ0lDQWdhV1lnS0dsdVptOHVZV1JrY21WemN5QWhQU0J1ZFd4c0tRb2dJQ0FnSUNBZ0lDQWdJQ0FnSUNBZ1NXNXJWMlZzYkNnS0lDQWdJQ0FnSUNBZ0lDQWdJQ0FnSUNBZ2IyNVVZWEE2SUNncElEMCtJSE5vYjNkTllYUmphRUZrWkhKbGMzTlRhR1ZsZENoamIyNTBaWGgwTENCcGJtWnZMbUZrWkhKbGMzTWhLU3dLSUNBZ0lDQWdJQ0FnSUNBZ0lDQWdJQ0FnWW05eVpHVnlVbUZrYVhWek9pQkNiM0prWlhKU1lXUnBkWE11WTJseVkzVnNZWElvT0Nrc0NpQWdJQ0FnSUNBZ0lDQWdJQ0FnSUNBZ0lHTm9hV3hrT2lCUVlXUmthVzVuS0FvZ0lDQWdJQ0FnSUNBZ0lDQWdJQ0FnSUNBZ0lIQmhaR1JwYm1jNklHTnZibk4wSUVWa1oyVkpibk5sZEhNdWMzbHRiV1YwY21saktIWmxjblJwWTJGc09pQTBLU3dLSUNBZ0lDQWdJQ0FnSUNBZ0lDQWdJQ0FnSUNCamFHbHNaRG9nWDBsdVptOVNiM2NvQ2lBZ0lDQWdJQ0FnSUNBZ0lDQWdJQ0FnSUNBZ0lDQnBZMjl1T2lCSlkyOXVjeTV3YkdGalpWOXZkWFJzYVc1bFpDd0tJQ0FnSUNBZ0lDQWdJQ0FnSUNBZ0lDQWdJQ0FnSUdsamIyNURiMnh2Y2pvZ1kyOXVjM1FnUTI5c2IzSW9NSGhHUmpsQ05rTkdSaWtzQ2lBZ0lDQWdJQ0FnSUNBZ0lDQWdJQ0FnSUNBZ0lDQmphR2xzWkRvZ1ZHVjRkQ2dLSUNBZ0lDQWdJQ0FnSUNBZ0lDQWdJQ0FnSUNBZ0lDQWdhVzVtYnk1aFpHUnlaWE56SVN3S0lDQWdJQ0FnSUNBZ0lDQWdJQ0FnSUNBZ0lDQWdJQ0FnYzNSNWJHVTZJR052Ym5OMElGUmxlSFJUZEhsc1pTZ0tJQ0FnSUNBZ0lDQWdJQ0FnSUNBZ0lDQWdJQ0FnSUNBZ0lDQmpiMnh2Y2pvZ1EyOXNiM0lvTUhoR1JqbENOa05HUmlrc0NpQWdJQ0FnSUNBZ0lDQWdJQ0FnSUNBZ0lDQWdJQ0FnSUNBZ1ptOXVkRmRsYVdkb2REb2dSbTl1ZEZkbGFXZG9kQzUzT0RBd0xBb2dJQ0FnSUNBZ0lDQWdJQ0FnSUNBZ0lDQWdJQ0FnSUNBZ0lHUmxZMjl5WVhScGIyNDZJRlJsZUhSRVpXTnZjbUYwYVc5dUxuVnVaR1Z5YkdsdVpTd0tJQ0FnSUNBZ0lDQWdJQ0FnSUNBZ0lDQWdJQ0FnSUNBZ0lDQmtaV052Y21GMGFXOXVRMjlzYjNJNklFTnZiRzl5S0RCNFJrWTVRalpEUmtZcExBb2dJQ0FnSUNBZ0lDQWdJQ0FnSUNBZ0lDQWdJQ0FnSUNBcExBb2dJQ0FnSUNBZ0lDQWdJQ0FnSUNBZ0lDQWdJQ0FnS1N3S0lDQWdJQ0FnSUNBZ0lDQWdJQ0FnSUNBZ0lDQXBMQW9nSUNBZ0lDQWdJQ0FnSUNBZ0lDQWdJQ0FwTEFvZ0lDQWdJQ0FnSUNBZ0lDQWdJQ0FnS1FvZ0lDQWdJQ0FnSUNBZ0lDQWdJR1ZzYzJVS0lDQWdJQ0FnSUNBZ0lDQWdJQ0FnSUY5SmJtWnZVbTkzS0FvZ0lDQWdJQ0FnSUNBZ0lDQWdJQ0FnSUNCcFkyOXVPaUJKWTI5dWN5NXdiR0ZqWlY5dmRYUnNhVzVsWkN3S0lDQWdJQ0FnSUNBZ0lDQWdJQ0FnSUNBZ1kyaHBiR1E2SUZSbGVIUW9DaUFnSUNBZ0lDQWdJQ0FnSUNBZ0lDQWdJQ0FnSjBGa2NtVnpjMlVnYm05dUlISmxibk5sYVdkdXc2bGxMaWNzQ2lBZ0lDQWdJQ0FnSUNBZ0lDQWdJQ0FnSUNBZ2MzUjViR1U2SUZSbGVIUlRkSGxzWlNoamIyeHZjam9nVkdobGJXVXViMllvWTI5dWRHVjRkQ2t1YUdsdWRFTnZiRzl5S1N3S0lDQWdJQ0FnSUNBZ0lDQWdJQ0FnSUNBZ0tTd0tJQ0FnSUNBZ0lDQWdJQ0FnSUNBZ0lDa3NDaUFnSUNBZ0lDQWdJQ0FnSUNBZ1kyOXVjM1FnVTJsNlpXUkNiM2dvYUdWcFoyaDBPaUF5TUNrc0NpQWdJQ0FnSUNBZ0lDQWdJQ0FnVkdWNGRDZ0tJQ0FnSUNBZ0lDQWdJQ0FnSUNBZ0lHbHVabTh1YkdGemRFVnVZMjkxYm5SbGNuTXViR1Z1WjNSb0lENGdNUW9nSUNBZ0lDQWdJQ0FnSUNBZ0lDQWdJQ0FnSUQ4Z0owUmxjbTVwdzZoeVpYTWdjbVZ1WTI5dWRISmxjeWNLSUNBZ0lDQWdJQ0FnSUNBZ0lDQWdJQ0FnSUNBNklDZEVaWEp1YWNPb2NtVWdjbVZ1WTI5dWRISmxKeXdLSUNBZ0lDQWdJQ0FnSUNBZ0lDQWdJSE4wZVd4bE9pQlVhR1Z0WlM1dlppaGpiMjUwWlhoMEtRb2dJQ0FnSUNBZ0lDQWdJQ0FnSUNBZ0lDQWdJQzUwWlhoMFZHaGxi
Shell: V1VLSUNBZ0lDQWdJQ0FnSUNBZ0lDQWdJQ0FnSUNBdWRHbDBiR1ZUYldGc2JBb2dJQ0FnSUNBZ0lDQWdJQ0FnSUNBZ0lDQWdJRDh1WTI5d2VWZHBkR2dvWm05dWRGZGxhV2RvZERvZ1JtOXVkRmRsYVdkb2RDNTNPVEF3S1N3S0lDQWdJQ0FnSUNBZ0lDQWdJQ0FwTEFvZ0lDQWdJQ0FnSUNBZ0lDQWdJR052Ym5OMElGTnBlbVZrUW05NEtHaGxhV2RvZERvZ01UQXBMQW9nSUNBZ0lDQWdJQ0FnSUNBZ0lHbG1JQ2hwYm1adkxteGhjM1JGYm1OdmRXNTBaWEp6TG1selJXMXdkSGtwQ2lBZ0lDQWdJQ0FnSUNBZ0lDQWdJQ0JVWlhoMEtBb2dJQ0FnSUNBZ0lDQWdJQ0FnSUNBZ0lDQW5RWFZqZFc1bElISmxibU52Ym5SeVpTQndZWE56dzZsbElHTnZiblJ5WlNCalpYUWdZV1IyWlhKellXbHlaUzRuTEFvZ0lDQWdJQ0FnSUNBZ0lDQWdJQ0FnSUNCemRIbHNaVG9nVkdWNGRGTjBlV3hsS0dOdmJHOXlPaUJVYUdWdFpTNXZaaWhqYjI1MFpYaDBLUzVvYVc1MFEyOXNiM0lwTEFvZ0lDQWdJQ0FnSUNBZ0lDQWdJQ0FnS1FvZ0lDQWdJQ0FnSUNBZ0lDQWdJR1ZzYzJVS0lDQWdJQ0FnSUNBZ0lDQWdJQ0FnSUZkeVlYQW9DaUFnSUNBZ0lDQWdJQ0FnSUNBZ0lDQWdJSE53WVdOcGJtYzZJRGdzQ2lBZ0lDQWdJQ0FnSUNBZ0lDQWdJQ0FnSUhKMWJsTndZV05wYm1jNklEZ3NDaUFnSUNBZ0lDQWdJQ0FnSUNBZ0lDQWdJR05vYVd4a2NtVnVPaUJiQ2lBZ0lDQWdJQ0FnSUNBZ0lDQWdJQ0FnSUNBZ1ptOXlJQ2htYVc1aGJDQmxibU52ZFc1MFpYSWdhVzRnYVc1bWJ5NXNZWE4wUlc1amIzVnVkR1Z5Y3lrS0lDQWdJQ0FnSUNBZ0lDQWdJQ0FnSUNBZ0lDQWdJRjlGYm1OdmRXNTBaWEpEYUdsd0tHVnVZMjkxYm5SbGNqb2daVzVqYjNWdWRHVnlLU3dLSUNBZ0lDQWdJQ0FnSUNBZ0lDQWdJQ0FnWFN3S0lDQWdJQ0FnSUNBZ0lDQWdJQ0FnSUNrc0NpQWdJQ0FnSUNBZ0lDQWdJRjBzQ2lBZ0lDQWdJQ0FnSUNBcExBb2dJQ0FnSUNBZ0lDa3NDaUFnSUNBZ0lDa3NDaUFnSUNBcE93b2dJSDBLZlFvS1kyeGhjM01nWDBsdVptOVNiM2NnWlhoMFpXNWtjeUJUZEdGMFpXeGxjM05YYVdSblpYUWdld29nSUdOdmJuTjBJRjlKYm1adlVtOTNLSHR5WlhGMWFYSmxaQ0IwYUdsekxtbGpiMjRzSUhKbGNYVnBjbVZrSUhSb2FYTXVZMmhwYkdRc0lIUm9hWE11YVdOdmJrTnZiRzl5ZlNrN0Nnb2dJR1pwYm1Gc0lFbGpiMjVFWVhSaElHbGpiMjQ3Q2lBZ1ptbHVZV3dnVjJsa1oyVjBJR05vYVd4a093b2dJR1pwYm1Gc0lFTnZiRzl5UHlCcFkyOXVRMjlzYjNJN0Nnb2dJRUJ2ZG1WeWNtbGtaUW9nSUZkcFpHZGxkQ0JpZFdsc1pDaENkV2xzWkVOdmJuUmxlSFFnWTI5dWRHVjRkQ2tnZXdvZ0lDQWdjbVYwZFhKdUlGSnZkeWdLSUNBZ0lDQWdZM0p2YzNOQmVHbHpRV3hwWjI1dFpXNTBPaUJEY205emMwRjRhWE5CYkdsbmJtMWxiblF1YzNSaGNuUXNDaUFnSUNBZ0lHTm9hV3hrY21WdU9pQmJDaUFnSUNBZ0lDQWdTV052YmlocFkyOXVMQ0J6YVhwbE9pQXlNQ3dnWTI5c2IzSTZJR2xqYjI1RGIyeHZjaWtzQ2lBZ0lDQWdJQ0FnWTI5dWMzUWdVMmw2WldSQ2IzZ29kMmxrZEdnNklERXdLU3dLSUNBZ0lDQWdJQ0JGZUhCaGJtUmxaQ2hqYUdsc1pEb2dZMmhwYkdRcExBb2dJQ0FnSUNCZExBb2dJQ0FnS1RzS0lDQjlDbjBLQ21Oc1lYTnpJRjlGYm1OdmRXNTBaWEpEYUdsd0lHVjRkR1Z1WkhNZ1UzUmhkR1ZzWlhOelYybGtaMlYwSUhzS0lDQmpiMjV6ZENCZlJXNWpiM1Z1ZEdWeVEyaHBjQ2g3Y21WeGRXbHlaV1FnZEdocGN5NWxibU52ZFc1MFpYSjlLVHNLQ2lBZ1ptbHVZV3dnVFdGMFkyaEZibU52ZFc1MFpYSWdaVzVqYjNWdWRHVnlPd29LSUNCQWIzWmxjbkpwWkdVS0lDQlhhV1JuWlhRZ1luVnBiR1FvUW5WcGJHUkRiMjUwWlhoMElHTnZiblJsZUhRcElIc0tJQ0FnSUdacGJtRnNJR052Ykc5eUlEMGdUV0YwWTJoR2FYaDBkWEpsTG5KbGMzVnNkRU52Ykc5eUtBb2dJQ0FnSUNCbGJtTnZkVzUwWlhJdVozSnBiblJoVTJOdmNtVXNDaUFnSUNBZ0lHVnVZMjkxYm5SbGNpNXZjSEJ2Ym1WdWRGTmpiM0psTEFvZ0lDQWdLVHNLSUNBZ0lISmxkSFZ5YmlCRGIyNTBZV2x1WlhJb0NpQWdJQ0FnSUhCaFpHUnBibWM2SUdOdmJuTjBJRVZrWjJWSmJuTmxkSE11YzNsdGJXVjBjbWxqS0dodmNtbDZiMjUwWVd3NklERXdMQ0IyWlhKMGFXTmhiRG9nTmlrc0NpQWdJQ0FnSUdSbFkyOXlZWFJwYjI0NklFSnZlRVJsWTI5eVlYUnBiMjRvQ2lBZ0lDQWdJQ0FnWTI5c2IzSTZJR052Ykc5eUxuZHBkR2hXWVd4MVpYTW9ZV3h3YUdFNklDNHhOaWtzQ2lBZ0lDQWdJQ0FnWW05eVpHVnlVbUZrYVhWek9pQkNiM0prWlhKU1lXUnBkWE11WTJseVkzVnNZWElvTVRBcExBb2dJQ0FnSUNBZ0lHSnZjbVJsY2pvZ1FtOXlaR1Z5TG1Gc2JDaGpiMnh2Y2pvZ1kyOXNiM0l1ZDJsMGFGWmhiSFZsY3loaGJIQm9ZVG9nTGpVcEtTd0tJQ0FnSUNBZ0tTd0tJQ0FnSUNBZ1kyaHBiR1E2SUVOdmJIVnRiaWdLSUNBZ0lDQWdJQ0J0WVdsdVFYaHBjMU5wZW1VNklFMWhhVzVCZUdselUybDZaUzV0YVc0c0NpQWdJQ0FnSUNBZ1kyaHBiR1J5Wlc0NklGc0tJQ0FnSUNBZ0lDQWdJRlJsZUhRb0NpQWdJQ0FnSUNBZ0lDQWdJQ2NrZTJWdVkyOTFiblJsY2k1bmNtbHVkR0ZUWTI5eVpYM2lnSk1rZTJWdVkyOTFiblJsY2k1dmNIQnZibVZ1ZEZOamIzSmxmU2NzQ2lBZ0lDQWdJQ0FnSUNBZ0lITjBlV3hsT2lCVVpYaDBVM1I1YkdVb0NpQWdJQ0FnSUNBZ0lDQWdJQ0FnWTI5c2IzSTZJR052Ykc5eUxBb2dJQ0FnSUNBZ0lDQWdJQ0FnSUdadmJuUlhaV2xuYUhRNklFWnZiblJYWldsbmFIUXVkemt3TUN3S0lDQWdJQ0FnSUNBZ0lDQWdJQ0JtYjI1MFUybDZaVG9nTVRZc0NpQWdJQ0FnSUNBZ0lDQWdJQ2tzQ2lBZ0lDQWdJQ0FnSUNBcExBb2dJQ0FnSUNBZ0lDQWdhV1lnS0dWdVkyOTFiblJsY2k1a1lYUmxJQ0U5SUc1MWJHd3BDaUFnSUNBZ0lDQWdJQ0FnSUZSbGVIUW9DaUFnSUNBZ0lDQWdJQ0FnSUNBZ1FYQndSbTl5YldGMGN5NWtZWFJsS0dWdVkyOTFiblJsY2k1a1lYUmxJU2tzQ2lBZ0lDQWdJQ0FnSUNBZ0lDQWdjM1I1YkdVNklGUmxl
Shell: SFJUZEhsc1pTZ0tJQ0FnSUNBZ0lDQWdJQ0FnSUNBZ0lHTnZiRzl5T2lCamIyeHZjaTUzYVhSb1ZtRnNkV1Z6S0dGc2NHaGhPaUF1T0Nrc0NpQWdJQ0FnSUNBZ0lDQWdJQ0FnSUNCbWIyNTBVMmw2WlRvZ01UQXNDaUFnSUNBZ0lDQWdJQ0FnSUNBZ0lDQm1iMjUwVjJWcFoyaDBPaUJHYjI1MFYyVnBaMmgwTG5jM01EQXNDaUFnSUNBZ0lDQWdJQ0FnSUNBZ0tTd0tJQ0FnSUNBZ0lDQWdJQ0FnS1N3S0lDQWdJQ0FnSUNCZExBb2dJQ0FnSUNBcExBb2dJQ0FnS1RzS0lDQjlDbjBLIiwibGliL2ZlYXR1cmVzL25vdGlmaWNhdGlvbnMvcHJlc2VudGF0aW9uL25vdGlmaWNhdGlvbnNfcGFnZS5kYXJ0IjoiYVcxd2IzSjBJQ2R3WVdOcllXZGxPbUZ6WDJkeWFXNTBZUzlqYjNKbEwzQnliM1pwWkdWeWN5OXpkWEJoWW1GelpWOXdjbTkyYVdSbGNpNWtZWEowSnpzS2FXMXdiM0owSUNkd1lXTnJZV2RsT21GelgyZHlhVzUwWVM5amIzSmxMM2RwWkdkbGRITXZZV1J0YVc1ZlltRmtaMlV1WkdGeWRDYzdDbWx0Y0c5eWRDQW5jR0ZqYTJGblpUcGhjMTluY21sdWRHRXZZMjl5WlM5M2FXUm5aWFJ6TDJkeWFXNTBZVjloY0hCZlltRnlMbVJoY25Rbk93cHBiWEJ2Y25RZ0ozQmhZMnRoWjJVNllYTmZaM0pwYm5SaEwyWmxZWFIxY21WekwyRjFkR2d2Y0hKbGMyVnVkR0YwYVc5dUwyRjFkR2hmYzNSaGRHVXVaR0Z5ZENjN0NtbHRjRzl5ZENBbmNHRmphMkZuWlRwaGMxOW5jbWx1ZEdFdlptVmhkSFZ5WlhNdmNISmxabVZ5Wlc1alpYTXZaR0YwWVM5d2RYTm9YM04xWW5OamNtbHdkR2x2Ym5OZmNtVndiM05wZEc5eWVTNWtZWEowSnpzS2FXMXdiM0owSUNkd1lXTnJZV2RsT21ac2RYUjBaWEl2YldGMFpYSnBZV3d1WkdGeWRDYzdDbWx0Y0c5eWRDQW5jR0ZqYTJGblpUcG1iSFYwZEdWeVgzSnBkbVZ5Y0c5a0wyWnNkWFIwWlhKZmNtbDJaWEp3YjJRdVpHRnlkQ2M3Q21sdGNHOXlkQ0FuY0dGamEyRm5aVHBoYzE5bmNtbHVkR0V2WTI5eVpTOTNhV1JuWlhSekwyZHlhVzUwWVY5c2IyRmtaWEl1WkdGeWRDYzdDZ3BqYkdGemN5Qk9iM1JwWm1sallYUnBiMjV6VUdGblpTQmxlSFJsYm1SeklFTnZibk4xYldWeVYybGtaMlYwSUhzS0lDQmpiMjV6ZENCT2IzUnBabWxqWVhScGIyNXpVR0ZuWlNoN2MzVndaWEl1YTJWNWZTazdDZ29nSUVCdmRtVnljbWxrWlFvZ0lGZHBaR2RsZENCaWRXbHNaQ2hDZFdsc1pFTnZiblJsZUhRZ1kyOXVkR1Y0ZEN3Z1YybGtaMlYwVW1WbUlISmxaaWtnZXdvZ0lDQWdjbVYwZFhKdUlGTmpZV1ptYjJ4a0tBb2dJQ0FnSUNCaGNIQkNZWEk2SUVkeWFXNTBZVUZ3Y0VKaGNpaDBhWFJzWlRvZ1kyOXVjM1FnVkdWNGRDZ25UbTkwYVdacFkyRjBhVzl1Y3ljcEtTd0tJQ0FnSUNBZ1ltOWtlVG9nVW1WbWNtVnphRWx1WkdsallYUnZjaWdLSUNBZ0lDQWdJQ0J2YmxKbFpuSmxjMmc2SUNncElHRnplVzVqSUhzS0lDQWdJQ0FnSUNBZ0lISmxaaTVwYm5aaGJHbGtZWFJsS0hCMWMyaFRkR0YwZFhOUWNtOTJhV1JsY2lrN0NpQWdJQ0FnSUNBZ0lDQmhkMkZwZENCeVpXWXVjbVZoWkNod2RYTm9VM1JoZEhWelVISnZkbWxrWlhJdVpuVjBkWEpsS1RzS0lDQWdJQ0FnSUNCOUxBb2dJQ0FnSUNBZ0lHTm9hV3hrT2lCTWFYTjBWbWxsZHlnS0lDQWdJQ0FnSUNBZ0lIQm9lWE5wWTNNNklHTnZibk4wSUVGc2QyRjVjMU5qY205c2JHRmliR1ZUWTNKdmJHeFFhSGx6YVdOektDa3NDaUFnSUNBZ0lDQWdJQ0J3WVdSa2FXNW5PaUJqYjI1emRDQkZaR2RsU1c1elpYUnpMbVp5YjIxTVZGSkNLREUyTENBeE5pd2dNVFlzSURNeUtTd0tJQ0FnSUNBZ0lDQWdJR05vYVd4a2NtVnVPaUJqYjI1emRDQmJDaUFnSUNBZ0lDQWdJQ0FnSUY5UWRYTm9RV04wYVhaaGRHbHZia05oY21Rb0tTd0tJQ0FnSUNBZ0lDQWdJQ0FnVTJsNlpXUkNiM2dvYUdWcFoyaDBPaUF4Tmlrc0NpQWdJQ0FnSUNBZ0lDQWdJRjlPYjNScFptbGpZWFJwYjI1elNXNW1iME5oY21Rb0tTd0tJQ0FnSUNBZ0lDQWdJQ0FnWDBGa2JXbHVWR1Z6ZEVKMWRIUnZiaWdwTEFvZ0lDQWdJQ0FnSUNBZ1hTd0tJQ0FnSUNBZ0lDQXBMQW9nSUNBZ0lDQXBMQW9nSUNBZ0tUc0tJQ0I5Q24wS0NtTnNZWE56SUY5T2IzUnBabWxqWVhScGIyNXpTVzVtYjBOaGNtUWdaWGgwWlc1a2N5QlRkR0YwWld4bGMzTlhhV1JuWlhRZ2V3b2dJR052Ym5OMElGOU9iM1JwWm1sallYUnBiMjV6U1c1bWIwTmhjbVFvS1RzS0NpQWdRRzkyWlhKeWFXUmxDaUFnVjJsa1oyVjBJR0oxYVd4a0tFSjFhV3hrUTI5dWRHVjRkQ0JqYjI1MFpYaDBLU0I3Q2lBZ0lDQnlaWFIxY200Z1EyRnlaQ2dLSUNBZ0lDQWdZMmhwYkdRNklGQmhaR1JwYm1jb0NpQWdJQ0FnSUNBZ2NHRmtaR2x1WnpvZ1kyOXVjM1FnUldSblpVbHVjMlYwY3k1aGJHd29NVFlwTEFvZ0lDQWdJQ0FnSUdOb2FXeGtPaUJEYjJ4MWJXNG9DaUFnSUNBZ0lDQWdJQ0JqY205emMwRjRhWE5CYkdsbmJtMWxiblE2SUVOeWIzTnpRWGhwYzBGc2FXZHViV1Z1ZEM1emRHRnlkQ3dLSUNBZ0lDQWdJQ0FnSUdOb2FXeGtjbVZ1T2lCYkNpQWdJQ0FnSUNBZ0lDQWdJRlJsZUhRb0NpQWdJQ0FnSUNBZ0lDQWdJQ0FnSjBObElIRjFaU0IwZFNCeVpjT25iMmx6Snl3S0lDQWdJQ0FnSUNBZ0lDQWdJQ0J6ZEhsc1pUb2dWR2hsYldVdWIyWW9ZMjl1ZEdWNGRDa0tJQ0FnSUNBZ0lDQWdJQ0FnSUNBZ0lDQWdMblJsZUhSVWFHVnRaUW9nSUNBZ0lDQWdJQ0FnSUNBZ0lDQWdJQ0F1ZEdsMGJHVk5aV1JwZFcwS0lDQWdJQ0FnSUNBZ0lDQWdJQ0FnSUNBZ1B5NWpiM0I1VjJsMGFDaG1iMjUwVjJWcFoyaDBPaUJHYjI1MFYyVnBaMmgwTG5jNE1EQXBMQW9nSUNBZ0lDQWdJQ0FnSUNBcExBb2dJQ0FnSUNBZ0lDQWdJQ0JqYjI1emRDQlRhWHBsWkVKdmVDaG9aV2xuYUhRNklERXlLU3dLSUNBZ0lDQWdJQ0FnSUNBZ1gyeHBibVVvQ2lBZ0lDQWdJQ0FnSUNBZ0lDQWdJQ0FuOEorVGhTY3NDaUFnSUNBZ0lDQWdJQ0FnSUNBZ0lDQW5UR0VnWkdWdFlXNWtaU0JrWlNCa2FYTndiMjVwWW1sc2FYVERxU3dnWVhabFl5QjFiaUJ5WVhCd1pXd2daR1VnSndvZ0lDQWdJQ0FnSUNBZ0lDQWdJQ0FnSUNBZ0lDZHdjbTl1
Shell: YjNOMGFYRjFaWEl1Snlrc0NpQWdJQ0FnSUNBZ0lDQWdJRjlzYVc1bEtDZnduNCtCSnl3Z0oweGxJSE5qYjNKbElHWnBibUZzSUdSbElHTm9ZWEYxWlNCdFlYUmphQzRuS1N3S0lDQWdJQ0FnSUNBZ0lDQWdYMnhwYm1Vb0NpQWdJQ0FnSUNBZ0lDQWdJQ0FnSUNBbjhKK1JrU2NzQ2lBZ0lDQWdJQ0FnSUNBZ0lDQWdJQ0FuVE9LQW1XbHVkbWwwWVhScGIyNGd3NkFnZG05MFpYSWdjRzkxY2lCczRvQ1pTRzl0YldVZ1pIVWdiV0YwWTJnc0lITnBJSFIxSUNjS0lDQWdJQ0FnSUNBZ0lDQWdJQ0FnSUNBZ0lDQW53NmwwWVdseklIQnl3Nmx6Wlc1MExpY3BMQW9nSUNBZ0lDQWdJQ0FnSUNCZmJHbHVaU2duOEorT2lTY3NJQ2RNWlNCeXc2bHpkV3gwWVhRZ1pIVWdkbTkwWlN3Z2Mya2dkSFVnWVhNZ2RtOTB3Nmt1Snlrc0NpQWdJQ0FnSUNBZ0lDQmRMQW9nSUNBZ0lDQWdJQ2tzQ2lBZ0lDQWdJQ2tzQ2lBZ0lDQXBPd29nSUgwS0NpQWdWMmxrWjJWMElGOXNhVzVsS0ZOMGNtbHVaeUJsYlc5cWFTd2dVM1J5YVc1bklIUmxlSFFwSUhzS0lDQWdJSEpsZEhWeWJpQlFZV1JrYVc1bktBb2dJQ0FnSUNCd1lXUmthVzVuT2lCamIyNXpkQ0JGWkdkbFNXNXpaWFJ6TG05dWJIa29ZbTkwZEc5dE9pQXhNQ2tzQ2lBZ0lDQWdJR05vYVd4a09pQlNiM2NvQ2lBZ0lDQWdJQ0FnWTNKdmMzTkJlR2x6UVd4cFoyNXRaVzUwT2lCRGNtOXpjMEY0YVhOQmJHbG5ibTFsYm5RdWMzUmhjblFzQ2lBZ0lDQWdJQ0FnWTJocGJHUnlaVzQ2SUZzS0lDQWdJQ0FnSUNBZ0lGUmxlSFFvWlcxdmFta3NJSE4wZVd4bE9pQmpiMjV6ZENCVVpYaDBVM1I1YkdVb1ptOXVkRk5wZW1VNklERTRLU2tzQ2lBZ0lDQWdJQ0FnSUNCamIyNXpkQ0JUYVhwbFpFSnZlQ2gzYVdSMGFEb2dNVElwTEFvZ0lDQWdJQ0FnSUNBZ1JYaHdZVzVrWldRb1kyaHBiR1E2SUZSbGVIUW9kR1Y0ZENrcExBb2dJQ0FnSUNBZ0lGMHNDaUFnSUNBZ0lDa3NDaUFnSUNBcE93b2dJSDBLZlFvS0x5OHZJRUp2ZFhSdmJpQnl3Nmx6WlhKMnc2a2d3NkFnYkNkaFpHMXBiaUE2SUdWdWRtOXBaU0IxYm1VZ2JtOTBhV1pwWTJGMGFXOXVJR1JsSUhSbGMzUWd3NkFnYzI5cExXM0RxbTFsQ2k4dkx5QjFibWx4ZFdWdFpXNTBMQ0J3YjNWeUlIWmhiR2xrWlhJZ2JHVWdjbVZ1WkhVZ2MyRnVjeUJrdzZseVlXNW5aWElnYkNmRHFYRjFhWEJsTGdwamJHRnpjeUJmUVdSdGFXNVVaWE4wUW5WMGRHOXVJR1Y0ZEdWdVpITWdRMjl1YzNWdFpYSlRkR0YwWldaMWJGZHBaR2RsZENCN0NpQWdZMjl1YzNRZ1gwRmtiV2x1VkdWemRFSjFkSFJ2YmlncE93b0tJQ0JBYjNabGNuSnBaR1VLSUNCRGIyNXpkVzFsY2xOMFlYUmxQRjlCWkcxcGJsUmxjM1JDZFhSMGIyNCtJR055WldGMFpWTjBZWFJsS0NrZ1BUNGdYMEZrYldsdVZHVnpkRUoxZEhSdmJsTjBZWFJsS0NrN0NuMEtDbU5zWVhOeklGOUJaRzFwYmxSbGMzUkNkWFIwYjI1VGRHRjBaU0JsZUhSbGJtUnpJRU52Ym5OMWJXVnlVM1JoZEdVOFgwRmtiV2x1VkdWemRFSjFkSFJ2Ymo0Z2V3b2dJR0p2YjJ3Z1gzTmxibVJwYm1jZ1BTQm1ZV3h6WlRzS0NpQWdSblYwZFhKbFBIWnZhV1ErSUY5elpXNWtLQ2tnWVhONWJtTWdld29nSUNBZ2MyVjBVM1JoZEdVb0tDa2dQVDRnWDNObGJtUnBibWNnUFNCMGNuVmxLVHNLSUNBZ0lIWmhjaUJ0WlhOellXZGxJRDBnSjFSbGMzUWdaVzUyYjNuRHFTRGlnSlFnY21WbllYSmtaU0IwWlhNZ2JtOTBhV1pwWTJGMGFXOXVjeTRuT3dvZ0lDQWdkSEo1SUhzS0lDQWdJQ0FnWVhkaGFYUWdjbVZtTG5KbFlXUW9jM1Z3WVdKaGMyVkRiR2xsYm5SUWNtOTJhV1JsY2lrdWNuQmpLQ2RoWkcxcGJsOXpaVzVrWDNSbGMzUmZjSFZ6YUNjcE93b2dJQ0FnZlNCallYUmphQ0FvWHlrZ2V3b2dJQ0FnSUNCdFpYTnpZV2RsSUQwZ0owbHRjRzl6YzJsaWJHVWdaT0tBbVdWdWRtOTVaWElnYkdVZ2RHVnpkQzRuT3dvZ0lDQWdmUW9nSUNBZ2FXWWdLQ0Z0YjNWdWRHVmtLU0J5WlhSMWNtNDdDaUFnSUNCelpYUlRkR0YwWlNnb0tTQTlQaUJmYzJWdVpHbHVaeUE5SUdaaGJITmxLVHNLSUNBZ0lGTmpZV1ptYjJ4a1RXVnpjMlZ1WjJWeUxtOW1LR052Ym5SbGVIUXBDaUFnSUNBZ0lDQWdMbk5vYjNkVGJtRmphMEpoY2loVGJtRmphMEpoY2loamIyNTBaVzUwT2lCVVpYaDBLRzFsYzNOaFoyVXBLU2s3Q2lBZ2ZRb0tJQ0JBYjNabGNuSnBaR1VLSUNCWGFXUm5aWFFnWW5WcGJHUW9RblZwYkdSRGIyNTBaWGgwSUdOdmJuUmxlSFFwSUhzS0lDQWdJR2xtSUNnaGNtVm1MbmRoZEdOb0tHbHpRV1J0YVc1V2FXVjNVSEp2ZG1sa1pYSXBLU0J5WlhSMWNtNGdZMjl1YzNRZ1UybDZaV1JDYjNndWMyaHlhVzVyS0NrN0NpQWdJQ0J5WlhSMWNtNGdVR0ZrWkdsdVp5Z0tJQ0FnSUNBZ2NHRmtaR2x1WnpvZ1kyOXVjM1FnUldSblpVbHVjMlYwY3k1dmJteDVLSFJ2Y0RvZ01UWXBMQW9nSUNBZ0lDQmphR2xzWkRvZ1EyOXNkVzF1S0FvZ0lDQWdJQ0FnSUdOeWIzTnpRWGhwYzBGc2FXZHViV1Z1ZERvZ1EzSnZjM05CZUdselFXeHBaMjV0Wlc1MExuTjBZWEowTEFvZ0lDQWdJQ0FnSUdOb2FXeGtjbVZ1T2lCYkNpQWdJQ0FnSUNBZ0lDQmpiMjV6ZENCQlpHMXBia0poWkdkbEtDa3NDaUFnSUNBZ0lDQWdJQ0JqYjI1emRDQlRhWHBsWkVKdmVDaG9aV2xuYUhRNklEZ3BMQW9nSUNBZ0lDQWdJQ0FnVDNWMGJHbHVaV1JDZFhSMGIyNHVhV052YmlnS0lDQWdJQ0FnSUNBZ0lDQWdiMjVRY21WemMyVmtPaUJmYzJWdVpHbHVaeUEvSUc1MWJHd2dPaUJmYzJWdVpDd0tJQ0FnSUNBZ0lDQWdJQ0FnYVdOdmJqb2dYM05sYm1ScGJtY0tJQ0FnSUNBZ0lDQWdJQ0FnSUNBZ0lEOGdZMjl1YzNRZ1UybDZaV1JDYjNnb0NpQWdJQ0FnSUNBZ0lDQWdJQ0FnSUNBZ0lDQWdkMmxrZEdnNklERTRMQW9nSUNBZ0lDQWdJQ0FnSUNBZ0lDQWdJQ0FnSUdobGFXZG9kRG9nTVRnc0NpQWdJQ0FnSUNBZ0lDQWdJQ0FnSUNBZ0lDQWdZMmhwYkdRNklFZHlhVzUwWVZCeWIyZHlaWE56U1c1a2FXTmhkRzl5S0hOMGNtOXJaVmRwWkhSb09pQXlLU3dLSUNBZ0lDQWdJQ0FnSUNBZ0lDQWdJQ0FnS1FvZ0lDQWdJQ0FnSUNBZ0lDQWdJQ0Fn
Shell: T2lCamIyNXpkQ0JKWTI5dUtFbGpiMjV6TG5ObGJtUmZiM1YwYkdsdVpXUXBMQW9nSUNBZ0lDQWdJQ0FnSUNCc1lXSmxiRG9nWTI5dWMzUWdWR1Y0ZENnblRlS0FtV1Z1ZG05NVpYSWdkVzRnZEdWemRDY3BMQW9nSUNBZ0lDQWdJQ0FnS1N3S0lDQWdJQ0FnSUNCZExBb2dJQ0FnSUNBcExBb2dJQ0FnS1RzS0lDQjlDbjBLQ21Oc1lYTnpJRjlRZFhOb1FXTjBhWFpoZEdsdmJrTmhjbVFnWlhoMFpXNWtjeUJEYjI1emRXMWxjbGRwWkdkbGRDQjdDaUFnWTI5dWMzUWdYMUIxYzJoQlkzUnBkbUYwYVc5dVEyRnlaQ2dwT3dvS0lDQkFiM1psY25KcFpHVUtJQ0JYYVdSblpYUWdZblZwYkdRb1FuVnBiR1JEYjI1MFpYaDBJR052Ym5SbGVIUXNJRmRwWkdkbGRGSmxaaUJ5WldZcElIc0tJQ0FnSUdacGJtRnNJSE4wWVhSMWMwRnplVzVqSUQwZ2NtVm1MbmRoZEdOb0tIQjFjMmhUZEdGMGRYTlFjbTkyYVdSbGNpazdDZ29nSUNBZ2NtVjBkWEp1SUVOaGNtUW9DaUFnSUNBZ0lHTm9hV3hrT2lCemRHRjBkWE5CYzNsdVl5NTNhR1Z1S0FvZ0lDQWdJQ0FnSUd4dllXUnBibWM2SUNncElEMCtJR052Ym5OMElFeHBjM1JVYVd4bEtBb2dJQ0FnSUNBZ0lDQWdiR1ZoWkdsdVp6b2dTV052YmloSlkyOXVjeTV1YjNScFptbGpZWFJwYjI1elgyOTFkR3hwYm1Wa0tTd0tJQ0FnSUNBZ0lDQWdJSFJwZEd4bE9pQlVaWGgwS0NkT2IzUnBabWxqWVhScGIyNXpJSEIxYzJnbktTd0tJQ0FnSUNBZ0lDQWdJSFJ5WVdsc2FXNW5PaUJUYVhwbFpFSnZlQ2dLSUNBZ0lDQWdJQ0FnSUNBZ2QybGtkR2c2SURJd0xBb2dJQ0FnSUNBZ0lDQWdJQ0JvWldsbmFIUTZJREl3TEFvZ0lDQWdJQ0FnSUNBZ0lDQmphR2xzWkRvZ1IzSnBiblJoVUhKdlozSmxjM05KYm1ScFkyRjBiM0lvYzNSeWIydGxWMmxrZEdnNklESXBMQW9nSUNBZ0lDQWdJQ0FnS1N3S0lDQWdJQ0FnSUNBcExBb2dJQ0FnSUNBZ0lHVnljbTl5T2lBb1h5d2dYMThwSUQwK0lHTnZibk4wSUV4cGMzUlVhV3hsS0FvZ0lDQWdJQ0FnSUNBZ2JHVmhaR2x1WnpvZ1NXTnZiaWhKWTI5dWN5NXViM1JwWm1sallYUnBiMjV6WDI5bVpsOXZkWFJzYVc1bFpDa3NDaUFnSUNBZ0lDQWdJQ0IwYVhSc1pUb2dWR1Y0ZENnblRtOTBhV1pwWTJGMGFXOXVjeUJ3ZFhOb0lHbHVaR2x6Y0c5dWFXSnNaWE1uS1N3S0lDQWdJQ0FnSUNBcExBb2dJQ0FnSUNBZ0lHUmhkR0U2SUNoemRHRjBkWE1wSUhzS0lDQWdJQ0FnSUNBZ0lHbG1JQ2doYzNSaGRIVnpMbk4xY0hCdmNuUmxaQ2tnZXdvZ0lDQWdJQ0FnSUNBZ0lDQnlaWFIxY200Z1kyOXVjM1FnVEdsemRGUnBiR1VvQ2lBZ0lDQWdJQ0FnSUNBZ0lDQWdiR1ZoWkdsdVp6b2dTV052YmloSlkyOXVjeTV1YjNScFptbGpZWFJwYjI1elgyOW1abDl2ZFhSc2FXNWxaQ2tzQ2lBZ0lDQWdJQ0FnSUNBZ0lDQWdkR2wwYkdVNklGUmxlSFFvSjA1dmRHbG1hV05oZEdsdmJuTWdjSFZ6YUNjcExBb2dJQ0FnSUNBZ0lDQWdJQ0FnSUhOMVluUnBkR3hsT2lCVVpYaDBLQW9nSUNBZ0lDQWdJQ0FnSUNBZ0lDQWdKMDV2YmlCa2FYTndiMjVwWW14bGN5QmtZVzV6SUdObElHNWhkbWxuWVhSbGRYSXVJRk4xY2lCcFVHaHZibVVzSUdsdWMzUmhiR3hsSUNjS0lDQWdJQ0FnSUNBZ0lDQWdJQ0FnSUNkazRvQ1pZV0p2Y21RZ2JPS0FtV0Z3Y0d4cFkyRjBhVzl1SUdSbGNIVnBjeUJUWVdaaGNta2dPaUJRWVhKMFlXZGxjaURpaHBJZ0p3b2dJQ0FnSUNBZ0lDQWdJQ0FnSUNBZ0o4S3JJRk4xY2lCczRvQ1p3NmxqY21GdUlHVGlnSmxoWTJOMVpXbHNJTUs3TGljc0NpQWdJQ0FnSUNBZ0lDQWdJQ0FnS1N3S0lDQWdJQ0FnSUNBZ0lDQWdLVHNLSUNBZ0lDQWdJQ0FnSUgwS0lDQWdJQ0FnSUNBZ0lISmxkSFZ5YmlCVGQybDBZMmhNYVhOMFZHbHNaUzVoWkdGd2RHbDJaU2dLSUNBZ0lDQWdJQ0FnSUNBZ2MyVmpiMjVrWVhKNU9pQmpiMjV6ZENCSlkyOXVLRWxqYjI1ekxtNXZkR2xtYVdOaGRHbHZibk5mWVdOMGFYWmxYMjkxZEd4cGJtVmtLU3dLSUNBZ0lDQWdJQ0FnSUNBZ2RHbDBiR1U2SUdOdmJuTjBJRlJsZUhRb0oxSmxZMlYyYjJseUlHeGxjeUJ1YjNScFptbGpZWFJwYjI1eklITjFjaUJqWlhRZ1lYQndZWEpsYVd3bktTd0tJQ0FnSUNBZ0lDQWdJQ0FnYzNWaWRHbDBiR1U2SUdOdmJuTjBJRlJsZUhRb0NpQWdJQ0FnSUNBZ0lDQWdJQ0FnSjBGamRHbDJaU0JqWldOcElIQnZkWElndzZwMGNtVWdjSExEcVhabGJuVWdaR1Z6SUcxaGRHTm9jeXdnWkdWeklIWnZkR1Z6SUdWMElHUmxjeUFuQ2lBZ0lDQWdJQ0FnSUNBZ0lDQWdKM0xEcVhOMWJIUmhkSE1nWkdVZ2JPS0FtY09wY1hWcGNHVXVKeXdLSUNBZ0lDQWdJQ0FnSUNBZ0tTd0tJQ0FnSUNBZ0lDQWdJQ0FnZG1Gc2RXVTZJSE4wWVhSMWN5NXpkV0p6WTNKcFltVmtMQW9nSUNBZ0lDQWdJQ0FnSUNCdmJrTm9ZVzVuWldRNklDaDJZV3gxWlNrZ1BUNGdYM1J2WjJkc1pTaGpiMjUwWlhoMExDQnlaV1lzSUhaaGJIVmxLU3dLSUNBZ0lDQWdJQ0FnSUNrN0NpQWdJQ0FnSUNBZ2ZTd0tJQ0FnSUNBZ0tTd0tJQ0FnSUNrN0NpQWdmUW9LSUNCR2RYUjFjbVU4ZG05cFpENGdYM1J2WjJkc1pTZ0tJQ0FnSUVKMWFXeGtRMjl1ZEdWNGRDQmpiMjUwWlhoMExBb2dJQ0FnVjJsa1oyVjBVbVZtSUhKbFppd0tJQ0FnSUdKdmIyd2daVzVoWW14bExBb2dJQ2tnWVhONWJtTWdld29nSUNBZ1ptbHVZV3dnY21Wd2IzTnBkRzl5ZVNBOUlISmxaaTV5WldGa0tIQjFjMmhUZFdKelkzSnBjSFJwYjI1elVtVndiM05wZEc5eWVWQnliM1pwWkdWeUtUc0tJQ0FnSUhaaGNpQnRaWE56WVdkbElEMGdKeWM3Q2lBZ0lDQjBjbmtnZXdvZ0lDQWdJQ0JwWmlBb1pXNWhZbXhsS1NCN0NpQWdJQ0FnSUNBZ1ptbHVZV3dnWlc1aFlteGxaQ0E5SUdGM1lXbDBJSEpsY0c5emFYUnZjbmt1Wlc1aFlteGxLQ2s3Q2lBZ0lDQWdJQ0FnYldWemMyRm5aU0E5SUdWdVlXSnNaV1FLSUNBZ0lDQWdJQ0FnSUNBZ1B5QW5UbTkwYVdacFkyRjBhVzl1Y3lCaFkzUnBkc09wWlhNZ2MzVnlJR05sZENCaGNIQmhjbVZwYkM0bkNpQWdJQ0FnSUNBZ0lDQWdJRG9nSjBGMWRHOXlhWE5oZEdsdmJpQnlaV1oxYzhPcFpTQndZWEln
Shell: YkdVZ2JtRjJhV2RoZEdWMWNpNG5Pd29nSUNBZ0lDQjlJR1ZzYzJVZ2V3b2dJQ0FnSUNBZ0lHRjNZV2wwSUhKbGNHOXphWFJ2Y25rdVpHbHpZV0pzWlNncE93b2dJQ0FnSUNBZ0lHMWxjM05oWjJVZ1BTQW5UbTkwYVdacFkyRjBhVzl1Y3lCa3c2bHpZV04wYVhiRHFXVnpJSE4xY2lCalpYUWdZWEJ3WVhKbGFXd3VKenNLSUNBZ0lDQWdmUW9nSUNBZ2ZTQmpZWFJqYUNBb1h5a2dld29nSUNBZ0lDQnRaWE56WVdkbElEMGdKMGx0Y0c5emMybGliR1VnWkdVZ2JXOWthV1pwWlhJZ2JHVnpJRzV2ZEdsbWFXTmhkR2x2Ym5NdUp6c0tJQ0FnSUgwS0lDQWdJSEpsWmk1cGJuWmhiR2xrWVhSbEtIQjFjMmhUZEdGMGRYTlFjbTkyYVdSbGNpazdDaUFnSUNCcFppQW9ZMjl1ZEdWNGRDNXRiM1Z1ZEdWa0tTQjdDaUFnSUNBZ0lGTmpZV1ptYjJ4a1RXVnpjMlZ1WjJWeUxtOW1LR052Ym5SbGVIUXBDaUFnSUNBZ0lDQWdJQ0F1YzJodmQxTnVZV05yUW1GeUtGTnVZV05yUW1GeUtHTnZiblJsYm5RNklGUmxlSFFvYldWemMyRm5aU2twS1RzS0lDQWdJSDBLSUNCOUNuMEsiLCJsaWIvZmVhdHVyZXMvcGxheWVycy9wcmVzZW50YXRpb24vcGxheWVyc19yZWdpc3RyeV9wYWdlLmRhcnQiOiJhVzF3YjNKMElDZHdZV05yWVdkbE9tRnpYMmR5YVc1MFlTOWpiM0psTDNWMGFXeHpMMkZ3Y0Y5bGNuSnZjbk11WkdGeWRDYzdDbWx0Y0c5eWRDQW5jR0ZqYTJGblpUcGhjMTluY21sdWRHRXZabVZoZEhWeVpYTXZjR3hoZVdWeWN5OWtZWFJoTDNKdmMzUmxjbDl5WlhCdmMybDBiM0o1TG1SaGNuUW5Pd3BwYlhCdmNuUWdKM0JoWTJ0aFoyVTZZWE5mWjNKcGJuUmhMMk52Y21VdmQybGtaMlYwY3k5bmNtbHVkR0ZmWVhCd1gySmhjaTVrWVhKMEp6c0thVzF3YjNKMElDZHdZV05yWVdkbE9tRnpYMmR5YVc1MFlTOWpiM0psTDNkcFpHZGxkSE12WjNKcGJuUmhYMlZ0Y0hSNVgzTjBZWFJsTG1SaGNuUW5Pd3BwYlhCdmNuUWdKM0JoWTJ0aFoyVTZZWE5mWjNKcGJuUmhMMk52Y21VdmQybGtaMlYwY3k5d2FHOTBiMTlqY205d1gzQnlaWFpwWlhjdVpHRnlkQ2M3Q21sdGNHOXlkQ0FuY0dGamEyRm5aVHBoYzE5bmNtbHVkR0V2Wm1WaGRIVnlaWE12YzNCdmNuUnpYMjFoYm1GblpXMWxiblF2Y0hKbGMyVnVkR0YwYVc5dUwzZHBaR2RsZEhNdlkyOXRjRzl6YVhScGIyNWZjR2wwWTJndVpHRnlkQ2M3Q21sdGNHOXlkQ0FuY0dGamEyRm5aVHBtYkhWMGRHVnlMMjFoZEdWeWFXRnNMbVJoY25Rbk93cHBiWEJ2Y25RZ0ozQmhZMnRoWjJVNlpteDFkSFJsY2w5eWFYWmxjbkJ2WkM5bWJIVjBkR1Z5WDNKcGRtVnljRzlrTG1SaGNuUW5Pd3BwYlhCdmNuUWdKM0JoWTJ0aFoyVTZhVzFoWjJWZmNHbGphMlZ5TDJsdFlXZGxYM0JwWTJ0bGNpNWtZWEowSnpzS2FXMXdiM0owSUNkd1lXTnJZV2RsT21GelgyZHlhVzUwWVM5amIzSmxMM2RwWkdkbGRITXZaM0pwYm5SaFgyeHZZV1JsY2k1a1lYSjBKenNLQ2k4dkx5QkZabVpsWTNScFppQmtaU0JzWVNCellXbHpiMjR1SUVOb1lYRjFaU0JxYjNWbGRYSWdjR1YxZENERHFuUnlaU0J5Wld4cHc2a2d3NkFnZFc0Z1kyOXRjSFJsSUdSbENpOHZMeUJ3Y205dWIzTjBhWEYxWlhWeUxDQnpZVzV6SUhGMVpTQmpaWFIwWlNCc2FXRnBjMjl1SUhOdmFYUWdiMkpzYVdkaGRHOXBjbVV1Q21Oc1lYTnpJRkJzWVhsbGNuTlNaV2RwYzNSeWVWQmhaMlVnWlhoMFpXNWtjeUJEYjI1emRXMWxjbGRwWkdkbGRDQjdDaUFnWTI5dWMzUWdVR3hoZVdWeWMxSmxaMmx6ZEhKNVVHRm5aU2g3YzNWd1pYSXVhMlY1ZlNrN0Nnb2dJRUJ2ZG1WeWNtbGtaUW9nSUZkcFpHZGxkQ0JpZFdsc1pDaENkV2xzWkVOdmJuUmxlSFFnWTI5dWRHVjRkQ3dnVjJsa1oyVjBVbVZtSUhKbFppa2dld29nSUNBZ1ptbHVZV3dnYzJWaGMyOXVRWE41Ym1NZ1BTQnlaV1l1ZDJGMFkyZ29iM0JsYmxObFlYTnZia2xrVUhKdmRtbGtaWElwT3dvS0lDQWdJSEpsZEhWeWJpQlRZMkZtWm05c1pDZ0tJQ0FnSUNBZ1lYQndRbUZ5T2lCSGNtbHVkR0ZCY0hCQ1lYSW9kR2wwYkdVNklHTnZibk4wSUZSbGVIUW9KMFZtWm1WamRHbG1KeWtzSUdGa2JXbHVPaUIwY25WbEtTd0tJQ0FnSUNBZ1ltOWtlVG9nYzJWaGMyOXVRWE41Ym1NdWQyaGxiaWdLSUNBZ0lDQWdJQ0JzYjJGa2FXNW5PaUFvS1NBOVBpQmpiMjV6ZENCRFpXNTBaWElvWTJocGJHUTZJRWR5YVc1MFlWQnliMmR5WlhOelNXNWthV05oZEc5eUtDa3BMQW9nSUNBZ0lDQWdJR1Z5Y205eU9pQW9aWEp5YjNJc0lGOHBJRDArSUVObGJuUmxjaWhqYUdsc1pEb2dWR1Y0ZENob2RXMWhibWw2WlVWeWNtOXlLR1Z5Y205eUtTa3BMQW9nSUNBZ0lDQWdJR1JoZEdFNklDaHpaV0Z6YjI1SlpDa2dld29nSUNBZ0lDQWdJQ0FnYVdZZ0tITmxZWE52Ymtsa0lEMDlJRzUxYkd3cElIc0tJQ0FnSUNBZ0lDQWdJQ0FnY21WMGRYSnVJR052Ym5OMElFTmxiblJsY2lnS0lDQWdJQ0FnSUNBZ0lDQWdJQ0JqYUdsc1pEb2dSM0pwYm5SaFJXMXdkSGxUZEdGMFpTZ0tJQ0FnSUNBZ0lDQWdJQ0FnSUNBZ0lHbGpiMjQ2SUVsamIyNXpMbU5oYkdWdVpHRnlYMjF2Ym5Sb1gzSnZkVzVrWldRc0NpQWdJQ0FnSUNBZ0lDQWdJQ0FnSUNCMGFYUnNaVG9nSjBGMVkzVnVaU0J6WVdsemIyNGdiM1YyWlhKMFpTY3NDaUFnSUNBZ0lDQWdJQ0FnSUNBZ0lDQnRaWE56WVdkbE9pQW5RM0xEcVdVZ2RXNWxJSE5oYVhOdmJpQmtZVzV6SUVGa2JXbHVhWE4wY21GMGFXOXVJSEJ2ZFhJZ1pNT3BabWx1YVhJZ0p3b2dJQ0FnSUNBZ0lDQWdJQ0FnSUNBZ0lDQWdJQ2QwYjI0Z1pXWm1aV04wYVdZdUp5d0tJQ0FnSUNBZ0lDQWdJQ0FnSUNBcExBb2dJQ0FnSUNBZ0lDQWdJQ0FwT3dvZ0lDQWdJQ0FnSUNBZ2ZRb2dJQ0FnSUNBZ0lDQWdjbVYwZFhKdUlGOVNiM04wWlhKTWFYTjBLSE5sWVhOdmJrbGtPaUJ6WldGemIyNUpaQ2s3Q2lBZ0lDQWdJQ0FnZlN3S0lDQWdJQ0FnS1N3S0lDQWdJQ0FnWm14dllYUnBibWRCWTNScGIyNUNkWFIwYjI0NklITmxZWE52YmtGemVXNWpMblpoYkhWbFQzSk9kV3hzSUQwOUlHNTFiR3dLSUNBZ0lDQWdJQ0FnSUQ4Z2JuVnNiQW9nSUNBZ0lDQWdJQ0FnT2lCR2JH
Shell: OWhkR2x1WjBGamRHbHZia0oxZEhSdmJpNWxlSFJsYm1SbFpDZ0tJQ0FnSUNBZ0lDQWdJQ0FnSUNCdmJsQnlaWE56WldRNklDZ3BJRDArQ2lBZ0lDQWdJQ0FnSUNBZ0lDQWdJQ0FnSUY5emFHOTNVR3hoZVdWeVJHbGhiRzluS0dOdmJuUmxlSFFzSUhKbFppd2djMlZoYzI5dVNXUTZJSE5sWVhOdmJrRnplVzVqTG5aaGJIVmxJU2tzQ2lBZ0lDQWdJQ0FnSUNBZ0lDQWdhV052YmpvZ1kyOXVjM1FnU1dOdmJpaEpZMjl1Y3k1d1pYSnpiMjVmWVdSa1gyRnNkRjh4S1N3S0lDQWdJQ0FnSUNBZ0lDQWdJQ0JzWVdKbGJEb2dZMjl1YzNRZ1ZHVjRkQ2duUVdwdmRYUmxjaWNwTEFvZ0lDQWdJQ0FnSUNBZ0lDQXBMQW9nSUNBZ0tUc0tJQ0I5Q24wS0NtTnNZWE56SUY5U2IzTjBaWEpNYVhOMElHVjRkR1Z1WkhNZ1EyOXVjM1Z0WlhKWGFXUm5aWFFnZXdvZ0lHTnZibk4wSUY5U2IzTjBaWEpNYVhOMEtIdHlaWEYxYVhKbFpDQjBhR2x6TG5ObFlYTnZia2xrZlNrN0Nnb2dJR1pwYm1Gc0lGTjBjbWx1WnlCelpXRnpiMjVKWkRzS0NpQWdRRzkyWlhKeWFXUmxDaUFnVjJsa1oyVjBJR0oxYVd4a0tFSjFhV3hrUTI5dWRHVjRkQ0JqYjI1MFpYaDBMQ0JYYVdSblpYUlNaV1lnY21WbUtTQjdDaUFnSUNCbWFXNWhiQ0J5YjNOMFpYSkJjM2x1WXlBOUlISmxaaTUzWVhSamFDaHliM04wWlhKUWNtOTJhV1JsY2loelpXRnpiMjVKWkNrcE93b0tJQ0FnSUhKbGRIVnliaUJ5YjNOMFpYSkJjM2x1WXk1M2FHVnVLQW9nSUNBZ0lDQnNiMkZrYVc1bk9pQW9LU0E5UGlCamIyNXpkQ0JEWlc1MFpYSW9ZMmhwYkdRNklFZHlhVzUwWVZCeWIyZHlaWE56U1c1a2FXTmhkRzl5S0NrcExBb2dJQ0FnSUNCbGNuSnZjam9nS0dWeWNtOXlMQ0JmS1NBOVBpQkRaVzUwWlhJb1kyaHBiR1E2SUZSbGVIUW9hSFZ0WVc1cGVtVkZjbkp2Y2lobGNuSnZjaWtwS1N3S0lDQWdJQ0FnWkdGMFlUb2dLSEJzWVhsbGNuTXBJRDArSUZKbFpuSmxjMmhKYm1ScFkyRjBiM0lvQ2lBZ0lDQWdJQ0FnYjI1U1pXWnlaWE5vT2lBb0tTQmhjM2x1WXlCN0NpQWdJQ0FnSUNBZ0lDQnlaV1l1YVc1MllXeHBaR0YwWlNoeWIzTjBaWEpRY205MmFXUmxjaWh6WldGemIyNUpaQ2twT3dvZ0lDQWdJQ0FnSUNBZ1lYZGhhWFFnY21WbUxuSmxZV1FvY205emRHVnlVSEp2ZG1sa1pYSW9jMlZoYzI5dVNXUXBMbVoxZEhWeVpTazdDaUFnSUNBZ0lDQWdmU3dLSUNBZ0lDQWdJQ0JqYUdsc1pEb2dUR2x6ZEZacFpYY29DaUFnSUNBZ0lDQWdJQ0J3YUhsemFXTnpPaUJqYjI1emRDQkJiSGRoZVhOVFkzSnZiR3hoWW14bFUyTnliMnhzVUdoNWMybGpjeWdwTEFvZ0lDQWdJQ0FnSUNBZ2NHRmtaR2x1WnpvZ1kyOXVjM1FnUldSblpVbHVjMlYwY3k1bWNtOXRURlJTUWlneE5pd2dNVFlzSURFMkxDQXhNREFwTEFvZ0lDQWdJQ0FnSUNBZ1kyaHBiR1J5Wlc0NklGc0tJQ0FnSUNBZ0lDQWdJQ0FnYVdZZ0tIQnNZWGxsY25NdWFYTkZiWEIwZVNrS0lDQWdJQ0FnSUNBZ0lDQWdJQ0JqYjI1emRDQkRZWEprS0FvZ0lDQWdJQ0FnSUNBZ0lDQWdJQ0FnWTJocGJHUTZJRWR5YVc1MFlVVnRjSFI1VTNSaGRHVW9DaUFnSUNBZ0lDQWdJQ0FnSUNBZ0lDQWdJR2xqYjI0NklFbGpiMjV6TG1keWIzVndjMTl5YjNWdVpHVmtMQW9nSUNBZ0lDQWdJQ0FnSUNBZ0lDQWdJQ0IwYVhSc1pUb2dKMFZtWm1WamRHbG1JSFpwWkdVbkxBb2dJQ0FnSUNBZ0lDQWdJQ0FnSUNBZ0lDQnRaWE56WVdkbE9pQW5RV3B2ZFhSbElIUmxjeUJxYjNWbGRYSnpJR0YyWldNZ2JHVWdZbTkxZEc5dUlNS3JJRUZxYjNWMFpYSWd3cnNnSndvZ0lDQWdJQ0FnSUNBZ0lDQWdJQ0FnSUNBZ0lDQWdKMlZ1SUdKaGN5QmtaU0JzWENmRHFXTnlZVzR1Snl3S0lDQWdJQ0FnSUNBZ0lDQWdJQ0FnSUNBZ1kyOXRjR0ZqZERvZ2RISjFaU3dLSUNBZ0lDQWdJQ0FnSUNBZ0lDQWdJQ2tzQ2lBZ0lDQWdJQ0FnSUNBZ0lDQWdLUW9nSUNBZ0lDQWdJQ0FnSUNCbGJITmxDaUFnSUNBZ0lDQWdJQ0FnSUNBZ0xpNHVjR3hoZVdWeWN5NXRZWEFvQ2lBZ0lDQWdJQ0FnSUNBZ0lDQWdJQ0FvY0d4aGVXVnlLU0E5UGlCRFlYSmtLQW9nSUNBZ0lDQWdJQ0FnSUNBZ0lDQWdJQ0J0WVhKbmFXNDZJR052Ym5OMElFVmtaMlZKYm5ObGRITXViMjVzZVNoaWIzUjBiMjA2SURncExBb2dJQ0FnSUNBZ0lDQWdJQ0FnSUNBZ0lDQmphR2xzWkRvZ1RHbHpkRlJwYkdVb0NpQWdJQ0FnSUNBZ0lDQWdJQ0FnSUNBZ0lDQWdiR1ZoWkdsdVp6b2dVR3hoZVdWeVFYWmhkR0Z5S0FvZ0lDQWdJQ0FnSUNBZ0lDQWdJQ0FnSUNBZ0lDQWdjR2h2ZEc5VmNtdzZJSEJzWVhsbGNpNXdhRzkwYjFWeWJDd0tJQ0FnSUNBZ0lDQWdJQ0FnSUNBZ0lDQWdJQ0FnSUc1aGJXVTZJSEJzWVhsbGNpNWthWE53YkdGNVRtRnRaU3dLSUNBZ0lDQWdJQ0FnSUNBZ0lDQWdJQ0FnSUNBZ0lHbHpSMjloYkd0bFpYQmxjam9nY0d4aGVXVnlMbWx6UjI5aGJHdGxaWEJsY2l3S0lDQWdJQ0FnSUNBZ0lDQWdJQ0FnSUNBZ0lDQWdJSE5wZW1VNklEUTBMQW9nSUNBZ0lDQWdJQ0FnSUNBZ0lDQWdJQ0FnSUNrc0NpQWdJQ0FnSUNBZ0lDQWdJQ0FnSUNBZ0lDQWdkR2wwYkdVNklGUmxlSFFvY0d4aGVXVnlMbVJwYzNCc1lYbE9ZVzFsS1N3S0lDQWdJQ0FnSUNBZ0lDQWdJQ0FnSUNBZ0lDQnpkV0owYVhSc1pUb2dWR1Y0ZENnS0lDQWdJQ0FnSUNBZ0lDQWdJQ0FnSUNBZ0lDQWdJRnNLSUNBZ0lDQWdJQ0FnSUNBZ0lDQWdJQ0FnSUNBZ0lDQWdhV1lnS0hCc1lYbGxjaTVwYzBOdllXTm9LU0FuUTI5aFkyZ25MQW9nSUNBZ0lDQWdJQ0FnSUNBZ0lDQWdJQ0FnSUNBZ0lDQnBaaUFvY0d4aGVXVnlMbWx6UjI5aGJHdGxaWEJsY2lrZ0owZGhjbVJwWlc0bkxBb2dJQ0FnSUNBZ0lDQWdJQ0FnSUNBZ0lDQWdJQ0FnSUNCd2JHRjVaWEl1YkdsdWEyVmtVSEp2Wm1sc1pVbGtJRDA5SUc1MWJHd0tJQ0FnSUNBZ0lDQWdJQ0FnSUNBZ0lDQWdJQ0FnSUNBZ0lDQWdJRDhnSjBGMVkzVnVJSEJ5YjI1dmMzUnBjWFZsZFhJZ2JHbkRxU2NLSUNBZ0lDQWdJQ0FnSUNBZ0lDQWdJQ0FnSUNBZ0lDQWdJQ0FnSURvZ0oweHB3NmtndzZBZ0pIdHdiR0Y1WlhJdWJHbHVhMlZrVUhKdlpt
Shell: bHNaVXhoWW1Wc0lEOC9JQ2QxYmlCamIyMXdkR1VuZlNjc0NpQWdJQ0FnSUNBZ0lDQWdJQ0FnSUNBZ0lDQWdJQ0FnSUdsbUlDZ2hjR3hoZVdWeUxtbHpRV04wYVhabEtTQW5RWEpqYUdsMnc2a25MQW9nSUNBZ0lDQWdJQ0FnSUNBZ0lDQWdJQ0FnSUNBZ1hTNXFiMmx1S0NjZ3dyY2dKeWtzQ2lBZ0lDQWdJQ0FnSUNBZ0lDQWdJQ0FnSUNBZ0tTd0tJQ0FnSUNBZ0lDQWdJQ0FnSUNBZ0lDQWdJQ0IwY21GcGJHbHVaem9nVUc5d2RYQk5aVzUxUW5WMGRHOXVQRk4wY21sdVp6NG9DaUFnSUNBZ0lDQWdJQ0FnSUNBZ0lDQWdJQ0FnSUNCdmJsTmxiR1ZqZEdWa09pQW9ZV04wYVc5dUtTQmhjM2x1WXlCN0NpQWdJQ0FnSUNBZ0lDQWdJQ0FnSUNBZ0lDQWdJQ0FnSUdacGJtRnNJSEpsY0c4Z1BTQnlaV1l1Y21WaFpDaHliM04wWlhKU1pYQnZjMmwwYjNKNVVISnZkbWxrWlhJcE93b2dJQ0FnSUNBZ0lDQWdJQ0FnSUNBZ0lDQWdJQ0FnSUNCMGNua2dld29nSUNBZ0lDQWdJQ0FnSUNBZ0lDQWdJQ0FnSUNBZ0lDQWdJR2xtSUNoaFkzUnBiMjRnUFQwZ0oyVmthWFFuS1NCN0NpQWdJQ0FnSUNBZ0lDQWdJQ0FnSUNBZ0lDQWdJQ0FnSUNBZ0lDQmhkMkZwZENCZmMyaHZkMUJzWVhsbGNrUnBZV3h2WnlnS0lDQWdJQ0FnSUNBZ0lDQWdJQ0FnSUNBZ0lDQWdJQ0FnSUNBZ0lDQWdZMjl1ZEdWNGRDd0tJQ0FnSUNBZ0lDQWdJQ0FnSUNBZ0lDQWdJQ0FnSUNBZ0lDQWdJQ0FnY21WbUxBb2dJQ0FnSUNBZ0lDQWdJQ0FnSUNBZ0lDQWdJQ0FnSUNBZ0lDQWdJQ0J6WldGemIyNUpaRG9nYzJWaGMyOXVTV1FzQ2lBZ0lDQWdJQ0FnSUNBZ0lDQWdJQ0FnSUNBZ0lDQWdJQ0FnSUNBZ0lHVjRhWE4wYVc1bk9pQndiR0Y1WlhJc0NpQWdJQ0FnSUNBZ0lDQWdJQ0FnSUNBZ0lDQWdJQ0FnSUNBZ0lDQXBPd29nSUNBZ0lDQWdJQ0FnSUNBZ0lDQWdJQ0FnSUNBZ0lDQWdJQ0FnY21WMGRYSnVPd29nSUNBZ0lDQWdJQ0FnSUNBZ0lDQWdJQ0FnSUNBZ0lDQWdJSDBLSUNBZ0lDQWdJQ0FnSUNBZ0lDQWdJQ0FnSUNBZ0lDQWdJQ0JwWmlBb1lXTjBhVzl1SUQwOUlDZHdhRzkwYnljcElIc0tJQ0FnSUNBZ0lDQWdJQ0FnSUNBZ0lDQWdJQ0FnSUNBZ0lDQWdJR0YzWVdsMElGOXdhV05yUVc1a1ZYQnNiMkZrVW05emRHVnlVR2h2ZEc4b0NpQWdJQ0FnSUNBZ0lDQWdJQ0FnSUNBZ0lDQWdJQ0FnSUNBZ0lDQWdJR052Ym5SbGVIUXNDaUFnSUNBZ0lDQWdJQ0FnSUNBZ0lDQWdJQ0FnSUNBZ0lDQWdJQ0FnSUhKbFppd0tJQ0FnSUNBZ0lDQWdJQ0FnSUNBZ0lDQWdJQ0FnSUNBZ0lDQWdJQ0FnYzJWaGMyOXVTV1E2SUhObFlYTnZia2xrTEFvZ0lDQWdJQ0FnSUNBZ0lDQWdJQ0FnSUNBZ0lDQWdJQ0FnSUNBZ0lDQndiR0Y1WlhJNklIQnNZWGxsY2l3S0lDQWdJQ0FnSUNBZ0lDQWdJQ0FnSUNBZ0lDQWdJQ0FnSUNBZ0lDazdDaUFnSUNBZ0lDQWdJQ0FnSUNBZ0lDQWdJQ0FnSUNBZ0lDQWdJQ0J5WlhSMWNtNDdDaUFnSUNBZ0lDQWdJQ0FnSUNBZ0lDQWdJQ0FnSUNBZ0lDQWdmUW9nSUNBZ0lDQWdJQ0FnSUNBZ0lDQWdJQ0FnSUNBZ0lDQWdJR2xtSUNoaFkzUnBiMjRnUFQwZ0oyeHBibXNuS1NCN0NpQWdJQ0FnSUNBZ0lDQWdJQ0FnSUNBZ0lDQWdJQ0FnSUNBZ0lDQmhkMkZwZENCZmMyaHZkMUJ5YjJacGJHVk1hVzVyUkdsaGJHOW5LQW9nSUNBZ0lDQWdJQ0FnSUNBZ0lDQWdJQ0FnSUNBZ0lDQWdJQ0FnSUNCamIyNTBaWGgwTEFvZ0lDQWdJQ0FnSUNBZ0lDQWdJQ0FnSUNBZ0lDQWdJQ0FnSUNBZ0lDQnlaV1lzQ2lBZ0lDQWdJQ0FnSUNBZ0lDQWdJQ0FnSUNBZ0lDQWdJQ0FnSUNBZ0lITmxZWE52Ymtsa09pQnpaV0Z6YjI1SlpDd0tJQ0FnSUNBZ0lDQWdJQ0FnSUNBZ0lDQWdJQ0FnSUNBZ0lDQWdJQ0FnY0d4aGVXVnlPaUJ3YkdGNVpYSXNDaUFnSUNBZ0lDQWdJQ0FnSUNBZ0lDQWdJQ0FnSUNBZ0lDQWdJQ0FnSUhKdmMzUmxjam9nY0d4aGVXVnljeXdLSUNBZ0lDQWdJQ0FnSUNBZ0lDQWdJQ0FnSUNBZ0lDQWdJQ0FnSUNrN0NpQWdJQ0FnSUNBZ0lDQWdJQ0FnSUNBZ0lDQWdJQ0FnSUNBZ0lDQnlaWFIxY200N0NpQWdJQ0FnSUNBZ0lDQWdJQ0FnSUNBZ0lDQWdJQ0FnSUNBZ2ZRb2dJQ0FnSUNBZ0lDQWdJQ0FnSUNBZ0lDQWdJQ0FnSUNBZ0lHbG1JQ2hoWTNScGIyNGdQVDBnSjNWdWJHbHVheWNwSUhzS0lDQWdJQ0FnSUNBZ0lDQWdJQ0FnSUNBZ0lDQWdJQ0FnSUNBZ0lHWnBibUZzSUdOdmJtWnBjbTFsWkNBOUlHRjNZV2wwSUY5amIyNW1hWEp0Vlc1c2FXNXJLQW9nSUNBZ0lDQWdJQ0FnSUNBZ0lDQWdJQ0FnSUNBZ0lDQWdJQ0FnSUNCamIyNTBaWGgwTEFvZ0lDQWdJQ0FnSUNBZ0lDQWdJQ0FnSUNBZ0lDQWdJQ0FnSUNBZ0lDQndiR0Y1WlhJc0NpQWdJQ0FnSUNBZ0lDQWdJQ0FnSUNBZ0lDQWdJQ0FnSUNBZ0lDQXBPd29nSUNBZ0lDQWdJQ0FnSUNBZ0lDQWdJQ0FnSUNBZ0lDQWdJQ0FnYVdZZ0tDRmpiMjVtYVhKdFpXUXBJSEpsZEhWeWJqc0tJQ0FnSUNBZ0lDQWdJQ0FnSUNBZ0lDQWdJQ0FnSUNBZ0lDQWdJR0YzWVdsMElISmxjRzh1YzJWMFVISnZabWxzWlV4cGJtc29DaUFnSUNBZ0lDQWdJQ0FnSUNBZ0lDQWdJQ0FnSUNBZ0lDQWdJQ0FnSUhObFlYTnZibEJzWVhsbGNrbGtPaUJ3YkdGNVpYSXVhV1FzQ2lBZ0lDQWdJQ0FnSUNBZ0lDQWdJQ0FnSUNBZ0lDQWdJQ0FnSUNBcE93b2dJQ0FnSUNBZ0lDQWdJQ0FnSUNBZ0lDQWdJQ0FnSUNBZ0lDQWdjbVZtTG1sdWRtRnNhV1JoZEdVb2NtOXpkR1Z5VUhKdmRtbGtaWElvYzJWaGMyOXVTV1FwS1RzS0lDQWdJQ0FnSUNBZ0lDQWdJQ0FnSUNBZ0lDQWdJQ0FnSUNBZ0lHbG1JQ2hqYjI1MFpYaDBMbTF2ZFc1MFpXUXBJSHNLSUNBZ0lDQWdJQ0FnSUNBZ0lDQWdJQ0FnSUNBZ0lDQWdJQ0FnSUNBZ1UyTmhabVp2YkdSTlpYTnpaVzVuWlhJdWIyWW9ZMjl1ZEdWNGRDa3VjMmh2ZDFOdVlXTnJRbUZ5S0FvZ0lDQWdJQ0FnSUNBZ0lDQWdJQ0FnSUNBZ0lDQWdJQ0FnSUNBZ0lDQWdJR052Ym5OMElGTnVZV05yUW1GeUtBb2dJQ0FnSUNBZ0lDQWdJQ0FnSUNBZ0lDQWdJQ0FnSUNBZ0lDQWdJQ0FnSUNBZ1kyOXVkR1Z1ZERvZ1ZHVjRkQ2duVEdsaGFYTnZiaUJ6ZFhCd2Nt
Shell: bHR3NmxsTGljcExBb2dJQ0FnSUNBZ0lDQWdJQ0FnSUNBZ0lDQWdJQ0FnSUNBZ0lDQWdJQ0FnSUNrc0NpQWdJQ0FnSUNBZ0lDQWdJQ0FnSUNBZ0lDQWdJQ0FnSUNBZ0lDQWdJQ2s3Q2lBZ0lDQWdJQ0FnSUNBZ0lDQWdJQ0FnSUNBZ0lDQWdJQ0FnSUNCOUNpQWdJQ0FnSUNBZ0lDQWdJQ0FnSUNBZ0lDQWdJQ0FnSUNBZ0lDQnlaWFIxY200N0NpQWdJQ0FnSUNBZ0lDQWdJQ0FnSUNBZ0lDQWdJQ0FnSUNBZ2ZRb2dJQ0FnSUNBZ0lDQWdJQ0FnSUNBZ0lDQWdJQ0FnSUNBZ0lHbG1JQ2hoWTNScGIyNGdQVDBnSjJSbGJHVjBaU2NwSUhzS0lDQWdJQ0FnSUNBZ0lDQWdJQ0FnSUNBZ0lDQWdJQ0FnSUNBZ0lHWnBibUZzSUdOdmJtWnBjbTFsWkNBOUNpQWdJQ0FnSUNBZ0lDQWdJQ0FnSUNBZ0lDQWdJQ0FnSUNBZ0lDQWdJQ0FnWVhkaGFYUWdYMk52Ym1acGNtMUVaV3hsZEdVb1kyOXVkR1Y0ZEN3Z2NHeGhlV1Z5S1RzS0lDQWdJQ0FnSUNBZ0lDQWdJQ0FnSUNBZ0lDQWdJQ0FnSUNBZ0lHbG1JQ2doWTI5dVptbHliV1ZrS1NCeVpYUjFjbTQ3Q2lBZ0lDQWdJQ0FnSUNBZ0lDQWdJQ0FnSUNBZ0lDQWdJQ0FnSUNCaGQyRnBkQ0J5WlhCdkxtUmxiR1YwWlZCc1lYbGxjaWh3YkdGNVpYSXVhV1FwT3dvZ0lDQWdJQ0FnSUNBZ0lDQWdJQ0FnSUNBZ0lDQWdJQ0FnSUgwZ1pXeHpaU0JwWmlBb1lXTjBhVzl1SUQwOUlDZGhjbU5vYVhabEp5a2dld29nSUNBZ0lDQWdJQ0FnSUNBZ0lDQWdJQ0FnSUNBZ0lDQWdJQ0FnWVhkaGFYUWdjbVZ3Ynk1elpYUkJZM1JwZG1Vb2FXUTZJSEJzWVhsbGNpNXBaQ3dnWVdOMGFYWmxPaUJtWVd4elpTazdDaUFnSUNBZ0lDQWdJQ0FnSUNBZ0lDQWdJQ0FnSUNBZ0lDQWdmU0JsYkhObElHbG1JQ2hoWTNScGIyNGdQVDBnSjNKbGMzUnZjbVVuS1NCN0NpQWdJQ0FnSUNBZ0lDQWdJQ0FnSUNBZ0lDQWdJQ0FnSUNBZ0lDQmhkMkZwZENCeVpYQnZMbk5sZEVGamRHbDJaU2hwWkRvZ2NHeGhlV1Z5TG1sa0xDQmhZM1JwZG1VNklIUnlkV1VwT3dvZ0lDQWdJQ0FnSUNBZ0lDQWdJQ0FnSUNBZ0lDQWdJQ0FnSUgwS0lDQWdJQ0FnSUNBZ0lDQWdJQ0FnSUNBZ0lDQWdJQ0FnSUNCeVpXWXVhVzUyWVd4cFpHRjBaU2h5YjNOMFpYSlFjbTkyYVdSbGNpaHpaV0Z6YjI1SlpDa3BPd29nSUNBZ0lDQWdJQ0FnSUNBZ0lDQWdJQ0FnSUNBZ0lDQjlJR05oZEdOb0lDaGxjbkp2Y2lrZ2V3b2dJQ0FnSUNBZ0lDQWdJQ0FnSUNBZ0lDQWdJQ0FnSUNBZ0lHbG1JQ2hqYjI1MFpYaDBMbTF2ZFc1MFpXUXBJSHNLSUNBZ0lDQWdJQ0FnSUNBZ0lDQWdJQ0FnSUNBZ0lDQWdJQ0FnSUZOallXWm1iMnhrVFdWemMyVnVaMlZ5TG05bUtHTnZiblJsZUhRcExuTm9iM2RUYm1GamEwSmhjaWdLSUNBZ0lDQWdJQ0FnSUNBZ0lDQWdJQ0FnSUNBZ0lDQWdJQ0FnSUNBZ1UyNWhZMnRDWVhJb1kyOXVkR1Z1ZERvZ1ZHVjRkQ2hvZFcxaGJtbDZaVVZ5Y205eUtHVnljbTl5S1NrcExBb2dJQ0FnSUNBZ0lDQWdJQ0FnSUNBZ0lDQWdJQ0FnSUNBZ0lDQWdLVHNLSUNBZ0lDQWdJQ0FnSUNBZ0lDQWdJQ0FnSUNBZ0lDQWdJQ0I5Q2lBZ0lDQWdJQ0FnSUNBZ0lDQWdJQ0FnSUNBZ0lDQWdJSDBLSUNBZ0lDQWdJQ0FnSUNBZ0lDQWdJQ0FnSUNBZ0lIMHNDaUFnSUNBZ0lDQWdJQ0FnSUNBZ0lDQWdJQ0FnSUNCcGRHVnRRblZwYkdSbGNqb2dLRjhwSUQwK0lGc0tJQ0FnSUNBZ0lDQWdJQ0FnSUNBZ0lDQWdJQ0FnSUNBZ1kyOXVjM1FnVUc5d2RYQk5aVzUxU1hSbGJTZ0tJQ0FnSUNBZ0lDQWdJQ0FnSUNBZ0lDQWdJQ0FnSUNBZ0lDQjJZV3gxWlRvZ0oyVmthWFFuTEFvZ0lDQWdJQ0FnSUNBZ0lDQWdJQ0FnSUNBZ0lDQWdJQ0FnSUdOb2FXeGtPaUJVWlhoMEtDZE5iMlJwWm1sbGNpQnNaU0JxYjNWbGRYSW5LU3dLSUNBZ0lDQWdJQ0FnSUNBZ0lDQWdJQ0FnSUNBZ0lDQWdLU3dLSUNBZ0lDQWdJQ0FnSUNBZ0lDQWdJQ0FnSUNBZ0lDQWdZMjl1YzNRZ1VHOXdkWEJOWlc1MVNYUmxiU2dLSUNBZ0lDQWdJQ0FnSUNBZ0lDQWdJQ0FnSUNBZ0lDQWdJQ0IyWVd4MVpUb2dKM0JvYjNSdkp5d0tJQ0FnSUNBZ0lDQWdJQ0FnSUNBZ0lDQWdJQ0FnSUNBZ0lDQmphR2xzWkRvZ1ZHVjRkQ2duUTJoaGJtZGxjaUJzWVNCd2FHOTBieWNwTEFvZ0lDQWdJQ0FnSUNBZ0lDQWdJQ0FnSUNBZ0lDQWdJQ0FwTEFvZ0lDQWdJQ0FnSUNBZ0lDQWdJQ0FnSUNBZ0lDQWdJQ0JRYjNCMWNFMWxiblZKZEdWdEtBb2dJQ0FnSUNBZ0lDQWdJQ0FnSUNBZ0lDQWdJQ0FnSUNBZ0lIWmhiSFZsT2lBbmJHbHVheWNzQ2lBZ0lDQWdJQ0FnSUNBZ0lDQWdJQ0FnSUNBZ0lDQWdJQ0FnWTJocGJHUTZJRlJsZUhRb0NpQWdJQ0FnSUNBZ0lDQWdJQ0FnSUNBZ0lDQWdJQ0FnSUNBZ0lDQndiR0Y1WlhJdWJHbHVhMlZrVUhKdlptbHNaVWxrSUQwOUlHNTFiR3dLSUNBZ0lDQWdJQ0FnSUNBZ0lDQWdJQ0FnSUNBZ0lDQWdJQ0FnSUNBZ0lDQS9JQ2RTWld4cFpYSWd3NkFnZFc0Z2NISnZibTl6ZEdseGRXVjFjaWNLSUNBZ0lDQWdJQ0FnSUNBZ0lDQWdJQ0FnSUNBZ0lDQWdJQ0FnSUNBZ0lDQTZJQ2ROYjJScFptbGxjaUJzWVNCc2FXRnBjMjl1Snl3S0lDQWdJQ0FnSUNBZ0lDQWdJQ0FnSUNBZ0lDQWdJQ0FnSUNBcExBb2dJQ0FnSUNBZ0lDQWdJQ0FnSUNBZ0lDQWdJQ0FnSUNBcExBb2dJQ0FnSUNBZ0lDQWdJQ0FnSUNBZ0lDQWdJQ0FnSUNCcFppQW9jR3hoZVdWeUxteHBibXRsWkZCeWIyWnBiR1ZKWkNBaFBTQnVkV3hzS1FvZ0lDQWdJQ0FnSUNBZ0lDQWdJQ0FnSUNBZ0lDQWdJQ0FnSUdOdmJuTjBJRkJ2Y0hWd1RXVnVkVWwwWlcwb0NpQWdJQ0FnSUNBZ0lDQWdJQ0FnSUNBZ0lDQWdJQ0FnSUNBZ0lDQjJZV3gxWlRvZ0ozVnViR2x1YXljc0NpQWdJQ0FnSUNBZ0lDQWdJQ0FnSUNBZ0lDQWdJQ0FnSUNBZ0lDQmphR2xzWkRvZ1ZHVjRkQ2duVTNWd2NISnBiV1Z5SUd4aElHeHBZV2x6YjI0bktTd0tJQ0FnSUNBZ0lDQWdJQ0FnSUNBZ0lDQWdJQ0FnSUNBZ0lDQXBMQW9nSUNBZ0lDQWdJQ0FnSUNBZ0lDQWdJQ0FnSUNBZ0lDQlFiM0IxY0UxbGJuVkpkR1Z0S0FvZ0lDQWdJQ0FnSUNBZ0lDQWdJQ0FnSUNBZ0lDQWdJQ0FnSUhaaGJIVmxPaUJ3YkdGNVpY
Shell: SXVhWE5CWTNScGRtVWdQeUFuWVhKamFHbDJaU2NnT2lBbmNtVnpkRzl5WlNjc0NpQWdJQ0FnSUNBZ0lDQWdJQ0FnSUNBZ0lDQWdJQ0FnSUNBZ1kyaHBiR1E2Q2lBZ0lDQWdJQ0FnSUNBZ0lDQWdJQ0FnSUNBZ0lDQWdJQ0FnSUNBZ0lGUmxlSFFvY0d4aGVXVnlMbWx6UVdOMGFYWmxJRDhnSjBGeVkyaHBkbVZ5SnlBNklDZFN3NmxoWTNScGRtVnlKeWtzQ2lBZ0lDQWdJQ0FnSUNBZ0lDQWdJQ0FnSUNBZ0lDQWdJQ2tzQ2lBZ0lDQWdJQ0FnSUNBZ0lDQWdJQ0FnSUNBZ0lDQWdJR052Ym5OMElGQnZjSFZ3VFdWdWRVbDBaVzBvQ2lBZ0lDQWdJQ0FnSUNBZ0lDQWdJQ0FnSUNBZ0lDQWdJQ0FnZG1Gc2RXVTZJQ2RrWld4bGRHVW5MQW9nSUNBZ0lDQWdJQ0FnSUNBZ0lDQWdJQ0FnSUNBZ0lDQWdJR05vYVd4a09pQlVaWGgwS0NkVGRYQndjbWx0WlhJbktTd0tJQ0FnSUNBZ0lDQWdJQ0FnSUNBZ0lDQWdJQ0FnSUNBZ0tTd0tJQ0FnSUNBZ0lDQWdJQ0FnSUNBZ0lDQWdJQ0FnSUYwc0NpQWdJQ0FnSUNBZ0lDQWdJQ0FnSUNBZ0lDQWdLU3dLSUNBZ0lDQWdJQ0FnSUNBZ0lDQWdJQ0FnS1N3S0lDQWdJQ0FnSUNBZ0lDQWdJQ0FnSUNrc0NpQWdJQ0FnSUNBZ0lDQWdJQ0FnS1N3S0lDQWdJQ0FnSUNBZ0lGMHNDaUFnSUNBZ0lDQWdLU3dLSUNBZ0lDQWdLU3dLSUNBZ0lDazdDaUFnZlFwOUNncEdkWFIxY21VOGRtOXBaRDRnWDNCcFkydEJibVJWY0d4dllXUlNiM04wWlhKUWFHOTBieWdLSUNCQ2RXbHNaRU52Ym5SbGVIUWdZMjl1ZEdWNGRDd0tJQ0JYYVdSblpYUlNaV1lnY21WbUxDQjdDaUFnY21WeGRXbHlaV1FnVTNSeWFXNW5JSE5sWVhOdmJrbGtMQW9nSUhKbGNYVnBjbVZrSUZKdmMzUmxjbEJzWVhsbGNpQndiR0Y1WlhJc0NuMHBJR0Z6ZVc1aklIc0tJQ0JtYVc1aGJDQm1hV3hsSUQwZ1lYZGhhWFFnU1cxaFoyVlFhV05yWlhJb0tTNXdhV05yU1cxaFoyVW9DaUFnSUNCemIzVnlZMlU2SUVsdFlXZGxVMjkxY21ObExtZGhiR3hsY25rc0NpQWdJQ0J0WVhoWGFXUjBhRG9nT0RBd0xBb2dJQ0FnYldGNFNHVnBaMmgwT2lBNE1EQXNDaUFnSUNCcGJXRm5aVkYxWVd4cGRIazZJRGcxTEFvZ0lDazdDaUFnYVdZZ0tHWnBiR1VnUFQwZ2JuVnNiQ2tnY21WMGRYSnVPd29nSUdacGJtRnNJR0o1ZEdWeklEMGdZWGRoYVhRZ1ptbHNaUzV5WldGa1FYTkNlWFJsY3lncE93b2dJR2xtSUNnaFkyOXVkR1Y0ZEM1dGIzVnVkR1ZrS1NCeVpYUjFjbTQ3Q2lBZ1ptbHVZV3dnWTI5dVptbHliV1ZrSUQwZ1lYZGhhWFFnWTI5dVptbHliVU52YlhCdmMybDBhVzl1VUdodmRHOG9ZMjl1ZEdWNGRDd2dZbmwwWlhNcE93b2dJR2xtSUNnaFkyOXVabWx5YldWa0tTQnlaWFIxY200N0NpQWdabWx1WVd3Z1pYaDBJRDBnWm1sc1pTNXVZVzFsTG1OdmJuUmhhVzV6S0NjdUp5a2dQeUJtYVd4bExtNWhiV1V1YzNCc2FYUW9KeTRuS1M1c1lYTjBJRG9nSjJwd1p5YzdDaUFnZEhKNUlIc0tJQ0FnSUdGM1lXbDBJSEpsWmk1eVpXRmtLSEp2YzNSbGNsSmxjRzl6YVhSdmNubFFjbTkyYVdSbGNpa3VkWEJzYjJGa1VHeGhlV1Z5VUdodmRHOG9DaUFnSUNBZ0lDQWdJQ0J6WldGemIyNVFiR0Y1WlhKSlpEb2djR3hoZVdWeUxtbGtMQW9nSUNBZ0lDQWdJQ0FnWW5sMFpYTTZJR0o1ZEdWekxBb2dJQ0FnSUNBZ0lDQWdabWxzWlVWNGREb2daWGgwTEFvZ0lDQWdJQ0FnSUNrN0NpQWdJQ0J5WldZdWFXNTJZV3hwWkdGMFpTaHliM04wWlhKUWNtOTJhV1JsY2loelpXRnpiMjVKWkNrcE93b2dJQ0FnYVdZZ0tHTnZiblJsZUhRdWJXOTFiblJsWkNrZ2V3b2dJQ0FnSUNCVFkyRm1abTlzWkUxbGMzTmxibWRsY2k1dlppaGpiMjUwWlhoMEtTNXphRzkzVTI1aFkydENZWElvQ2lBZ0lDQWdJQ0FnVTI1aFkydENZWElvWTI5dWRHVnVkRG9nVkdWNGRDZ25VR2h2ZEc4Z1pHVWdKSHR3YkdGNVpYSXVaR2x6Y0d4aGVVNWhiV1Y5SUcxcGMyVWd3NkFnYW05MWNpNG5LU2tzQ2lBZ0lDQWdJQ2s3Q2lBZ0lDQjlDaUFnZlNCallYUmphQ0FvWlhKeWIzSXBJSHNLSUNBZ0lHbG1JQ2hqYjI1MFpYaDBMbTF2ZFc1MFpXUXBJSHNLSUNBZ0lDQWdVMk5oWm1admJHUk5aWE56Wlc1blpYSXViMllvWTI5dWRHVjRkQ2t1YzJodmQxTnVZV05yUW1GeUtBb2dJQ0FnSUNBZ0lGTnVZV05yUW1GeUtHTnZiblJsYm5RNklGUmxlSFFvYUhWdFlXNXBlbVZGY25KdmNpaGxjbkp2Y2lrcEtTd0tJQ0FnSUNBZ0tUc0tJQ0FnSUgwS0lDQjlDbjBLQ2taMWRIVnlaVHgyYjJsa1BpQmZjMmh2ZDFCeWIyWnBiR1ZNYVc1clJHbGhiRzluS0FvZ0lFSjFhV3hrUTI5dWRHVjRkQ0JqYjI1MFpYaDBMQW9nSUZkcFpHZGxkRkpsWmlCeVpXWXNJSHNLSUNCeVpYRjFhWEpsWkNCVGRISnBibWNnYzJWaGMyOXVTV1FzQ2lBZ2NtVnhkV2x5WldRZ1VtOXpkR1Z5VUd4aGVXVnlJSEJzWVhsbGNpd0tJQ0J5WlhGMWFYSmxaQ0JNYVhOMFBGSnZjM1JsY2xCc1lYbGxjajRnY205emRHVnlMQXA5S1NCaGMzbHVZeUI3Q2lBZ1ptbHVZV3dnY21Wd2J5QTlJSEpsWmk1eVpXRmtLSEp2YzNSbGNsSmxjRzl6YVhSdmNubFFjbTkyYVdSbGNpazdDaUFnVEdsemREeE1hVzVyWVdKc1pWQnliMlpwYkdVK0lIQnliMlpwYkdWek93b2dJSFJ5ZVNCN0NpQWdJQ0J3Y205bWFXeGxjeUE5SUdGM1lXbDBJSEpsY0c4dVptVjBZMmhNYVc1cllXSnNaVkJ5YjJacGJHVnpLQ2s3Q2lBZ2ZTQmpZWFJqYUNBb1pYSnliM0lwSUhzS0lDQWdJR2xtSUNoamIyNTBaWGgwTG0xdmRXNTBaV1FwSUhzS0lDQWdJQ0FnVTJOaFptWnZiR1JOWlhOelpXNW5aWEl1YjJZb1kyOXVkR1Y0ZENrdWMyaHZkMU51WVdOclFtRnlLQW9nSUNBZ0lDQWdJRk51WVdOclFtRnlLR052Ym5SbGJuUTZJRlJsZUhRb2FIVnRZVzVwZW1WRmNuSnZjaWhsY25KdmNpa3BLU3dLSUNBZ0lDQWdLVHNLSUNBZ0lIMEtJQ0FnSUhKbGRIVnlianNLSUNCOUNnb2dJR2xtSUNnaFkyOXVkR1Y0ZEM1dGIzVnVkR1ZrS1NCeVpYUjFjbTQ3Q2lBZ1ptbHVZV3dnWTNWeWNtVnVkRWx6UVhaaGFXeGhZbXhsSUQwZ2NISnZabWxzWlhNdVlXNTVLQW9nSUNBZ0tIQnliMlpwYkdVcElEMCtJSEJ5YjJacGJHVXVhV1FnUFQwZ2NH
Shell: eGhlV1Z5TG14cGJtdGxaRkJ5YjJacGJHVkpaQ3dLSUNBcE93b2dJSFpoY2lCelpXeGxZM1JsWkZCeWIyWnBiR1ZKWkNBOUNpQWdJQ0FnSUdOMWNuSmxiblJKYzBGMllXbHNZV0pzWlNBL0lIQnNZWGxsY2k1c2FXNXJaV1JRY205bWFXeGxTV1FnUHo4Z0p5Y2dPaUFuSnpzS0lDQjJZWElnYzJGMmFXNW5JRDBnWm1Gc2MyVTdDaUFnVTNSeWFXNW5QeUJsY25KdmNqc0tJQ0JtYVc1aGJDQnNhVzVyWldSUWJHRjVaWEpDZVZCeWIyWnBiR1ZKWkNBOUlEeFRkSEpwYm1jc0lGTjBjbWx1Wno1N0NpQWdJQ0JtYjNJZ0tHWnBibUZzSUhKdmMzUmxjbEJzWVhsbGNpQnBiaUJ5YjNOMFpYSXBDaUFnSUNBZ0lHbG1JQ2h5YjNOMFpYSlFiR0Y1WlhJdWJHbHVhMlZrVUhKdlptbHNaVWxrSUNFOUlHNTFiR3dwQ2lBZ0lDQWdJQ0FnY205emRHVnlVR3hoZVdWeUxteHBibXRsWkZCeWIyWnBiR1ZKWkNFNklISnZjM1JsY2xCc1lYbGxjaTVrYVhOd2JHRjVUbUZ0WlN3S0lDQjlPd29LSUNCaGQyRnBkQ0J6YUc5M1JHbGhiRzluUEhadmFXUStLQW9nSUNBZ1kyOXVkR1Y0ZERvZ1kyOXVkR1Y0ZEN3S0lDQWdJR0oxYVd4a1pYSTZJQ2hrYVdGc2IyZERiMjUwWlhoMEtTQTlQaUJUZEdGMFpXWjFiRUoxYVd4a1pYSW9DaUFnSUNBZ0lHSjFhV3hrWlhJNklDaGpiMjUwWlhoMExDQnpaWFJUZEdGMFpTa2dQVDRnUVd4bGNuUkVhV0ZzYjJjb0NpQWdJQ0FnSUNBZ2RHbDBiR1U2SUZSbGVIUW9KMUpsYkdsbGNpQWtlM0JzWVhsbGNpNWthWE53YkdGNVRtRnRaWDBuS1N3S0lDQWdJQ0FnSUNCamIyNTBaVzUwT2lCVGFXNW5iR1ZEYUdsc1pGTmpjbTlzYkZacFpYY29DaUFnSUNBZ0lDQWdJQ0JqYUdsc1pEb2dRMjlzZFcxdUtBb2dJQ0FnSUNBZ0lDQWdJQ0J0WVdsdVFYaHBjMU5wZW1VNklFMWhhVzVCZUdselUybDZaUzV0YVc0c0NpQWdJQ0FnSUNBZ0lDQWdJR055YjNOelFYaHBjMEZzYVdkdWJXVnVkRG9nUTNKdmMzTkJlR2x6UVd4cFoyNXRaVzUwTG5OMFlYSjBMQW9nSUNBZ0lDQWdJQ0FnSUNCamFHbHNaSEpsYmpvZ1d3b2dJQ0FnSUNBZ0lDQWdJQ0FnSUdOdmJuTjBJRlJsZUhRb0NpQWdJQ0FnSUNBZ0lDQWdJQ0FnSUNBblEyaHZhWE5wY3lCc1pTQmpiMjF3ZEdVZ1pIVWdjSEp2Ym05emRHbHhkV1YxY2lCamIzSnlaWE53YjI1a1lXNTBMaUJUYVNCc1pTQW5DaUFnSUNBZ0lDQWdJQ0FnSUNBZ0lDQW5ZMjl0Y0hSbElHVnpkQ0JrdzZscXc2QWdjbVZzYWNPcElNT2dJSFZ1SUdGMWRISmxJR3B2ZFdWMWNpd2diR0VnYkdsaGFYTnZiaUJ6WlhKaElDY0tJQ0FnSUNBZ0lDQWdJQ0FnSUNBZ0lDZGt3Nmx3YkdGanc2bGxJSFpsY25NZ1kyVnNkV2t0WTJrdUp5d0tJQ0FnSUNBZ0lDQWdJQ0FnSUNBcExBb2dJQ0FnSUNBZ0lDQWdJQ0FnSUdOdmJuTjBJRk5wZW1Wa1FtOTRLR2hsYVdkb2REb2dNVFlwTEFvZ0lDQWdJQ0FnSUNBZ0lDQWdJR2xtSUNod2NtOW1hV3hsY3k1cGMwVnRjSFI1S1FvZ0lDQWdJQ0FnSUNBZ0lDQWdJQ0FnWTI5dWMzUWdWR1Y0ZENnblFYVmpkVzRnWTI5dGNIUmxJR0ZqZEdsbUlHUnBjM0J2Ym1saWJHVXVKeWtLSUNBZ0lDQWdJQ0FnSUNBZ0lDQmxiSE5sQ2lBZ0lDQWdJQ0FnSUNBZ0lDQWdJQ0JFY205d1pHOTNia0oxZEhSdmJrWnZjbTFHYVdWc1pEeFRkSEpwYm1jK0tBb2dJQ0FnSUNBZ0lDQWdJQ0FnSUNBZ0lDQnBibWwwYVdGc1ZtRnNkV1U2SUhObGJHVmpkR1ZrVUhKdlptbHNaVWxrTEFvZ0lDQWdJQ0FnSUNBZ0lDQWdJQ0FnSUNCcGMwVjRjR0Z1WkdWa09pQjBjblZsTEFvZ0lDQWdJQ0FnSUNBZ0lDQWdJQ0FnSUNCa1pXTnZjbUYwYVc5dU9pQmpiMjV6ZENCSmJuQjFkRVJsWTI5eVlYUnBiMjRvQ2lBZ0lDQWdJQ0FnSUNBZ0lDQWdJQ0FnSUNBZ2JHRmlaV3hVWlhoME9pQW5VSEp2Ym05emRHbHhkV1YxY2ljc0NpQWdJQ0FnSUNBZ0lDQWdJQ0FnSUNBZ0lDa3NDaUFnSUNBZ0lDQWdJQ0FnSUNBZ0lDQWdJR2wwWlcxek9pQmJDaUFnSUNBZ0lDQWdJQ0FnSUNBZ0lDQWdJQ0FnWTI5dWMzUWdSSEp2Y0dSdmQyNU5aVzUxU1hSbGJTZ0tJQ0FnSUNBZ0lDQWdJQ0FnSUNBZ0lDQWdJQ0FnSUhaaGJIVmxPaUFuSnl3S0lDQWdJQ0FnSUNBZ0lDQWdJQ0FnSUNBZ0lDQWdJR05vYVd4a09pQlVaWGgwS0NkQmRXTjFibVVnYkdsaGFYTnZiaWNwTEFvZ0lDQWdJQ0FnSUNBZ0lDQWdJQ0FnSUNBZ0lDa3NDaUFnSUNBZ0lDQWdJQ0FnSUNBZ0lDQWdJQ0FnTGk0dWNISnZabWxzWlhNdWJXRndLQ2h3Y205bWFXeGxLU0I3Q2lBZ0lDQWdJQ0FnSUNBZ0lDQWdJQ0FnSUNBZ0lDQm1hVzVoYkNCc2FXNXJaV1JRYkdGNVpYSWdQU0JzYVc1clpXUlFiR0Y1WlhKQ2VWQnliMlpwYkdWSlpGdHdjbTltYVd4bExtbGtYVHNLSUNBZ0lDQWdJQ0FnSUNBZ0lDQWdJQ0FnSUNBZ0lHWnBibUZzSUhOMVptWnBlQ0E5SUd4cGJtdGxaRkJzWVhsbGNpQTlQU0J1ZFd4c0lIeDhDaUFnSUNBZ0lDQWdJQ0FnSUNBZ0lDQWdJQ0FnSUNBZ0lDQWdJQ0FnSUd4cGJtdGxaRkJzWVhsbGNpQTlQU0J3YkdGNVpYSXVaR2x6Y0d4aGVVNWhiV1VLSUNBZ0lDQWdJQ0FnSUNBZ0lDQWdJQ0FnSUNBZ0lDQWdJQ0EvSUNjbkNpQWdJQ0FnSUNBZ0lDQWdJQ0FnSUNBZ0lDQWdJQ0FnSUNBZ09pQW5JTUszSUdGamRIVmxiR3hsYldWdWRDQnNhY09wSU1PZ0lDUnNhVzVyWldSUWJHRjVaWEluT3dvZ0lDQWdJQ0FnSUNBZ0lDQWdJQ0FnSUNBZ0lDQWdjbVYwZFhKdUlFUnliM0JrYjNkdVRXVnVkVWwwWlcwb0NpQWdJQ0FnSUNBZ0lDQWdJQ0FnSUNBZ0lDQWdJQ0FnSUhaaGJIVmxPaUJ3Y205bWFXeGxMbWxrTEFvZ0lDQWdJQ0FnSUNBZ0lDQWdJQ0FnSUNBZ0lDQWdJQ0JqYUdsc1pEb2dWR1Y0ZENnS0lDQWdJQ0FnSUNBZ0lDQWdJQ0FnSUNBZ0lDQWdJQ0FnSUNBbkpIdHdjbTltYVd4bExtUnBjM0JzWVhsT1lXMWxmU1J6ZFdabWFYZ25MQW9nSUNBZ0lDQWdJQ0FnSUNBZ0lDQWdJQ0FnSUNBZ0lDQWdJRzkyWlhKbWJHOTNPaUJVWlhoMFQzWmxjbVpzYjNjdVpXeHNhWEJ6YVhNc0NpQWdJQ0FnSUNBZ0lDQWdJQ0FnSUNBZ0lDQWdJQ0FnSUNrc0NpQWdJQ0FnSUNBZ0lDQWdJQ0FnSUNBZ0lDQWdJQ0FwT3dvZ0lD
Shell: QWdJQ0FnSUNBZ0lDQWdJQ0FnSUNBZ0lIMHBMQW9nSUNBZ0lDQWdJQ0FnSUNBZ0lDQWdJQ0JkTEFvZ0lDQWdJQ0FnSUNBZ0lDQWdJQ0FnSUNCdmJrTm9ZVzVuWldRNklITmhkbWx1WndvZ0lDQWdJQ0FnSUNBZ0lDQWdJQ0FnSUNBZ0lDQWdQeUJ1ZFd4c0NpQWdJQ0FnSUNBZ0lDQWdJQ0FnSUNBZ0lDQWdJQ0E2SUNoMllXeDFaU2tnZXdvZ0lDQWdJQ0FnSUNBZ0lDQWdJQ0FnSUNBZ0lDQWdJQ0FnSUhObGRGTjBZWFJsS0NncElEMCtJSE5sYkdWamRHVmtVSEp2Wm1sc1pVbGtJRDBnZG1Gc2RXVWdQejhnSnljcE93b2dJQ0FnSUNBZ0lDQWdJQ0FnSUNBZ0lDQWdJQ0FnSUNCOUxBb2dJQ0FnSUNBZ0lDQWdJQ0FnSUNBZ0tTd0tJQ0FnSUNBZ0lDQWdJQ0FnSUNCcFppQW9aWEp5YjNJZ0lUMGdiblZzYkNrZ0xpNHVXd29nSUNBZ0lDQWdJQ0FnSUNBZ0lDQWdZMjl1YzNRZ1UybDZaV1JDYjNnb2FHVnBaMmgwT2lBeE1pa3NDaUFnSUNBZ0lDQWdJQ0FnSUNBZ0lDQlVaWGgwS0FvZ0lDQWdJQ0FnSUNBZ0lDQWdJQ0FnSUNCbGNuSnZjaUVzQ2lBZ0lDQWdJQ0FnSUNBZ0lDQWdJQ0FnSUhOMGVXeGxPaUJVWlhoMFUzUjViR1VvQ2lBZ0lDQWdJQ0FnSUNBZ0lDQWdJQ0FnSUNBZ1kyOXNiM0k2SUZSb1pXMWxMbTltS0dOdmJuUmxlSFFwTG1OdmJHOXlVMk5vWlcxbExtVnljbTl5TEFvZ0lDQWdJQ0FnSUNBZ0lDQWdJQ0FnSUNBcExBb2dJQ0FnSUNBZ0lDQWdJQ0FnSUNBZ0tTd0tJQ0FnSUNBZ0lDQWdJQ0FnSUNCZExBb2dJQ0FnSUNBZ0lDQWdJQ0JkTEFvZ0lDQWdJQ0FnSUNBZ0tTd0tJQ0FnSUNBZ0lDQXBMQW9nSUNBZ0lDQWdJR0ZqZEdsdmJuTTZJRnNLSUNBZ0lDQWdJQ0FnSUZSbGVIUkNkWFIwYjI0b0NpQWdJQ0FnSUNBZ0lDQWdJRzl1VUhKbGMzTmxaRG9nYzJGMmFXNW5JRDhnYm5Wc2JDQTZJQ2dwSUQwK0lFNWhkbWxuWVhSdmNpNXdiM0FvWkdsaGJHOW5RMjl1ZEdWNGRDa3NDaUFnSUNBZ0lDQWdJQ0FnSUdOb2FXeGtPaUJqYjI1emRDQlVaWGgwS0NkQmJtNTFiR1Z5Snlrc0NpQWdJQ0FnSUNBZ0lDQXBMQW9nSUNBZ0lDQWdJQ0FnUm1sc2JHVmtRblYwZEc5dUtBb2dJQ0FnSUNBZ0lDQWdJQ0J2YmxCeVpYTnpaV1E2SUhOaGRtbHVaeUI4ZkNCd2NtOW1hV3hsY3k1cGMwVnRjSFI1Q2lBZ0lDQWdJQ0FnSUNBZ0lDQWdJQ0EvSUc1MWJHd0tJQ0FnSUNBZ0lDQWdJQ0FnSUNBZ0lEb2dLQ2tnWVhONWJtTWdld29nSUNBZ0lDQWdJQ0FnSUNBZ0lDQWdJQ0FnSUhObGRGTjBZWFJsS0NncElIc0tJQ0FnSUNBZ0lDQWdJQ0FnSUNBZ0lDQWdJQ0FnSUhOaGRtbHVaeUE5SUhSeWRXVTdDaUFnSUNBZ0lDQWdJQ0FnSUNBZ0lDQWdJQ0FnSUNCbGNuSnZjaUE5SUc1MWJHdzdDaUFnSUNBZ0lDQWdJQ0FnSUNBZ0lDQWdJQ0FnZlNrN0NpQWdJQ0FnSUNBZ0lDQWdJQ0FnSUNBZ0lDQWdkSEo1SUhzS0lDQWdJQ0FnSUNBZ0lDQWdJQ0FnSUNBZ0lDQWdJR0YzWVdsMElISmxjRzh1YzJWMFVISnZabWxzWlV4cGJtc29DaUFnSUNBZ0lDQWdJQ0FnSUNBZ0lDQWdJQ0FnSUNBZ0lITmxZWE52YmxCc1lYbGxja2xrT2lCd2JHRjVaWEl1YVdRc0NpQWdJQ0FnSUNBZ0lDQWdJQ0FnSUNBZ0lDQWdJQ0FnSUhCeWIyWnBiR1ZKWkRvZ2MyVnNaV04wWldSUWNtOW1hV3hsU1dRdWFYTkZiWEIwZVFvZ0lDQWdJQ0FnSUNBZ0lDQWdJQ0FnSUNBZ0lDQWdJQ0FnSUNBZ1B5QnVkV3hzQ2lBZ0lDQWdJQ0FnSUNBZ0lDQWdJQ0FnSUNBZ0lDQWdJQ0FnSUNBNklITmxiR1ZqZEdWa1VISnZabWxzWlVsa0xBb2dJQ0FnSUNBZ0lDQWdJQ0FnSUNBZ0lDQWdJQ0FnS1RzS0lDQWdJQ0FnSUNBZ0lDQWdJQ0FnSUNBZ0lDQWdJSEpsWmk1cGJuWmhiR2xrWVhSbEtISnZjM1JsY2xCeWIzWnBaR1Z5S0hObFlYTnZia2xrS1NrN0NpQWdJQ0FnSUNBZ0lDQWdJQ0FnSUNBZ0lDQWdJQ0JwWmlBb1pHbGhiRzluUTI5dWRHVjRkQzV0YjNWdWRHVmtLU0I3Q2lBZ0lDQWdJQ0FnSUNBZ0lDQWdJQ0FnSUNBZ0lDQWdJRTVoZG1sbllYUnZjaTV3YjNBb1pHbGhiRzluUTI5dWRHVjRkQ2s3Q2lBZ0lDQWdJQ0FnSUNBZ0lDQWdJQ0FnSUNBZ0lDQjlDaUFnSUNBZ0lDQWdJQ0FnSUNBZ0lDQWdJQ0FnSUNCcFppQW9ZMjl1ZEdWNGRDNXRiM1Z1ZEdWa0tTQjdDaUFnSUNBZ0lDQWdJQ0FnSUNBZ0lDQWdJQ0FnSUNBZ0lGTmpZV1ptYjJ4a1RXVnpjMlZ1WjJWeUxtOW1LR052Ym5SbGVIUXBMbk5vYjNkVGJtRmphMEpoY2lnS0lDQWdJQ0FnSUNBZ0lDQWdJQ0FnSUNBZ0lDQWdJQ0FnSUNCVGJtRmphMEpoY2lnS0lDQWdJQ0FnSUNBZ0lDQWdJQ0FnSUNBZ0lDQWdJQ0FnSUNBZ0lHTnZiblJsYm5RNklGUmxlSFFvQ2lBZ0lDQWdJQ0FnSUNBZ0lDQWdJQ0FnSUNBZ0lDQWdJQ0FnSUNBZ0lITmxiR1ZqZEdWa1VISnZabWxzWlVsa0xtbHpSVzF3ZEhrS0lDQWdJQ0FnSUNBZ0lDQWdJQ0FnSUNBZ0lDQWdJQ0FnSUNBZ0lDQWdJQ0FnSUQ4Z0oweHBZV2x6YjI0Z2MzVndjSEpwYmNPcFpTNG5DaUFnSUNBZ0lDQWdJQ0FnSUNBZ0lDQWdJQ0FnSUNBZ0lDQWdJQ0FnSUNBZ0lDQTZJQ2RNYVdGcGMyOXVJR1Z1Y21WbmFYTjBjc09wWlM0bkxBb2dJQ0FnSUNBZ0lDQWdJQ0FnSUNBZ0lDQWdJQ0FnSUNBZ0lDQWdLU3dLSUNBZ0lDQWdJQ0FnSUNBZ0lDQWdJQ0FnSUNBZ0lDQWdJQ0FwTEFvZ0lDQWdJQ0FnSUNBZ0lDQWdJQ0FnSUNBZ0lDQWdJQ0FwT3dvZ0lDQWdJQ0FnSUNBZ0lDQWdJQ0FnSUNBZ0lDQWdmUW9nSUNBZ0lDQWdJQ0FnSUNBZ0lDQWdJQ0FnSUgwZ1kyRjBZMmdnS0dWNFkyVndkR2x2YmlrZ2V3b2dJQ0FnSUNBZ0lDQWdJQ0FnSUNBZ0lDQWdJQ0FnYzJWMFUzUmhkR1VvS0NrZ2V3b2dJQ0FnSUNBZ0lDQWdJQ0FnSUNBZ0lDQWdJQ0FnSUNCellYWnBibWNnUFNCbVlXeHpaVHNLSUNBZ0lDQWdJQ0FnSUNBZ0lDQWdJQ0FnSUNBZ0lDQWdaWEp5YjNJZ1BTQm9kVzFoYm1sNlpVVnljbTl5S0dWNFkyVndkR2x2YmlrN0NpQWdJQ0FnSUNBZ0lDQWdJQ0FnSUNBZ0lDQWdJQ0I5S1RzS0lDQWdJQ0FnSUNBZ0lDQWdJQ0FnSUNBZ0lDQjlDaUFnSUNBZ0lDQWdJQ0FnSUNBZ0lDQWdJSDBzQ2lBZ0lDQWdJQ0FnSUNBZ0lHTm9hV3hrT2lCellY
Shell: WnBibWNLSUNBZ0lDQWdJQ0FnSUNBZ0lDQWdJRDhnWTI5dWMzUWdVMmw2WldSQ2IzZ29DaUFnSUNBZ0lDQWdJQ0FnSUNBZ0lDQWdJQ0FnZDJsa2RHZzZJREU0TEFvZ0lDQWdJQ0FnSUNBZ0lDQWdJQ0FnSUNBZ0lHaGxhV2RvZERvZ01UZ3NDaUFnSUNBZ0lDQWdJQ0FnSUNBZ0lDQWdJQ0FnWTJocGJHUTZJRWR5YVc1MFlWQnliMmR5WlhOelNXNWthV05oZEc5eUtITjBjbTlyWlZkcFpIUm9PaUF5S1N3S0lDQWdJQ0FnSUNBZ0lDQWdJQ0FnSUNBZ0tRb2dJQ0FnSUNBZ0lDQWdJQ0FnSUNBZ09pQmpiMjV6ZENCVVpYaDBLQ2RGYm5KbFoybHpkSEpsY2ljcExBb2dJQ0FnSUNBZ0lDQWdLU3dLSUNBZ0lDQWdJQ0JkTEFvZ0lDQWdJQ0FwTEFvZ0lDQWdLU3dLSUNBcE93cDlDZ3BHZFhSMWNtVThZbTl2YkQ0Z1gyTnZibVpwY20xVmJteHBibXNvQ2lBZ1FuVnBiR1JEYjI1MFpYaDBJR052Ym5SbGVIUXNDaUFnVW05emRHVnlVR3hoZVdWeUlIQnNZWGxsY2l3S0tTQmhjM2x1WXlCN0NpQWdjbVYwZFhKdUlHRjNZV2wwSUhOb2IzZEVhV0ZzYjJjOFltOXZiRDRvQ2lBZ0lDQWdJQ0FnWTI5dWRHVjRkRG9nWTI5dWRHVjRkQ3dLSUNBZ0lDQWdJQ0JpZFdsc1pHVnlPaUFvWkdsaGJHOW5RMjl1ZEdWNGRDa2dQVDRnUVd4bGNuUkVhV0ZzYjJjb0NpQWdJQ0FnSUNBZ0lDQjBhWFJzWlRvZ1kyOXVjM1FnVkdWNGRDZ25VM1Z3Y0hKcGJXVnlJR3hoSUd4cFlXbHpiMjRnUHljcExBb2dJQ0FnSUNBZ0lDQWdZMjl1ZEdWdWREb2dWR1Y0ZENnS0lDQWdJQ0FnSUNBZ0lDQWdKeVI3Y0d4aGVXVnlMbVJwYzNCc1lYbE9ZVzFsZlNCdVpTQnpaWEpoSUhCc2RYTWdjbVZzYWNPcElHRjFJR052YlhCMFpTQW5DaUFnSUNBZ0lDQWdJQ0FnSUNja2UzQnNZWGxsY2k1c2FXNXJaV1JRY205bWFXeGxUR0ZpWld3Z1B6OGdKM1BEcVd4bFkzUnBiMjV1dzZrbmZTNGdUR1VnYW05MVpYVnlJR1YwSUd4bGN5QW5DaUFnSUNBZ0lDQWdJQ0FnSUNkd2NtOXViM04wYVdOeklHVjRhWE4wWVc1MGN5QnpiMjUwSUdOdmJuTmxjbmJEcVhNdUp5d0tJQ0FnSUNBZ0lDQWdJQ2tzQ2lBZ0lDQWdJQ0FnSUNCaFkzUnBiMjV6T2lCYkNpQWdJQ0FnSUNBZ0lDQWdJRlJsZUhSQ2RYUjBiMjRvQ2lBZ0lDQWdJQ0FnSUNBZ0lDQWdiMjVRY21WemMyVmtPaUFvS1NBOVBpQk9ZWFpwWjJGMGIzSXVjRzl3S0dScFlXeHZaME52Ym5SbGVIUXNJR1poYkhObEtTd0tJQ0FnSUNBZ0lDQWdJQ0FnSUNCamFHbHNaRG9nWTI5dWMzUWdWR1Y0ZENnblFXNXVkV3hsY2ljcExBb2dJQ0FnSUNBZ0lDQWdJQ0FwTEFvZ0lDQWdJQ0FnSUNBZ0lDQkdhV3hzWldSQ2RYUjBiMjRvQ2lBZ0lDQWdJQ0FnSUNBZ0lDQWdiMjVRY21WemMyVmtPaUFvS1NBOVBpQk9ZWFpwWjJGMGIzSXVjRzl3S0dScFlXeHZaME52Ym5SbGVIUXNJSFJ5ZFdVcExBb2dJQ0FnSUNBZ0lDQWdJQ0FnSUdOb2FXeGtPaUJqYjI1emRDQlVaWGgwS0NkVGRYQndjbWx0WlhJZ2JHRWdiR2xoYVhOdmJpY3BMQW9nSUNBZ0lDQWdJQ0FnSUNBcExBb2dJQ0FnSUNBZ0lDQWdYU3dLSUNBZ0lDQWdJQ0FwTEFvZ0lDQWdJQ0FwSUQ4L0NpQWdJQ0FnSUdaaGJITmxPd3A5Q2dwR2RYUjFjbVU4WW05dmJENGdYMk52Ym1acGNtMUVaV3hsZEdVb1FuVnBiR1JEYjI1MFpYaDBJR052Ym5SbGVIUXNJRkp2YzNSbGNsQnNZWGxsY2lCd2JHRjVaWElwSUdGemVXNWpJSHNLSUNCeVpYUjFjbTRnWVhkaGFYUWdjMmh2ZDBScFlXeHZaenhpYjI5c1BpZ0tJQ0FnSUNBZ0lDQmpiMjUwWlhoME9pQmpiMjUwWlhoMExBb2dJQ0FnSUNBZ0lHSjFhV3hrWlhJNklDaGthV0ZzYjJkRGIyNTBaWGgwS1NBOVBpQkJiR1Z5ZEVScFlXeHZaeWdLSUNBZ0lDQWdJQ0FnSUhScGRHeGxPaUJVWlhoMEtDZFRkWEJ3Y21sdFpYSWdKSHR3YkdGNVpYSXVaR2x6Y0d4aGVVNWhiV1Y5SUQ4bktTd0tJQ0FnSUNBZ0lDQWdJR052Ym5SbGJuUTZJR052Ym5OMElGUmxlSFFvQ2lBZ0lDQWdJQ0FnSUNBZ0lDZE1aU0JxYjNWbGRYSWdaWE4wSUhKbGRHbHl3NmtnWk1PcFptbHVhWFJwZG1WdFpXNTBJR1JsSUd6aWdKbGxabVpsWTNScFppNGdVMlZ6SUdKMWRITXNJQ2NLSUNBZ0lDQWdJQ0FnSUNBZ0oyTnNaV0Z1SUhOb1pXVjBjeUJsZENCc1pYTWdjSEp2Ym05emRHbGpjeUJrWlNCellXbHpiMjRnYkdVZ1kyOXVZMlZ5Ym1GdWRDQnpiMjUwSUNjS0lDQWdJQ0FnSUNBZ0lDQWdKOE9wWjJGc1pXMWxiblFnYzNWd2NISnBiY09wY3k0Z1VHOTFjaUJ6YVcxd2JHVnRaVzUwSUd4bElITnZjblJwY2lCellXNXpJSEpwWlc0Z1pXWm1ZV05sY2l3Z0p3b2dJQ0FnSUNBZ0lDQWdJQ0FuZFhScGJHbHpaU0J3YkhWMHc3UjBJTUtySUVGeVkyaHBkbVZ5SU1LN0xpY3NDaUFnSUNBZ0lDQWdJQ0FwTEFvZ0lDQWdJQ0FnSUNBZ1lXTjBhVzl1Y3pvZ1d3b2dJQ0FnSUNBZ0lDQWdJQ0JVWlhoMFFuVjBkRzl1S0FvZ0lDQWdJQ0FnSUNBZ0lDQWdJRzl1VUhKbGMzTmxaRG9nS0NrZ1BUNGdUbUYyYVdkaGRHOXlMbkJ2Y0Noa2FXRnNiMmREYjI1MFpYaDBMQ0JtWVd4elpTa3NDaUFnSUNBZ0lDQWdJQ0FnSUNBZ1kyaHBiR1E2SUdOdmJuTjBJRlJsZUhRb0owRnViblZzWlhJbktTd0tJQ0FnSUNBZ0lDQWdJQ0FnS1N3S0lDQWdJQ0FnSUNBZ0lDQWdSbWxzYkdWa1FuVjBkRzl1S0FvZ0lDQWdJQ0FnSUNBZ0lDQWdJSE4wZVd4bE9pQkdhV3hzWldSQ2RYUjBiMjR1YzNSNWJHVkdjbTl0S0FvZ0lDQWdJQ0FnSUNBZ0lDQWdJQ0FnWW1GamEyZHliM1Z1WkVOdmJHOXlPaUJVYUdWdFpTNXZaaWhrYVdGc2IyZERiMjUwWlhoMEtTNWpiMnh2Y2xOamFHVnRaUzVsY25KdmNpd0tJQ0FnSUNBZ0lDQWdJQ0FnSUNBcExBb2dJQ0FnSUNBZ0lDQWdJQ0FnSUc5dVVISmxjM05sWkRvZ0tDa2dQVDRnVG1GMmFXZGhkRzl5TG5CdmNDaGthV0ZzYjJkRGIyNTBaWGgwTENCMGNuVmxLU3dLSUNBZ0lDQWdJQ0FnSUNBZ0lDQmphR2xzWkRvZ1kyOXVjM1FnVkdWNGRDZ25VM1Z3Y0hKcGJXVnlKeWtzQ2lBZ0lDQWdJQ0FnSUNBZ0lDa3NDaUFnSUNBZ0lDQWdJQ0JkTEFvZ0lDQWdJQ0FnSUNrc0NpQWdJQ0FnSUNrZ1B6OEtJQ0FnSUNBZ1ptRnNjMlU3Q24wS0Nr
Shell: WjFkSFZ5WlR4MmIybGtQaUJmYzJodmQxQnNZWGxsY2tScFlXeHZaeWdLSUNCQ2RXbHNaRU52Ym5SbGVIUWdZMjl1ZEdWNGRDd0tJQ0JYYVdSblpYUlNaV1lnY21WbUxDQjdDaUFnY21WeGRXbHlaV1FnVTNSeWFXNW5JSE5sWVhOdmJrbGtMQW9nSUZKdmMzUmxjbEJzWVhsbGNqOGdaWGhwYzNScGJtY3NDbjBwSUdGemVXNWpJSHNLSUNCbWFXNWhiQ0JtYVhKemRFNWhiV1VnUFNCVVpYaDBSV1JwZEdsdVowTnZiblJ5YjJ4c1pYSW9kR1Y0ZERvZ1pYaHBjM1JwYm1jL0xtWnBjbk4wVG1GdFpTQS9QeUFuSnlrN0NpQWdkbUZ5SUdselIyOWhiR3RsWlhCbGNpQTlJR1Y0YVhOMGFXNW5QeTVwYzBkdllXeHJaV1Z3WlhJZ1B6OGdabUZzYzJVN0NpQWdkbUZ5SUdselEyOWhZMmdnUFNCbGVHbHpkR2x1Wno4dWFYTkRiMkZqYUNBL1B5Qm1ZV3h6WlRzS0lDQjJZWElnYzJGMmFXNW5JRDBnWm1Gc2MyVTdDaUFnVTNSeWFXNW5QeUJsY25KdmNqc0tDaUFnWVhkaGFYUWdjMmh2ZDBScFlXeHZaengyYjJsa1BpZ0tJQ0FnSUdOdmJuUmxlSFE2SUdOdmJuUmxlSFFzQ2lBZ0lDQmlkV2xzWkdWeU9pQW9aR2xoYkc5blEyOXVkR1Y0ZENrZ1BUNGdVM1JoZEdWbWRXeENkV2xzWkdWeUtBb2dJQ0FnSUNCaWRXbHNaR1Z5T2lBb1kyOXVkR1Y0ZEN3Z2MyVjBVM1JoZEdVcElEMCtJRUZzWlhKMFJHbGhiRzluS0FvZ0lDQWdJQ0FnSUhScGRHeGxPaUJVWlhoMEtHVjRhWE4wYVc1bklEMDlJRzUxYkd3Z1B5QW5RV3B2ZFhSbGNpQjFiaUJxYjNWbGRYSW5JRG9nSjAxdlpHbG1hV1Z5Snlrc0NpQWdJQ0FnSUNBZ1kyOXVkR1Z1ZERvZ1UybHVaMnhsUTJocGJHUlRZM0p2Ykd4V2FXVjNLQW9nSUNBZ0lDQWdJQ0FnWTJocGJHUTZJRU52YkhWdGJpZ0tJQ0FnSUNBZ0lDQWdJQ0FnYldGcGJrRjRhWE5UYVhwbE9pQk5ZV2x1UVhocGMxTnBlbVV1YldsdUxBb2dJQ0FnSUNBZ0lDQWdJQ0JqYUdsc1pISmxiam9nV3dvZ0lDQWdJQ0FnSUNBZ0lDQWdJRlJsZUhSR2FXVnNaQ2dLSUNBZ0lDQWdJQ0FnSUNBZ0lDQWdJR052Ym5SeWIyeHNaWEk2SUdacGNuTjBUbUZ0WlN3S0lDQWdJQ0FnSUNBZ0lDQWdJQ0FnSUhSbGVIUkRZWEJwZEdGc2FYcGhkR2x2YmpvZ1ZHVjRkRU5oY0dsMFlXeHBlbUYwYVc5dUxuZHZjbVJ6TEFvZ0lDQWdJQ0FnSUNBZ0lDQWdJQ0FnWkdWamIzSmhkR2x2YmpvZ1kyOXVjM1FnU1c1d2RYUkVaV052Y21GMGFXOXVLR3hoWW1Wc1ZHVjRkRG9nSjFCeXc2bHViMjBuS1N3S0lDQWdJQ0FnSUNBZ0lDQWdJQ0FwTEFvZ0lDQWdJQ0FnSUNBZ0lDQWdJRk4zYVhSamFFeHBjM1JVYVd4bExtRmtZWEIwYVhabEtBb2dJQ0FnSUNBZ0lDQWdJQ0FnSUNBZ1kyOXVkR1Z1ZEZCaFpHUnBibWM2SUVWa1oyVkpibk5sZEhNdWVtVnlieXdLSUNBZ0lDQWdJQ0FnSUNBZ0lDQWdJSFJwZEd4bE9pQmpiMjV6ZENCVVpYaDBLQ2RIWVhKa2FXVnVKeWtzQ2lBZ0lDQWdJQ0FnSUNBZ0lDQWdJQ0IyWVd4MVpUb2dhWE5IYjJGc2EyVmxjR1Z5TEFvZ0lDQWdJQ0FnSUNBZ0lDQWdJQ0FnYjI1RGFHRnVaMlZrT2lCellYWnBibWNnZkh3Z2FYTkRiMkZqYUFvZ0lDQWdJQ0FnSUNBZ0lDQWdJQ0FnSUNBZ0lEOGdiblZzYkFvZ0lDQWdJQ0FnSUNBZ0lDQWdJQ0FnSUNBZ0lEb2dLSFpoYkhWbEtTQTlQaUJ6WlhSVGRHRjBaU2dvS1NBOVBpQnBjMGR2WVd4clpXVndaWElnUFNCMllXeDFaU2tzQ2lBZ0lDQWdJQ0FnSUNBZ0lDQWdLU3dLSUNBZ0lDQWdJQ0FnSUNBZ0lDQlRkMmwwWTJoTWFYTjBWR2xzWlM1aFpHRndkR2wyWlNnS0lDQWdJQ0FnSUNBZ0lDQWdJQ0FnSUdOdmJuUmxiblJRWVdSa2FXNW5PaUJGWkdkbFNXNXpaWFJ6TG5wbGNtOHNDaUFnSUNBZ0lDQWdJQ0FnSUNBZ0lDQjBhWFJzWlRvZ1kyOXVjM1FnVkdWNGRDZ25RMjloWTJnbktTd0tJQ0FnSUNBZ0lDQWdJQ0FnSUNBZ0lITjFZblJwZEd4bE9pQmpiMjV6ZENCVVpYaDBLQW9nSUNBZ0lDQWdJQ0FnSUNBZ0lDQWdJQ0FuU0c5eWN5QmxabVpsWTNScFppd2dZMjl0Y0c4Z1pYUWdZMjl1ZG05eGRjT3BjeTRnVUdWMWRDQnpaU0JrdzZsamJHRnlaWElnSndvZ0lDQWdJQ0FnSUNBZ0lDQWdJQ0FnSUNBbmNITERxWE5sYm5RdllXSnpaVzUwTENCd1lYSnBaWElnWlhRZ2RtOTBaWElnWTI5dGJXVWdiR1Z6SUdGMWRISmxjeTRuTEFvZ0lDQWdJQ0FnSUNBZ0lDQWdJQ0FnS1N3S0lDQWdJQ0FnSUNBZ0lDQWdJQ0FnSUhaaGJIVmxPaUJwYzBOdllXTm9MQW9nSUNBZ0lDQWdJQ0FnSUNBZ0lDQWdiMjVEYUdGdVoyVmtPaUJ6WVhacGJtY0tJQ0FnSUNBZ0lDQWdJQ0FnSUNBZ0lDQWdJQ0EvSUc1MWJHd0tJQ0FnSUNBZ0lDQWdJQ0FnSUNBZ0lDQWdJQ0E2SUNoMllXeDFaU2tnUFQ0Z2MyVjBVM1JoZEdVb0tDa2dld29nSUNBZ0lDQWdJQ0FnSUNBZ0lDQWdJQ0FnSUNBZ0lDQWdJR2x6UTI5aFkyZ2dQU0IyWVd4MVpUc0tJQ0FnSUNBZ0lDQWdJQ0FnSUNBZ0lDQWdJQ0FnSUNBZ0lDQnBaaUFvZG1Gc2RXVXBJR2x6UjI5aGJHdGxaWEJsY2lBOUlHWmhiSE5sT3dvZ0lDQWdJQ0FnSUNBZ0lDQWdJQ0FnSUNBZ0lDQWdJQ0I5S1N3S0lDQWdJQ0FnSUNBZ0lDQWdJQ0FwTEFvZ0lDQWdJQ0FnSUNBZ0lDQWdJR2xtSUNobGNuSnZjaUFoUFNCdWRXeHNLUW9nSUNBZ0lDQWdJQ0FnSUNBZ0lDQWdWR1Y0ZENnS0lDQWdJQ0FnSUNBZ0lDQWdJQ0FnSUNBZ1pYSnliM0loTEFvZ0lDQWdJQ0FnSUNBZ0lDQWdJQ0FnSUNCemRIbHNaVG9nVkdWNGRGTjBlV3hsS0FvZ0lDQWdJQ0FnSUNBZ0lDQWdJQ0FnSUNBZ0lHTnZiRzl5T2lCVWFHVnRaUzV2WmloamIyNTBaWGgwS1M1amIyeHZjbE5qYUdWdFpTNWxjbkp2Y2l3S0lDQWdJQ0FnSUNBZ0lDQWdJQ0FnSUNBZ0tTd0tJQ0FnSUNBZ0lDQWdJQ0FnSUNBZ0lDa3NDaUFnSUNBZ0lDQWdJQ0FnSUYwc0NpQWdJQ0FnSUNBZ0lDQXBMQW9nSUNBZ0lDQWdJQ2tzQ2lBZ0lDQWdJQ0FnWVdOMGFXOXVjem9nV3dvZ0lDQWdJQ0FnSUNBZ1ZHVjRkRUoxZEhSdmJpZ0tJQ0FnSUNBZ0lDQWdJQ0FnYjI1UWNtVnpjMlZrT2lCellYWnBibWNnUHlCdWRXeHNJRG9nS0NrZ1BUNGdUbUYyYVdkaGRHOXlMbkJ2Y0Noa2FXRnNiMmREYjI1MFpY
Shell: aDBLU3dLSUNBZ0lDQWdJQ0FnSUNBZ1kyaHBiR1E2SUdOdmJuTjBJRlJsZUhRb0owRnViblZzWlhJbktTd0tJQ0FnSUNBZ0lDQWdJQ2tzQ2lBZ0lDQWdJQ0FnSUNCR2FXeHNaV1JDZFhSMGIyNG9DaUFnSUNBZ0lDQWdJQ0FnSUc5dVVISmxjM05sWkRvZ2MyRjJhVzVuQ2lBZ0lDQWdJQ0FnSUNBZ0lDQWdJQ0EvSUc1MWJHd0tJQ0FnSUNBZ0lDQWdJQ0FnSUNBZ0lEb2dLQ2tnWVhONWJtTWdld29nSUNBZ0lDQWdJQ0FnSUNBZ0lDQWdJQ0FnSUhObGRGTjBZWFJsS0NncElIc0tJQ0FnSUNBZ0lDQWdJQ0FnSUNBZ0lDQWdJQ0FnSUhOaGRtbHVaeUE5SUhSeWRXVTdDaUFnSUNBZ0lDQWdJQ0FnSUNBZ0lDQWdJQ0FnSUNCbGNuSnZjaUE5SUc1MWJHdzdDaUFnSUNBZ0lDQWdJQ0FnSUNBZ0lDQWdJQ0FnZlNrN0NpQWdJQ0FnSUNBZ0lDQWdJQ0FnSUNBZ0lDQWdkSEo1SUhzS0lDQWdJQ0FnSUNBZ0lDQWdJQ0FnSUNBZ0lDQWdJR1pwYm1Gc0lISmxjRzhnUFNCeVpXWXVjbVZoWkNoeWIzTjBaWEpTWlhCdmMybDBiM0o1VUhKdmRtbGtaWElwT3dvZ0lDQWdJQ0FnSUNBZ0lDQWdJQ0FnSUNBZ0lDQWdhV1lnS0dWNGFYTjBhVzVuSUQwOUlHNTFiR3dwSUhzS0lDQWdJQ0FnSUNBZ0lDQWdJQ0FnSUNBZ0lDQWdJQ0FnWVhkaGFYUWdjbVZ3Ynk1aFpHUlFiR0Y1WlhJb0NpQWdJQ0FnSUNBZ0lDQWdJQ0FnSUNBZ0lDQWdJQ0FnSUNBZ2MyVmhjMjl1U1dRNklITmxZWE52Ymtsa0xBb2dJQ0FnSUNBZ0lDQWdJQ0FnSUNBZ0lDQWdJQ0FnSUNBZ0lHWnBjbk4wVG1GdFpUb2dabWx5YzNST1lXMWxMblJsZUhRc0NpQWdJQ0FnSUNBZ0lDQWdJQ0FnSUNBZ0lDQWdJQ0FnSUNBZ2FYTkhiMkZzYTJWbGNHVnlPaUJwYzBkdllXeHJaV1Z3WlhJc0NpQWdJQ0FnSUNBZ0lDQWdJQ0FnSUNBZ0lDQWdJQ0FnSUNBZ2FYTkRiMkZqYURvZ2FYTkRiMkZqYUN3S0lDQWdJQ0FnSUNBZ0lDQWdJQ0FnSUNBZ0lDQWdJQ0FnS1RzS0lDQWdJQ0FnSUNBZ0lDQWdJQ0FnSUNBZ0lDQWdJSDBnWld4elpTQjdDaUFnSUNBZ0lDQWdJQ0FnSUNBZ0lDQWdJQ0FnSUNBZ0lHRjNZV2wwSUhKbGNHOHVkWEJrWVhSbFVHeGhlV1Z5S0FvZ0lDQWdJQ0FnSUNBZ0lDQWdJQ0FnSUNBZ0lDQWdJQ0FnSUdsa09pQmxlR2x6ZEdsdVp5NXBaQ3dLSUNBZ0lDQWdJQ0FnSUNBZ0lDQWdJQ0FnSUNBZ0lDQWdJQ0JtYVhKemRFNWhiV1U2SUdacGNuTjBUbUZ0WlM1MFpYaDBMQW9nSUNBZ0lDQWdJQ0FnSUNBZ0lDQWdJQ0FnSUNBZ0lDQWdJR2x6UjI5aGJHdGxaWEJsY2pvZ2FYTkhiMkZzYTJWbGNHVnlMQW9nSUNBZ0lDQWdJQ0FnSUNBZ0lDQWdJQ0FnSUNBZ0lDQWdJR2x6UTI5aFkyZzZJR2x6UTI5aFkyZ3NDaUFnSUNBZ0lDQWdJQ0FnSUNBZ0lDQWdJQ0FnSUNBZ0lDazdDaUFnSUNBZ0lDQWdJQ0FnSUNBZ0lDQWdJQ0FnSUNCOUNpQWdJQ0FnSUNBZ0lDQWdJQ0FnSUNBZ0lDQWdJQ0J5WldZdWFXNTJZV3hwWkdGMFpTaHliM04wWlhKUWNtOTJhV1JsY2loelpXRnpiMjVKWkNrcE93b2dJQ0FnSUNBZ0lDQWdJQ0FnSUNBZ0lDQWdJQ0FnYVdZZ0tHUnBZV3h2WjBOdmJuUmxlSFF1Ylc5MWJuUmxaQ2tnVG1GMmFXZGhkRzl5TG5CdmNDaGthV0ZzYjJkRGIyNTBaWGgwS1RzS0lDQWdJQ0FnSUNBZ0lDQWdJQ0FnSUNBZ0lDQjlJR05oZEdOb0lDaGxlR05sY0hScGIyNHBJSHNLSUNBZ0lDQWdJQ0FnSUNBZ0lDQWdJQ0FnSUNBZ0lITmxkRk4wWVhSbEtDZ3BJSHNLSUNBZ0lDQWdJQ0FnSUNBZ0lDQWdJQ0FnSUNBZ0lDQWdjMkYyYVc1bklEMGdabUZzYzJVN0NpQWdJQ0FnSUNBZ0lDQWdJQ0FnSUNBZ0lDQWdJQ0FnSUdWeWNtOXlJRDBnYUhWdFlXNXBlbVZGY25KdmNpaGxlR05sY0hScGIyNHBPd29nSUNBZ0lDQWdJQ0FnSUNBZ0lDQWdJQ0FnSUNBZ2ZTazdDaUFnSUNBZ0lDQWdJQ0FnSUNBZ0lDQWdJQ0FnZlFvZ0lDQWdJQ0FnSUNBZ0lDQWdJQ0FnSUNCOUxBb2dJQ0FnSUNBZ0lDQWdJQ0JqYUdsc1pEb2djMkYyYVc1bkNpQWdJQ0FnSUNBZ0lDQWdJQ0FnSUNBL0lHTnZibk4wSUZOcGVtVmtRbTk0S0FvZ0lDQWdJQ0FnSUNBZ0lDQWdJQ0FnSUNBZ0lIZHBaSFJvT2lBeE9Dd0tJQ0FnSUNBZ0lDQWdJQ0FnSUNBZ0lDQWdJQ0JvWldsbmFIUTZJREU0TEFvZ0lDQWdJQ0FnSUNBZ0lDQWdJQ0FnSUNBZ0lHTm9hV3hrT2lCSGNtbHVkR0ZRY205bmNtVnpjMGx1WkdsallYUnZjaWh6ZEhKdmEyVlhhV1IwYURvZ01pa3NDaUFnSUNBZ0lDQWdJQ0FnSUNBZ0lDQWdJQ2tLSUNBZ0lDQWdJQ0FnSUNBZ0lDQWdJRG9nWTI5dWMzUWdWR1Y0ZENnblJXNXlaV2RwYzNSeVpYSW5LU3dLSUNBZ0lDQWdJQ0FnSUNrc0NpQWdJQ0FnSUNBZ1hTd0tJQ0FnSUNBZ0tTd0tJQ0FnSUNrc0NpQWdLVHNLQ2lBZ1ptbHljM1JPWVcxbExtUnBjM0J2YzJVb0tUc0tmUW89IiwibGliL2ZlYXR1cmVzL3ByZWRpY3Rpb25zL3ByZXNlbnRhdGlvbi9sZWFkZXJib2FyZF9wYWdlLmRhcnQiOiJhVzF3YjNKMElDZHdZV05yWVdkbE9tRnpYMmR5YVc1MFlTOWpiM0psTDNWMGFXeHpMMkZ3Y0Y5bGNuSnZjbk11WkdGeWRDYzdDbWx0Y0c5eWRDQW5jR0ZqYTJGblpUcGhjMTluY21sdWRHRXZZMjl5WlM5M2FXUm5aWFJ6TDJkeWFXNTBZVjlsYlhCMGVWOXpkR0YwWlM1a1lYSjBKenNLYVcxd2IzSjBJQ2R3WVdOcllXZGxPbUZ6WDJkeWFXNTBZUzltWldGMGRYSmxjeTlpWVdSblpYTXZjSEpsYzJWdWRHRjBhVzl1TDI1aGJXVmZkMmwwYUY5aVlXUm5aWE11WkdGeWRDYzdDbWx0Y0c5eWRDQW5jR0ZqYTJGblpUcGhjMTluY21sdWRHRXZabVZoZEhWeVpYTXZjSEpsWkdsamRHbHZibk12WkdGMFlTOXNaV0ZrWlhKaWIyRnlaRjl5WlhCdmMybDBiM0o1TG1SaGNuUW5Pd3BwYlhCdmNuUWdKM0JoWTJ0aFoyVTZZWE5mWjNKcGJuUmhMMk52Y21VdmQybGtaMlYwY3k5bmNtbHVkR0ZmWVhCd1gySmhjaTVrWVhKMEp6c0thVzF3YjNKMElDZHdZV05yWVdkbE9tWnNkWFIwWlhJdmJXRjBaWEpwWVd3dVpHRnlkQ2M3Q21sdGNHOXlkQ0FuY0dGamEyRm5aVHBtYkhWMGRHVnlYM0pwZG1WeWNHOWtMMlpzZFhSMFpYSmZjbWwyWlhKd2IyUXVaR0Z5ZENjN0NtbHRjRzl5ZENBbmNHRmph
Shell: MkZuWlRwaGMxOW5jbWx1ZEdFdlkyOXlaUzkzYVdSblpYUnpMMmR5YVc1MFlWOXNiMkZrWlhJdVpHRnlkQ2M3Q2dwbGJuVnRJRjlNWldGa1pYSmliMkZ5WkUxdlpHVWdleUJqZFcxMWJHRjBhWFpsTENCelpXRnpiMjRzSUcxaGRHTm9JSDBLQ21Oc1lYTnpJRXhsWVdSbGNtSnZZWEprVUdGblpTQmxlSFJsYm1SeklFTnZibk4xYldWeVUzUmhkR1ZtZFd4WGFXUm5aWFFnZXdvZ0lHTnZibk4wSUV4bFlXUmxjbUp2WVhKa1VHRm5aU2g3YzNWd1pYSXVhMlY1ZlNrN0Nnb2dJRUJ2ZG1WeWNtbGtaUW9nSUVOdmJuTjFiV1Z5VTNSaGRHVThUR1ZoWkdWeVltOWhjbVJRWVdkbFBpQmpjbVZoZEdWVGRHRjBaU2dwSUQwK0lGOU1aV0ZrWlhKaWIyRnlaRkJoWjJWVGRHRjBaU2dwT3dwOUNncGpiR0Z6Y3lCZlRHVmhaR1Z5WW05aGNtUlFZV2RsVTNSaGRHVWdaWGgwWlc1a2N5QkRiMjV6ZFcxbGNsTjBZWFJsUEV4bFlXUmxjbUp2WVhKa1VHRm5aVDRnZXdvZ0lGOU1aV0ZrWlhKaWIyRnlaRTF2WkdVZ1gyMXZaR1VnUFNCZlRHVmhaR1Z5WW05aGNtUk5iMlJsTG1OMWJYVnNZWFJwZG1VN0Nnb2dJRk4wY21sdVp5QmZabTl5YldGMFRuVnRZbVZ5S0dSdmRXSnNaU0IyWVd4MVpTa2dld29nSUNBZ2NtVjBkWEp1SUhaaGJIVmxJRDA5SUhaaGJIVmxMblJ5ZFc1allYUmxWRzlFYjNWaWJHVW9LUW9nSUNBZ0lDQWdJRDhnZG1Gc2RXVXVkRzlKYm5Rb0tTNTBiMU4wY21sdVp5Z3BDaUFnSUNBZ0lDQWdPaUIyWVd4MVpTNTBiMU4wY21sdVowRnpSbWw0WldRb01TazdDaUFnZlFvS0lDQmtiM1ZpYkdVZ1gzQnZhVzUwY3loTVpXRmtaWEppYjJGeVpFVnVkSEo1SUdsMFpXMHBJSHNLSUNBZ0lISmxkSFZ5YmlCemQybDBZMmdnS0Y5dGIyUmxLU0I3Q2lBZ0lDQWdJRjlNWldGa1pYSmliMkZ5WkUxdlpHVXVZM1Z0ZFd4aGRHbDJaU0E5UGlCcGRHVnRMblJ2ZEdGc1VHOXBiblJ6TEFvZ0lDQWdJQ0JmVEdWaFpHVnlZbTloY21STmIyUmxMbk5sWVhOdmJpQTlQaUJwZEdWdExuTmxZWE52YmxCdmFXNTBjeXdLSUNBZ0lDQWdYMHhsWVdSbGNtSnZZWEprVFc5a1pTNXRZWFJqYUNBOVBpQnBkR1Z0TG0xaGRHTm9VRzlwYm5SekxBb2dJQ0FnZlRzS0lDQjlDZ29nSUVCdmRtVnljbWxrWlFvZ0lGZHBaR2RsZENCaWRXbHNaQ2hDZFdsc1pFTnZiblJsZUhRZ1kyOXVkR1Y0ZENrZ2V3b2dJQ0FnWm1sdVlXd2diR1ZoWkdWeVltOWhjbVJCYzNsdVl5QTlJSEpsWmk1M1lYUmphQ2hzWldGa1pYSmliMkZ5WkZCeWIzWnBaR1Z5S1RzS0NpQWdJQ0J5WlhSMWNtNGdVMk5oWm1admJHUW9DaUFnSUNBZ0lHRndjRUpoY2pvZ1IzSnBiblJoUVhCd1FtRnlLSFJwZEd4bE9pQmpiMjV6ZENCVVpYaDBLQ2REYkdGemMyVnRaVzUwSUdmRHFXN0RxWEpoYkNjcEtTd0tJQ0FnSUNBZ1ltOWtlVG9nUTI5c2RXMXVLQW9nSUNBZ0lDQWdJR05vYVd4a2NtVnVPaUJiQ2lBZ0lDQWdJQ0FnSUNCUVlXUmthVzVuS0FvZ0lDQWdJQ0FnSUNBZ0lDQndZV1JrYVc1bk9pQmpiMjV6ZENCRlpHZGxTVzV6WlhSekxtWnliMjFNVkZKQ0tERTJMQ0F4TWl3Z01UWXNJREFwTEFvZ0lDQWdJQ0FnSUNBZ0lDQmphR2xzWkRvZ1UyVm5iV1Z1ZEdWa1FuVjBkRzl1UEY5TVpXRmtaWEppYjJGeVpFMXZaR1UrS0FvZ0lDQWdJQ0FnSUNBZ0lDQWdJSE5sWjIxbGJuUnpPaUJqYjI1emRDQmJDaUFnSUNBZ0lDQWdJQ0FnSUNBZ0lDQkNkWFIwYjI1VFpXZHRaVzUwS0FvZ0lDQWdJQ0FnSUNBZ0lDQWdJQ0FnSUNCMllXeDFaVG9nWDB4bFlXUmxjbUp2WVhKa1RXOWtaUzVqZFcxMWJHRjBhWFpsTEFvZ0lDQWdJQ0FnSUNBZ0lDQWdJQ0FnSUNCc1lXSmxiRG9nVkdWNGRDZ25SOE9wYnNPcGNtRnNKeWtzQ2lBZ0lDQWdJQ0FnSUNBZ0lDQWdJQ0FwTEFvZ0lDQWdJQ0FnSUNBZ0lDQWdJQ0FnUW5WMGRHOXVVMlZuYldWdWRDZ0tJQ0FnSUNBZ0lDQWdJQ0FnSUNBZ0lDQWdkbUZzZFdVNklGOU1aV0ZrWlhKaWIyRnlaRTF2WkdVdWMyVmhjMjl1TEFvZ0lDQWdJQ0FnSUNBZ0lDQWdJQ0FnSUNCc1lXSmxiRG9nVkdWNGRDZ25VMkZwYzI5dUp5a3NDaUFnSUNBZ0lDQWdJQ0FnSUNBZ0lDQXBMQW9nSUNBZ0lDQWdJQ0FnSUNBZ0lDQWdRblYwZEc5dVUyVm5iV1Z1ZENnS0lDQWdJQ0FnSUNBZ0lDQWdJQ0FnSUNBZ2RtRnNkV1U2SUY5TVpXRmtaWEppYjJGeVpFMXZaR1V1YldGMFkyZ3NDaUFnSUNBZ0lDQWdJQ0FnSUNBZ0lDQWdJR3hoWW1Wc09pQlVaWGgwS0NkTllYUmphQ2NwTEFvZ0lDQWdJQ0FnSUNBZ0lDQWdJQ0FnS1N3S0lDQWdJQ0FnSUNBZ0lDQWdJQ0JkTEFvZ0lDQWdJQ0FnSUNBZ0lDQWdJSE5sYkdWamRHVmtPaUI3WDIxdlpHVjlMQW9nSUNBZ0lDQWdJQ0FnSUNBZ0lHOXVVMlZzWldOMGFXOXVRMmhoYm1kbFpEb2dLSE5sYkdWamRHbHZiaWtnZXdvZ0lDQWdJQ0FnSUNBZ0lDQWdJQ0FnYzJWMFUzUmhkR1VvS0NrZ1BUNGdYMjF2WkdVZ1BTQnpaV3hsWTNScGIyNHVabWx5YzNRcE93b2dJQ0FnSUNBZ0lDQWdJQ0FnSUgwc0NpQWdJQ0FnSUNBZ0lDQWdJQ2tzQ2lBZ0lDQWdJQ0FnSUNBcExBb2dJQ0FnSUNBZ0lDQWdhV1lnS0Y5dGIyUmxJRDA5SUY5TVpXRmtaWEppYjJGeVpFMXZaR1V1WTNWdGRXeGhkR2wyWlNrS0lDQWdJQ0FnSUNBZ0lDQWdZMjl1YzNRZ1VHRmtaR2x1WnlnS0lDQWdJQ0FnSUNBZ0lDQWdJQ0J3WVdSa2FXNW5PaUJGWkdkbFNXNXpaWFJ6TG1aeWIyMU1WRkpDS0RFMkxDQTRMQ0F4Tml3Z01Da3NDaUFnSUNBZ0lDQWdJQ0FnSUNBZ1kyaHBiR1E2SUZSbGVIUW9DaUFnSUNBZ0lDQWdJQ0FnSUNBZ0lDQW5WRzkwWVd3Z1BTQndiMmx1ZEhNZ2JXRjBZMmh6SUNzZ2NHOXBiblJ6SUhOaGFYTnZiaTRuTEFvZ0lDQWdJQ0FnSUNBZ0lDQWdJQ0FnYzNSNWJHVTZJRlJsZUhSVGRIbHNaU2htYjI1MFUybDZaVG9nTVRJcExBb2dJQ0FnSUNBZ0lDQWdJQ0FnSUNrc0NpQWdJQ0FnSUNBZ0lDQWdJQ2tzQ2lBZ0lDQWdJQ0FnSUNCRmVIQmhibVJsWkNnS0lDQWdJQ0FnSUNBZ0lDQWdZMmhwYkdRNklGSmxabkpsYzJoSmJtUnBZMkYwYjNJb0NpQWdJQ0FnSUNBZ0lDQWdJQ0FnYjI1U1pXWnlaWE5vT2lBb0tTQmhjM2x1WXlCN0NpQWdJ
Shell: Q0FnSUNBZ0lDQWdJQ0FnSUNCeVpXWXVhVzUyWVd4cFpHRjBaU2hzWldGa1pYSmliMkZ5WkZCeWIzWnBaR1Z5S1RzS0lDQWdJQ0FnSUNBZ0lDQWdJQ0FnSUdGM1lXbDBJSEpsWmk1eVpXRmtLR3hsWVdSbGNtSnZZWEprVUhKdmRtbGtaWEl1Wm5WMGRYSmxLVHNLSUNBZ0lDQWdJQ0FnSUNBZ0lDQjlMQW9nSUNBZ0lDQWdJQ0FnSUNBZ0lHTm9hV3hrT2lCc1pXRmtaWEppYjJGeVpFRnplVzVqTG5kb1pXNG9DaUFnSUNBZ0lDQWdJQ0FnSUNBZ0lDQnNiMkZrYVc1bk9pQW9LU0E5UGlCTWFYTjBWbWxsZHlnS0lDQWdJQ0FnSUNBZ0lDQWdJQ0FnSUNBZ1kyaHBiR1J5Wlc0NklHTnZibk4wSUZzS0lDQWdJQ0FnSUNBZ0lDQWdJQ0FnSUNBZ0lDQlRhWHBsWkVKdmVDaG9aV2xuYUhRNklESXlNQ2tzQ2lBZ0lDQWdJQ0FnSUNBZ0lDQWdJQ0FnSUNBZ1EyVnVkR1Z5S0dOb2FXeGtPaUJIY21sdWRHRlFjbTluY21WemMwbHVaR2xqWVhSdmNpZ3BLU3dLSUNBZ0lDQWdJQ0FnSUNBZ0lDQWdJQ0FnWFN3S0lDQWdJQ0FnSUNBZ0lDQWdJQ0FnSUNrc0NpQWdJQ0FnSUNBZ0lDQWdJQ0FnSUNCbGNuSnZjam9nS0dWeWNtOXlMQ0JmS1NBOVBpQk1hWE4wVm1sbGR5Z0tJQ0FnSUNBZ0lDQWdJQ0FnSUNBZ0lDQWdjR0ZrWkdsdVp6b2dZMjl1YzNRZ1JXUm5aVWx1YzJWMGN5NWhiR3dvTVRZcExBb2dJQ0FnSUNBZ0lDQWdJQ0FnSUNBZ0lDQmphR2xzWkhKbGJqb2dXd29nSUNBZ0lDQWdJQ0FnSUNBZ0lDQWdJQ0FnSUVOaGNtUW9DaUFnSUNBZ0lDQWdJQ0FnSUNBZ0lDQWdJQ0FnSUNCamFHbHNaRG9nVUdGa1pHbHVaeWdLSUNBZ0lDQWdJQ0FnSUNBZ0lDQWdJQ0FnSUNBZ0lDQWdjR0ZrWkdsdVp6b2dZMjl1YzNRZ1JXUm5aVWx1YzJWMGN5NWhiR3dvTWpBcExBb2dJQ0FnSUNBZ0lDQWdJQ0FnSUNBZ0lDQWdJQ0FnSUNCamFHbHNaRG9nVkdWNGRDaG9kVzFoYm1sNlpVVnljbTl5S0dWeWNtOXlLU2tzQ2lBZ0lDQWdJQ0FnSUNBZ0lDQWdJQ0FnSUNBZ0lDQXBMQW9nSUNBZ0lDQWdJQ0FnSUNBZ0lDQWdJQ0FnSUNrc0NpQWdJQ0FnSUNBZ0lDQWdJQ0FnSUNBZ0lGMHNDaUFnSUNBZ0lDQWdJQ0FnSUNBZ0lDQXBMQW9nSUNBZ0lDQWdJQ0FnSUNBZ0lDQWdaR0YwWVRvZ0tHVnVkSEpwWlhNcElIc0tJQ0FnSUNBZ0lDQWdJQ0FnSUNBZ0lDQWdhV1lnS0dWdWRISnBaWE11YVhORmJYQjBlU2tnZXdvZ0lDQWdJQ0FnSUNBZ0lDQWdJQ0FnSUNBZ0lISmxkSFZ5YmlCTWFYTjBWbWxsZHlnS0lDQWdJQ0FnSUNBZ0lDQWdJQ0FnSUNBZ0lDQWdJSEJoWkdScGJtYzZJR052Ym5OMElFVmtaMlZKYm5ObGRITXVZV3hzS0RFMktTd0tJQ0FnSUNBZ0lDQWdJQ0FnSUNBZ0lDQWdJQ0FnSUdOb2FXeGtjbVZ1T2lCamIyNXpkQ0JiQ2lBZ0lDQWdJQ0FnSUNBZ0lDQWdJQ0FnSUNBZ0lDQWdJRU5oY21Rb0NpQWdJQ0FnSUNBZ0lDQWdJQ0FnSUNBZ0lDQWdJQ0FnSUNBZ1kyaHBiR1E2SUVkeWFXNTBZVVZ0Y0hSNVUzUmhkR1VvQ2lBZ0lDQWdJQ0FnSUNBZ0lDQWdJQ0FnSUNBZ0lDQWdJQ0FnSUNCcFkyOXVPaUJKWTI5dWN5NXNaV0ZrWlhKaWIyRnlaRjl5YjNWdVpHVmtMQW9nSUNBZ0lDQWdJQ0FnSUNBZ0lDQWdJQ0FnSUNBZ0lDQWdJQ0FnZEdsMGJHVTZJQ2REYkdGemMyVnRaVzUwSU1PZ0lIWmxibWx5Snl3S0lDQWdJQ0FnSUNBZ0lDQWdJQ0FnSUNBZ0lDQWdJQ0FnSUNBZ0lHMWxjM05oWjJVNklDZE1aU0JqYkdGemMyVnRaVzUwSUhObElISmxiWEJzYVhRZ1pNT29jeUJzWlhNZ0p3b2dJQ0FnSUNBZ0lDQWdJQ0FnSUNBZ0lDQWdJQ0FnSUNBZ0lDQWdJQ0FnSUNkd2NtVnRhV1Z5Y3lCd2NtOXViM04wYVdOeklHNXZkTU9wY3k0bkxBb2dJQ0FnSUNBZ0lDQWdJQ0FnSUNBZ0lDQWdJQ0FnSUNBZ0lDa3NDaUFnSUNBZ0lDQWdJQ0FnSUNBZ0lDQWdJQ0FnSUNBZ0lDa3NDaUFnSUNBZ0lDQWdJQ0FnSUNBZ0lDQWdJQ0FnSUNCZExBb2dJQ0FnSUNBZ0lDQWdJQ0FnSUNBZ0lDQWdJQ2s3Q2lBZ0lDQWdJQ0FnSUNBZ0lDQWdJQ0FnSUgwS0NpQWdJQ0FnSUNBZ0lDQWdJQ0FnSUNBZ0lHWnBibUZzSUhOdmNuUmxaQ0E5SUZzdUxpNWxiblJ5YVdWelhRb2dJQ0FnSUNBZ0lDQWdJQ0FnSUNBZ0lDQWdJQzR1YzI5eWRDZ29ZU3dnWWlrZ1BUNGdYM0J2YVc1MGN5aGlLUzVqYjIxd1lYSmxWRzhvWDNCdmFXNTBjeWhoS1NrcE93b2dJQ0FnSUNBZ0lDQWdJQ0FnSUNBZ0lDQnlaWFIxY200Z1RHbHpkRlpwWlhjdWMyVndZWEpoZEdWa0tBb2dJQ0FnSUNBZ0lDQWdJQ0FnSUNBZ0lDQWdJSEJoWkdScGJtYzZJR052Ym5OMElFVmtaMlZKYm5ObGRITXVabkp2YlV4VVVrSW9NVFlzSURFeUxDQXhOaXdnTXpJcExBb2dJQ0FnSUNBZ0lDQWdJQ0FnSUNBZ0lDQWdJR2wwWlcxRGIzVnVkRG9nYzI5eWRHVmtMbXhsYm1kMGFDd0tJQ0FnSUNBZ0lDQWdJQ0FnSUNBZ0lDQWdJQ0J6WlhCaGNtRjBiM0pDZFdsc1pHVnlPaUFvWHl3Z1gxOHBJRDArSUdOdmJuTjBJRk5wZW1Wa1FtOTRLR2hsYVdkb2REb2dPQ2tzQ2lBZ0lDQWdJQ0FnSUNBZ0lDQWdJQ0FnSUNBZ2FYUmxiVUoxYVd4a1pYSTZJQ2hqYjI1MFpYaDBMQ0JwYm1SbGVDa2dld29nSUNBZ0lDQWdJQ0FnSUNBZ0lDQWdJQ0FnSUNBZ1ptbHVZV3dnYVhSbGJTQTlJSE52Y25SbFpGdHBibVJsZUYwN0NpQWdJQ0FnSUNBZ0lDQWdJQ0FnSUNBZ0lDQWdJQ0J5WlhSMWNtNGdRMkZ5WkNnS0lDQWdJQ0FnSUNBZ0lDQWdJQ0FnSUNBZ0lDQWdJQ0FnWTJocGJHUTZJRXhwYzNSVWFXeGxLQW9nSUNBZ0lDQWdJQ0FnSUNBZ0lDQWdJQ0FnSUNBZ0lDQWdJR3hsWVdScGJtYzZJRU5wY21Oc1pVRjJZWFJoY2loamFHbHNaRG9nVkdWNGRDZ25KSHRwYm1SbGVDQXJJREY5SnlrcExBb2dJQ0FnSUNBZ0lDQWdJQ0FnSUNBZ0lDQWdJQ0FnSUNBZ0lIUnBkR3hsT2lCT1lXMWxWMmwwYUVKaFpHZGxjeWdLSUNBZ0lDQWdJQ0FnSUNBZ0lDQWdJQ0FnSUNBZ0lDQWdJQ0FnSUhCeWIyWnBiR1ZKWkRvZ2FYUmxiUzV3Y205bWFXeGxTV1FzQ2lBZ0lDQWdJQ0FnSUNBZ0lDQWdJQ0FnSUNBZ0lDQWdJQ0FnSUNCdVlXMWxPaUJwZEdWdExtNWhiV1VzQ2lBZ0lDQWdJQ0FnSUNBZ0lDQWdJQ0FnSUNBZ0lDQWdJ
Shell: Q0FnS1N3S0lDQWdJQ0FnSUNBZ0lDQWdJQ0FnSUNBZ0lDQWdJQ0FnSUNCMGNtRnBiR2x1WnpvZ1ZHVjRkQ2dLSUNBZ0lDQWdJQ0FnSUNBZ0lDQWdJQ0FnSUNBZ0lDQWdJQ0FnSUY5bWIzSnRZWFJPZFcxaVpYSW9YM0J2YVc1MGN5aHBkR1Z0S1Nrc0NpQWdJQ0FnSUNBZ0lDQWdJQ0FnSUNBZ0lDQWdJQ0FnSUNBZ0lDQnpkSGxzWlRvZ1ZHaGxiV1V1YjJZb1kyOXVkR1Y0ZENrdWRHVjRkRlJvWlcxbExuUnBkR3hsVFdWa2FYVnRMQW9nSUNBZ0lDQWdJQ0FnSUNBZ0lDQWdJQ0FnSUNBZ0lDQWdJQ2tzQ2lBZ0lDQWdJQ0FnSUNBZ0lDQWdJQ0FnSUNBZ0lDQWdJQ2tzQ2lBZ0lDQWdJQ0FnSUNBZ0lDQWdJQ0FnSUNBZ0lDQXBPd29nSUNBZ0lDQWdJQ0FnSUNBZ0lDQWdJQ0FnSUgwc0NpQWdJQ0FnSUNBZ0lDQWdJQ0FnSUNBZ0lDazdDaUFnSUNBZ0lDQWdJQ0FnSUNBZ0lDQjlMQW9nSUNBZ0lDQWdJQ0FnSUNBZ0lDa3NDaUFnSUNBZ0lDQWdJQ0FnSUNrc0NpQWdJQ0FnSUNBZ0lDQXBMQW9nSUNBZ0lDQWdJRjBzQ2lBZ0lDQWdJQ2tzQ2lBZ0lDQXBPd29nSUgwS2ZRbz0iLCJsaWIvZmVhdHVyZXMvcHJlZGljdGlvbnMvcHJlc2VudGF0aW9uL21lcmdlZF9tYXRjaGVzX3ZpZXcuZGFydCI6ImFXMXdiM0owSUNkd1lXTnJZV2RsT21GelgyZHlhVzUwWVM5aGNIQXZjMmhsYkd3dmJXOWtkV3hsWDI1aGRtbG5ZWFJwYjI0dVpHRnlkQ2M3Q21sdGNHOXlkQ0FuY0dGamEyRm5aVHBoYzE5bmNtbHVkR0V2WTI5eVpTOTNhV1JuWlhSekwyZHlhVzUwWVY5bGJYQjBlVjl6ZEdGMFpTNWtZWEowSnpzS2FXMXdiM0owSUNkd1lXTnJZV2RsT21GelgyZHlhVzUwWVM5amIzSmxMM2RwWkdkbGRITXZiV0YwWTJoZllXUmtjbVZ6YzE5emFHVmxkQzVrWVhKMEp6c0thVzF3YjNKMElDZHdZV05yWVdkbE9tRnpYMmR5YVc1MFlTOWpiM0psTDNkcFpHZGxkSE12YldGMFkyaGZaR0YwWlY5amIyeDFiVzR1WkdGeWRDYzdDbWx0Y0c5eWRDQW5jR0ZqYTJGblpUcGhjMTluY21sdWRHRXZZMjl5WlM5M2FXUm5aWFJ6TDIxaGRHTm9YMlpwZUhSMWNtVXVaR0Z5ZENjN0NtbHRjRzl5ZENBbmNHRmphMkZuWlRwaGMxOW5jbWx1ZEdFdlptVmhkSFZ5WlhNdllYVjBhQzl3Y21WelpXNTBZWFJwYjI0dllYVjBhRjl6ZEdGMFpTNWtZWEowSnpzS2FXMXdiM0owSUNkd1lXTnJZV2RsT21GelgyZHlhVzUwWVM5bVpXRjBkWEpsY3k5b2IyMWxMM0J5WlhObGJuUmhkR2x2Ymk5b2IyMWxYMjVsZUhSZmJXRjBZMmhmWTJGeVpDNWtZWEowSnpzS2FXMXdiM0owSUNkd1lXTnJZV2RsT21GelgyZHlhVzUwWVM5bVpXRjBkWEpsY3k5dFlYUmphR1Z6TDJSdmJXRnBiaTl0WVhSamFGOXRiMlJsYkM1a1lYSjBKenNLYVcxd2IzSjBJQ2R3WVdOcllXZGxPbUZ6WDJkeWFXNTBZUzltWldGMGRYSmxjeTl0WVhSamFHVnpMM0J5WlhObGJuUmhkR2x2Ymk5dFlYUmphRjltYjNKdFgzQmhaMlV1WkdGeWRDYzdDbWx0Y0c5eWRDQW5jR0ZqYTJGblpUcGhjMTluY21sdWRHRXZabVZoZEhWeVpYTXZiV0YwWTJobGN5OXdjbVZ6Wlc1MFlYUnBiMjR2YldGMFkyaGxjMTlqYjI1MGNtOXNiR1Z5TG1SaGNuUW5Pd3BwYlhCdmNuUWdKM0JoWTJ0aFoyVTZZWE5mWjNKcGJuUmhMMlpsWVhSMWNtVnpMMjFoZEdOb1pYTXZjSEpsYzJWdWRHRjBhVzl1TDNkcFpHZGxkSE12WVdSdGFXNWZiV0YwWTJoZmIzQjBhVzl1YzE5aWRYUjBiMjR1WkdGeWRDYzdDbWx0Y0c5eWRDQW5jR0ZqYTJGblpUcGhjMTluY21sdWRHRXZabVZoZEhWeVpYTXZjSEpsWkdsamRHbHZibk12Y0hKbGMyVnVkR0YwYVc5dUwzZHBaR2RsZEhNdmJXRjBZMmhmYUdsemRHOXllVjlqWVhKa0xtUmhjblFuT3dwcGJYQnZjblFnSjNCaFkydGhaMlU2WVhOZlozSnBiblJoTDJabFlYUjFjbVZ6TDNOd2IzSjBjMTl0WVc1aFoyVnRaVzUwTDNCeVpYTmxiblJoZEdsdmJpOTNhV1JuWlhSekwyMWhkR05vWDJGMllXbHNZV0pwYkdsMGVWOXpaV3hsWTNSdmNpNWtZWEowSnpzS2FXMXdiM0owSUNkd1lXTnJZV2RsT21ac2RYUjBaWEl2YldGMFpYSnBZV3d1WkdGeWRDYzdDbWx0Y0c5eWRDQW5jR0ZqYTJGblpUcG1iSFYwZEdWeUwzSmxibVJsY21sdVp5NWtZWEowSnpzS2FXMXdiM0owSUNkd1lXTnJZV2RsT21ac2RYUjBaWEpmY21sMlpYSndiMlF2Wm14MWRIUmxjbDl5YVhabGNuQnZaQzVrWVhKMEp6c0thVzF3YjNKMElDZHdZV05yWVdkbE9tZHZYM0p2ZFhSbGNpOW5iMTl5YjNWMFpYSXVaR0Z5ZENjN0NtbHRjRzl5ZENBbmNHRmphMkZuWlRwaGMxOW5jbWx1ZEdFdlkyOXlaUzkzYVdSblpYUnpMMmR5YVc1MFlWOXNiMkZrWlhJdVpHRnlkQ2M3Q2dvdkx5OGdRMjl1ZEdWdWRTQmtkU0J1YjNWMlpXd2diMjVuYkdWMElFMWhkR05vY3lBNklHeGxJSEJ5YjJOb1lXbHVJRzFoZEdOb0lISmxjSEpsYm1RZ2RHOTFkR1Z6SUd4bGN3b3ZMeThnWm05dVkzUnBiMjV6SUdSbElHd25ZVzVqYVdWdUlHRmpZM1ZsYVd3Z1pYUWdZMmhoY1hWbElHMWhkR05vSUhCaGMzUERxU0J5WlhCeVpXNWtJR3hoSUdOaGNuUmxDaTh2THlCa3c2bDBZV2xzYk1PcFpTRENxeUJFWlhKdWFXVnlJRzFoZEdOb0lNSzdMZ3BqYkdGemN5Qk5aWEpuWldSTllYUmphR1Z6Vm1sbGR5QmxlSFJsYm1SeklFTnZibk4xYldWeVUzUmhkR1ZtZFd4WGFXUm5aWFFnZXdvZ0lHTnZibk4wSUUxbGNtZGxaRTFoZEdOb1pYTldhV1YzS0h0emRYQmxjaTVyWlhsOUtUc0tDaUFnUUc5MlpYSnlhV1JsQ2lBZ1EyOXVjM1Z0WlhKVGRHRjBaVHhOWlhKblpXUk5ZWFJqYUdWelZtbGxkejRnWTNKbFlYUmxVM1JoZEdVb0tTQTlQaUJmVFdWeVoyVmtUV0YwWTJobGMxWnBaWGRUZEdGMFpTZ3BPd3A5Q2dwamJHRnpjeUJmVFdWeVoyVmtUV0YwWTJobGMxWnBaWGRUZEdGMFpTQmxlSFJsYm1SeklFTnZibk4xYldWeVUzUmhkR1U4VFdWeVoyVmtUV0YwWTJobGMxWnBaWGMrSUhzS0lDQm1hVzVoYkNCSGJHOWlZV3hMWlhrZ1gyNWxlSFJOWVhSamFFdGxlU0E5SUVkc2IySmhiRXRsZVNncE93b2dJRk4wY21sdVp6OGdYMnhoYzNSR2IyTjFjMU5wWjI1aGRIVnlaVHNLQ2lBZ1FHOTJaWEp5YVdSbENpQWdkbTlwWkNCcGJtbDBV
Shell: M1JoZEdVb0tTQjdDaUFnSUNCemRYQmxjaTVwYm1sMFUzUmhkR1VvS1RzS0lDQWdJRVoxZEhWeVpTNXRhV055YjNSaGMyc29DaUFnSUNBZ0lDZ3BJRDArSUhKbFppNXlaV0ZrS0cxaGRHTm9aWE5EYjI1MGNtOXNiR1Z5VUhKdmRtbGtaWEl1Ym05MGFXWnBaWElwTG14dllXUW9ZV3hzVTJWaGMyOXVjem9nZEhKMVpTa3NDaUFnSUNBcE93b2dJSDBLQ2lBZ1JuVjBkWEpsUEhadmFXUStJRjl5WldaeVpYTm9LQ2tnWVhONWJtTWdld29nSUNBZ1ptbHVZV3dnYzNSaGRHVWdQU0J5WldZdWNtVmhaQ2h0WVhSamFHVnpRMjl1ZEhKdmJHeGxjbEJ5YjNacFpHVnlLVHNLSUNBZ0lHRjNZV2wwSUhKbFpnb2dJQ0FnSUNBZ0lDNXlaV0ZrS0cxaGRHTm9aWE5EYjI1MGNtOXNiR1Z5VUhKdmRtbGtaWEl1Ym05MGFXWnBaWElwQ2lBZ0lDQWdJQ0FnTG14dllXUW9jMlZoYzI5dVNXUTZJSE4wWVhSbExuTmxiR1ZqZEdWa1UyVmhjMjl1U1dRc0lHRnNiRk5sWVhOdmJuTTZJSFJ5ZFdVcE93b2dJSDBLQ2lBZ2RtOXBaQ0JmWm05amRYTk9aWGgwVFdGMFkyZ29ld29nSUNBZ2NtVnhkV2x5WldRZ1UzUnlhVzVuUHlCdFlYUmphRWxrTEFvZ0lDQWdjbVZ4ZFdseVpXUWdZbTl2YkNCallYSmtTWE5TWldGa2VTd0tJQ0FnSUhKbGNYVnBjbVZrSUZOMGNtbHVaeUJ5WlhGMVpYTjBWRzlyWlc0c0NpQWdmU2tnZXdvZ0lDQWdhV1lnS0cxaGRHTm9TV1FnUFQwZ2JuVnNiQ0I4ZkNBaFkyRnlaRWx6VW1WaFpIa3BJSEpsZEhWeWJqc0tDaUFnSUNCbWFXNWhiQ0J6YVdkdVlYUjFjbVVnUFNBbkpHMWhkR05vU1dRNkpISmxjWFZsYzNSVWIydGxiaWM3Q2lBZ0lDQnBaaUFvWDJ4aGMzUkdiMk4xYzFOcFoyNWhkSFZ5WlNBOVBTQnphV2R1WVhSMWNtVXBJSEpsZEhWeWJqc0tJQ0FnSUY5c1lYTjBSbTlqZFhOVGFXZHVZWFIxY21VZ1BTQnphV2R1WVhSMWNtVTdDZ29nSUNBZ1YybGtaMlYwYzBKcGJtUnBibWN1YVc1emRHRnVZMlV1WVdSa1VHOXpkRVp5WVcxbFEyRnNiR0poWTJzb0tGOHBJSHNLSUNBZ0lDQWdYM0J2YzJsMGFXOXVUbVY0ZEUxaGRHTm9LSE5wWjI1aGRIVnlaU2s3Q2lBZ0lDQjlLVHNLSUNCOUNnb2dJRVoxZEhWeVpUeDJiMmxrUGlCZmNHOXphWFJwYjI1T1pYaDBUV0YwWTJnb1UzUnlhVzVuSUhOcFoyNWhkSFZ5WlN3Z2UybHVkQ0JoZEhSbGJYQjBJRDBnTUgwcElHRnplVzVqSUhzS0lDQWdJR2xtSUNnaGJXOTFiblJsWkNCOGZDQmZiR0Z6ZEVadlkzVnpVMmxuYm1GMGRYSmxJQ0U5SUhOcFoyNWhkSFZ5WlNrZ2NtVjBkWEp1T3dvS0lDQWdJR1pwYm1Gc0lIUmhjbWRsZEVOdmJuUmxlSFFnUFNCZmJtVjRkRTFoZEdOb1MyVjVMbU4xY25KbGJuUkRiMjUwWlhoME93b2dJQ0FnYVdZZ0tIUmhjbWRsZEVOdmJuUmxlSFFnUFQwZ2JuVnNiQ2tnZXdvZ0lDQWdJQ0JwWmlBb1lYUjBaVzF3ZENBK1BTQTRLU0I3Q2lBZ0lDQWdJQ0FnWDJ4aGMzUkdiMk4xYzFOcFoyNWhkSFZ5WlNBOUlHNTFiR3c3Q2lBZ0lDQWdJQ0FnY21WMGRYSnVPd29nSUNBZ0lDQjlDZ29nSUNBZ0lDQmhkMkZwZENCR2RYUjFjbVU4ZG05cFpENHVaR1ZzWVhsbFpDaEVkWEpoZEdsdmJpaHRhV3hzYVhObFkyOXVaSE02SURJd0lDc2dLR0YwZEdWdGNIUWdLaUF4TlNrcEtUc0tJQ0FnSUNBZ2FXWWdLQ0Z0YjNWdWRHVmtJSHg4SUY5c1lYTjBSbTlqZFhOVGFXZHVZWFIxY21VZ0lUMGdjMmxuYm1GMGRYSmxLU0J5WlhSMWNtNDdDaUFnSUNBZ0lGZHBaR2RsZEhOQ2FXNWthVzVuTG1sdWMzUmhibU5sTG1Ga1pGQnZjM1JHY21GdFpVTmhiR3hpWVdOcktDaGZLU0I3Q2lBZ0lDQWdJQ0FnWDNCdmMybDBhVzl1VG1WNGRFMWhkR05vS0hOcFoyNWhkSFZ5WlN3Z1lYUjBaVzF3ZERvZ1lYUjBaVzF3ZENBcklERXBPd29nSUNBZ0lDQjlLVHNLSUNBZ0lDQWdjbVYwZFhKdU93b2dJQ0FnZlFvS0lDQWdJR0YzWVdsMElGTmpjbTlzYkdGaWJHVXVaVzV6ZFhKbFZtbHphV0pzWlNnS0lDQWdJQ0FnZEdGeVoyVjBRMjl1ZEdWNGRDd0tJQ0FnSUNBZ1lXeHBaMjV0Wlc1ME9pQXdMQW9nSUNBZ0lDQmhiR2xuYm0xbGJuUlFiMnhwWTNrNklGTmpjbTlzYkZCdmMybDBhVzl1UVd4cFoyNXRaVzUwVUc5c2FXTjVMbVY0Y0d4cFkybDBMQW9nSUNBZ0lDQmtkWEpoZEdsdmJqb2dSSFZ5WVhScGIyNHVlbVZ5Ynl3S0lDQWdJQ2s3Q2dvZ0lDQWdMeThnVEdFZ2JHbHpkR1VnWTI5dWMzUnlkV2wwSUhObGN5QmxibVpoYm5SeklNT2dJR3hoSUdSbGJXRnVaR1V1SUZWdUlITmxZMjl1WkNCd2IzTnBkR2x2Ym01bGJXVnVkQW9nSUNBZ0x5OGdZWEJ5dzZoeklITjBZV0pwYkdsellYUnBiMjRnWlcxd3c2cGphR1VnYkdVZ2NISmxiV2xsY2lCaFkyUERxSE1nWkdWd2RXbHpJSFZ1SUdGMWRISmxJRzF2WkhWc1pTQmtaUW9nSUNBZ0x5OGdjbVZ6ZEdWeUlHVnVJR2hoZFhRZ1pHVWdiR0VnYkdsemRHVWdiRzl5YzNGMVpTQnNaWE1nWTJGeWRHVnpJSEJ5dzZsanc2bGtaVzUwWlhNZ1lYQndZWEpoYVhOelpXNTBMZ29nSUNBZ1lYZGhhWFFnUm5WMGRYSmxQSFp2YVdRK0xtUmxiR0Y1WldRb1kyOXVjM1FnUkhWeVlYUnBiMjRvYldsc2JHbHpaV052Ym1Sek9pQXhNakFwS1RzS0lDQWdJR2xtSUNnaGJXOTFiblJsWkNCOGZDQmZiR0Z6ZEVadlkzVnpVMmxuYm1GMGRYSmxJQ0U5SUhOcFoyNWhkSFZ5WlNrZ2NtVjBkWEp1T3dvZ0lDQWdabWx1WVd3Z2MyVjBkR3hsWkVOdmJuUmxlSFFnUFNCZmJtVjRkRTFoZEdOb1MyVjVMbU4xY25KbGJuUkRiMjUwWlhoME93b2dJQ0FnYVdZZ0tITmxkSFJzWldSRGIyNTBaWGgwSUQwOUlHNTFiR3dnZkh3Z0lYTmxkSFJzWldSRGIyNTBaWGgwTG0xdmRXNTBaV1FwSUhKbGRIVnlianNLSUNBZ0lHRjNZV2wwSUZOamNtOXNiR0ZpYkdVdVpXNXpkWEpsVm1semFXSnNaU2dLSUNBZ0lDQWdjMlYwZEd4bFpFTnZiblJsZUhRc0NpQWdJQ0FnSUdGc2FXZHViV1Z1ZERvZ01Dd0tJQ0FnSUNBZ1lXeHBaMjV0Wlc1MFVHOXNhV041T2lCVFkzSnZiR3hRYjNOcGRHbHZia0ZzYVdkdWJXVnVkRkJ2YkdsamVTNWxlSEJzYVdOcGRDd0tJQ0FnSUNBZ1pIVnlZWFJwYjI0NklFUjFjbUYwYVc5dUxucGxjbThzQ2lBZ0lDQXBP
Shell: d29nSUgwS0NpQWdRRzkyWlhKeWFXUmxDaUFnVjJsa1oyVjBJR0oxYVd4a0tFSjFhV3hrUTI5dWRHVjRkQ0JqYjI1MFpYaDBLU0I3Q2lBZ0lDQm1hVzVoYkNCemRHRjBaU0E5SUhKbFppNTNZWFJqYUNodFlYUmphR1Z6UTI5dWRISnZiR3hsY2xCeWIzWnBaR1Z5S1RzS0lDQWdJR1pwYm1Gc0lHbHpRV1J0YVc0Z1BTQnlaV1l1ZDJGMFkyZ29hWE5CWkcxcGJsWnBaWGRRY205MmFXUmxjaWs3Q2dvZ0lDQWdabWx1WVd3Z2RYQmpiMjFwYm1jZ1BTQnpkR0YwWlM1dFlYUmphR1Z6TG5kb1pYSmxLQ2h0WVhSamFDa2dQVDRnSVcxaGRHTm9MbWx6Um1sdWFYTm9aV1FwTG5SdlRHbHpkQ2dwQ2lBZ0lDQWdJQzR1YzI5eWRDZ29ZU3dnWWlrZ1BUNGdZaTVyYVdOcmIyWm1RWFF1WTI5dGNHRnlaVlJ2S0dFdWEybGphMjltWmtGMEtTazdDaUFnSUNCbWFXNWhiQ0JtYVc1cGMyaGxaQ0E5SUhOMFlYUmxMbTFoZEdOb1pYTXVkMmhsY21Vb0tHMWhkR05vS1NBOVBpQnRZWFJqYUM1cGMwWnBibWx6YUdWa0tTNTBiMHhwYzNRb0tRb2dJQ0FnSUNBdUxuTnZjblFvS0dFc0lHSXBJRDArSUdJdWEybGphMjltWmtGMExtTnZiWEJoY21WVWJ5aGhMbXRwWTJ0dlptWkJkQ2twT3dvZ0lDQWdabWx1WVd3Z2JtVjRkRTFoZEdOb0lEMGdkWEJqYjIxcGJtY3VhWE5GYlhCMGVTQS9JRzUxYkd3Z09pQjFjR052YldsdVp5NXNZWE4wT3dvZ0lDQWdabWx1WVd3Z2JtVjRkRTFoZEdOb1NXUWdQU0J1WlhoMFRXRjBZMmcvTG1sa093b2dJQ0FnWm1sdVlXd2diR0YwWlhKVmNHTnZiV2x1WnlBOUlIVndZMjl0YVc1bkxteGxibWQwYUNBK0lERUtJQ0FnSUNBZ0lDQS9JSFZ3WTI5dGFXNW5Mbk4xWW14cGMzUW9NQ3dnZFhCamIyMXBibWN1YkdWdVozUm9JQzBnTVNrS0lDQWdJQ0FnSUNBNklEeE5ZWFJqYUUxdlpHVnNQbHRkT3dvS0lDQWdJR1pwYm1Gc0lHWnZZM1Z6VW1WeGRXVnpkQ0E5SUhKbFppNTNZWFJqYUNodFlYUmphR1Z6Um05amRYTlNaWEYxWlhOMFVISnZkbWxrWlhJcE93b2dJQ0FnWm1sdVlXd2dibVY0ZEVOaGNtUkpjMUpsWVdSNUlEMGdibVY0ZEUxaGRHTm9JQ0U5SUc1MWJHd2dKaVlnSVhOMFlYUmxMbWx6VEc5aFpHbHVaenNLQ2lBZ0lDQmZabTlqZFhOT1pYaDBUV0YwWTJnb0NpQWdJQ0FnSUcxaGRHTm9TV1E2SUc1bGVIUk5ZWFJqYUVsa0xBb2dJQ0FnSUNCallYSmtTWE5TWldGa2VUb2dibVY0ZEVOaGNtUkpjMUpsWVdSNUxBb2dJQ0FnSUNCeVpYRjFaWE4wVkc5clpXNDZJQ2NrWm05amRYTlNaWEYxWlhOMEp5d0tJQ0FnSUNrN0Nnb2dJQ0FnTHk4Z1RHVWdjSEp2WTJoaGFXNGdiV0YwWTJnZ2MyVWdkSEp2ZFhabElHRndjc09vY3lCMGIzVjBaWE1nYkdWeklISmxibU52Ym5SeVpYTWdjR3gxY3lCc2IybHVkR0ZwYm1Wekxnb2dJQ0FnTHk4Z1EyVWdZMkZqYUdVZ1kybGliTU9wSUdadmNtTmxJR3hoSUdOeXc2bGhkR2x2YmlCa1pTQnpiMjRnWVc1amNtVWdaTU9vY3lCc1pTQndjbVZ0YVdWeUlHRm1abWxqYUdGblpTd0tJQ0FnSUM4dklITmhibk1nWTI5dWMzUnlkV2x5WlNCcGJuVjBhV3hsYldWdWRDQjBiM1YwSUd3bmFHbHpkRzl5YVhGMVpTQnphWFIxdzZrZ1pXNGdaR1Z6YzI5MWN5NEtJQ0FnSUdacGJtRnNJRzVsZUhSTllYUmphRU5oWTJobFJYaDBaVzUwSUQwZ01USXdNQzR3SUNzZ0tHeGhkR1Z5VlhCamIyMXBibWN1YkdWdVozUm9JQ29nTlRJd0xqQXBPd29LSUNBZ0lISmxkSFZ5YmlCU1pXWnlaWE5vU1c1a2FXTmhkRzl5S0FvZ0lDQWdJQ0J2YmxKbFpuSmxjMmc2SUY5eVpXWnlaWE5vTEFvZ0lDQWdJQ0JqYUdsc1pEb2dRM1Z6ZEc5dFUyTnliMnhzVm1sbGR5Z0tJQ0FnSUNBZ0lDQnpZM0p2Ykd4RFlXTm9aVVY0ZEdWdWREb2dVMk55YjJ4c1EyRmphR1ZGZUhSbGJuUXVjR2w0Wld4ektHNWxlSFJOWVhSamFFTmhZMmhsUlhoMFpXNTBLU3dLSUNBZ0lDQWdJQ0J3YUhsemFXTnpPaUJqYjI1emRDQkJiSGRoZVhOVFkzSnZiR3hoWW14bFUyTnliMnhzVUdoNWMybGpjeWdwTEFvZ0lDQWdJQ0FnSUhOc2FYWmxjbk02SUZzS0lDQWdJQ0FnSUNBZ0lHTnZibk4wSUZOc2FYWmxjbFJ2UW05NFFXUmhjSFJsY2loamFHbHNaRG9nVTJsNlpXUkNiM2dvYUdWcFoyaDBPaUF4TWlrcExBb2dJQ0FnSUNBZ0lDQWdhV1lnS0hOMFlYUmxMbWx6VEc5aFpHbHVaeWtLSUNBZ0lDQWdJQ0FnSUNBZ1kyOXVjM1FnVTJ4cGRtVnlVR0ZrWkdsdVp5Z0tJQ0FnSUNBZ0lDQWdJQ0FnSUNCd1lXUmthVzVuT2lCRlpHZGxTVzV6WlhSekxuTjViVzFsZEhKcFl5aG9iM0pwZW05dWRHRnNPaUF4Tmlrc0NpQWdJQ0FnSUNBZ0lDQWdJQ0FnYzJ4cGRtVnlPaUJUYkdsMlpYSlViMEp2ZUVGa1lYQjBaWElvWTJocGJHUTZJRjlNYjJGa2FXNW5RMkZ5WkNncEtTd0tJQ0FnSUNBZ0lDQWdJQ0FnS1FvZ0lDQWdJQ0FnSUNBZ1pXeHpaU0JwWmlBb2MzUmhkR1V1WlhKeWIzSWdJVDBnYm5Wc2JDa0tJQ0FnSUNBZ0lDQWdJQ0FnVTJ4cGRtVnlVR0ZrWkdsdVp5Z0tJQ0FnSUNBZ0lDQWdJQ0FnSUNCd1lXUmthVzVuT2lCamIyNXpkQ0JGWkdkbFNXNXpaWFJ6TG5ONWJXMWxkSEpwWXlob2IzSnBlbTl1ZEdGc09pQXhOaWtzQ2lBZ0lDQWdJQ0FnSUNBZ0lDQWdjMnhwZG1WeU9pQlRiR2wyWlhKVWIwSnZlRUZrWVhCMFpYSW9DaUFnSUNBZ0lDQWdJQ0FnSUNBZ0lDQmphR2xzWkRvZ1gwMWxjM05oWjJWRFlYSmtLQW9nSUNBZ0lDQWdJQ0FnSUNBZ0lDQWdJQ0IwYVhSc1pUb2dKMDFoZEdOb2N5QnBibVJwYzNCdmJtbGliR1Z6Snl3S0lDQWdJQ0FnSUNBZ0lDQWdJQ0FnSUNBZ2FXTnZiam9nU1dOdmJuTXVkMmxtYVY5dlptWmZjbTkxYm1SbFpDd0tJQ0FnSUNBZ0lDQWdJQ0FnSUNBZ0lDQWdiV1Z6YzJGblpUb2djM1JoZEdVdVpYSnliM0loTEFvZ0lDQWdJQ0FnSUNBZ0lDQWdJQ0FnSUNCMGIyNWxPaUJIY21sdWRHRkZiWEIwZVZSdmJtVXVZV3hsY25Rc0NpQWdJQ0FnSUNBZ0lDQWdJQ0FnSUNBcExBb2dJQ0FnSUNBZ0lDQWdJQ0FnSUNrc0NpQWdJQ0FnSUNBZ0lDQWdJQ2tLSUNBZ0lDQWdJQ0FnSUdWc2MyVWdhV1lnS0hOMFlYUmxMbTFoZEdOb1pYTXVhWE5GYlhCMGVTa0tJQ0FnSUNBZ0lDQWdJ
Shell: Q0FnWTI5dWMzUWdVMnhwZG1WeVVHRmtaR2x1WnlnS0lDQWdJQ0FnSUNBZ0lDQWdJQ0J3WVdSa2FXNW5PaUJGWkdkbFNXNXpaWFJ6TG5ONWJXMWxkSEpwWXlob2IzSnBlbTl1ZEdGc09pQXhOaWtzQ2lBZ0lDQWdJQ0FnSUNBZ0lDQWdjMnhwZG1WeU9pQlRiR2wyWlhKVWIwSnZlRUZrWVhCMFpYSW9DaUFnSUNBZ0lDQWdJQ0FnSUNBZ0lDQmphR2xzWkRvZ1gwMWxjM05oWjJWRFlYSmtLQW9nSUNBZ0lDQWdJQ0FnSUNBZ0lDQWdJQ0IwYVhSc1pUb2dKMEYxWTNWdUlHMWhkR05vSnl3S0lDQWdJQ0FnSUNBZ0lDQWdJQ0FnSUNBZ2JXVnpjMkZuWlRvS0lDQWdJQ0FnSUNBZ0lDQWdJQ0FnSUNBZ0lDQWdJQ2RNWlNCd2NtVnRhV1Z5SUcxaGRHTm9JR0Z3Y0dGeVljT3VkSEpoSUdsamFTQmt3Nmh6SUhGMTRvQ1phV3dnYzJWeVlTQmpjc09wdzZrdUp5d0tJQ0FnSUNBZ0lDQWdJQ0FnSUNBZ0lDa3NDaUFnSUNBZ0lDQWdJQ0FnSUNBZ0tTd0tJQ0FnSUNBZ0lDQWdJQ0FnS1FvZ0lDQWdJQ0FnSUNBZ1pXeHpaU0F1TGk1YkNpQWdJQ0FnSUNBZ0lDQWdJR2xtSUNoc1lYUmxjbFZ3WTI5dGFXNW5MbWx6VG05MFJXMXdkSGtwQ2lBZ0lDQWdJQ0FnSUNBZ0lDQWdVMnhwZG1WeVRXRnBia0Y0YVhOSGNtOTFjQ2dLSUNBZ0lDQWdJQ0FnSUNBZ0lDQWdJSE5zYVhabGNuTTZJRnNLSUNBZ0lDQWdJQ0FnSUNBZ0lDQWdJQ0FnWTI5dWMzUWdVMnhwZG1WeVVHVnljMmx6ZEdWdWRFaGxZV1JsY2lnS0lDQWdJQ0FnSUNBZ0lDQWdJQ0FnSUNBZ0lDQndhVzV1WldRNklIUnlkV1VzQ2lBZ0lDQWdJQ0FnSUNBZ0lDQWdJQ0FnSUNBZ1pHVnNaV2RoZEdVNklGOVRaV04wYVc5dVNHVmhaR1Z5UkdWc1pXZGhkR1VvQ2lBZ0lDQWdJQ0FnSUNBZ0lDQWdJQ0FnSUNBZ0lDQnBZMjl1T2lCSlkyOXVjeTVqWVd4bGJtUmhjbDl0YjI1MGFGOXZkWFJzYVc1bFpDd0tJQ0FnSUNBZ0lDQWdJQ0FnSUNBZ0lDQWdJQ0FnSUhScGRHeGxPaUFuVFdGMFkyaHpJTU9nSUhabGJtbHlKeXdLSUNBZ0lDQWdJQ0FnSUNBZ0lDQWdJQ0FnSUNBcExBb2dJQ0FnSUNBZ0lDQWdJQ0FnSUNBZ0lDQXBMQW9nSUNBZ0lDQWdJQ0FnSUNBZ0lDQWdJQ0JUYkdsMlpYSlFZV1JrYVc1bktBb2dJQ0FnSUNBZ0lDQWdJQ0FnSUNBZ0lDQWdJSEJoWkdScGJtYzZJR052Ym5OMElFVmtaMlZKYm5ObGRITXVjM2x0YldWMGNtbGpLR2h2Y21sNmIyNTBZV3c2SURFMktTd0tJQ0FnSUNBZ0lDQWdJQ0FnSUNBZ0lDQWdJQ0J6YkdsMlpYSTZJRk5zYVhabGNreHBjM1FvQ2lBZ0lDQWdJQ0FnSUNBZ0lDQWdJQ0FnSUNBZ0lDQmtaV3hsWjJGMFpUb2dVMnhwZG1WeVEyaHBiR1JDZFdsc1pHVnlSR1ZzWldkaGRHVW9DaUFnSUNBZ0lDQWdJQ0FnSUNBZ0lDQWdJQ0FnSUNBZ0lDaGpiMjUwWlhoMExDQnBibVJsZUNrZ1BUNGdVR0ZrWkdsdVp5Z0tJQ0FnSUNBZ0lDQWdJQ0FnSUNBZ0lDQWdJQ0FnSUNBZ0lDQndZV1JrYVc1bk9pQmpiMjV6ZENCRlpHZGxTVzV6WlhSekxtOXViSGtvWW05MGRHOXRPaUF4TWlrc0NpQWdJQ0FnSUNBZ0lDQWdJQ0FnSUNBZ0lDQWdJQ0FnSUNBZ1kyaHBiR1E2SUY5VmNHTnZiV2x1WjAxaGRHTm9RMkZ5WkNnS0lDQWdJQ0FnSUNBZ0lDQWdJQ0FnSUNBZ0lDQWdJQ0FnSUNBZ0lHMWhkR05vT2lCc1lYUmxjbFZ3WTI5dGFXNW5XMmx1WkdWNFhTd0tJQ0FnSUNBZ0lDQWdJQ0FnSUNBZ0lDQWdJQ0FnSUNBZ0lDQWdJR2x6UVdSdGFXNDZJR2x6UVdSdGFXNHNDaUFnSUNBZ0lDQWdJQ0FnSUNBZ0lDQWdJQ0FnSUNBZ0lDQWdLU3dLSUNBZ0lDQWdJQ0FnSUNBZ0lDQWdJQ0FnSUNBZ0lDQWdLU3dLSUNBZ0lDQWdJQ0FnSUNBZ0lDQWdJQ0FnSUNBZ0lDQWdZMmhwYkdSRGIzVnVkRG9nYkdGMFpYSlZjR052YldsdVp5NXNaVzVuZEdnc0NpQWdJQ0FnSUNBZ0lDQWdJQ0FnSUNBZ0lDQWdJQ0FwTEFvZ0lDQWdJQ0FnSUNBZ0lDQWdJQ0FnSUNBZ0lDa3NDaUFnSUNBZ0lDQWdJQ0FnSUNBZ0lDQWdJQ2tzQ2lBZ0lDQWdJQ0FnSUNBZ0lDQWdJQ0FnSUdOdmJuTjBJRk5zYVhabGNsUnZRbTk0UVdSaGNIUmxjaWhqYUdsc1pEb2dVMmw2WldSQ2IzZ29hR1ZwWjJoME9pQXhNQ2twTEFvZ0lDQWdJQ0FnSUNBZ0lDQWdJQ0FnWFN3S0lDQWdJQ0FnSUNBZ0lDQWdJQ0FwTEFvZ0lDQWdJQ0FnSUNBZ0lDQlRiR2wyWlhKTllXbHVRWGhwYzBkeWIzVndLQW9nSUNBZ0lDQWdJQ0FnSUNBZ0lITnNhWFpsY25NNklGc0tJQ0FnSUNBZ0lDQWdJQ0FnSUNBZ0lGTnNhWFpsY2xCbGNuTnBjM1JsYm5SSVpXRmtaWElvQ2lBZ0lDQWdJQ0FnSUNBZ0lDQWdJQ0FnSUd0bGVUb2dYMjVsZUhSTllYUmphRXRsZVN3S0lDQWdJQ0FnSUNBZ0lDQWdJQ0FnSUNBZ2NHbHVibVZrT2lCMGNuVmxMQW9nSUNBZ0lDQWdJQ0FnSUNBZ0lDQWdJQ0JrWld4bFoyRjBaVG9nWTI5dWMzUWdYMU5sWTNScGIyNUlaV0ZrWlhKRVpXeGxaMkYwWlNnS0lDQWdJQ0FnSUNBZ0lDQWdJQ0FnSUNBZ0lDQnBZMjl1T2lCSlkyOXVjeTVsZG1WdWRGOXliM1Z1WkdWa0xBb2dJQ0FnSUNBZ0lDQWdJQ0FnSUNBZ0lDQWdJSFJwZEd4bE9pQW5VSEp2WTJoaGFXNGdiV0YwWTJnbkxBb2dJQ0FnSUNBZ0lDQWdJQ0FnSUNBZ0lDQXBMQW9nSUNBZ0lDQWdJQ0FnSUNBZ0lDQWdLU3dLSUNBZ0lDQWdJQ0FnSUNBZ0lDQWdJRk5zYVhabGNsQmhaR1JwYm1jb0NpQWdJQ0FnSUNBZ0lDQWdJQ0FnSUNBZ0lIQmhaR1JwYm1jNklHTnZibk4wSUVWa1oyVkpibk5sZEhNdWMzbHRiV1YwY21saktHaHZjbWw2YjI1MFlXdzZJREUyS1N3S0lDQWdJQ0FnSUNBZ0lDQWdJQ0FnSUNBZ2MyeHBkbVZ5T2lCVGJHbDJaWEpVYjBKdmVFRmtZWEIwWlhJb0NpQWdJQ0FnSUNBZ0lDQWdJQ0FnSUNBZ0lDQWdZMmhwYkdRNklHNWxlSFJOWVhSamFDQTlQU0J1ZFd4c0NpQWdJQ0FnSUNBZ0lDQWdJQ0FnSUNBZ0lDQWdJQ0FnSUQ4Z1kyOXVjM1FnWDAxbGMzTmhaMlZEWVhKa0tBb2dJQ0FnSUNBZ0lDQWdJQ0FnSUNBZ0lDQWdJQ0FnSUNBZ0lDQWdkR2wwYkdVNklDZFFZWE1nWkdVZ2JXRjBZMmdnY0hKdlozSmhiVzNEcVNjc0NpQWdJQ0FnSUNBZ0lDQWdJQ0FnSUNBZ0lDQWdJQ0FnSUNBZ0lDQnRaWE56WVdkbE9nb2dJ
Shell: Q0FnSUNBZ0lDQWdJQ0FnSUNBZ0lDQWdJQ0FnSUNBZ0lDQWdJQ0FnSUNkTVpTQndjbTlqYUdGcGJpQnRZWFJqYUNCaGNIQmhjbUhEcm5SeVlTQnBZMmtnWk1Pb2N5QnhkZUtBbVdsc0lITmxjbUVnWTNMRHFjT3BMaWNzQ2lBZ0lDQWdJQ0FnSUNBZ0lDQWdJQ0FnSUNBZ0lDQWdJQ0FnS1FvZ0lDQWdJQ0FnSUNBZ0lDQWdJQ0FnSUNBZ0lDQWdJQ0E2SUVodmJXVk9aWGgwVFdGMFkyaERZWEprS0FvZ0lDQWdJQ0FnSUNBZ0lDQWdJQ0FnSUNBZ0lDQWdJQ0FnSUNBZ2JXRjBZMmc2SUc1bGVIUk5ZWFJqYUN3S0lDQWdJQ0FnSUNBZ0lDQWdJQ0FnSUNBZ0lDQWdJQ0FnSUNBZ0lHbHpRV1J0YVc0NklHbHpRV1J0YVc0c0NpQWdJQ0FnSUNBZ0lDQWdJQ0FnSUNBZ0lDQWdJQ0FnSUNBZ0tTd0tJQ0FnSUNBZ0lDQWdJQ0FnSUNBZ0lDQWdLU3dLSUNBZ0lDQWdJQ0FnSUNBZ0lDQWdJQ2tzQ2lBZ0lDQWdJQ0FnSUNBZ0lDQWdJQ0JqYjI1emRDQlRiR2wyWlhKVWIwSnZlRUZrWVhCMFpYSW9ZMmhwYkdRNklGTnBlbVZrUW05NEtHaGxhV2RvZERvZ01UZ3BLU3dLSUNBZ0lDQWdJQ0FnSUNBZ0lDQmRMQW9nSUNBZ0lDQWdJQ0FnSUNBcExBb2dJQ0FnSUNBZ0lDQWdJQ0JwWmlBb2FYTkJaRzFwYmlrS0lDQWdJQ0FnSUNBZ0lDQWdJQ0JUYkdsMlpYSlFZV1JrYVc1bktBb2dJQ0FnSUNBZ0lDQWdJQ0FnSUNBZ2NHRmtaR2x1WnpvZ1kyOXVjM1FnUldSblpVbHVjMlYwY3k1emVXMXRaWFJ5YVdNb2FHOXlhWHB2Ym5SaGJEb2dNVFlwTEFvZ0lDQWdJQ0FnSUNBZ0lDQWdJQ0FnYzJ4cGRtVnlPaUJUYkdsMlpYSlViMEp2ZUVGa1lYQjBaWElvQ2lBZ0lDQWdJQ0FnSUNBZ0lDQWdJQ0FnSUdOb2FXeGtPaUJRWVdSa2FXNW5LQW9nSUNBZ0lDQWdJQ0FnSUNBZ0lDQWdJQ0FnSUhCaFpHUnBibWM2SUdOdmJuTjBJRVZrWjJWSmJuTmxkSE11YjI1c2VTaGliM1IwYjIwNklERXlLU3dLSUNBZ0lDQWdJQ0FnSUNBZ0lDQWdJQ0FnSUNCamFHbHNaRG9nUTJWdWRHVnlLQW9nSUNBZ0lDQWdJQ0FnSUNBZ0lDQWdJQ0FnSUNBZ1kyaHBiR1E2SUVOdmJIVnRiaWdLSUNBZ0lDQWdJQ0FnSUNBZ0lDQWdJQ0FnSUNBZ0lDQWdiV0ZwYmtGNGFYTlRhWHBsT2lCTllXbHVRWGhwYzFOcGVtVXViV2x1TEFvZ0lDQWdJQ0FnSUNBZ0lDQWdJQ0FnSUNBZ0lDQWdJQ0JqYUdsc1pISmxiam9nV3dvZ0lDQWdJQ0FnSUNBZ0lDQWdJQ0FnSUNBZ0lDQWdJQ0FnSUVsamIyNUNkWFIwYjI0b0NpQWdJQ0FnSUNBZ0lDQWdJQ0FnSUNBZ0lDQWdJQ0FnSUNBZ0lDQjBiMjlzZEdsd09pQW44SitSa1NCQmFtOTFkR1Z5SUhWdUlHMWhkR05vSnl3S0lDQWdJQ0FnSUNBZ0lDQWdJQ0FnSUNBZ0lDQWdJQ0FnSUNBZ0lHbGpiMjVUYVhwbE9pQXpNQ3dLSUNBZ0lDQWdJQ0FnSUNBZ0lDQWdJQ0FnSUNBZ0lDQWdJQ0FnSUhacGMzVmhiRVJsYm5OcGRIazZJRlpwYzNWaGJFUmxibk5wZEhrdVkyOXRjR0ZqZEN3S0lDQWdJQ0FnSUNBZ0lDQWdJQ0FnSUNBZ0lDQWdJQ0FnSUNBZ0lIQmhaR1JwYm1jNklFVmtaMlZKYm5ObGRITXVlbVZ5Ynl3S0lDQWdJQ0FnSUNBZ0lDQWdJQ0FnSUNBZ0lDQWdJQ0FnSUNBZ0lHTnZibk4wY21GcGJuUnpPaUJqYjI1emRDQkNiM2hEYjI1emRISmhhVzUwY3k1MGFXZG9kRVp2Y2lnS0lDQWdJQ0FnSUNBZ0lDQWdJQ0FnSUNBZ0lDQWdJQ0FnSUNBZ0lDQWdkMmxrZEdnNklETTRMQW9nSUNBZ0lDQWdJQ0FnSUNBZ0lDQWdJQ0FnSUNBZ0lDQWdJQ0FnSUNCb1pXbG5hSFE2SURNNExBb2dJQ0FnSUNBZ0lDQWdJQ0FnSUNBZ0lDQWdJQ0FnSUNBZ0lDQWdLU3dLSUNBZ0lDQWdJQ0FnSUNBZ0lDQWdJQ0FnSUNBZ0lDQWdJQ0FnSUc5dVVISmxjM05sWkRvZ0tDa2dZWE41Ym1NZ2V3b2dJQ0FnSUNBZ0lDQWdJQ0FnSUNBZ0lDQWdJQ0FnSUNBZ0lDQWdJQ0JoZDJGcGRDQk9ZWFpwWjJGMGIzSXViMllvWTI5dWRHVjRkQ2t1Y0hWemFDZ0tJQ0FnSUNBZ0lDQWdJQ0FnSUNBZ0lDQWdJQ0FnSUNBZ0lDQWdJQ0FnSUNCTllYUmxjbWxoYkZCaFoyVlNiM1YwWlNnS0lDQWdJQ0FnSUNBZ0lDQWdJQ0FnSUNBZ0lDQWdJQ0FnSUNBZ0lDQWdJQ0FnSUdKMWFXeGtaWEk2SUNoZktTQTlQaUJqYjI1emRDQk5ZWFJqYUVadmNtMVFZV2RsS0Nrc0NpQWdJQ0FnSUNBZ0lDQWdJQ0FnSUNBZ0lDQWdJQ0FnSUNBZ0lDQWdJQ0FnS1N3S0lDQWdJQ0FnSUNBZ0lDQWdJQ0FnSUNBZ0lDQWdJQ0FnSUNBZ0lDQWdLVHNLSUNBZ0lDQWdJQ0FnSUNBZ0lDQWdJQ0FnSUNBZ0lDQWdJQ0FnSUNBZ2FXWWdLQ0ZqYjI1MFpYaDBMbTF2ZFc1MFpXUXBJSEpsZEhWeWJqc0tJQ0FnSUNBZ0lDQWdJQ0FnSUNBZ0lDQWdJQ0FnSUNBZ0lDQWdJQ0FnWVhkaGFYUWdYM0psWm5KbGMyZ29LVHNLSUNBZ0lDQWdJQ0FnSUNBZ0lDQWdJQ0FnSUNBZ0lDQWdJQ0FnSUgwc0NpQWdJQ0FnSUNBZ0lDQWdJQ0FnSUNBZ0lDQWdJQ0FnSUNBZ0lDQnBZMjl1T2lCamIyNXpkQ0JKWTI5dUtFbGpiMjV6TG1Ga1pGOWphWEpqYkdVcExBb2dJQ0FnSUNBZ0lDQWdJQ0FnSUNBZ0lDQWdJQ0FnSUNBZ0lDa3NDaUFnSUNBZ0lDQWdJQ0FnSUNBZ0lDQWdJQ0FnSUNBZ0lDQWdWR1Y0ZENnS0lDQWdJQ0FnSUNBZ0lDQWdJQ0FnSUNBZ0lDQWdJQ0FnSUNBZ0lDZnduNUdSSUVGcWIzVjBaWElnZFc0Z2JXRjBZMmduTEFvZ0lDQWdJQ0FnSUNBZ0lDQWdJQ0FnSUNBZ0lDQWdJQ0FnSUNBZ2MzUjViR1U2SUZSb1pXMWxMbTltS0dOdmJuUmxlSFFwTG5SbGVIUlVhR1Z0WlM1c1lXSmxiRk50WVd4c0xBb2dJQ0FnSUNBZ0lDQWdJQ0FnSUNBZ0lDQWdJQ0FnSUNBZ0lDa3NDaUFnSUNBZ0lDQWdJQ0FnSUNBZ0lDQWdJQ0FnSUNBZ0lGMHNDaUFnSUNBZ0lDQWdJQ0FnSUNBZ0lDQWdJQ0FnSUNBcExBb2dJQ0FnSUNBZ0lDQWdJQ0FnSUNBZ0lDQWdJQ2tzQ2lBZ0lDQWdJQ0FnSUNBZ0lDQWdJQ0FnSUNrc0NpQWdJQ0FnSUNBZ0lDQWdJQ0FnSUNBcExBb2dJQ0FnSUNBZ0lDQWdJQ0FnSUNrc0NpQWdJQ0FnSUNBZ0lDQWdJRk5zYVhabGNrMWhhVzVCZUdselIzSnZkWEFvQ2lBZ0lDQWdJQ0FnSUNBZ0lDQWdjMnhwZG1WeWN6b2dXd29nSUNBZ0lDQWdJQ0FnSUNBZ0lDQWdZMjl1YzNRZ1UyeHBk
Shell: bVZ5VUdWeWMybHpkR1Z1ZEVobFlXUmxjaWdLSUNBZ0lDQWdJQ0FnSUNBZ0lDQWdJQ0FnY0dsdWJtVmtPaUIwY25WbExBb2dJQ0FnSUNBZ0lDQWdJQ0FnSUNBZ0lDQmtaV3hsWjJGMFpUb2dYMU5sWTNScGIyNUlaV0ZrWlhKRVpXeGxaMkYwWlNnS0lDQWdJQ0FnSUNBZ0lDQWdJQ0FnSUNBZ0lDQnBZMjl1T2lCSlkyOXVjeTVvYVhOMGIzSjVYM0p2ZFc1a1pXUXNDaUFnSUNBZ0lDQWdJQ0FnSUNBZ0lDQWdJQ0FnZEdsMGJHVTZJQ2ROWVhSamFITWdjR0Z6YzhPcGN5Y3NDaUFnSUNBZ0lDQWdJQ0FnSUNBZ0lDQWdJQ2tzQ2lBZ0lDQWdJQ0FnSUNBZ0lDQWdJQ0FwTEFvZ0lDQWdJQ0FnSUNBZ0lDQWdJQ0FnYVdZZ0tHWnBibWx6YUdWa0xtbHpSVzF3ZEhrcENpQWdJQ0FnSUNBZ0lDQWdJQ0FnSUNBZ0lHTnZibk4wSUZOc2FYWmxjbEJoWkdScGJtY29DaUFnSUNBZ0lDQWdJQ0FnSUNBZ0lDQWdJQ0FnY0dGa1pHbHVaem9nUldSblpVbHVjMlYwY3k1emVXMXRaWFJ5YVdNb2FHOXlhWHB2Ym5SaGJEb2dNVFlwTEFvZ0lDQWdJQ0FnSUNBZ0lDQWdJQ0FnSUNBZ0lITnNhWFpsY2pvZ1UyeHBkbVZ5Vkc5Q2IzaEJaR0Z3ZEdWeUtBb2dJQ0FnSUNBZ0lDQWdJQ0FnSUNBZ0lDQWdJQ0FnWTJocGJHUTZJRjlOWlhOellXZGxRMkZ5WkNnS0lDQWdJQ0FnSUNBZ0lDQWdJQ0FnSUNBZ0lDQWdJQ0FnZEdsMGJHVTZJQ2RCZFdOMWJpQnRZWFJqYUNCcWIzWERxU2NzQ2lBZ0lDQWdJQ0FnSUNBZ0lDQWdJQ0FnSUNBZ0lDQWdJRzFsYzNOaFoyVTZDaUFnSUNBZ0lDQWdJQ0FnSUNBZ0lDQWdJQ0FnSUNBZ0lDQWdJQ0FuVEdWeklITERxWE4xYkhSaGRITXNJR0oxZEdWMWNuTXNJRWhFVFNCbGRDQndiMmx1ZEhNZ1pHVWdjSEp2Ym04Z1lYQndZWEpodzY1MGNtOXVkQ0JwWTJrdUp5d0tJQ0FnSUNBZ0lDQWdJQ0FnSUNBZ0lDQWdJQ0FnSUNrc0NpQWdJQ0FnSUNBZ0lDQWdJQ0FnSUNBZ0lDQWdLU3dLSUNBZ0lDQWdJQ0FnSUNBZ0lDQWdJQ0FnS1FvZ0lDQWdJQ0FnSUNBZ0lDQWdJQ0FnWld4elpRb2dJQ0FnSUNBZ0lDQWdJQ0FnSUNBZ0lDQlRiR2wyWlhKUVlXUmthVzVuS0FvZ0lDQWdJQ0FnSUNBZ0lDQWdJQ0FnSUNBZ0lIQmhaR1JwYm1jNklHTnZibk4wSUVWa1oyVkpibk5sZEhNdWMzbHRiV1YwY21saktHaHZjbWw2YjI1MFlXdzZJREUyS1N3S0lDQWdJQ0FnSUNBZ0lDQWdJQ0FnSUNBZ0lDQnpiR2wyWlhJNklGTnNhWFpsY2t4cGMzUW9DaUFnSUNBZ0lDQWdJQ0FnSUNBZ0lDQWdJQ0FnSUNCa1pXeGxaMkYwWlRvZ1UyeHBkbVZ5UTJocGJHUkNkV2xzWkdWeVJHVnNaV2RoZEdVb0NpQWdJQ0FnSUNBZ0lDQWdJQ0FnSUNBZ0lDQWdJQ0FnSUNoamIyNTBaWGgwTENCcGJtUmxlQ2tnUFQ0Z1VHRmtaR2x1WnlnS0lDQWdJQ0FnSUNBZ0lDQWdJQ0FnSUNBZ0lDQWdJQ0FnSUNCd1lXUmthVzVuT2lCamIyNXpkQ0JGWkdkbFNXNXpaWFJ6TG05dWJIa29ZbTkwZEc5dE9pQXhNaWtzQ2lBZ0lDQWdJQ0FnSUNBZ0lDQWdJQ0FnSUNBZ0lDQWdJQ0FnWTJocGJHUTZJRTFoZEdOb1NHbHpkRzl5ZVVOaGNtUW9iV0YwWTJnNklHWnBibWx6YUdWa1cybHVaR1Y0WFNrc0NpQWdJQ0FnSUNBZ0lDQWdJQ0FnSUNBZ0lDQWdJQ0FnSUNrc0NpQWdJQ0FnSUNBZ0lDQWdJQ0FnSUNBZ0lDQWdJQ0FnSUdOb2FXeGtRMjkxYm5RNklHWnBibWx6YUdWa0xteGxibWQwYUN3S0lDQWdJQ0FnSUNBZ0lDQWdJQ0FnSUNBZ0lDQWdJQ2tzQ2lBZ0lDQWdJQ0FnSUNBZ0lDQWdJQ0FnSUNBZ0tTd0tJQ0FnSUNBZ0lDQWdJQ0FnSUNBZ0lDQWdLU3dLSUNBZ0lDQWdJQ0FnSUNBZ0lDQmRMQW9nSUNBZ0lDQWdJQ0FnSUNBcExBb2dJQ0FnSUNBZ0lDQWdYU3dLSUNBZ0lDQWdJQ0FnSUdOdmJuTjBJRk5zYVhabGNsUnZRbTk0UVdSaGNIUmxjaWhqYUdsc1pEb2dVMmw2WldSQ2IzZ29hR1ZwWjJoME9pQXpNaWtwTEFvZ0lDQWdJQ0FnSUYwc0NpQWdJQ0FnSUNrc0NpQWdJQ0FwT3dvZ0lIMEtmUW9LWTJ4aGMzTWdYMU5sWTNScGIyNUlaV0ZrWlhKRVpXeGxaMkYwWlNCbGVIUmxibVJ6SUZOc2FYWmxjbEJsY25OcGMzUmxiblJJWldGa1pYSkVaV3hsWjJGMFpTQjdDaUFnWTI5dWMzUWdYMU5sWTNScGIyNUlaV0ZrWlhKRVpXeGxaMkYwWlNoN2NtVnhkV2x5WldRZ2RHaHBjeTVwWTI5dUxDQnlaWEYxYVhKbFpDQjBhR2x6TG5ScGRHeGxmU2s3Q2dvZ0lITjBZWFJwWXlCamIyNXpkQ0JrYjNWaWJHVWdYMmhsYVdkb2RDQTlJRFEwT3dvS0lDQm1hVzVoYkNCSlkyOXVSR0YwWVNCcFkyOXVPd29nSUdacGJtRnNJRk4wY21sdVp5QjBhWFJzWlRzS0NpQWdRRzkyWlhKeWFXUmxDaUFnWkc5MVlteGxJR2RsZENCdGFXNUZlSFJsYm5RZ1BUNGdYMmhsYVdkb2REc0tDaUFnUUc5MlpYSnlhV1JsQ2lBZ1pHOTFZbXhsSUdkbGRDQnRZWGhGZUhSbGJuUWdQVDRnWDJobGFXZG9kRHNLQ2lBZ1FHOTJaWEp5YVdSbENpQWdWMmxrWjJWMElHSjFhV3hrS0FvZ0lDQWdRblZwYkdSRGIyNTBaWGgwSUdOdmJuUmxlSFFzQ2lBZ0lDQmtiM1ZpYkdVZ2MyaHlhVzVyVDJabWMyVjBMQW9nSUNBZ1ltOXZiQ0J2ZG1WeWJHRndjME52Ym5SbGJuUXNDaUFnS1NCN0NpQWdJQ0J5WlhSMWNtNGdRMjlzYjNKbFpFSnZlQ2dLSUNBZ0lDQWdZMjlzYjNJNkNpQWdJQ0FnSUNBZ0lDQnZkbVZ5YkdGd2MwTnZiblJsYm5RZ1B5QmpiMjV6ZENCRGIyeHZjaWd3ZUVZeU1EY3hOek00S1NBNklHTnZibk4wSUVOdmJHOXlLREI0UWpNd056RTNNemdwTEFvZ0lDQWdJQ0JqYUdsc1pEb2dVR0ZrWkdsdVp5Z0tJQ0FnSUNBZ0lDQndZV1JrYVc1bk9pQmpiMjV6ZENCRlpHZGxTVzV6WlhSekxuTjViVzFsZEhKcFl5aG9iM0pwZW05dWRHRnNPaUF4Tmlrc0NpQWdJQ0FnSUNBZ1kyaHBiR1E2SUZKdmR5Z0tJQ0FnSUNBZ0lDQWdJR05vYVd4a2NtVnVPaUJiQ2lBZ0lDQWdJQ0FnSUNBZ0lFbGpiMjRvYVdOdmJpd2djMmw2WlRvZ01qQXBMQW9nSUNBZ0lDQWdJQ0FnSUNCamIyNXpkQ0JUYVhwbFpFSnZlQ2gzYVdSMGFEb2dPQ2tzQ2lBZ0lDQWdJQ0FnSUNBZ0lGUmxlSFFvQ2lBZ0lDQWdJQ0FnSUNBZ0lDQWdkR2wwYkdVc0NpQWdJQ0FnSUNBZ0lDQWdJQ0FnYzNSNWJHVTZJ
Shell: RlJvWlcxbExtOW1LQW9nSUNBZ0lDQWdJQ0FnSUNBZ0lDQWdZMjl1ZEdWNGRDd0tJQ0FnSUNBZ0lDQWdJQ0FnSUNBcExuUmxlSFJVYUdWdFpTNTBhWFJzWlUxbFpHbDFiVDh1WTI5d2VWZHBkR2dvWm05dWRGZGxhV2RvZERvZ1JtOXVkRmRsYVdkb2RDNTNPREF3S1N3S0lDQWdJQ0FnSUNBZ0lDQWdLU3dLSUNBZ0lDQWdJQ0FnSUYwc0NpQWdJQ0FnSUNBZ0tTd0tJQ0FnSUNBZ0tTd0tJQ0FnSUNrN0NpQWdmUW9LSUNCQWIzWmxjbkpwWkdVS0lDQmliMjlzSUhOb2IzVnNaRkpsWW5WcGJHUW9ZMjkyWVhKcFlXNTBJRjlUWldOMGFXOXVTR1ZoWkdWeVJHVnNaV2RoZEdVZ2IyeGtSR1ZzWldkaGRHVXBJSHNLSUNBZ0lISmxkSFZ5YmlCdmJHUkVaV3hsWjJGMFpTNXBZMjl1SUNFOUlHbGpiMjRnZkh3Z2IyeGtSR1ZzWldkaGRHVXVkR2wwYkdVZ0lUMGdkR2wwYkdVN0NpQWdmUXA5Q2dwamJHRnpjeUJmVlhCamIyMXBibWROWVhSamFFTmhjbVFnWlhoMFpXNWtjeUJUZEdGMFpXeGxjM05YYVdSblpYUWdld29nSUdOdmJuTjBJRjlWY0dOdmJXbHVaMDFoZEdOb1EyRnlaQ2g3Y21WeGRXbHlaV1FnZEdocGN5NXRZWFJqYUN3Z2NtVnhkV2x5WldRZ2RHaHBjeTVwYzBGa2JXbHVmU2s3Q2dvZ0lHWnBibUZzSUUxaGRHTm9UVzlrWld3Z2JXRjBZMmc3Q2lBZ1ptbHVZV3dnWW05dmJDQnBjMEZrYldsdU93b0tJQ0JBYjNabGNuSnBaR1VLSUNCWGFXUm5aWFFnWW5WcGJHUW9RblZwYkdSRGIyNTBaWGgwSUdOdmJuUmxlSFFwSUhzS0lDQWdJR1pwYm1Gc0lHOXdjRzl1Wlc1MElEMGdiV0YwWTJndWIzQndiMjVsYm5ST1lXMWxJRDgvSUNkQlpIWmxjbk5oYVhKbEp6c0tJQ0FnSUdacGJtRnNJR2h2YldWT1lXMWxJRDBnYldGMFkyZ3VhWE5JYjIxbElEOGdKMEZUSUVkeWFXNTBZU2NnT2lCdmNIQnZibVZ1ZERzS0lDQWdJR1pwYm1Gc0lHRjNZWGxPWVcxbElEMGdiV0YwWTJndWFYTkliMjFsSUQ4Z2IzQndiMjVsYm5RZ09pQW5RVk1nUjNKcGJuUmhKenNLSUNBZ0lHWnBibUZzSUc1dmR5QTlJRVJoZEdWVWFXMWxMbTV2ZHlncE93b2dJQ0FnWm1sdVlXd2dZWFpoYVd4aFltbHNhWFI1VDNCbGJuTkJkQ0E5SUcxaGRHTm9MbXRwWTJ0dlptWkJkQzV6ZFdKMGNtRmpkQ2dLSUNBZ0lDQWdZMjl1YzNRZ1JIVnlZWFJwYjI0b1pHRjVjem9nTmlrc0NpQWdJQ0FwT3dvZ0lDQWdabWx1WVd3Z1lYWmhhV3hoWW1sc2FYUjVTWE5QY0dWdUlEMEtJQ0FnSUNBZ0lDQWhibTkzTG1selFtVm1iM0psS0dGMllXbHNZV0pwYkdsMGVVOXdaVzV6UVhRcElDWW1JRzV2ZHk1cGMwSmxabTl5WlNodFlYUmphQzVyYVdOcmIyWm1RWFFwT3dvZ0lDQWdabWx1WVd3Z1pHVjBZV2xzYzFKdmRYUmxJRDBnWVhaaGFXeGhZbWxzYVhSNVNYTlBjR1Z1Q2lBZ0lDQWdJQ0FnUHlBbkwyMWhkR05vWlhNdkpIdHRZWFJqYUM1cFpIMHZiR2x1WlhWd1AzTmxZM1JwYjI0OWFXNW1ieWNLSUNBZ0lDQWdJQ0E2SUNjdmJXRjBZMmhsY3k4a2UyMWhkR05vTG1sa2ZTOXNhVzVsZFhBL2MyVmpkR2x2YmoxcGJtWnZKbWx1Wm05UGJteDVQWFJ5ZFdVbk93b0tJQ0FnSUdacGJtRnNJR1pwZUhSMWNtVlNiM2NnUFNCU2IzY29DaUFnSUNBZ0lHTnliM056UVhocGMwRnNhV2R1YldWdWREb2dRM0p2YzNOQmVHbHpRV3hwWjI1dFpXNTBMbU5sYm5SbGNpd0tJQ0FnSUNBZ1kyaHBiR1J5Wlc0NklGc0tJQ0FnSUNBZ0lDQkZlSEJoYm1SbFpDZ0tJQ0FnSUNBZ0lDQWdJR05vYVd4a09pQk5ZWFJqYUVacGVIUjFjbVVvQ2lBZ0lDQWdJQ0FnSUNBZ0lHaHZiV1ZPWVcxbE9pQm9iMjFsVG1GdFpTd0tJQ0FnSUNBZ0lDQWdJQ0FnWVhkaGVVNWhiV1U2SUdGM1lYbE9ZVzFsTEFvZ0lDQWdJQ0FnSUNBZ0lDQm5jbWx1ZEdGSmMwaHZiV1U2SUcxaGRHTm9MbWx6U0c5dFpTd0tJQ0FnSUNBZ0lDQWdJQ0FnYm1GdFpWTjBlV3hsT2lCVWFHVnRaUzV2WmlnS0lDQWdJQ0FnSUNBZ0lDQWdJQ0JqYjI1MFpYaDBMQW9nSUNBZ0lDQWdJQ0FnSUNBcExuUmxlSFJVYUdWdFpTNTBhWFJzWlUxbFpHbDFiVDh1WTI5d2VWZHBkR2dvWm05dWRGTnBlbVU2SURFNExDQm9aV2xuYUhRNklERXVNU2tzQ2lBZ0lDQWdJQ0FnSUNBZ0lHWnZjbVZuY205MWJtUTZJRU52Ykc5eWN5NTNhR2wwWlN3S0lDQWdJQ0FnSUNBZ0lDQWdkR1Y0ZEVGc2FXZHVPaUJVWlhoMFFXeHBaMjR1WTJWdWRHVnlMQW9nSUNBZ0lDQWdJQ0FnS1N3S0lDQWdJQ0FnSUNBcExBb2dJQ0FnSUNBZ0lHbG1JQ2hwYzBGa2JXbHVLU0F1TGk1YkNpQWdJQ0FnSUNBZ0lDQmpiMjV6ZENCVGFYcGxaRUp2ZUNoM2FXUjBhRG9nTWlrc0NpQWdJQ0FnSUNBZ0lDQlRhWHBsWkVKdmVDaDNhV1IwYURvZ016Z3NJR05vYVd4a09pQkJaRzFwYmsxaGRHTm9UM0IwYVc5dWMwSjFkSFJ2YmlodFlYUmphRG9nYldGMFkyZ3BLU3dLSUNBZ0lDQWdJQ0JkTEFvZ0lDQWdJQ0FnSUdOdmJuTjBJRWxqYjI0b1NXTnZibk11WTJobGRuSnZibDl5YVdkb2RDd2djMmw2WlRvZ01qSXNJR052Ykc5eU9pQkRiMnh2Y2lnd2VFWkdSRGRET0VaR0tTa3NDaUFnSUNBZ0lGMHNDaUFnSUNBcE93b0tJQ0FnSUhKbGRIVnliaUJEWVhKa0tBb2dJQ0FnSUNCamIyeHZjam9nWTI5dWMzUWdRMjlzYjNJb01IaEdSakkxTVRZMFJpa3NDaUFnSUNBZ0lITm9ZWEJsT2lCU2IzVnVaR1ZrVW1WamRHRnVaMnhsUW05eVpHVnlLQW9nSUNBZ0lDQWdJR0p2Y21SbGNsSmhaR2wxY3pvZ1FtOXlaR1Z5VW1Ga2FYVnpMbU5wY21OMWJHRnlLREl3S1N3S0lDQWdJQ0FnSUNCemFXUmxPaUJqYjI1emRDQkNiM0prWlhKVGFXUmxLR052Ykc5eU9pQkRiMnh2Y2lnd2VFWkdPVUkyUTBaR0tTd2dkMmxrZEdnNklERXVOaWtzQ2lBZ0lDQWdJQ2tzQ2lBZ0lDQWdJR05zYVhCQ1pXaGhkbWx2Y2pvZ1EyeHBjQzVoYm5ScFFXeHBZWE1zQ2lBZ0lDQWdJR05vYVd4a09pQkpibXRYWld4c0tBb2dJQ0FnSUNBZ0lHOXVWR0Z3T2lBb0tTQTlQaUJqYjI1MFpYaDBMbkIxYzJnb1pHVjBZV2xzYzFKdmRYUmxLU3dLSUNBZ0lDQWdJQ0JqYUdsc1pEb2dVR0ZrWkdsdVp5Z0tJQ0FnSUNBZ0lDQWdJSEJoWkdScGJtYzZJR052Ym5OMElFVmtaMlZKYm5ObGRITXVa
Shell: bkp2YlV4VVVrSW9NVEFzSURFMExDQXhNaXdnTVRZcExBb2dJQ0FnSUNBZ0lDQWdZMmhwYkdRNklFTnZiSFZ0YmlnS0lDQWdJQ0FnSUNBZ0lDQWdZM0p2YzNOQmVHbHpRV3hwWjI1dFpXNTBPaUJEY205emMwRjRhWE5CYkdsbmJtMWxiblF1YzNSaGNuUXNDaUFnSUNBZ0lDQWdJQ0FnSUdOb2FXeGtjbVZ1T2lCYkNpQWdJQ0FnSUNBZ0lDQWdJQ0FnVFdGMFkyaEVZWFJsU0dWaFpHVnlLQW9nSUNBZ0lDQWdJQ0FnSUNBZ0lDQWdhMmxqYTI5bVprRjBPaUJ0WVhSamFDNXJhV05yYjJabVFYUXNDaUFnSUNBZ0lDQWdJQ0FnSUNBZ0lDQm1iM0psWjNKdmRXNWtPaUJEYjJ4dmNuTXVkMmhwZEdVc0NpQWdJQ0FnSUNBZ0lDQWdJQ0FnSUNCelpXTnZibVJoY25rNklHTnZibk4wSUVOdmJHOXlLREI0UmtaRU4wTTRSa1lwTEFvZ0lDQWdJQ0FnSUNBZ0lDQWdJQ0FnWkdsMmFXUmxja052Ykc5eU9pQmpiMjV6ZENCRGIyeHZjaWd3ZUVaR04wRTFRVUkzS1N3S0lDQWdJQ0FnSUNBZ0lDQWdJQ0FnSUdOb2FXeGtPaUJtYVhoMGRYSmxVbTkzTEFvZ0lDQWdJQ0FnSUNBZ0lDQWdJQ2tzQ2lBZ0lDQWdJQ0FnSUNBZ0lDQWdhV1lnS0cxaGRHTm9MbUZrWkhKbGMzTWdZMkZ6WlNCbWFXNWhiQ0JoWkdSeVpYTnpQeWtnTGk0dVd3b2dJQ0FnSUNBZ0lDQWdJQ0FnSUNBZ1kyOXVjM1FnVTJsNlpXUkNiM2dvYUdWcFoyaDBPaUF4TUNrc0NpQWdJQ0FnSUNBZ0lDQWdJQ0FnSUNCSmJtdFhaV3hzS0FvZ0lDQWdJQ0FnSUNBZ0lDQWdJQ0FnSUNCdmJsUmhjRG9nS0NrZ1BUNGdjMmh2ZDAxaGRHTm9RV1JrY21WemMxTm9aV1YwS0dOdmJuUmxlSFFzSUdGa1pISmxjM01wTEFvZ0lDQWdJQ0FnSUNBZ0lDQWdJQ0FnSUNCaWIzSmtaWEpTWVdScGRYTTZJRUp2Y21SbGNsSmhaR2wxY3k1amFYSmpkV3hoY2lnMktTd0tJQ0FnSUNBZ0lDQWdJQ0FnSUNBZ0lDQWdZMmhwYkdRNklGQmhaR1JwYm1jb0NpQWdJQ0FnSUNBZ0lDQWdJQ0FnSUNBZ0lDQWdjR0ZrWkdsdVp6b2dZMjl1YzNRZ1JXUm5aVWx1YzJWMGN5NXplVzF0WlhSeWFXTW9DaUFnSUNBZ0lDQWdJQ0FnSUNBZ0lDQWdJQ0FnSUNCb2IzSnBlbTl1ZEdGc09pQTBMQW9nSUNBZ0lDQWdJQ0FnSUNBZ0lDQWdJQ0FnSUNBZ2RtVnlkR2xqWVd3NklESXNDaUFnSUNBZ0lDQWdJQ0FnSUNBZ0lDQWdJQ0FnS1N3S0lDQWdJQ0FnSUNBZ0lDQWdJQ0FnSUNBZ0lDQmphR2xzWkRvZ1VtOTNLQW9nSUNBZ0lDQWdJQ0FnSUNBZ0lDQWdJQ0FnSUNBZ1kzSnZjM05CZUdselFXeHBaMjV0Wlc1ME9pQkRjbTl6YzBGNGFYTkJiR2xuYm0xbGJuUXVjM1JoY25Rc0NpQWdJQ0FnSUNBZ0lDQWdJQ0FnSUNBZ0lDQWdJQ0JqYUdsc1pISmxiam9nV3dvZ0lDQWdJQ0FnSUNBZ0lDQWdJQ0FnSUNBZ0lDQWdJQ0JqYjI1emRDQkpZMjl1S0FvZ0lDQWdJQ0FnSUNBZ0lDQWdJQ0FnSUNBZ0lDQWdJQ0FnSUVsamIyNXpMbkJzWVdObFgyOTFkR3hwYm1Wa0xBb2dJQ0FnSUNBZ0lDQWdJQ0FnSUNBZ0lDQWdJQ0FnSUNBZ0lITnBlbVU2SURFNExBb2dJQ0FnSUNBZ0lDQWdJQ0FnSUNBZ0lDQWdJQ0FnSUNBZ0lHTnZiRzl5T2lCRGIyeHZjaWd3ZUVaR09VSTJRMFpHS1N3S0lDQWdJQ0FnSUNBZ0lDQWdJQ0FnSUNBZ0lDQWdJQ0FnS1N3S0lDQWdJQ0FnSUNBZ0lDQWdJQ0FnSUNBZ0lDQWdJQ0FnWTI5dWMzUWdVMmw2WldSQ2IzZ29kMmxrZEdnNklEUXBMQW9nSUNBZ0lDQWdJQ0FnSUNBZ0lDQWdJQ0FnSUNBZ0lDQkZlSEJoYm1SbFpDZ0tJQ0FnSUNBZ0lDQWdJQ0FnSUNBZ0lDQWdJQ0FnSUNBZ0lDQmphR2xzWkRvZ1ZHVjRkQ2dLSUNBZ0lDQWdJQ0FnSUNBZ0lDQWdJQ0FnSUNBZ0lDQWdJQ0FnSUdGa1pISmxjM01zQ2lBZ0lDQWdJQ0FnSUNBZ0lDQWdJQ0FnSUNBZ0lDQWdJQ0FnSUNCemRIbHNaVG9nWTI5dWMzUWdWR1Y0ZEZOMGVXeGxLQW9nSUNBZ0lDQWdJQ0FnSUNBZ0lDQWdJQ0FnSUNBZ0lDQWdJQ0FnSUNCamIyeHZjam9nUTI5c2IzSW9NSGhHUmpsQ05rTkdSaWtzQ2lBZ0lDQWdJQ0FnSUNBZ0lDQWdJQ0FnSUNBZ0lDQWdJQ0FnSUNBZ0lHWnZiblJYWldsbmFIUTZJRVp2Ym5SWFpXbG5hSFF1ZHpnd01Dd0tJQ0FnSUNBZ0lDQWdJQ0FnSUNBZ0lDQWdJQ0FnSUNBZ0lDQWdJQ0FnWkdWamIzSmhkR2x2YmpvZ1ZHVjRkRVJsWTI5eVlYUnBiMjR1ZFc1a1pYSnNhVzVsTEFvZ0lDQWdJQ0FnSUNBZ0lDQWdJQ0FnSUNBZ0lDQWdJQ0FnSUNBZ0lDQmtaV052Y21GMGFXOXVRMjlzYjNJNklFTnZiRzl5S0RCNFJrWTVRalpEUmtZcExBb2dJQ0FnSUNBZ0lDQWdJQ0FnSUNBZ0lDQWdJQ0FnSUNBZ0lDQWdLU3dLSUNBZ0lDQWdJQ0FnSUNBZ0lDQWdJQ0FnSUNBZ0lDQWdJQ0FwTEFvZ0lDQWdJQ0FnSUNBZ0lDQWdJQ0FnSUNBZ0lDQWdJQ0FwTEFvZ0lDQWdJQ0FnSUNBZ0lDQWdJQ0FnSUNBZ0lDQWdYU3dLSUNBZ0lDQWdJQ0FnSUNBZ0lDQWdJQ0FnSUNBcExBb2dJQ0FnSUNBZ0lDQWdJQ0FnSUNBZ0lDQXBMQW9nSUNBZ0lDQWdJQ0FnSUNBZ0lDQWdLU3dLSUNBZ0lDQWdJQ0FnSUNBZ0lDQmRMQW9nSUNBZ0lDQWdJQ0FnSUNBZ0lHbG1JQ2hoZG1GcGJHRmlhV3hwZEhsSmMwOXdaVzRwQ2lBZ0lDQWdJQ0FnSUNBZ0lDQWdJQ0JOWVhSamFFRjJZV2xzWVdKcGJHbDBlVk5sYkdWamRHOXlLQW9nSUNBZ0lDQWdJQ0FnSUNBZ0lDQWdJQ0J0WVhSamFFbGtPaUJ0WVhSamFDNXBaQ3dLSUNBZ0lDQWdJQ0FnSUNBZ0lDQWdJQ0FnWlcxaVpXUmtaV1JQYmtSaGNtczZJSFJ5ZFdVc0NpQWdJQ0FnSUNBZ0lDQWdJQ0FnSUNBZ0lIUnZjRk53WVdOcGJtYzZJREUwTEFvZ0lDQWdJQ0FnSUNBZ0lDQWdJQ0FnS1N3S0lDQWdJQ0FnSUNBZ0lDQWdYU3dLSUNBZ0lDQWdJQ0FnSUNrc0NpQWdJQ0FnSUNBZ0tTd0tJQ0FnSUNBZ0tTd0tJQ0FnSUNrN0NpQWdmUXA5Q2dwamJHRnpjeUJmVEc5aFpHbHVaME5oY21RZ1pYaDBaVzVrY3lCVGRHRjBaV3hsYzNOWGFXUm5aWFFnZXdvZ0lHTnZibk4wSUY5TWIyRmthVzVuUTJGeVpDZ3BPd29LSUNCQWIzWmxjbkpwWkdVS0lDQlhhV1JuWlhRZ1luVnBiR1FvUW5WcGJHUkRiMjUwWlhoMElHTnZiblJsZUhRcElIc0tJQ0FnSUhKbGRIVnliaUJqYjI1emRDQkRZ
Shell: WEprS0FvZ0lDQWdJQ0JqYUdsc1pEb2dVR0ZrWkdsdVp5Z0tJQ0FnSUNBZ0lDQndZV1JrYVc1bk9pQkZaR2RsU1c1elpYUnpMbUZzYkNneU5Da3NDaUFnSUNBZ0lDQWdZMmhwYkdRNklFTmxiblJsY2loamFHbHNaRG9nUjNKcGJuUmhVSEp2WjNKbGMzTkpibVJwWTJGMGIzSW9LU2tzQ2lBZ0lDQWdJQ2tzQ2lBZ0lDQXBPd29nSUgwS2ZRb0tZMnhoYzNNZ1gwMWxjM05oWjJWRFlYSmtJR1Y0ZEdWdVpITWdVM1JoZEdWc1pYTnpWMmxrWjJWMElIc0tJQ0JqYjI1emRDQmZUV1Z6YzJGblpVTmhjbVFvZXdvZ0lDQWdjbVZ4ZFdseVpXUWdkR2hwY3k1MGFYUnNaU3dLSUNBZ0lIUm9hWE11YVdOdmJpQTlJRWxqYjI1ekxuTndiM0owYzE5emIyTmpaWEpmY205MWJtUmxaQ3dLSUNBZ0lIUm9hWE11YldWemMyRm5aU3dLSUNBZ0lIUm9hWE11ZEc5dVpTQTlJRWR5YVc1MFlVVnRjSFI1Vkc5dVpTNXVaWFYwY21Gc0xBb2dJSDBwT3dvS0lDQm1hVzVoYkNCVGRISnBibWNnZEdsMGJHVTdDaUFnWm1sdVlXd2dTV052YmtSaGRHRWdhV052YmpzS0lDQm1hVzVoYkNCVGRISnBibWMvSUcxbGMzTmhaMlU3Q2lBZ1ptbHVZV3dnUjNKcGJuUmhSVzF3ZEhsVWIyNWxJSFJ2Ym1VN0Nnb2dJRUJ2ZG1WeWNtbGtaUW9nSUZkcFpHZGxkQ0JpZFdsc1pDaENkV2xzWkVOdmJuUmxlSFFnWTI5dWRHVjRkQ2tnZXdvZ0lDQWdjbVYwZFhKdUlFTmhjbVFvQ2lBZ0lDQWdJR05vYVd4a09pQkhjbWx1ZEdGRmJYQjBlVk4wWVhSbEtBb2dJQ0FnSUNBZ0lHbGpiMjQ2SUdsamIyNHNDaUFnSUNBZ0lDQWdkR2wwYkdVNklIUnBkR3hsTEFvZ0lDQWdJQ0FnSUcxbGMzTmhaMlU2SUcxbGMzTmhaMlVzQ2lBZ0lDQWdJQ0FnZEc5dVpUb2dkRzl1WlN3S0lDQWdJQ0FnSUNCamIyMXdZV04wT2lCMGNuVmxMQW9nSUNBZ0lDQXBMQW9nSUNBZ0tUc0tJQ0I5Q24wSyIsImxpYi9mZWF0dXJlcy9wcmVkaWN0aW9ucy9wcmVzZW50YXRpb24vcHJvbm9zX2h1Yl9jb21wb25lbnRzLmRhcnQiOiJjR0Z5ZENCdlppQW5jSEp2Ym05elgyaDFZbDl3WVdkbExtUmhjblFuT3dvS1pXNTFiU0JmVEdKRGIyd2dleUJ1WVcxbExDQm1hWEp6ZEN3Z2MyVmpiMjVrTENCd2IybHVkSE1nZlFvS1kyOXVjM1FnWDJ4bFlXUmxjbUp2WVhKa1RtRnRaVVpzWlhnZ1BTQTFPd3BqYjI1emRDQmZiR1ZoWkdWeVltOWhjbVJXWVd4MVpVWnNaWGdnUFNBeU93b0tZMnhoYzNNZ1gweGxZV1JsY21KdllYSmtRMkZ5WkNCbGVIUmxibVJ6SUVOdmJuTjFiV1Z5VTNSaGRHVm1kV3hYYVdSblpYUWdld29nSUdOdmJuTjBJRjlNWldGa1pYSmliMkZ5WkVOaGNtUW9ld29nSUNBZ2NtVnhkV2x5WldRZ2RHaHBjeTVsYm5SeWFXVnpMQW9nSUNBZ2NtVnhkV2x5WldRZ2RHaHBjeTV3YjJsdWRITXNDaUFnSUNCMGFHbHpMbTl1VW1WbWNtVnphQ3dLSUNBZ0lIUm9hWE11YzJodmQwMWhkR05vVTNSaGRITWdQU0JtWVd4elpTd0tJQ0I5S1RzS0NpQWdabWx1WVd3Z1RHbHpkRHhNWldGa1pYSmliMkZ5WkVWdWRISjVQaUJsYm5SeWFXVnpPd29nSUdacGJtRnNJR1J2ZFdKc1pTQkdkVzVqZEdsdmJpaE1aV0ZrWlhKaWIyRnlaRVZ1ZEhKNUtTQndiMmx1ZEhNN0NpQWdabWx1WVd3Z1JuVjBkWEpsUEhadmFXUStJRVoxYm1OMGFXOXVLQ2svSUc5dVVtVm1jbVZ6YURzS0lDQm1hVzVoYkNCaWIyOXNJSE5vYjNkTllYUmphRk4wWVhSek93b0tJQ0JBYjNabGNuSnBaR1VLSUNCRGIyNXpkVzFsY2xOMFlYUmxQRjlNWldGa1pYSmliMkZ5WkVOaGNtUStJR055WldGMFpWTjBZWFJsS0NrZ1BUNGdYMHhsWVdSbGNtSnZZWEprUTJGeVpGTjBZWFJsS0NrN0NuMEtDbU5zWVhOeklGOU1aV0ZrWlhKaWIyRnlaRU5oY21SVGRHRjBaU0JsZUhSbGJtUnpJRU52Ym5OMWJXVnlVM1JoZEdVOFgweGxZV1JsY21KdllYSmtRMkZ5WkQ0Z2V3b2dJRjlNWWtOdmJDQmZjMjl5ZENBOUlGOU1Za052YkM1d2IybHVkSE03Q2lBZ1ltOXZiQ0JmWkdWell5QTlJSFJ5ZFdVN0Nnb2dJR1J2ZFdKc1pTQmZabWx5YzNRb1RHVmhaR1Z5WW05aGNtUkZiblJ5ZVNCbEtTQTlQZ29nSUNBZ0lDQjNhV1JuWlhRdWMyaHZkMDFoZEdOb1UzUmhkSE1nUHlCbExtMWhkR05vUW05dWN5NTBiMFJ2ZFdKc1pTZ3BJRG9nWlM1dFlYUmphRkJ2YVc1MGN5QXFJREV3TURzS0lDQmtiM1ZpYkdVZ1gzTmxZMjl1WkNoTVpXRmtaWEppYjJGeVpFVnVkSEo1SUdVcElEMCtDaUFnSUNBZ0lIZHBaR2RsZEM1emFHOTNUV0YwWTJoVGRHRjBjeUEvSUdVdWJXRjBZMmhGZUdGamRITXVkRzlFYjNWaWJHVW9LU0E2SUdVdWMyVmhjMjl1VUc5cGJuUnpPd29LSUNCMmIybGtJRjl2YmxOdmNuUW9YMHhpUTI5c0lHTnZiQ2tnZXdvZ0lDQWdjMlYwVTNSaGRHVW9LQ2tnZXdvZ0lDQWdJQ0JwWmlBb1gzTnZjblFnUFQwZ1kyOXNLU0I3Q2lBZ0lDQWdJQ0FnWDJSbGMyTWdQU0FoWDJSbGMyTTdDaUFnSUNBZ0lIMGdaV3h6WlNCN0NpQWdJQ0FnSUNBZ1gzTnZjblFnUFNCamIydzdDaUFnSUNBZ0lDQWdYMlJsYzJNZ1BTQmpiMndnSVQwZ1gweGlRMjlzTG01aGJXVTdDaUFnSUNBZ0lIMEtJQ0FnSUgwcE93b2dJSDBLQ2lBZ1FHOTJaWEp5YVdSbENpQWdWMmxrWjJWMElHSjFhV3hrS0VKMWFXeGtRMjl1ZEdWNGRDQmpiMjUwWlhoMEtTQjdDaUFnSUNCcFppQW9kMmxrWjJWMExtVnVkSEpwWlhNdWFYTkZiWEIwZVNrZ2V3b2dJQ0FnSUNCeVpYUjFjbTRnWTI5dWMzUWdYMDFsYzNOaFoyVkRZWEprS0FvZ0lDQWdJQ0FnSUhScGRHeGxPaUFuUVhWamRXNGdjRzlwYm5RZ2NHOTFjaUJzWlNCdGIyMWxiblFuTEFvZ0lDQWdJQ0FnSUcxbGMzTmhaMlU2SUNkTVpTQmpiR0Z6YzJWdFpXNTBJSE5sSUhKbGJYQnNhWFFnWk1Pb2N5QnNaWE1nY0hKbGJXbGxjbk1nYldGMFkyaHpJRzV2ZE1PcGN5NG5MQW9nSUNBZ0lDQXBPd29nSUNBZ2ZRb0tJQ0FnSUdacGJtRnNJR04xY25KbGJuUlFjbTltYVd4bFNXUWdQU0J5WldZdWQyRjBZMmdvQ2lBZ0lDQWdJR0YxZEdoRGIyNTBjbTlzYkdWeVVISnZkbWxrWlhJdWMyVnNaV04wS0NoemRHRjBaU2tnUFQ0Z2MzUmhkR1V1Y0hKdlptbHNaVDh1YVdRcExBb2dJQ0FnS1RzS0lDQWdJR1pwYm1G
Shell: c0lITnZjblJsWkNBOUlGc3VMaTUzYVdSblpYUXVaVzUwY21sbGMxMHVMbk52Y25Rb0tHRXNJR0lwSUhzS0lDQWdJQ0FnSUNCcGJuUWdZMjF3T3dvZ0lDQWdJQ0FnSUhOM2FYUmphQ0FvWDNOdmNuUXBJSHNLSUNBZ0lDQWdJQ0FnSUdOaGMyVWdYMHhpUTI5c0xtNWhiV1U2Q2lBZ0lDQWdJQ0FnSUNBZ0lHTnRjQ0E5SUdFdWJtRnRaUzUwYjB4dmQyVnlRMkZ6WlNncExtTnZiWEJoY21WVWJ5aGlMbTVoYldVdWRHOU1iM2RsY2tOaGMyVW9LU2s3Q2lBZ0lDQWdJQ0FnSUNCallYTmxJRjlNWWtOdmJDNW1hWEp6ZERvS0lDQWdJQ0FnSUNBZ0lDQWdZMjF3SUQwZ1gyWnBjbk4wS0dFcExtTnZiWEJoY21WVWJ5aGZabWx5YzNRb1lpa3BPd29nSUNBZ0lDQWdJQ0FnWTJGelpTQmZUR0pEYjJ3dWMyVmpiMjVrT2dvZ0lDQWdJQ0FnSUNBZ0lDQmpiWEFnUFNCZmMyVmpiMjVrS0dFcExtTnZiWEJoY21WVWJ5aGZjMlZqYjI1a0tHSXBLVHNLSUNBZ0lDQWdJQ0FnSUdOaGMyVWdYMHhpUTI5c0xuQnZhVzUwY3pvS0lDQWdJQ0FnSUNBZ0lDQWdZMjF3SUQwZ2QybGtaMlYwTG5CdmFXNTBjeWhoS1M1amIyMXdZWEpsVkc4b2QybGtaMlYwTG5CdmFXNTBjeWhpS1NrN0NpQWdJQ0FnSUNBZ2ZRb2dJQ0FnSUNBZ0lDOHZJRVREcVhCaGNuUmhaMlVnT2lCd2JIVnpJR1JsSUhCdmFXNTBjeUJrSjJGaWIzSmtMQ0J3ZFdseklHNXZiUzRLSUNBZ0lDQWdJQ0JwWmlBb1kyMXdJRDA5SURBcElHTnRjQ0E5SUhkcFpHZGxkQzV3YjJsdWRITW9ZU2t1WTI5dGNHRnlaVlJ2S0hkcFpHZGxkQzV3YjJsdWRITW9ZaWtwT3dvZ0lDQWdJQ0FnSUdsbUlDaGpiWEFnUFQwZ01Da2dld29nSUNBZ0lDQWdJQ0FnWTIxd0lEMGdZaTV1WVcxbExuUnZURzkzWlhKRFlYTmxLQ2t1WTI5dGNHRnlaVlJ2S0dFdWJtRnRaUzUwYjB4dmQyVnlRMkZ6WlNncEtUc0tJQ0FnSUNBZ0lDQjlDaUFnSUNBZ0lDQWdjbVYwZFhKdUlGOWtaWE5qSUQ4Z0xXTnRjQ0E2SUdOdGNEc0tJQ0FnSUNBZ2ZTazdDZ29nSUNBZ1ptbHVZV3dnYzNSNWJHVWdQU0JuY21sdWRHRlVZV0pzWlVobFlXUmxjbFJsZUhSVGRIbHNaU2dLSUNBZ0lDQWdZMjl1ZEdWNGRDd0tJQ0FnSUNBZ1kyOXNiM0k2SUVGd2NGUm9aVzFsTG5SbGVIUlRaV052Ym1SaGNua3NDaUFnSUNBcE93b0tJQ0FnSUhKbGRIVnliaUJUZEdsamEzbElaV0ZrWlhKVVlXSnNaVU5oY21Rb0NpQWdJQ0FnSUcxcGJsZHBaSFJvT2lBd0xBb2dJQ0FnSUNCdmJsSmxabkpsYzJnNklIZHBaR2RsZEM1dmJsSmxabkpsYzJnc0NpQWdJQ0FnSUdobFlXUmxjam9nVUdGa1pHbHVaeWdLSUNBZ0lDQWdJQ0J3WVdSa2FXNW5PaUJuY21sdWRHRlVZV0pzWlVobFlXUmxjbEJoWkdScGJtY3NDaUFnSUNBZ0lDQWdZMmhwYkdRNklGSnZkeWdLSUNBZ0lDQWdJQ0FnSUdOb2FXeGtjbVZ1T2lCYkNpQWdJQ0FnSUNBZ0lDQWdJRk52Y25SaFlteGxTR1ZoWkdWeVEyVnNiQ2dLSUNBZ0lDQWdJQ0FnSUNBZ0lDQnNZV0psYkRvZ0owcHZkV1YxY25NbkxBb2dJQ0FnSUNBZ0lDQWdJQ0FnSUdac1pYZzZJRjlzWldGa1pYSmliMkZ5WkU1aGJXVkdiR1Y0TEFvZ0lDQWdJQ0FnSUNBZ0lDQWdJR0ZzYVdkdU9pQlVaWGgwUVd4cFoyNHVjM1JoY25Rc0NpQWdJQ0FnSUNBZ0lDQWdJQ0FnWVdOMGFYWmxPaUJmYzI5eWRDQTlQU0JmVEdKRGIyd3VibUZ0WlN3S0lDQWdJQ0FnSUNBZ0lDQWdJQ0JrWlhOalpXNWthVzVuT2lCZlpHVnpZeXdLSUNBZ0lDQWdJQ0FnSUNBZ0lDQnZibFJoY0RvZ0tDa2dQVDRnWDI5dVUyOXlkQ2hmVEdKRGIyd3VibUZ0WlNrc0NpQWdJQ0FnSUNBZ0lDQWdJQ0FnYzNSNWJHVTZJSE4wZVd4bExBb2dJQ0FnSUNBZ0lDQWdJQ0FwTEFvZ0lDQWdJQ0FnSUNBZ0lDQlRiM0owWVdKc1pVaGxZV1JsY2tObGJHd29DaUFnSUNBZ0lDQWdJQ0FnSUNBZ2JHRmlaV3c2SUhkcFpHZGxkQzV6YUc5M1RXRjBZMmhUZEdGMGN5QS9JQ2RDYjI1ekp5QTZJQ2ROWVhSamFITW5MQW9nSUNBZ0lDQWdJQ0FnSUNBZ0lHWnNaWGc2SUY5c1pXRmtaWEppYjJGeVpGWmhiSFZsUm14bGVDd0tJQ0FnSUNBZ0lDQWdJQ0FnSUNCaFkzUnBkbVU2SUY5emIzSjBJRDA5SUY5TVlrTnZiQzVtYVhKemRDd0tJQ0FnSUNBZ0lDQWdJQ0FnSUNCa1pYTmpaVzVrYVc1bk9pQmZaR1Z6WXl3S0lDQWdJQ0FnSUNBZ0lDQWdJQ0J2YmxSaGNEb2dLQ2tnUFQ0Z1gyOXVVMjl5ZENoZlRHSkRiMnd1Wm1seWMzUXBMQW9nSUNBZ0lDQWdJQ0FnSUNBZ0lITjBlV3hsT2lCemRIbHNaU3dLSUNBZ0lDQWdJQ0FnSUNBZ0tTd0tJQ0FnSUNBZ0lDQWdJQ0FnVTI5eWRHRmliR1ZJWldGa1pYSkRaV3hzS0FvZ0lDQWdJQ0FnSUNBZ0lDQWdJR3hoWW1Wc09pQjNhV1JuWlhRdWMyaHZkMDFoZEdOb1UzUmhkSE1nUHlBblJYaGhZM1J6SnlBNklDZENkWFJsZFhKekp5d0tJQ0FnSUNBZ0lDQWdJQ0FnSUNCbWJHVjRPaUJmYkdWaFpHVnlZbTloY21SV1lXeDFaVVpzWlhnc0NpQWdJQ0FnSUNBZ0lDQWdJQ0FnWVdOMGFYWmxPaUJmYzI5eWRDQTlQU0JmVEdKRGIyd3VjMlZqYjI1a0xBb2dJQ0FnSUNBZ0lDQWdJQ0FnSUdSbGMyTmxibVJwYm1jNklGOWtaWE5qTEFvZ0lDQWdJQ0FnSUNBZ0lDQWdJRzl1VkdGd09pQW9LU0E5UGlCZmIyNVRiM0owS0Y5TVlrTnZiQzV6WldOdmJtUXBMQW9nSUNBZ0lDQWdJQ0FnSUNBZ0lITjBlV3hsT2lCemRIbHNaU3dLSUNBZ0lDQWdJQ0FnSUNBZ0tTd0tJQ0FnSUNBZ0lDQWdJQ0FnVTI5eWRHRmliR1ZJWldGa1pYSkRaV3hzS0FvZ0lDQWdJQ0FnSUNBZ0lDQWdJR3hoWW1Wc09pQW5VRzlwYm5Sekp5d0tJQ0FnSUNBZ0lDQWdJQ0FnSUNCbWJHVjRPaUJmYkdWaFpHVnlZbTloY21SV1lXeDFaVVpzWlhnc0NpQWdJQ0FnSUNBZ0lDQWdJQ0FnWVd4cFoyNDZJRlJsZUhSQmJHbG5iaTVsYm1Rc0NpQWdJQ0FnSUNBZ0lDQWdJQ0FnWVdOMGFYWmxPaUJmYzI5eWRDQTlQU0JmVEdKRGIyd3VjRzlwYm5SekxBb2dJQ0FnSUNBZ0lDQWdJQ0FnSUdSbGMyTmxibVJwYm1jNklGOWtaWE5qTEFvZ0lDQWdJQ0FnSUNBZ0lDQWdJRzl1VkdGd09pQW9LU0E5UGlCZmIyNVRiM0owS0Y5TVlrTnZiQzV3YjJsdWRITXBMQW9nSUNB
Shell: Z0lDQWdJQ0FnSUNBZ0lITjBlV3hsT2lCemRIbHNaU3dLSUNBZ0lDQWdJQ0FnSUNBZ0tTd0tJQ0FnSUNBZ0lDQWdJRjBzQ2lBZ0lDQWdJQ0FnS1N3S0lDQWdJQ0FnS1N3S0lDQWdJQ0FnY205M2N6b2dXd29nSUNBZ0lDQWdJR1p2Y2lBb2RtRnlJR2x1WkdWNElEMGdNRHNnYVc1a1pYZ2dQQ0J6YjNKMFpXUXViR1Z1WjNSb095QnBibVJsZUNzcktRb2dJQ0FnSUNBZ0lDQWdYMHhsWVdSbGNtSnZZWEprVW05M1RHRjViM1YwS0FvZ0lDQWdJQ0FnSUNBZ0lDQnlZVzVyT2lCcGJtUmxlQ0FySURFc0NpQWdJQ0FnSUNBZ0lDQWdJSEJ5YjJacGJHVkpaRG9nYzI5eWRHVmtXMmx1WkdWNFhTNXdjbTltYVd4bFNXUXNDaUFnSUNBZ0lDQWdJQ0FnSUc1aGJXVTZJSE52Y25SbFpGdHBibVJsZUYwdWJtRnRaU3dLSUNBZ0lDQWdJQ0FnSUNBZ1ptbHljM1JXWVd4MVpUb2dKeVI3WDJacGNuTjBLSE52Y25SbFpGdHBibVJsZUYwcExuSnZkVzVrS0NsOUp5d0tJQ0FnSUNBZ0lDQWdJQ0FnYzJWamIyNWtWbUZzZFdVNklDY2tlMTl6WldOdmJtUW9jMjl5ZEdWa1cybHVaR1Y0WFNrdWNtOTFibVFvS1gwbkxBb2dJQ0FnSUNBZ0lDQWdJQ0J3YjJsdWRITTZJQ2NrZTNkcFpHZGxkQzV3YjJsdWRITW9jMjl5ZEdWa1cybHVaR1Y0WFNrdWNtOTFibVFvS1gwbkxBb2dJQ0FnSUNBZ0lDQWdJQ0JwYzBOMWNuSmxiblJWYzJWeU9pQmpkWEp5Wlc1MFVISnZabWxzWlVsa0lDRTlJRzUxYkd3Z0ppWUtJQ0FnSUNBZ0lDQWdJQ0FnSUNBZ0lITnZjblJsWkZ0cGJtUmxlRjB1Y0hKdlptbHNaVWxrSUQwOUlHTjFjbkpsYm5SUWNtOW1hV3hsU1dRc0NpQWdJQ0FnSUNBZ0lDQXBMQW9nSUNBZ0lDQmRMQW9nSUNBZ0tUc0tJQ0I5Q24wS0NtTnNZWE56SUY5TVpXRmtaWEppYjJGeVpGSnZkMHhoZVc5MWRDQmxlSFJsYm1SeklGTjBZWFJsYkdWemMxZHBaR2RsZENCN0NpQWdZMjl1YzNRZ1gweGxZV1JsY21KdllYSmtVbTkzVEdGNWIzVjBLSHNLSUNBZ0lISmxjWFZwY21Wa0lIUm9hWE11Y21GdWF5d0tJQ0FnSUhKbGNYVnBjbVZrSUhSb2FYTXVibUZ0WlN3S0lDQWdJSEpsY1hWcGNtVmtJSFJvYVhNdVptbHljM1JXWVd4MVpTd0tJQ0FnSUhKbGNYVnBjbVZrSUhSb2FYTXVjMlZqYjI1a1ZtRnNkV1VzQ2lBZ0lDQnlaWEYxYVhKbFpDQjBhR2x6TG5CdmFXNTBjeXdLSUNBZ0lISmxjWFZwY21Wa0lIUm9hWE11YVhORGRYSnlaVzUwVlhObGNpd0tJQ0FnSUhSb2FYTXVjSEp2Wm1sc1pVbGtMQW9nSUgwcE93b0tJQ0JtYVc1aGJDQnBiblFnY21GdWF6c0tJQ0JtYVc1aGJDQlRkSEpwYm1jZ2JtRnRaVHNLSUNCbWFXNWhiQ0JUZEhKcGJtYy9JSEJ5YjJacGJHVkpaRHNLSUNCbWFXNWhiQ0JUZEhKcGJtY2dabWx5YzNSV1lXeDFaVHNLSUNCbWFXNWhiQ0JUZEhKcGJtY2djMlZqYjI1a1ZtRnNkV1U3Q2lBZ1ptbHVZV3dnVTNSeWFXNW5JSEJ2YVc1MGN6c0tJQ0JtYVc1aGJDQmliMjlzSUdselEzVnljbVZ1ZEZWelpYSTdDZ29nSUVCdmRtVnljbWxrWlFvZ0lGZHBaR2RsZENCaWRXbHNaQ2hDZFdsc1pFTnZiblJsZUhRZ1kyOXVkR1Y0ZENrZ2V3b2dJQ0FnWm1sdVlXd2dkbUZzZFdWVGRIbHNaU0E5SUdkeWFXNTBZVlJoWW14bFEyVnNiRlJsZUhSVGRIbHNaU2hqYjI1MFpYaDBLVHNLSUNBZ0lHWnBibUZzSUhKdmR5QTlJRkJoWkdScGJtY29DaUFnSUNBZ0lIQmhaR1JwYm1jNklHZHlhVzUwWVZSaFlteGxVbTkzVUdGa1pHbHVaeXdLSUNBZ0lDQWdZMmhwYkdRNklGSnZkeWdLSUNBZ0lDQWdJQ0JqYUdsc1pISmxiam9nV3dvZ0lDQWdJQ0FnSUNBZ1JYaHdZVzVrWldRb0NpQWdJQ0FnSUNBZ0lDQWdJR1pzWlhnNklGOXNaV0ZrWlhKaWIyRnlaRTVoYldWR2JHVjRMQW9nSUNBZ0lDQWdJQ0FnSUNCamFHbHNaRG9nVW05M0tBb2dJQ0FnSUNBZ0lDQWdJQ0FnSUdOb2FXeGtjbVZ1T2lCYkNpQWdJQ0FnSUNBZ0lDQWdJQ0FnSUNCVGFYcGxaRUp2ZUNnS0lDQWdJQ0FnSUNBZ0lDQWdJQ0FnSUNBZ2QybGtkR2c2SURJeUxBb2dJQ0FnSUNBZ0lDQWdJQ0FnSUNBZ0lDQmphR2xzWkRvZ1ZHVjRkQ2dLSUNBZ0lDQWdJQ0FnSUNBZ0lDQWdJQ0FnSUNBbkpISmhibXNuTEFvZ0lDQWdJQ0FnSUNBZ0lDQWdJQ0FnSUNBZ0lITjBlV3hsT2lCbmNtbHVkR0ZVWVdKc1pWSmhibXRVWlhoMFUzUjViR1VvQ2lBZ0lDQWdJQ0FnSUNBZ0lDQWdJQ0FnSUNBZ0lDQmpiMjUwWlhoMExBb2dJQ0FnSUNBZ0lDQWdJQ0FnSUNBZ0lDQWdJQ0FnWTI5c2IzSTZJRUZ3Y0ZSb1pXMWxMblJsZUhSVFpXTnZibVJoY25rc0NpQWdJQ0FnSUNBZ0lDQWdJQ0FnSUNBZ0lDQWdLU3dLSUNBZ0lDQWdJQ0FnSUNBZ0lDQWdJQ0FnS1N3S0lDQWdJQ0FnSUNBZ0lDQWdJQ0FnSUNrc0NpQWdJQ0FnSUNBZ0lDQWdJQ0FnSUNCamIyNXpkQ0JUYVhwbFpFSnZlQ2gzYVdSMGFEb2dOQ2tzQ2lBZ0lDQWdJQ0FnSUNBZ0lDQWdJQ0JGZUhCaGJtUmxaQ2dLSUNBZ0lDQWdJQ0FnSUNBZ0lDQWdJQ0FnWTJocGJHUTZJRTVoYldWWGFYUm9RbUZrWjJWektBb2dJQ0FnSUNBZ0lDQWdJQ0FnSUNBZ0lDQWdJSEJ5YjJacGJHVkpaRG9nY0hKdlptbHNaVWxrTEFvZ0lDQWdJQ0FnSUNBZ0lDQWdJQ0FnSUNBZ0lHNWhiV1U2SUc1aGJXVXNDaUFnSUNBZ0lDQWdJQ0FnSUNBZ0lDQWdJQ0FnWW1Ga1oyVlRhWHBsT2lBeE9Dd0tJQ0FnSUNBZ0lDQWdJQ0FnSUNBZ0lDQWdJQ0J6ZEhsc1pUb2daM0pwYm5SaFZHRmliR1ZEWld4c1ZHVjRkRk4wZVd4bEtBb2dJQ0FnSUNBZ0lDQWdJQ0FnSUNBZ0lDQWdJQ0FnWTI5dWRHVjRkQ3dLSUNBZ0lDQWdJQ0FnSUNBZ0lDQWdJQ0FnSUNBZ0lHWnZiblJYWldsbmFIUTZJRVp2Ym5SWFpXbG5hSFF1ZHpnd01Dd0tJQ0FnSUNBZ0lDQWdJQ0FnSUNBZ0lDQWdJQ0FwTEFvZ0lDQWdJQ0FnSUNBZ0lDQWdJQ0FnSUNBcExBb2dJQ0FnSUNBZ0lDQWdJQ0FnSUNBZ0tTd0tJQ0FnSUNBZ0lDQWdJQ0FnSUNCZExBb2dJQ0FnSUNBZ0lDQWdJQ0FwTEFvZ0lDQWdJQ0FnSUNBZ0tTd0tJQ0FnSUNBZ0lDQWdJRVY0Y0dGdVpHVmtLQW9nSUNBZ0lDQWdJQ0FnSUNCbWJHVjRPaUJmYkdWaFpHVnlZbTloY21SV1lXeDFaVVpzWlhnc0NpQWdJQ0FnSUNB
Shell: Z0lDQWdJR05vYVd4a09pQlVaWGgwS0FvZ0lDQWdJQ0FnSUNBZ0lDQWdJR1pwY25OMFZtRnNkV1VzQ2lBZ0lDQWdJQ0FnSUNBZ0lDQWdkR1Y0ZEVGc2FXZHVPaUJVWlhoMFFXeHBaMjR1WTJWdWRHVnlMQW9nSUNBZ0lDQWdJQ0FnSUNBZ0lITjBlV3hsT2lCMllXeDFaVk4wZVd4bExBb2dJQ0FnSUNBZ0lDQWdJQ0FwTEFvZ0lDQWdJQ0FnSUNBZ0tTd0tJQ0FnSUNBZ0lDQWdJRVY0Y0dGdVpHVmtLQW9nSUNBZ0lDQWdJQ0FnSUNCbWJHVjRPaUJmYkdWaFpHVnlZbTloY21SV1lXeDFaVVpzWlhnc0NpQWdJQ0FnSUNBZ0lDQWdJR05vYVd4a09pQlVaWGgwS0FvZ0lDQWdJQ0FnSUNBZ0lDQWdJSE5sWTI5dVpGWmhiSFZsTEFvZ0lDQWdJQ0FnSUNBZ0lDQWdJSFJsZUhSQmJHbG5iam9nVkdWNGRFRnNhV2R1TG1ObGJuUmxjaXdLSUNBZ0lDQWdJQ0FnSUNBZ0lDQnpkSGxzWlRvZ2RtRnNkV1ZUZEhsc1pTd0tJQ0FnSUNBZ0lDQWdJQ0FnS1N3S0lDQWdJQ0FnSUNBZ0lDa3NDaUFnSUNBZ0lDQWdJQ0JGZUhCaGJtUmxaQ2dLSUNBZ0lDQWdJQ0FnSUNBZ1pteGxlRG9nWDJ4bFlXUmxjbUp2WVhKa1ZtRnNkV1ZHYkdWNExBb2dJQ0FnSUNBZ0lDQWdJQ0JqYUdsc1pEb2dWR1Y0ZENod2IybHVkSE1zSUhSbGVIUkJiR2xuYmpvZ1ZHVjRkRUZzYVdkdUxtVnVaQ3dnYzNSNWJHVTZJSFpoYkhWbFUzUjViR1VwTEFvZ0lDQWdJQ0FnSUNBZ0tTd0tJQ0FnSUNBZ0lDQmRMQW9nSUNBZ0lDQXBMQW9nSUNBZ0tUc0tDaUFnSUNCcFppQW9JV2x6UTNWeWNtVnVkRlZ6WlhJcElISmxkSFZ5YmlCeWIzYzdDaUFnSUNCbWFXNWhiQ0JoWTJObGJuUWdQU0JVYUdWdFpTNXZaaWhqYjI1MFpYaDBLUzVqYjJ4dmNsTmphR1Z0WlM1elpXTnZibVJoY25rN0NpQWdJQ0J5WlhSMWNtNGdSR1ZqYjNKaGRHVmtRbTk0S0FvZ0lDQWdJQ0JrWldOdmNtRjBhVzl1T2lCQ2IzaEVaV052Y21GMGFXOXVLQW9nSUNBZ0lDQWdJR052Ykc5eU9pQmhZMk5sYm5RdWQybDBhRlpoYkhWbGN5aGhiSEJvWVRvZ0xqRTBLU3dLSUNBZ0lDQWdJQ0JpYjNKa1pYSTZJRUp2Y21SbGNpaHNaV1owT2lCQ2IzSmtaWEpUYVdSbEtHTnZiRzl5T2lCaFkyTmxiblFzSUhkcFpIUm9PaUEwS1Nrc0NpQWdJQ0FnSUNrc0NpQWdJQ0FnSUdOb2FXeGtPaUJ5YjNjc0NpQWdJQ0FwT3dvZ0lIMEtmUW9LWTJ4aGMzTWdYMHh2WVdScGJtZERZWEprSUdWNGRHVnVaSE1nVTNSaGRHVnNaWE56VjJsa1oyVjBJSHNLSUNCamIyNXpkQ0JmVEc5aFpHbHVaME5oY21Rb0tUc0tDaUFnUUc5MlpYSnlhV1JsQ2lBZ1YybGtaMlYwSUdKMWFXeGtLRUoxYVd4a1EyOXVkR1Y0ZENCamIyNTBaWGgwS1NCN0NpQWdJQ0J5WlhSMWNtNGdZMjl1YzNRZ1EyRnlaQ2dLSUNBZ0lDQWdZMmhwYkdRNklGQmhaR1JwYm1jb0NpQWdJQ0FnSUNBZ2NHRmtaR2x1WnpvZ1JXUm5aVWx1YzJWMGN5NWhiR3dvTWpncExBb2dJQ0FnSUNBZ0lHTm9hV3hrT2lCRFpXNTBaWElvWTJocGJHUTZJRWR5YVc1MFlWQnliMmR5WlhOelNXNWthV05oZEc5eUtDa3BMQW9nSUNBZ0lDQXBMQW9nSUNBZ0tUc0tJQ0I5Q24wS0NtTnNZWE56SUY5TlpYTnpZV2RsUTJGeVpDQmxlSFJsYm1SeklGTjBZWFJsYkdWemMxZHBaR2RsZENCN0NpQWdZMjl1YzNRZ1gwMWxjM05oWjJWRFlYSmtLSHNLSUNBZ0lISmxjWFZwY21Wa0lIUm9hWE11ZEdsMGJHVXNDaUFnSUNCMGFHbHpMbWxqYjI0Z1BTQkpZMjl1Y3k1elkyOXlaV0p2WVhKa1gzSnZkVzVrWldRc0NpQWdJQ0IwYUdsekxtMWxjM05oWjJVc0NpQWdJQ0IwYUdsekxuUnZibVVnUFNCSGNtbHVkR0ZGYlhCMGVWUnZibVV1Ym1WMWRISmhiQ3dLSUNCOUtUc0tDaUFnWm1sdVlXd2dVM1J5YVc1bklIUnBkR3hsT3dvZ0lHWnBibUZzSUVsamIyNUVZWFJoSUdsamIyNDdDaUFnWm1sdVlXd2dVM1J5YVc1blB5QnRaWE56WVdkbE93b2dJR1pwYm1Gc0lFZHlhVzUwWVVWdGNIUjVWRzl1WlNCMGIyNWxPd29LSUNCQWIzWmxjbkpwWkdVS0lDQlhhV1JuWlhRZ1luVnBiR1FvUW5WcGJHUkRiMjUwWlhoMElHTnZiblJsZUhRcElIc0tJQ0FnSUhKbGRIVnliaUJEWVhKa0tBb2dJQ0FnSUNCamFHbHNaRG9nUjNKcGJuUmhSVzF3ZEhsVGRHRjBaU2dLSUNBZ0lDQWdJQ0JwWTI5dU9pQnBZMjl1TEFvZ0lDQWdJQ0FnSUhScGRHeGxPaUIwYVhSc1pTd0tJQ0FnSUNBZ0lDQnRaWE56WVdkbE9pQnRaWE56WVdkbExBb2dJQ0FnSUNBZ0lIUnZibVU2SUhSdmJtVXNDaUFnSUNBZ0lDa3NDaUFnSUNBcE93b2dJSDBLZlFvPSIsImxpYi9mZWF0dXJlcy9wcmVkaWN0aW9ucy9wcmVzZW50YXRpb24vc2NvcmVyX2Rhc2hib2FyZF9wYWdlLmRhcnQiOiJhVzF3YjNKMElDZGtZWEowT20xaGRHZ25JR0Z6SUcxaGRHZzdDZ3BwYlhCdmNuUWdKM0JoWTJ0aFoyVTZZWE5mWjNKcGJuUmhMMlpsWVhSMWNtVnpMM0J5WldScFkzUnBiMjV6TDJSaGRHRXZjMlZoYzI5dVgzQnlaV1JwWTNScGIyNXpYM0psY0c5emFYUnZjbmt1WkdGeWRDYzdDbWx0Y0c5eWRDQW5jR0ZqYTJGblpUcGhjMTluY21sdWRHRXZabVZoZEhWeVpYTXZjSEpsWkdsamRHbHZibk12Y0hKbGMyVnVkR0YwYVc5dUwzTmxZWE52Ymw5bllYVm5aWE5mY0hKdmRtbGtaWEp6TG1SaGNuUW5Pd3BwYlhCdmNuUWdKM0JoWTJ0aFoyVTZZWE5mWjNKcGJuUmhMMlpsWVhSMWNtVnpMM0J5WldScFkzUnBiMjV6TDNCeVpYTmxiblJoZEdsdmJpOXpaV0Z6YjI1ZmNISmxaR2xqZEdsdmJsOWxiblJ5ZVY5d1lXZGxMbVJoY25Rbk93cHBiWEJ2Y25RZ0ozQmhZMnRoWjJVNllYTmZaM0pwYm5SaEwyWmxZWFIxY21WekwzQnlaV1JwWTNScGIyNXpMM0J5WlhObGJuUmhkR2x2Ymk5elpXRnpiMjVmY0hKdmJtOWZhR1ZzY0Y5emFHVmxkQzVrWVhKMEp6c0thVzF3YjNKMElDZHdZV05yWVdkbE9tRnpYMmR5YVc1MFlTOW1aV0YwZFhKbGN5OXdjbVZrYVdOMGFXOXVjeTl3Y21WelpXNTBZWFJwYjI0dmQybGtaMlYwY3k5d2JHRjVaWEpmY0hKbFpHbGpkR2x2Ym5OZmMyaGxaWFF1WkdGeWRDYzdDbWx0Y0c5eWRDQW5jR0ZqYTJGblpUcGhjMTluY21sdWRHRXZabVZoZEhWeVpYTXZjSEpsWkdsamRHbHZibk12Y0hKbGMyVnVk
Shell: R0YwYVc5dUwzZHBaR2RsZEhNdmNtVm1aWEpsYm1ObFgzQnNZWGxsY2w5bllYVm5aVjlqWVhKa0xtUmhjblFuT3dwcGJYQnZjblFnSjNCaFkydGhaMlU2Wm14MWRIUmxjaTl0WVhSbGNtbGhiQzVrWVhKMEp6c0thVzF3YjNKMElDZHdZV05yWVdkbE9tWnNkWFIwWlhKZmNtbDJaWEp3YjJRdlpteDFkSFJsY2w5eWFYWmxjbkJ2WkM1a1lYSjBKenNLYVcxd2IzSjBJQ2R3WVdOcllXZGxPbUZ6WDJkeWFXNTBZUzlqYjNKbEwzZHBaR2RsZEhNdlozSnBiblJoWDJ4dllXUmxjaTVrWVhKMEp6c0tDbU5zWVhOeklGTmpiM0psY2tSaGMyaGliMkZ5WkZCaFoyVWdaWGgwWlc1a2N5QkRiMjV6ZFcxbGNsZHBaR2RsZENCN0NpQWdZMjl1YzNRZ1UyTnZjbVZ5UkdGemFHSnZZWEprVUdGblpTaDdjM1Z3WlhJdWEyVjVMQ0IwYUdsekxtVnRZbVZrWkdWa0lEMGdabUZzYzJWOUtUc0tDaUFnWm1sdVlXd2dZbTl2YkNCbGJXSmxaR1JsWkRzS0NpQWdRRzkyWlhKeWFXUmxDaUFnVjJsa1oyVjBJR0oxYVd4a0tFSjFhV3hrUTI5dWRHVjRkQ0JqYjI1MFpYaDBMQ0JYYVdSblpYUlNaV1lnY21WbUtTQjdDaUFnSUNCbWFXNWhiQ0JzYjJOclpXUWdQU0J5WldZdWQyRjBZMmdvWlc1b1lXNWpaV1JUWldGemIyNU1iMk5yWldSUWNtOTJhV1JsY2lrN0NpQWdJQ0J5WlhSMWNtNGdiRzlqYTJWa0xuZG9aVzRvQ2lBZ0lDQWdJR3h2WVdScGJtYzZJQ2dwSUQwK0lHTnZibk4wSUVObGJuUmxjaWhqYUdsc1pEb2dSM0pwYm5SaFVISnZaM0psYzNOSmJtUnBZMkYwYjNJb0tTa3NDaUFnSUNBZ0lHVnljbTl5T2lBb1pYSnliM0lzSUY4cElEMCtJRU5sYm5SbGNpaGphR2xzWkRvZ1ZHVjRkQ2duSkdWeWNtOXlKeWtwTEFvZ0lDQWdJQ0JrWVhSaE9pQW9hWE5NYjJOclpXUXBJSHNLSUNBZ0lDQWdJQ0JwWmlBb0lXbHpURzlqYTJWa0tTQjdDaUFnSUNBZ0lDQWdJQ0J5WlhSMWNtNGdVMlZoYzI5dVVISmxaR2xqZEdsdmJrVnVkSEo1VUdGblpTaGxiV0psWkdSbFpEb2daVzFpWldSa1pXUXBPd29nSUNBZ0lDQWdJSDBLSUNBZ0lDQWdJQ0J5WlhSMWNtNGdYMHh2WTJ0bFpGTmpiM0psY2tSaGMyaGliMkZ5WkNobGJXSmxaR1JsWkRvZ1pXMWlaV1JrWldRcE93b2dJQ0FnSUNCOUxBb2dJQ0FnS1RzS0lDQjlDbjBLQ21Oc1lYTnpJRjlNYjJOclpXUlRZMjl5WlhKRVlYTm9ZbTloY21RZ1pYaDBaVzVrY3lCRGIyNXpkVzFsY2xkcFpHZGxkQ0I3Q2lBZ1kyOXVjM1FnWDB4dlkydGxaRk5qYjNKbGNrUmhjMmhpYjJGeVpDaDdjbVZ4ZFdseVpXUWdkR2hwY3k1bGJXSmxaR1JsWkgwcE93b0tJQ0JtYVc1aGJDQmliMjlzSUdWdFltVmtaR1ZrT3dvS0lDQkFiM1psY25KcFpHVUtJQ0JYYVdSblpYUWdZblZwYkdRb1FuVnBiR1JEYjI1MFpYaDBJR052Ym5SbGVIUXNJRmRwWkdkbGRGSmxaaUJ5WldZcElIc0tJQ0FnSUdacGJtRnNJR2RoZFdkbGMwRnplVzVqSUQwZ2NtVm1MbmRoZEdOb0tHVnVhR0Z1WTJWa1UyVmhjMjl1UjJGMVoyVnpVSEp2ZG1sa1pYSXBPd29nSUNBZ1ptbHVZV3dnWTNWeWNtVnVkRlZ6WlhKSlpDQTlDaUFnSUNBZ0lDQWdjbVZtTG5KbFlXUW9jMlZoYzI5dVVISmxaR2xqZEdsdmJuTlNaWEJ2YzJsMGIzSjVVSEp2ZG1sa1pYSXBMbU4xY25KbGJuUlZjMlZ5U1dRN0Nnb2dJQ0FnY21WMGRYSnVJR2RoZFdkbGMwRnplVzVqTG5kb1pXNG9DaUFnSUNBZ0lHeHZZV1JwYm1jNklDZ3BJRDArSUdOdmJuTjBJRU5sYm5SbGNpaGphR2xzWkRvZ1IzSnBiblJoVUhKdlozSmxjM05KYm1ScFkyRjBiM0lvS1Nrc0NpQWdJQ0FnSUdWeWNtOXlPaUFvWlhKeWIzSXNJRjhwSUQwK0lFTmxiblJsY2loamFHbHNaRG9nVkdWNGRDZ25KR1Z5Y205eUp5a3BMQW9nSUNBZ0lDQmtZWFJoT2lBb1oyRjFaMlZ6S1NCN0NpQWdJQ0FnSUNBZ1ptbHVZV3dnYzJOdmNtVnljeUE5SUdkaGRXZGxjeTUzYUdWeVpTZ29aMkYxWjJVcElEMCtJQ0ZuWVhWblpTNXBjMGR2WVd4clpXVndaWElwTG5SdlRHbHpkQ2dwQ2lBZ0lDQWdJQ0FnSUNBdUxuTnZjblFvWDJOdmJYQmhjbVZRYkdGNVpYSnpLVHNLSUNBZ0lDQWdJQ0JtYVc1aGJDQnJaV1Z3WlhKeklEMGdaMkYxWjJWekxuZG9aWEpsS0NobllYVm5aU2tnUFQ0Z1oyRjFaMlV1YVhOSGIyRnNhMlZsY0dWeUtTNTBiMHhwYzNRb0tRb2dJQ0FnSUNBZ0lDQWdMaTV6YjNKMEtGOWpiMjF3WVhKbFVHeGhlV1Z5Y3lrN0Nnb2dJQ0FnSUNBZ0lISmxkSFZ5YmlCU1pXWnlaWE5vU1c1a2FXTmhkRzl5S0FvZ0lDQWdJQ0FnSUNBZ2IyNVNaV1p5WlhOb09pQW9LU0JoYzNsdVl5QjdDaUFnSUNBZ0lDQWdJQ0FnSUhKbFppNXBiblpoYkdsa1lYUmxLR1Z1YUdGdVkyVmtVMlZoYzI5dVRHOWphMlZrVUhKdmRtbGtaWElwT3dvZ0lDQWdJQ0FnSUNBZ0lDQnlaV1l1YVc1MllXeHBaR0YwWlNobGJtaGhibU5sWkZObFlYTnZia2RoZFdkbGMxQnliM1pwWkdWeUtUc0tJQ0FnSUNBZ0lDQWdJQ0FnWVhkaGFYUWdjbVZtTG5KbFlXUW9aVzVvWVc1alpXUlRaV0Z6YjI1SFlYVm5aWE5RY205MmFXUmxjaTVtZFhSMWNtVXBPd29nSUNBZ0lDQWdJQ0FnZlN3S0lDQWdJQ0FnSUNBZ0lHTm9hV3hrT2lCTWFYTjBWbWxsZHlnS0lDQWdJQ0FnSUNBZ0lDQWdjR2g1YzJsamN6b2dZMjl1YzNRZ1FXeDNZWGx6VTJOeWIyeHNZV0pzWlZOamNtOXNiRkJvZVhOcFkzTW9LU3dLSUNBZ0lDQWdJQ0FnSUNBZ2NHRmtaR2x1WnpvZ1kyOXVjM1FnUldSblpVbHVjMlYwY3k1bWNtOXRURlJTUWlneE5pd2dPQ3dnTVRZc0lETXlLU3dLSUNBZ0lDQWdJQ0FnSUNBZ1kyaHBiR1J5Wlc0NklGc0tJQ0FnSUNBZ0lDQWdJQ0FnSUNCQmJHbG5iaWdLSUNBZ0lDQWdJQ0FnSUNBZ0lDQWdJR0ZzYVdkdWJXVnVkRG9nUVd4cFoyNXRaVzUwTG1ObGJuUmxjbEpwWjJoMExBb2dJQ0FnSUNBZ0lDQWdJQ0FnSUNBZ1kyaHBiR1E2SUZSbGVIUkNkWFIwYjI0dWFXTnZiaWdLSUNBZ0lDQWdJQ0FnSUNBZ0lDQWdJQ0FnYjI1UWNtVnpjMlZrT2lBb0tTQTlQaUJ6YUc5M1UyVmhjMjl1VUhKdmJtOUlaV3h3VTJobFpYUW9ZMjl1ZEdWNGRDa3NDaUFnSUNBZ0lDQWdJQ0FnSUNBZ0lDQWdJR2xqYjI0NklHTnZibk4wSUVsamIyNG9T
Shell: V052Ym5NdWFHVnNjRjl2ZFhSc2FXNWxMQ0J6YVhwbE9pQXhPQ2tzQ2lBZ0lDQWdJQ0FnSUNBZ0lDQWdJQ0FnSUd4aFltVnNPaUJqYjI1emRDQlVaWGgwS0NkRGIyMXRaVzUwSU1PbllTQnRZWEpqYUdVZ1B5Y3BMQW9nSUNBZ0lDQWdJQ0FnSUNBZ0lDQWdLU3dLSUNBZ0lDQWdJQ0FnSUNBZ0lDQXBMQW9nSUNBZ0lDQWdJQ0FnSUNBZ0lHTnZibk4wSUZOcGVtVmtRbTk0S0dobGFXZG9kRG9nTkNrc0NpQWdJQ0FnSUNBZ0lDQWdJQ0FnYVdZZ0tITmpiM0psY25NdWFYTk9iM1JGYlhCMGVTa0tJQ0FnSUNBZ0lDQWdJQ0FnSUNBZ0lGOUhZWFZuWlZObFkzUnBiMjRvQ2lBZ0lDQWdJQ0FnSUNBZ0lDQWdJQ0FnSUhScGRHeGxPaUFuUW5WMFpYVnljeWNzQ2lBZ0lDQWdJQ0FnSUNBZ0lDQWdJQ0FnSUdsamIyNDZJRWxqYjI1ekxuTndiM0owYzE5emIyTmpaWElzQ2lBZ0lDQWdJQ0FnSUNBZ0lDQWdJQ0FnSUdkaGRXZGxjem9nYzJOdmNtVnljeXdLSUNBZ0lDQWdJQ0FnSUNBZ0lDQWdJQ0FnYzJOaGJHVk5ZWGc2SUY5elkyRnNaU2h6WTI5eVpYSnpMQ0F5TUNrc0NpQWdJQ0FnSUNBZ0lDQWdJQ0FnSUNBZ0lHTjFjbkpsYm5SVmMyVnlTV1E2SUdOMWNuSmxiblJWYzJWeVNXUXNDaUFnSUNBZ0lDQWdJQ0FnSUNBZ0lDQWdJRzl1VDNCbGJqb2dLR2RoZFdkbEtTQTlQaUJmYjNCbGJsQnNZWGxsY2tSbGRHRnBiSE1vQ2lBZ0lDQWdJQ0FnSUNBZ0lDQWdJQ0FnSUNBZ1kyOXVkR1Y0ZEN3S0lDQWdJQ0FnSUNBZ0lDQWdJQ0FnSUNBZ0lDQm5ZWFZuWlN3S0lDQWdJQ0FnSUNBZ0lDQWdJQ0FnSUNBZ0lDQmpkWEp5Wlc1MFZYTmxja2xrTEFvZ0lDQWdJQ0FnSUNBZ0lDQWdJQ0FnSUNBcExBb2dJQ0FnSUNBZ0lDQWdJQ0FnSUNBZ0tTd0tJQ0FnSUNBZ0lDQWdJQ0FnSUNCcFppQW9jMk52Y21WeWN5NXBjMDV2ZEVWdGNIUjVJQ1ltSUd0bFpYQmxjbk11YVhOT2IzUkZiWEIwZVNrS0lDQWdJQ0FnSUNBZ0lDQWdJQ0FnSUdOdmJuTjBJRk5wZW1Wa1FtOTRLR2hsYVdkb2REb2dNakFwTEFvZ0lDQWdJQ0FnSUNBZ0lDQWdJR2xtSUNoclpXVndaWEp6TG1selRtOTBSVzF3ZEhrcENpQWdJQ0FnSUNBZ0lDQWdJQ0FnSUNCZlIyRjFaMlZUWldOMGFXOXVLQW9nSUNBZ0lDQWdJQ0FnSUNBZ0lDQWdJQ0IwYVhSc1pUb2dKME5zWldGdUlITm9aV1YwY3ljc0NpQWdJQ0FnSUNBZ0lDQWdJQ0FnSUNBZ0lHbGpiMjQ2SUVsamIyNXpMbk53YjNKMGMxOW9ZVzVrWW1Gc2JGOXZkWFJzYVc1bFpDd0tJQ0FnSUNBZ0lDQWdJQ0FnSUNBZ0lDQWdaMkYxWjJWek9pQnJaV1Z3WlhKekxBb2dJQ0FnSUNBZ0lDQWdJQ0FnSUNBZ0lDQnpZMkZzWlUxaGVEb2dYM05qWVd4bEtHdGxaWEJsY25Nc0lERTFLU3dLSUNBZ0lDQWdJQ0FnSUNBZ0lDQWdJQ0FnWTNWeWNtVnVkRlZ6WlhKSlpEb2dZM1Z5Y21WdWRGVnpaWEpKWkN3S0lDQWdJQ0FnSUNBZ0lDQWdJQ0FnSUNBZ2IyNVBjR1Z1T2lBb1oyRjFaMlVwSUQwK0lGOXZjR1Z1VUd4aGVXVnlSR1YwWVdsc2N5Z0tJQ0FnSUNBZ0lDQWdJQ0FnSUNBZ0lDQWdJQ0JqYjI1MFpYaDBMQW9nSUNBZ0lDQWdJQ0FnSUNBZ0lDQWdJQ0FnSUdkaGRXZGxMQW9nSUNBZ0lDQWdJQ0FnSUNBZ0lDQWdJQ0FnSUdOMWNuSmxiblJWYzJWeVNXUXNDaUFnSUNBZ0lDQWdJQ0FnSUNBZ0lDQWdJQ2tzQ2lBZ0lDQWdJQ0FnSUNBZ0lDQWdJQ0FwTEFvZ0lDQWdJQ0FnSUNBZ0lDQmRMQW9nSUNBZ0lDQWdJQ0FnS1N3S0lDQWdJQ0FnSUNBcE93b2dJQ0FnSUNCOUxBb2dJQ0FnS1RzS0lDQjlDZ29nSUhOMFlYUnBZeUJwYm5RZ1gyTnZiWEJoY21WUWJHRjVaWEp6S0ZCc1lYbGxja2RoZFdkbElHRXNJRkJzWVhsbGNrZGhkV2RsSUdJcElIc0tJQ0FnSUdacGJtRnNJR0o1UVdOMGRXRnNJRDBnWWk1aFkzUjFZV3d1WTI5dGNHRnlaVlJ2S0dFdVlXTjBkV0ZzS1RzS0lDQWdJR2xtSUNoaWVVRmpkSFZoYkNBaFBTQXdLU0J5WlhSMWNtNGdZbmxCWTNSMVlXdzdDaUFnSUNCbWFXNWhiQ0JpZVUxbFpHbGhiaUE5SUdJdWJXVmthV0Z1TG1OdmJYQmhjbVZVYnloaExtMWxaR2xoYmlrN0NpQWdJQ0JwWmlBb1lubE5aV1JwWVc0Z0lUMGdNQ2tnY21WMGRYSnVJR0o1VFdWa2FXRnVPd29nSUNBZ2NtVjBkWEp1SUdFdWNHeGhlV1Z5VG1GdFpTNTBiMHh2ZDJWeVEyRnpaU2dwTG1OdmJYQmhjbVZVYnloaUxuQnNZWGxsY2s1aGJXVXVkRzlNYjNkbGNrTmhjMlVvS1NrN0NpQWdmUW9LSUNCemRHRjBhV01nYVc1MElGOXpZMkZzWlNoTWFYTjBQRkJzWVhsbGNrZGhkV2RsUGlCbllYVm5aWE1zSUdsdWRDQm1ZV3hzWW1GamF5a2dld29nSUNBZ2RtRnlJRzlpYzJWeWRtVmtJRDBnWm1Gc2JHSmhZMnM3Q2lBZ0lDQm1iM0lnS0dacGJtRnNJR2RoZFdkbElHbHVJR2RoZFdkbGN5a2dld29nSUNBZ0lDQnZZbk5sY25abFpDQTlJRzFoZEdndWJXRjRLRzlpYzJWeWRtVmtMQ0JuWVhWblpTNXRZWGhXWVd4MVpTazdDaUFnSUNCOUNpQWdJQ0J5WlhSMWNtNGdLQ2h2WW5ObGNuWmxaQ0FySURRcElINHZJRFVwSUNvZ05Uc0tJQ0I5Q2dvZ0lITjBZWFJwWXlCR2RYUjFjbVU4ZG05cFpENGdYMjl3Wlc1UWJHRjVaWEpFWlhSaGFXeHpLQW9nSUNBZ1FuVnBiR1JEYjI1MFpYaDBJR052Ym5SbGVIUXNDaUFnSUNCUWJHRjVaWEpIWVhWblpTQm5ZWFZuWlN3S0lDQWdJRk4wY21sdVp6OGdZM1Z5Y21WdWRGVnpaWEpKWkN3S0lDQXBJR0Z6ZVc1aklIc0tJQ0FnSUdGM1lXbDBJSE5vYjNkTmIyUmhiRUp2ZEhSdmJWTm9aV1YwUEhadmFXUStLQW9nSUNBZ0lDQmpiMjUwWlhoME9pQmpiMjUwWlhoMExBb2dJQ0FnSUNCcGMxTmpjbTlzYkVOdmJuUnliMnhzWldRNklIUnlkV1VzQ2lBZ0lDQWdJR0poWTJ0bmNtOTFibVJEYjJ4dmNqb2dRMjlzYjNKekxuUnlZVzV6Y0dGeVpXNTBMQW9nSUNBZ0lDQmlkV2xzWkdWeU9pQW9YeWtnUFQ0Z1JISmhaMmRoWW14bFUyTnliMnhzWVdKc1pWTm9aV1YwS0FvZ0lDQWdJQ0FnSUdsdWFYUnBZV3hEYUdsc1pGTnBlbVU2SUM0NE1pd0tJQ0FnSUNBZ0lDQnRhVzVEYUdsc1pGTnBlbVU2SUM0MUxBb2dJQ0FnSUNBZ0lHMWhlRU5vYVd4a1UybDZaVG9nTGprMkxBb2dJQ0FnSUNBZ0lHVjRj
Shell: R0Z1WkRvZ1ptRnNjMlVzQ2lBZ0lDQWdJQ0FnWW5WcGJHUmxjam9nS0Y4c0lHTnZiblJ5YjJ4c1pYSXBJRDArSUZCc1lYbGxjbEJ5WldScFkzUnBiMjV6VTJobFpYUW9DaUFnSUNBZ0lDQWdJQ0JuWVhWblpUb2daMkYxWjJVc0NpQWdJQ0FnSUNBZ0lDQmpkWEp5Wlc1MFZYTmxja2xrT2lCamRYSnlaVzUwVlhObGNrbGtMQW9nSUNBZ0lDQWdJQ0FnYzJOeWIyeHNRMjl1ZEhKdmJHeGxjam9nWTI5dWRISnZiR3hsY2l3S0lDQWdJQ0FnSUNBcExBb2dJQ0FnSUNBcExBb2dJQ0FnS1RzS0lDQjlDbjBLQ21Oc1lYTnpJRjlIWVhWblpWTmxZM1JwYjI0Z1pYaDBaVzVrY3lCVGRHRjBaV3hsYzNOWGFXUm5aWFFnZXdvZ0lHTnZibk4wSUY5SFlYVm5aVk5sWTNScGIyNG9ld29nSUNBZ2NtVnhkV2x5WldRZ2RHaHBjeTUwYVhSc1pTd0tJQ0FnSUhKbGNYVnBjbVZrSUhSb2FYTXVhV052Yml3S0lDQWdJSEpsY1hWcGNtVmtJSFJvYVhNdVoyRjFaMlZ6TEFvZ0lDQWdjbVZ4ZFdseVpXUWdkR2hwY3k1elkyRnNaVTFoZUN3S0lDQWdJSEpsY1hWcGNtVmtJSFJvYVhNdVkzVnljbVZ1ZEZWelpYSkpaQ3dLSUNBZ0lISmxjWFZwY21Wa0lIUm9hWE11YjI1UGNHVnVMQW9nSUgwcE93b0tJQ0JtYVc1aGJDQlRkSEpwYm1jZ2RHbDBiR1U3Q2lBZ1ptbHVZV3dnU1dOdmJrUmhkR0VnYVdOdmJqc0tJQ0JtYVc1aGJDQk1hWE4wUEZCc1lYbGxja2RoZFdkbFBpQm5ZWFZuWlhNN0NpQWdabWx1WVd3Z2FXNTBJSE5qWVd4bFRXRjRPd29nSUdacGJtRnNJRk4wY21sdVp6OGdZM1Z5Y21WdWRGVnpaWEpKWkRzS0lDQm1hVzVoYkNCV1lXeDFaVU5vWVc1blpXUThVR3hoZVdWeVIyRjFaMlUrSUc5dVQzQmxianNLQ2lBZ1FHOTJaWEp5YVdSbENpQWdWMmxrWjJWMElHSjFhV3hrS0VKMWFXeGtRMjl1ZEdWNGRDQmpiMjUwWlhoMEtTQjdDaUFnSUNCeVpYUjFjbTRnUTI5dWRHRnBibVZ5S0FvZ0lDQWdJQ0IzYVdSMGFEb2daRzkxWW14bExtbHVabWx1YVhSNUxBb2dJQ0FnSUNCd1lXUmthVzVuT2lCamIyNXpkQ0JGWkdkbFNXNXpaWFJ6TG1aeWIyMU1WRkpDS0RFMExDQXhOaXdnTVRRc0lEUXBMQW9nSUNBZ0lDQmtaV052Y21GMGFXOXVPaUJDYjNoRVpXTnZjbUYwYVc5dUtBb2dJQ0FnSUNBZ0lHTnZiRzl5T2lCamIyNXpkQ0JEYjJ4dmNpZ3dlRVpHTUVVeFJETkNLU3dLSUNBZ0lDQWdJQ0JpYjNKa1pYSlNZV1JwZFhNNklFSnZjbVJsY2xKaFpHbDFjeTVqYVhKamRXeGhjaWd5TkNrc0NpQWdJQ0FnSUNBZ1ltOXlaR1Z5T2lCQ2IzSmtaWEl1WVd4c0tBb2dJQ0FnSUNBZ0lDQWdZMjlzYjNJNklHTnZibk4wSUVOdmJHOXlLREI0UmtZMFFqWkdSa1lwTG5kcGRHaFdZV3gxWlhNb1lXeHdhR0U2SUM0ek9Da3NDaUFnSUNBZ0lDQWdLU3dLSUNBZ0lDQWdLU3dLSUNBZ0lDQWdZMmhwYkdRNklFTnZiSFZ0YmlnS0lDQWdJQ0FnSUNCamNtOXpjMEY0YVhOQmJHbG5ibTFsYm5RNklFTnliM056UVhocGMwRnNhV2R1YldWdWRDNXpkR0Z5ZEN3S0lDQWdJQ0FnSUNCamFHbHNaSEpsYmpvZ1d3b2dJQ0FnSUNBZ0lDQWdVbTkzS0FvZ0lDQWdJQ0FnSUNBZ0lDQmphR2xzWkhKbGJqb2dXd29nSUNBZ0lDQWdJQ0FnSUNBZ0lFTnZiblJoYVc1bGNpZ0tJQ0FnSUNBZ0lDQWdJQ0FnSUNBZ0lIZHBaSFJvT2lBME1pd0tJQ0FnSUNBZ0lDQWdJQ0FnSUNBZ0lHaGxhV2RvZERvZ05ESXNDaUFnSUNBZ0lDQWdJQ0FnSUNBZ0lDQmtaV052Y21GMGFXOXVPaUJDYjNoRVpXTnZjbUYwYVc5dUtBb2dJQ0FnSUNBZ0lDQWdJQ0FnSUNBZ0lDQnphR0Z3WlRvZ1FtOTRVMmhoY0dVdVkybHlZMnhsTEFvZ0lDQWdJQ0FnSUNBZ0lDQWdJQ0FnSUNCamIyeHZjam9nWTI5dWMzUWdRMjlzYjNJb01IaEdSalJDTmtaR1Jpa3VkMmwwYUZaaGJIVmxjeWhoYkhCb1lUb2dMakV5S1N3S0lDQWdJQ0FnSUNBZ0lDQWdJQ0FnSUNBZ1ltOXlaR1Z5T2lCQ2IzSmtaWEl1WVd4c0tBb2dJQ0FnSUNBZ0lDQWdJQ0FnSUNBZ0lDQWdJR052Ykc5eU9pQmpiMjV6ZENCRGIyeHZjaWd3ZUVaR05FSTJSa1pHS1M1M2FYUm9WbUZzZFdWektHRnNjR2hoT2lBdU16WXBMQW9nSUNBZ0lDQWdJQ0FnSUNBZ0lDQWdJQ0FwTEFvZ0lDQWdJQ0FnSUNBZ0lDQWdJQ0FnS1N3S0lDQWdJQ0FnSUNBZ0lDQWdJQ0FnSUdOb2FXeGtPaUJKWTI5dUtHbGpiMjRzSUdOdmJHOXlPaUJqYjI1emRDQkRiMnh2Y2lnd2VFWkdOemxCTkVaR0tTd2djMmw2WlRvZ01qUXBMQW9nSUNBZ0lDQWdJQ0FnSUNBZ0lDa3NDaUFnSUNBZ0lDQWdJQ0FnSUNBZ1kyOXVjM1FnVTJsNlpXUkNiM2dvZDJsa2RHZzZJREV5S1N3S0lDQWdJQ0FnSUNBZ0lDQWdJQ0JVWlhoMEtBb2dJQ0FnSUNBZ0lDQWdJQ0FnSUNBZ2RHbDBiR1VzQ2lBZ0lDQWdJQ0FnSUNBZ0lDQWdJQ0J6ZEhsc1pUb2dWR2hsYldVdWIyWW9ZMjl1ZEdWNGRDa3VkR1Y0ZEZSb1pXMWxMblJwZEd4bFRHRnlaMlUvTG1OdmNIbFhhWFJvS0FvZ0lDQWdJQ0FnSUNBZ0lDQWdJQ0FnSUNBZ0lDQWdabTl1ZEZkbGFXZG9kRG9nUm05dWRGZGxhV2RvZEM1M09UQXdMQW9nSUNBZ0lDQWdJQ0FnSUNBZ0lDQWdJQ0FnSUNrc0NpQWdJQ0FnSUNBZ0lDQWdJQ0FnS1N3S0lDQWdJQ0FnSUNBZ0lDQWdYU3dLSUNBZ0lDQWdJQ0FnSUNrc0NpQWdJQ0FnSUNBZ0lDQmpiMjV6ZENCVGFYcGxaRUp2ZUNob1pXbG5hSFE2SURFMEtTd0tJQ0FnSUNBZ0lDQWdJR1p2Y2lBb1ptbHVZV3dnWjJGMVoyVWdhVzRnWjJGMVoyVnpLUW9nSUNBZ0lDQWdJQ0FnSUNCU1pXWmxjbVZ1WTJWUWJHRjVaWEpIWVhWblpVTmhjbVFvQ2lBZ0lDQWdJQ0FnSUNBZ0lDQWdaMkYxWjJVNklHZGhkV2RsTEFvZ0lDQWdJQ0FnSUNBZ0lDQWdJSE5qWVd4bFRXRjRPaUJ6WTJGc1pVMWhlQ3dLSUNBZ0lDQWdJQ0FnSUNBZ0lDQndaWEp6YjI1aGJGQnlaV1JwWTNScGIyNDZJR2RoZFdkbExuQnlaV1JwWTNScGIyNUdiM0lvWTNWeWNtVnVkRlZ6WlhKSlpDay9MblpoYkhWbExBb2dJQ0FnSUNBZ0lDQWdJQ0FnSUc5dVZHRndPaUFvS1NBOVBpQnZiazl3Wlc0b1oyRjFaMlVwTEFvZ0lDQWdJQ0FnSUNBZ0lDQXBMQW9nSUNBZ0lDQWdJRjBzQ2lBZ0lDQWdJQ2tzQ2lBZ0lDQXBP
Shell: d29nSUgwS2ZRbz0iLCJsaWIvZmVhdHVyZXMvcHJlZGljdGlvbnMvcHJlc2VudGF0aW9uL3NlYXNvbl9wcmVkaWN0aW9uX2VudHJ5X3BhZ2UuZGFydCI6ImFXMXdiM0owSUNkd1lXTnJZV2RsT21GelgyZHlhVzUwWVM5amIzSmxMM1YwYVd4ekwyRndjRjlsY25KdmNuTXVaR0Z5ZENjN0NtbHRjRzl5ZENBbmNHRmphMkZuWlRwaGMxOW5jbWx1ZEdFdlkyOXlaUzkzYVdSblpYUnpMMmR5YVc1MFlWOWhjSEJmWW1GeUxtUmhjblFuT3dwcGJYQnZjblFnSjNCaFkydGhaMlU2WVhOZlozSnBiblJoTDJabFlYUjFjbVZ6TDJKaFpHZGxjeTl3Y21WelpXNTBZWFJwYjI0dmJtRnRaVjkzYVhSb1gySmhaR2RsY3k1a1lYSjBKenNLYVcxd2IzSjBJQ2R3WVdOcllXZGxPbUZ6WDJkeWFXNTBZUzltWldGMGRYSmxjeTl3Y21Wa2FXTjBhVzl1Y3k5a1lYUmhMM05sWVhOdmJsOXdjbVZrYVdOMGFXOXVjMTl5WlhCdmMybDBiM0o1TG1SaGNuUW5Pd3BwYlhCdmNuUWdKM0JoWTJ0aFoyVTZZWE5mWjNKcGJuUmhMMlpsWVhSMWNtVnpMM0J5WldScFkzUnBiMjV6TDNCeVpYTmxiblJoZEdsdmJpOXpaV0Z6YjI1ZmNISnZibTlmYUdWc2NGOXphR1ZsZEM1a1lYSjBKenNLYVcxd2IzSjBJQ2R3WVdOcllXZGxPbVpzZFhSMFpYSXZiV0YwWlhKcFlXd3VaR0Z5ZENjN0NtbHRjRzl5ZENBbmNHRmphMkZuWlRwbWJIVjBkR1Z5TDNObGNuWnBZMlZ6TG1SaGNuUW5Pd3BwYlhCdmNuUWdKM0JoWTJ0aFoyVTZabXgxZEhSbGNsOXlhWFpsY25CdlpDOW1iSFYwZEdWeVgzSnBkbVZ5Y0c5a0xtUmhjblFuT3dwcGJYQnZjblFnSjNCaFkydGhaMlU2WVhOZlozSnBiblJoTDJOdmNtVXZkMmxrWjJWMGN5OW5jbWx1ZEdGZmJHOWhaR1Z5TG1SaGNuUW5Pd29LWm1sdVlXd2djMlZoYzI5dVVISmxaR2xqZEdsdmJuTlFjbTkyYVdSbGNpQTlDaUFnSUNCR2RYUjFjbVZRY205MmFXUmxjaTVoZFhSdlJHbHpjRzl6WlR4TWFYTjBQRk5sWVhOdmJsQnlaV1JwWTNScGIyNUpkR1Z0UGo0b0tISmxaaWtnZXdvZ0lISmxkSFZ5YmlCeVpXWXVkMkYwWTJnb2MyVmhjMjl1VUhKbFpHbGpkR2x2Ym5OU1pYQnZjMmwwYjNKNVVISnZkbWxrWlhJcExtWmxkR05vVFdsdVpTZ3BPd3A5S1RzS0NtWnBibUZzSUhObFlYTnZibEJ5WldScFkzUnBiMjV6VEc5amEyVmtVSEp2ZG1sa1pYSWdQU0JHZFhSMWNtVlFjbTkyYVdSbGNpNWhkWFJ2UkdsemNHOXpaVHhpYjI5c1BpZ29jbVZtS1NCN0NpQWdjbVYwZFhKdUlISmxaaTUzWVhSamFDaHpaV0Z6YjI1UWNtVmthV04wYVc5dWMxSmxjRzl6YVhSdmNubFFjbTkyYVdSbGNpa3VhWE5NYjJOclpXUW9LVHNLZlNrN0Nnb3ZMeThnUm05eWJYVnNZV2x5WlNCa1pTQnpZV2x6YVdVZ1pHVnpJSEJ5YjI1dmMzUnBZM01nYW05MVpYVnljeUJoZG1GdWRDQjJaWEp5YjNWcGJHeGhaMlV1Q21Oc1lYTnpJRk5sWVhOdmJsQnlaV1JwWTNScGIyNUZiblJ5ZVZCaFoyVWdaWGgwWlc1a2N5QkRiMjV6ZFcxbGNsTjBZWFJsWm5Wc1YybGtaMlYwSUhzS0lDQmpiMjV6ZENCVFpXRnpiMjVRY21Wa2FXTjBhVzl1Ulc1MGNubFFZV2RsS0h0emRYQmxjaTVyWlhrc0lIUm9hWE11WlcxaVpXUmtaV1FnUFNCbVlXeHpaWDBwT3dvS0lDQm1hVzVoYkNCaWIyOXNJR1Z0WW1Wa1pHVmtPd29LSUNCQWIzWmxjbkpwWkdVS0lDQkRiMjV6ZFcxbGNsTjBZWFJsUEZObFlYTnZibEJ5WldScFkzUnBiMjVGYm5SeWVWQmhaMlUrSUdOeVpXRjBaVk4wWVhSbEtDa2dQVDRLSUNBZ0lDQWdYMU5sWVhOdmJsQnlaV1JwWTNScGIyNUZiblJ5ZVZCaFoyVlRkR0YwWlNncE93cDlDZ3BqYkdGemN5QmZVMlZoYzI5dVVISmxaR2xqZEdsdmJrVnVkSEo1VUdGblpWTjBZWFJsQ2lBZ0lDQmxlSFJsYm1SeklFTnZibk4xYldWeVUzUmhkR1U4VTJWaGMyOXVVSEpsWkdsamRHbHZia1Z1ZEhKNVVHRm5aVDRnZXdvZ0lHWnBibUZzSUY5bWIzSnRTMlY1SUQwZ1IyeHZZbUZzUzJWNVBFWnZjbTFUZEdGMFpUNG9LVHNLSUNCbWFXNWhiQ0JOWVhBOFUzUnlhVzVuTENCcGJuUStJRjlrY21GbWRGWmhiSFZsY3lBOUlIdDlPd29nSUZOMGNtbHVaejhnWDJWeWNtOXlPd29nSUdKdmIyd2dYMmx6VTJGMmFXNW5RV3hzSUQwZ1ptRnNjMlU3Q2dvZ0lFQnZkbVZ5Y21sa1pRb2dJRmRwWkdkbGRDQmlkV2xzWkNoQ2RXbHNaRU52Ym5SbGVIUWdZMjl1ZEdWNGRDa2dld29nSUNBZ1ptbHVZV3dnYVhSbGJYTWdQU0J5WldZdWQyRjBZMmdvYzJWaGMyOXVVSEpsWkdsamRHbHZibk5RY205MmFXUmxjaWs3Q2lBZ0lDQm1hVzVoYkNCamIyNTBaVzUwSUQwZ1VtVm1jbVZ6YUVsdVpHbGpZWFJ2Y2lnS0lDQWdJQ0FnYjI1U1pXWnlaWE5vT2lBb0tTQmhjM2x1WXlCN0NpQWdJQ0FnSUNBZ1gyUnlZV1owVm1Gc2RXVnpMbU5zWldGeUtDazdDaUFnSUNBZ0lDQWdjbVZtTG1sdWRtRnNhV1JoZEdVb2MyVmhjMjl1VUhKbFpHbGpkR2x2Ym5OTWIyTnJaV1JRY205MmFXUmxjaWs3Q2lBZ0lDQWdJQ0FnY21WbUxtbHVkbUZzYVdSaGRHVW9jMlZoYzI5dVVISmxaR2xqZEdsdmJuTlFjbTkyYVdSbGNpazdDaUFnSUNBZ0lDQWdZWGRoYVhRZ2NtVm1MbkpsWVdRb2MyVmhjMjl1VUhKbFpHbGpkR2x2Ym5OUWNtOTJhV1JsY2k1bWRYUjFjbVVwT3dvZ0lDQWdJQ0I5TEFvZ0lDQWdJQ0JqYUdsc1pEb2dhWFJsYlhNdWQyaGxiaWdLSUNBZ0lDQWdJQ0JzYjJGa2FXNW5PaUFvS1NBOVBpQk1hWE4wVm1sbGR5Z0tJQ0FnSUNBZ0lDQWdJR05vYVd4a2NtVnVPaUJqYjI1emRDQmJDaUFnSUNBZ0lDQWdJQ0FnSUZOcGVtVmtRbTk0S0dobGFXZG9kRG9nTWpJd0tTd0tJQ0FnSUNBZ0lDQWdJQ0FnUTJWdWRHVnlLR05vYVd4a09pQkhjbWx1ZEdGUWNtOW5jbVZ6YzBsdVpHbGpZWFJ2Y2lncEtTd0tJQ0FnSUNBZ0lDQWdJRjBzQ2lBZ0lDQWdJQ0FnS1N3S0lDQWdJQ0FnSUNCbGNuSnZjam9nS0dWeWNtOXlMQ0JmS1NBOVBpQk1hWE4wVm1sbGR5Z0tJQ0FnSUNBZ0lDQWdJSEJoWkdScGJtYzZJR052Ym5OMElFVmtaMlZKYm5ObGRITXVZV3hzS0RFMktTd0tJQ0FnSUNBZ0lDQWdJR05vYVd4a2NtVnVPaUJiVkdWNGRDaG9kVzFoYm1sNlpVVnljbTl5S0dWeWNtOXlLU2xk
Shell: TEFvZ0lDQWdJQ0FnSUNrc0NpQWdJQ0FnSUNBZ1pHRjBZVG9nS0dWdWRISnBaWE1wSUhzS0lDQWdJQ0FnSUNBZ0lHbG1JQ2hsYm5SeWFXVnpMbWx6Ulcxd2RIa3BJSHNLSUNBZ0lDQWdJQ0FnSUNBZ2NtVjBkWEp1SUV4cGMzUldhV1YzS0FvZ0lDQWdJQ0FnSUNBZ0lDQWdJSEJoWkdScGJtYzZJR052Ym5OMElFVmtaMlZKYm5ObGRITXVZV3hzS0RFMktTd0tJQ0FnSUNBZ0lDQWdJQ0FnSUNCamFHbHNaSEpsYmpvZ1kyOXVjM1FnV3dvZ0lDQWdJQ0FnSUNBZ0lDQWdJQ0FnUTJGeVpDZ0tJQ0FnSUNBZ0lDQWdJQ0FnSUNBZ0lDQWdZMmhwYkdRNklGQmhaR1JwYm1jb0NpQWdJQ0FnSUNBZ0lDQWdJQ0FnSUNBZ0lDQWdjR0ZrWkdsdVp6b2dSV1JuWlVsdWMyVjBjeTVoYkd3b01qQXBMQW9nSUNBZ0lDQWdJQ0FnSUNBZ0lDQWdJQ0FnSUdOb2FXeGtPaUJVWlhoMEtBb2dJQ0FnSUNBZ0lDQWdJQ0FnSUNBZ0lDQWdJQ0FnSjBGMVkzVnVaU0J6WVdsemIyNGdiM1YyWlhKMFpTQnZkU0JoZFdOMWJpQnFiM1ZsZFhJZ1lXTjBhV1lnWkdGdWN5QW5DaUFnSUNBZ0lDQWdJQ0FnSUNBZ0lDQWdJQ0FnSUNBbmJPS0FtV1ZtWm1WamRHbG1MaWNzQ2lBZ0lDQWdJQ0FnSUNBZ0lDQWdJQ0FnSUNBZ0tTd0tJQ0FnSUNBZ0lDQWdJQ0FnSUNBZ0lDQWdLU3dLSUNBZ0lDQWdJQ0FnSUNBZ0lDQWdJQ2tzQ2lBZ0lDQWdJQ0FnSUNBZ0lDQWdYU3dLSUNBZ0lDQWdJQ0FnSUNBZ0tUc0tJQ0FnSUNBZ0lDQWdJSDBLQ2lBZ0lDQWdJQ0FnSUNCeVpYUjFjbTRnUm05eWJTZ0tJQ0FnSUNBZ0lDQWdJQ0FnYTJWNU9pQmZabTl5YlV0bGVTd0tJQ0FnSUNBZ0lDQWdJQ0FnWTJocGJHUTZJRXhwYzNSV2FXVjNLQW9nSUNBZ0lDQWdJQ0FnSUNBZ0lIQm9lWE5wWTNNNklHTnZibk4wSUVGc2QyRjVjMU5qY205c2JHRmliR1ZUWTNKdmJHeFFhSGx6YVdOektDa3NDaUFnSUNBZ0lDQWdJQ0FnSUNBZ2NHRmtaR2x1WnpvZ1kyOXVjM1FnUldSblpVbHVjMlYwY3k1aGJHd29NVFlwTEFvZ0lDQWdJQ0FnSUNBZ0lDQWdJR05vYVd4a2NtVnVPaUJiQ2lBZ0lDQWdJQ0FnSUNBZ0lDQWdJQ0JEWVhKa0tBb2dJQ0FnSUNBZ0lDQWdJQ0FnSUNBZ0lDQmphR2xzWkRvZ1VHRmtaR2x1WnlnS0lDQWdJQ0FnSUNBZ0lDQWdJQ0FnSUNBZ0lDQndZV1JrYVc1bk9pQmpiMjV6ZENCRlpHZGxTVzV6WlhSekxtWnliMjFNVkZKQ0tERTJMQ0F4TWl3Z01UWXNJRGdwTEFvZ0lDQWdJQ0FnSUNBZ0lDQWdJQ0FnSUNBZ0lHTm9hV3hrT2lCRGIyeDFiVzRvQ2lBZ0lDQWdJQ0FnSUNBZ0lDQWdJQ0FnSUNBZ0lDQmpjbTl6YzBGNGFYTkJiR2xuYm0xbGJuUTZJRU55YjNOelFYaHBjMEZzYVdkdWJXVnVkQzV6ZEdGeWRDd0tJQ0FnSUNBZ0lDQWdJQ0FnSUNBZ0lDQWdJQ0FnSUdOb2FXeGtjbVZ1T2lCYkNpQWdJQ0FnSUNBZ0lDQWdJQ0FnSUNBZ0lDQWdJQ0FnSUdOdmJuTjBJRlJsZUhRb0NpQWdJQ0FnSUNBZ0lDQWdJQ0FnSUNBZ0lDQWdJQ0FnSUNBZ0oxQnliMjV2YzNScGNYVmxJR052YldKcFpXNGdaR1VnWW5WMGN5QW9iM1VnWkdVZ1kyeGxZVzRnYzJobFpYUnpJSEJ2ZFhJZ0p3b2dJQ0FnSUNBZ0lDQWdJQ0FnSUNBZ0lDQWdJQ0FnSUNBZ0lDZHNaWE1nWjJGeVpHbGxibk1wSUdOb1lYRjFaU0JxYjNWbGRYSWdiV0Z5Y1hWbGNtRWdjM1Z5SUhSdmRYUmxJR3hoSUNjS0lDQWdJQ0FnSUNBZ0lDQWdJQ0FnSUNBZ0lDQWdJQ0FnSUNBbmMyRnBjMjl1TGljc0NpQWdJQ0FnSUNBZ0lDQWdJQ0FnSUNBZ0lDQWdJQ0FnSUNrc0NpQWdJQ0FnSUNBZ0lDQWdJQ0FnSUNBZ0lDQWdJQ0FnSUVGc2FXZHVLQW9nSUNBZ0lDQWdJQ0FnSUNBZ0lDQWdJQ0FnSUNBZ0lDQWdJR0ZzYVdkdWJXVnVkRG9nUVd4cFoyNXRaVzUwTG1ObGJuUmxja3hsWm5Rc0NpQWdJQ0FnSUNBZ0lDQWdJQ0FnSUNBZ0lDQWdJQ0FnSUNBZ1kyaHBiR1E2SUZSbGVIUkNkWFIwYjI0dWFXTnZiaWdLSUNBZ0lDQWdJQ0FnSUNBZ0lDQWdJQ0FnSUNBZ0lDQWdJQ0FnSUc5dVVISmxjM05sWkRvZ0tDa2dQVDRnYzJodmQxTmxZWE52YmxCeWIyNXZTR1ZzY0ZOb1pXVjBLR052Ym5SbGVIUXBMQW9nSUNBZ0lDQWdJQ0FnSUNBZ0lDQWdJQ0FnSUNBZ0lDQWdJQ0FnYVdOdmJqb2dZMjl1YzNRZ1NXTnZiaWhKWTI5dWN5NW9aV3h3WDI5MWRHeHBibVVzSUhOcGVtVTZJREU0S1N3S0lDQWdJQ0FnSUNBZ0lDQWdJQ0FnSUNBZ0lDQWdJQ0FnSUNBZ0lHeGhZbVZzT2lCamIyNXpkQ0JVWlhoMEtDZERiMjF0Wlc1MElNT25ZU0J0WVhKamFHVWdQeWNwTEFvZ0lDQWdJQ0FnSUNBZ0lDQWdJQ0FnSUNBZ0lDQWdJQ0FnSUNrc0NpQWdJQ0FnSUNBZ0lDQWdJQ0FnSUNBZ0lDQWdJQ0FnSUNrc0NpQWdJQ0FnSUNBZ0lDQWdJQ0FnSUNBZ0lDQWdJQ0JkTEFvZ0lDQWdJQ0FnSUNBZ0lDQWdJQ0FnSUNBZ0lDa3NDaUFnSUNBZ0lDQWdJQ0FnSUNBZ0lDQWdJQ2tzQ2lBZ0lDQWdJQ0FnSUNBZ0lDQWdJQ0FwTEFvZ0lDQWdJQ0FnSUNBZ0lDQWdJQ0FnWTI5dWMzUWdVMmw2WldSQ2IzZ29hR1ZwWjJoME9pQXhNaWtzQ2lBZ0lDQWdJQ0FnSUNBZ0lDQWdJQ0JwWmlBb1gyVnljbTl5SUNFOUlHNTFiR3dwSUM0dUxsc0tJQ0FnSUNBZ0lDQWdJQ0FnSUNBZ0lDQWdWR1Y0ZENoZlpYSnliM0loTENCemRIbHNaVG9nWTI5dWMzUWdWR1Y0ZEZOMGVXeGxLR052Ykc5eU9pQkRiMnh2Y25NdWQyaHBkR1UzTUNrcExBb2dJQ0FnSUNBZ0lDQWdJQ0FnSUNBZ0lDQmpiMjV6ZENCVGFYcGxaRUp2ZUNob1pXbG5hSFE2SURFeUtTd0tJQ0FnSUNBZ0lDQWdJQ0FnSUNBZ0lGMHNDaUFnSUNBZ0lDQWdJQ0FnSUNBZ0lDQXVMaTVsYm5SeWFXVnpMbTFoY0NoZlluVnBiR1JRYkdGNVpYSlNiM2NwTEFvZ0lDQWdJQ0FnSUNBZ0lDQWdJQ0FnWTI5dWMzUWdVMmw2WldSQ2IzZ29hR1ZwWjJoME9pQXhOaWtzQ2lBZ0lDQWdJQ0FnSUNBZ0lDQWdJQ0JUYVhwbFpFSnZlQ2dLSUNBZ0lDQWdJQ0FnSUNBZ0lDQWdJQ0FnZDJsa2RHZzZJR1J2ZFdKc1pTNXBibVpwYm1sMGVTd0tJQ0FnSUNBZ0lDQWdJQ0FnSUNBZ0lDQWdZMmhwYkdRNklFWnBiR3hsWkVKMWRIUnZiaTVwWTI5dUtBb2dJQ0FnSUNBZ0lDQWdJQ0FnSUNBZ0lDQWdJRzl1
Shell: VUhKbGMzTmxaRG9nWDJselUyRjJhVzVuUVd4c0lEOGdiblZzYkNBNklDZ3BJRDArSUY5ellYWmxRV3hzS0dWdWRISnBaWE1wTEFvZ0lDQWdJQ0FnSUNBZ0lDQWdJQ0FnSUNBZ0lHbGpiMjQ2SUY5cGMxTmhkbWx1WjBGc2JBb2dJQ0FnSUNBZ0lDQWdJQ0FnSUNBZ0lDQWdJQ0FnSUNBL0lHTnZibk4wSUZOcGVtVmtRbTk0S0FvZ0lDQWdJQ0FnSUNBZ0lDQWdJQ0FnSUNBZ0lDQWdJQ0FnSUNBZ2QybGtkR2c2SURFNExBb2dJQ0FnSUNBZ0lDQWdJQ0FnSUNBZ0lDQWdJQ0FnSUNBZ0lDQWdhR1ZwWjJoME9pQXhPQ3dLSUNBZ0lDQWdJQ0FnSUNBZ0lDQWdJQ0FnSUNBZ0lDQWdJQ0FnSUdOb2FXeGtPaUJIY21sdWRHRlFjbTluY21WemMwbHVaR2xqWVhSdmNpaHpkSEp2YTJWWGFXUjBhRG9nTWlrc0NpQWdJQ0FnSUNBZ0lDQWdJQ0FnSUNBZ0lDQWdJQ0FnSUNBZ0tRb2dJQ0FnSUNBZ0lDQWdJQ0FnSUNBZ0lDQWdJQ0FnSUNBNklHTnZibk4wSUVsamIyNG9TV052Ym5NdVkyaGxZMnRmWTJseVkyeGxYMjkxZEd4cGJtVXBMQW9nSUNBZ0lDQWdJQ0FnSUNBZ0lDQWdJQ0FnSUd4aFltVnNPaUJVWlhoMEtBb2dJQ0FnSUNBZ0lDQWdJQ0FnSUNBZ0lDQWdJQ0FnWDJselUyRjJhVzVuUVd4c0NpQWdJQ0FnSUNBZ0lDQWdJQ0FnSUNBZ0lDQWdJQ0FnSUNBZ1B5QW5SVzV5WldkcGMzUnlaVzFsYm5RdUxpNG5DaUFnSUNBZ0lDQWdJQ0FnSUNBZ0lDQWdJQ0FnSUNBZ0lDQWdPaUFuVm1Gc2FXUmxjaUJ0WlhNZ2NISnZibTl6ZEdsamN5Y3NDaUFnSUNBZ0lDQWdJQ0FnSUNBZ0lDQWdJQ0FnS1N3S0lDQWdJQ0FnSUNBZ0lDQWdJQ0FnSUNBZ0tTd0tJQ0FnSUNBZ0lDQWdJQ0FnSUNBZ0lDa3NDaUFnSUNBZ0lDQWdJQ0FnSUNBZ0lDQmpiMjV6ZENCVGFYcGxaRUp2ZUNob1pXbG5hSFE2SURJMEtTd0tJQ0FnSUNBZ0lDQWdJQ0FnSUNCZExBb2dJQ0FnSUNBZ0lDQWdJQ0FwTEFvZ0lDQWdJQ0FnSUNBZ0tUc0tJQ0FnSUNBZ0lDQjlMQW9nSUNBZ0lDQXBMQW9nSUNBZ0tUc0tDaUFnSUNCcFppQW9kMmxrWjJWMExtVnRZbVZrWkdWa0tTQnlaWFIxY200Z1kyOXVkR1Z1ZERzS0NpQWdJQ0J5WlhSMWNtNGdVMk5oWm1admJHUW9DaUFnSUNBZ0lHRndjRUpoY2pvZ1IzSnBiblJoUVhCd1FtRnlLSFJwZEd4bE9pQmpiMjV6ZENCVVpYaDBLQ2ROWlhNZ2NISnZibTl6SUdSbElITmhhWE52YmljcEtTd0tJQ0FnSUNBZ1ltOWtlVG9nWTI5dWRHVnVkQ3dLSUNBZ0lDazdDaUFnZlFvS0lDQlhhV1JuWlhRZ1gySjFhV3hrVUd4aGVXVnlVbTkzS0ZObFlYTnZibEJ5WldScFkzUnBiMjVKZEdWdElHbDBaVzBwSUhzS0lDQWdJR1pwYm1Gc0lHdGxlU0E5SUNja2UybDBaVzB1Y0d4aGVXVnlTV1I5T2lSN2FYUmxiUzVqWVhSbFoyOXllWDBuT3dvZ0lDQWdabWx1WVd3Z2RtRnNkV1VnUFNCZlpISmhablJXWVd4MVpYTmJhMlY1WFNBL1B5QnBkR1Z0TG5aaGJIVmxPd29nSUNBZ1ptbHVZV3dnYVhOSGIyRnNhMlZsY0dWeUlEMGdhWFJsYlM1allYUmxaMjl5ZVNBOVBTQW5ZMnhsWVc1ZmMyaGxaWFJ6SnpzS0lDQWdJQzh2SUU5dUlIQnliMjV2YzNScGNYVmxJR3hsSUZSUFZFRk1JR1JsSUd4aElITmhhWE52YmlBb2NHeDFjeUJrWlNCaVlYTmxJSE4xY2lBek1DQnRZWFJqYUhNcElEb2diR1VLSUNBZ0lDOHZJSEJzWVdadmJtUWdaR1Z6SUdOc1pXRnVJSE5vWldWMGN5QnVaU0JrYjJsMElHUnZibU1nY0d4MWN5RERxblJ5WlNCaWJHOXhkY09wSU1PZ0lETXdMZ29nSUNBZ1kyOXVjM1FnYldGNFZtRnNkV1VnUFNBNU9Uc0tJQ0FnSUdacGJtRnNJR3hoWW1Wc0lEMGdhWE5IYjJGc2EyVmxjR1Z5SUQ4Z0oyTnNaV0Z1SUhOb1pXVjBjeWNnT2lBblluVjBjeWM3Q2dvZ0lDQWdjbVYwZFhKdUlFTmhjbVFvQ2lBZ0lDQWdJRzFoY21kcGJqb2dZMjl1YzNRZ1JXUm5aVWx1YzJWMGN5NXZibXg1S0dKdmRIUnZiVG9nT0Nrc0NpQWdJQ0FnSUdOb2FXeGtPaUJRWVdSa2FXNW5LQW9nSUNBZ0lDQWdJSEJoWkdScGJtYzZJR052Ym5OMElFVmtaMlZKYm5ObGRITXVabkp2YlV4VVVrSW9NVFlzSURnc0lERXlMQ0E0S1N3S0lDQWdJQ0FnSUNCamFHbHNaRG9nVW05M0tBb2dJQ0FnSUNBZ0lDQWdZM0p2YzNOQmVHbHpRV3hwWjI1dFpXNTBPaUJEY205emMwRjRhWE5CYkdsbmJtMWxiblF1YzNSaGNuUXNDaUFnSUNBZ0lDQWdJQ0JqYUdsc1pISmxiam9nV3dvZ0lDQWdJQ0FnSUNBZ0lDQkZlSEJoYm1SbFpDZ0tJQ0FnSUNBZ0lDQWdJQ0FnSUNCamFHbHNaRG9nVUdGa1pHbHVaeWdLSUNBZ0lDQWdJQ0FnSUNBZ0lDQWdJSEJoWkdScGJtYzZJR052Ym5OMElFVmtaMlZKYm5ObGRITXViMjVzZVNoMGIzQTZJREV5S1N3S0lDQWdJQ0FnSUNBZ0lDQWdJQ0FnSUdOb2FXeGtPaUJPWVcxbFYybDBhRUpoWkdkbGN5Z0tJQ0FnSUNBZ0lDQWdJQ0FnSUNBZ0lDQWdjSEp2Wm1sc1pVbGtPaUJwZEdWdExuQnliMlpwYkdWSlpDd0tJQ0FnSUNBZ0lDQWdJQ0FnSUNBZ0lDQWdibUZ0WlRvZ2FYUmxiUzV3YkdGNVpYSk9ZVzFsTEFvZ0lDQWdJQ0FnSUNBZ0lDQWdJQ0FnSUNCemRIbHNaVG9nVkdobGJXVXViMllvWTI5dWRHVjRkQ2t1ZEdWNGRGUm9aVzFsTG5ScGRHeGxUV1ZrYVhWdExBb2dJQ0FnSUNBZ0lDQWdJQ0FnSUNBZ0tTd0tJQ0FnSUNBZ0lDQWdJQ0FnSUNBcExBb2dJQ0FnSUNBZ0lDQWdJQ0FwTEFvZ0lDQWdJQ0FnSUNBZ0lDQlRhWHBsWkVKdmVDZ0tJQ0FnSUNBZ0lDQWdJQ0FnSUNCM2FXUjBhRG9nT0RJc0NpQWdJQ0FnSUNBZ0lDQWdJQ0FnWTJocGJHUTZJRlJsZUhSR2IzSnRSbWxsYkdRb0NpQWdJQ0FnSUNBZ0lDQWdJQ0FnSUNCclpYazZJRlpoYkhWbFMyVjVLR3RsZVNrc0NpQWdJQ0FnSUNBZ0lDQWdJQ0FnSUNCcGJtbDBhV0ZzVm1Gc2RXVTZJSFpoYkhWbExuUnZVM1J5YVc1bktDa3NDaUFnSUNBZ0lDQWdJQ0FnSUNBZ0lDQnJaWGxpYjJGeVpGUjVjR1U2SUZSbGVIUkpibkIxZEZSNWNHVXViblZ0WW1WeUxBb2dJQ0FnSUNBZ0lDQWdJQ0FnSUNBZ2RHVjRkRUZzYVdkdU9pQlVaWGgwUVd4cFoyNHVZMlZ1ZEdWeUxBb2dJQ0FnSUNBZ0lDQWdJQ0FnSUNBZ1lYVjBiM1poYkdsa1lYUmxUVzlrWlRvZ1FYVjBiM1po
Shell: Ykdsa1lYUmxUVzlrWlM1dmJsVnpaWEpKYm5SbGNtRmpkR2x2Yml3S0lDQWdJQ0FnSUNBZ0lDQWdJQ0FnSUdsdWNIVjBSbTl5YldGMGRHVnljem9nV3dvZ0lDQWdJQ0FnSUNBZ0lDQWdJQ0FnSUNCR2FXeDBaWEpwYm1kVVpYaDBTVzV3ZFhSR2IzSnRZWFIwWlhJdVpHbG5hWFJ6VDI1c2VTd0tJQ0FnSUNBZ0lDQWdJQ0FnSUNBZ0lDQWdUR1Z1WjNSb1RHbHRhWFJwYm1kVVpYaDBTVzV3ZFhSR2IzSnRZWFIwWlhJb01pa3NDaUFnSUNBZ0lDQWdJQ0FnSUNBZ0lDQmRMQW9nSUNBZ0lDQWdJQ0FnSUNBZ0lDQWdaR1ZqYjNKaGRHbHZiam9nWTI5dWMzUWdTVzV3ZFhSRVpXTnZjbUYwYVc5dUtBb2dJQ0FnSUNBZ0lDQWdJQ0FnSUNBZ0lDQnBjMFJsYm5ObE9pQjBjblZsTEFvZ0lDQWdJQ0FnSUNBZ0lDQWdJQ0FnSUNCb2FXNTBWR1Y0ZERvZ0p6QW5MQW9nSUNBZ0lDQWdJQ0FnSUNBZ0lDQWdJQ0JpYjNKa1pYSTZJRTkxZEd4cGJtVkpibkIxZEVKdmNtUmxjaWdwTEFvZ0lDQWdJQ0FnSUNBZ0lDQWdJQ0FnSUNCbGNuSnZjazFoZUV4cGJtVnpPaUF4TEFvZ0lDQWdJQ0FnSUNBZ0lDQWdJQ0FnS1N3S0lDQWdJQ0FnSUNBZ0lDQWdJQ0FnSUhaaGJHbGtZWFJ2Y2pvZ0tISmhkeWtnZXdvZ0lDQWdJQ0FnSUNBZ0lDQWdJQ0FnSUNCbWFXNWhiQ0J3WVhKelpXUWdQU0JwYm5RdWRISjVVR0Z5YzJVb2NtRjNQeTUwY21sdEtDa2dQejhnSnljcE93b2dJQ0FnSUNBZ0lDQWdJQ0FnSUNBZ0lDQnBaaUFvY0dGeWMyVmtJRDA5SUc1MWJHd3BJSEpsZEhWeWJpQW5VbVZ4ZFdsekp6c0tJQ0FnSUNBZ0lDQWdJQ0FnSUNBZ0lDQWdhV1lnS0hCaGNuTmxaQ0ErSUcxaGVGWmhiSFZsS1NCeVpYUjFjbTRnSjAxaGVDQWtiV0Y0Vm1Gc2RXVW5Pd29nSUNBZ0lDQWdJQ0FnSUNBZ0lDQWdJQ0J5WlhSMWNtNGdiblZzYkRzS0lDQWdJQ0FnSUNBZ0lDQWdJQ0FnSUgwc0NpQWdJQ0FnSUNBZ0lDQWdJQ0FnSUNCdmJrTm9ZVzVuWldRNklDaHlZWGNwSUhzS0lDQWdJQ0FnSUNBZ0lDQWdJQ0FnSUNBZ1gyUnlZV1owVm1Gc2RXVnpXMnRsZVYwZ1BTQnBiblF1ZEhKNVVHRnljMlVvY21GM0tTQS9QeUF3T3dvZ0lDQWdJQ0FnSUNBZ0lDQWdJQ0FnZlN3S0lDQWdJQ0FnSUNBZ0lDQWdJQ0FwTEFvZ0lDQWdJQ0FnSUNBZ0lDQXBMQW9nSUNBZ0lDQWdJQ0FnSUNCamIyNXpkQ0JUYVhwbFpFSnZlQ2gzYVdSMGFEb2dNVEFwTEFvZ0lDQWdJQ0FnSUNBZ0lDQlRhWHBsWkVKdmVDZ0tJQ0FnSUNBZ0lDQWdJQ0FnSUNCM2FXUjBhRG9nTnpZc0NpQWdJQ0FnSUNBZ0lDQWdJQ0FnWTJocGJHUTZJRkJoWkdScGJtY29DaUFnSUNBZ0lDQWdJQ0FnSUNBZ0lDQndZV1JrYVc1bk9pQmpiMjV6ZENCRlpHZGxTVzV6WlhSekxtOXViSGtvZEc5d09pQXhOQ2tzQ2lBZ0lDQWdJQ0FnSUNBZ0lDQWdJQ0JqYUdsc1pEb2dWR1Y0ZENnS0lDQWdJQ0FnSUNBZ0lDQWdJQ0FnSUNBZ2JHRmlaV3dzQ2lBZ0lDQWdJQ0FnSUNBZ0lDQWdJQ0FnSUhOMGVXeGxPaUJVYUdWdFpTNXZaaWhqYjI1MFpYaDBLUzUwWlhoMFZHaGxiV1V1WW05a2VWTnRZV3hzTEFvZ0lDQWdJQ0FnSUNBZ0lDQWdJQ0FnS1N3S0lDQWdJQ0FnSUNBZ0lDQWdJQ0FwTEFvZ0lDQWdJQ0FnSUNBZ0lDQXBMQW9nSUNBZ0lDQWdJQ0FnWFN3S0lDQWdJQ0FnSUNBcExBb2dJQ0FnSUNBcExBb2dJQ0FnS1RzS0lDQjlDZ29nSUVaMWRIVnlaVHgyYjJsa1BpQmZjMkYyWlVGc2JDaE1hWE4wUEZObFlYTnZibEJ5WldScFkzUnBiMjVKZEdWdFBpQnBkR1Z0Y3lrZ1lYTjVibU1nZXdvZ0lDQWdabWx1WVd3Z2FYTldZV3hwWkNBOUlGOW1iM0p0UzJWNUxtTjFjbkpsYm5SVGRHRjBaVDh1ZG1Gc2FXUmhkR1VvS1NBL1B5Qm1ZV3h6WlRzS0lDQWdJR2xtSUNnaGFYTldZV3hwWkNrZ2V3b2dJQ0FnSUNCelpYUlRkR0YwWlNnb0tTQjdDaUFnSUNBZ0lDQWdYMlZ5Y205eUlEMGdKME52Y25KcFoyVWdiR1Z6SUhaaGJHVjFjbk1nYVc1a2FYRjF3NmxsY3lCaGRtRnVkQ0JrWlNCMllXeHBaR1Z5TGljN0NpQWdJQ0FnSUgwcE93b2dJQ0FnSUNCeVpYUjFjbTQ3Q2lBZ0lDQjlDZ29nSUNBZ2MyVjBVM1JoZEdVb0tDa2dld29nSUNBZ0lDQmZhWE5UWVhacGJtZEJiR3dnUFNCMGNuVmxPd29nSUNBZ0lDQmZaWEp5YjNJZ1BTQnVkV3hzT3dvZ0lDQWdmU2s3Q2lBZ0lDQjBjbmtnZXdvZ0lDQWdJQ0JtYVc1aGJDQnlaWEJ2YzJsMGIzSjVJRDBnY21WbUxuSmxZV1FvYzJWaGMyOXVVSEpsWkdsamRHbHZibk5TWlhCdmMybDBiM0o1VUhKdmRtbGtaWElwT3dvZ0lDQWdJQ0JtYjNJZ0tHWnBibUZzSUdsMFpXMGdhVzRnYVhSbGJYTXBJSHNLSUNBZ0lDQWdJQ0JtYVc1aGJDQnJaWGtnUFNBbkpIdHBkR1Z0TG5Cc1lYbGxja2xrZlRva2UybDBaVzB1WTJGMFpXZHZjbmw5SnpzS0lDQWdJQ0FnSUNCbWFXNWhiQ0IyWVd4MVpTQTlJRjlrY21GbWRGWmhiSFZsYzF0clpYbGRJRDgvSUdsMFpXMHVkbUZzZFdVN0NpQWdJQ0FnSUNBZ1lYZGhhWFFnY21Wd2IzTnBkRzl5ZVM1ellYWmxLR2wwWlcwdVkyOXdlVmRwZEdnb2RtRnNkV1U2SUhaaGJIVmxMQ0JwYzBacGJHeGxaRG9nZEhKMVpTa3BPd29nSUNBZ0lDQjlDaUFnSUNBZ0lGOWtjbUZtZEZaaGJIVmxjeTVqYkdWaGNpZ3BPd29nSUNBZ0lDQnlaV1l1YVc1MllXeHBaR0YwWlNoelpXRnpiMjVRY21Wa2FXTjBhVzl1YzFCeWIzWnBaR1Z5S1RzS0lDQWdJQ0FnWVhkaGFYUWdjbVZtTG5KbFlXUW9jMlZoYzI5dVVISmxaR2xqZEdsdmJuTlFjbTkyYVdSbGNpNW1kWFIxY21VcE93b2dJQ0FnSUNCcFppQW9iVzkxYm5SbFpDa2dld29nSUNBZ0lDQWdJRk5qWVdabWIyeGtUV1Z6YzJWdVoyVnlMbTltS0dOdmJuUmxlSFFwTG5Ob2IzZFRibUZqYTBKaGNpZ0tJQ0FnSUNBZ0lDQWdJR052Ym5OMElGTnVZV05yUW1GeUtHTnZiblJsYm5RNklGUmxlSFFvSjFCeWIyNXZjM1JwWTNNZ1pXNXlaV2RwYzNSeXc2bHpMaWNwS1N3S0lDQWdJQ0FnSUNBcE93b2dJQ0FnSUNCOUNpQWdJQ0I5SUdOaGRHTm9JQ2hsY25KdmNpa2dld29nSUNBZ0lDQnBaaUFvYlc5MWJuUmxaQ2tnYzJWMFUzUmhkR1VvS0NrZ1BUNGdYMlZ5Y205eUlEMGdhSFZ0WVc1cGVtVkZjbkp2
Shell: Y2lobGNuSnZjaWtwT3dvZ0lDQWdmU0JtYVc1aGJHeDVJSHNLSUNBZ0lDQWdhV1lnS0cxdmRXNTBaV1FwSUhObGRGTjBZWFJsS0NncElEMCtJRjlwYzFOaGRtbHVaMEZzYkNBOUlHWmhiSE5sS1RzS0lDQWdJSDBLSUNCOUNuMEsiLCJsaWIvZmVhdHVyZXMvcHJlZGljdGlvbnMvcHJlc2VudGF0aW9uL3dpZGdldHMvaW5saW5lX21hdGNoX3ByZWRpY3Rpb25fY2FyZC5kYXJ0IjoiYVcxd2IzSjBJQ2R3WVdOcllXZGxPbUZ6WDJkeWFXNTBZUzlqYjNKbEwzUm9aVzFsTDJGd2NGOTBhR1Z0WlM1a1lYSjBKenNLYVcxd2IzSjBJQ2R3WVdOcllXZGxPbUZ6WDJkeWFXNTBZUzlqYjNKbEwzVjBhV3h6TDJGd2NGOW1iM0p0WVhSekxtUmhjblFuT3dwcGJYQnZjblFnSjNCaFkydGhaMlU2WVhOZlozSnBiblJoTDJabFlYUjFjbVZ6TDIxaGRHTm9aWE12WkdGMFlTOXRZWFJqYUY5a1pYUmhhV3h6WDNKbGNHOXphWFJ2Y25rdVpHRnlkQ2M3Q21sdGNHOXlkQ0FuY0dGamEyRm5aVHBoYzE5bmNtbHVkR0V2Wm1WaGRIVnlaWE12YldGMFkyaGxjeTl3Y21WelpXNTBZWFJwYjI0dmQybGtaMlYwY3k5dFlYUmphRjl5WlhOMWJIUmZjMk52Y21WZlkyaHBjQzVrWVhKMEp6c0thVzF3YjNKMElDZHdZV05yWVdkbE9tRnpYMmR5YVc1MFlTOW1aV0YwZFhKbGN5OXdjbVZrYVdOMGFXOXVjeTlrWVhSaEwzQnlaV1JwWTNScGIyNXpYM0psY0c5emFYUnZjbmt1WkdGeWRDYzdDbWx0Y0c5eWRDQW5jR0ZqYTJGblpUcGhjMTluY21sdWRHRXZabVZoZEhWeVpYTXZjSEpsWkdsamRHbHZibk12Y0hKbGMyVnVkR0YwYVc5dUwzQnlaV1JwWTNScGIyNXpYMk52Ym5SeWIyeHNaWEl1WkdGeWRDYzdDbWx0Y0c5eWRDQW5jR0ZqYTJGblpUcG1iSFYwZEdWeUwyMWhkR1Z5YVdGc0xtUmhjblFuT3dwcGJYQnZjblFnSjNCaFkydGhaMlU2Wm14MWRIUmxjbDl5YVhabGNuQnZaQzltYkhWMGRHVnlYM0pwZG1WeWNHOWtMbVJoY25Rbk93cHBiWEJ2Y25RZ0ozQmhZMnRoWjJVNllYTmZaM0pwYm5SaEwyTnZjbVV2ZDJsa1oyVjBjeTluY21sdWRHRmZiRzloWkdWeUxtUmhjblFuT3dvS1ptbHVZV3dnYVc1c2FXNWxUV0YwWTJoUWNtVmthV04wYVc5dVVISnZkbWxrWlhJZ1BTQkdkWFIxY21WUWNtOTJhV1JsY2k1aGRYUnZSR2x6Y0c5elpRb2dJQ0FnTG1aaGJXbHNlVHhOWVhSamFGQnlaV1JwWTNScGIyNUpkR1Z0UHl3Z1UzUnlhVzVuUGlnb2NtVm1MQ0J0WVhSamFFbGtLU0I3Q2lBZ2NtVjBkWEp1SUhKbFppNTNZWFJqYUNod2NtVmthV04wYVc5dWMxSmxjRzl6YVhSdmNubFFjbTkyYVdSbGNpa3VabVYwWTJoTllYUmphRkJ5WldScFkzUnBiMjRvYldGMFkyaEpaQ2s3Q24wcE93b0tZMnhoYzNNZ1NXNXNhVzVsVFdGMFkyaFFjbVZrYVdOMGFXOXVRMkZ5WkNCbGVIUmxibVJ6SUVOdmJuTjFiV1Z5VTNSaGRHVm1kV3hYYVdSblpYUWdld29nSUdOdmJuTjBJRWx1YkdsdVpVMWhkR05vVUhKbFpHbGpkR2x2YmtOaGNtUW9ld29nSUNBZ2MzVndaWEl1YTJWNUxBb2dJQ0FnY21WeGRXbHlaV1FnZEdocGN5NXRZWFJqYUVsa0xBb2dJSDBwT3dvS0lDQm1hVzVoYkNCVGRISnBibWNnYldGMFkyaEpaRHNLQ2lBZ1FHOTJaWEp5YVdSbENpQWdRMjl1YzNWdFpYSlRkR0YwWlR4SmJteHBibVZOWVhSamFGQnlaV1JwWTNScGIyNURZWEprUGlCamNtVmhkR1ZUZEdGMFpTZ3BJRDArQ2lBZ0lDQWdJRjlKYm14cGJtVk5ZWFJqYUZCeVpXUnBZM1JwYjI1RFlYSmtVM1JoZEdVb0tUc0tmUW9LWTJ4aGMzTWdYMGx1YkdsdVpVMWhkR05vVUhKbFpHbGpkR2x2YmtOaGNtUlRkR0YwWlFvZ0lDQWdaWGgwWlc1a2N5QkRiMjV6ZFcxbGNsTjBZWFJsUEVsdWJHbHVaVTFoZEdOb1VISmxaR2xqZEdsdmJrTmhjbVErSUhzS0lDQnBiblEvSUY5elkyOXlaVWR5YVc1MFlUc0tJQ0JwYm5RL0lGOXpZMjl5WlU5d2NHOXVaVzUwT3dvZ0lHSnZiMncvSUY5MWMyVllNanNLSUNCaWIyOXNJRjl6WVhacGJtY2dQU0JtWVd4elpUc0tDaUFnUUc5MlpYSnlhV1JsQ2lBZ1YybGtaMlYwSUdKMWFXeGtLRUoxYVd4a1EyOXVkR1Y0ZENCamIyNTBaWGgwS1NCN0NpQWdJQ0JtYVc1aGJDQndjbVZrYVdOMGFXOXVJRDBnY21WbUxuZGhkR05vS0dsdWJHbHVaVTFoZEdOb1VISmxaR2xqZEdsdmJsQnliM1pwWkdWeUtIZHBaR2RsZEM1dFlYUmphRWxrS1NrN0NpQWdJQ0JtYVc1aGJDQmtaWFJoYVd4eklEMGdjbVZtTG5kaGRHTm9LRzFoZEdOb1JHVjBZV2xzYzFCeWIzWnBaR1Z5S0hkcFpHZGxkQzV0WVhSamFFbGtLU2s3Q2dvZ0lDQWdjbVYwZFhKdUlIQnlaV1JwWTNScGIyNHVkMmhsYmlnS0lDQWdJQ0FnYkc5aFpHbHVaem9nS0NrZ1BUNGdZMjl1YzNRZ1EyRnlaQ2dLSUNBZ0lDQWdJQ0JqYUdsc1pEb2dVR0ZrWkdsdVp5Z0tJQ0FnSUNBZ0lDQWdJSEJoWkdScGJtYzZJRVZrWjJWSmJuTmxkSE11WVd4c0tESTRLU3dLSUNBZ0lDQWdJQ0FnSUdOb2FXeGtPaUJEWlc1MFpYSW9ZMmhwYkdRNklFZHlhVzUwWVZCeWIyZHlaWE56U1c1a2FXTmhkRzl5S0NrcExBb2dJQ0FnSUNBZ0lDa3NDaUFnSUNBZ0lDa3NDaUFnSUNBZ0lHVnljbTl5T2lBb1pYSnliM0lzSUY4cElEMCtJRU5oY21Rb0NpQWdJQ0FnSUNBZ1kyaHBiR1E2SUZCaFpHUnBibWNvQ2lBZ0lDQWdJQ0FnSUNCd1lXUmthVzVuT2lCamIyNXpkQ0JGWkdkbFNXNXpaWFJ6TG1Gc2JDZ3hPQ2tzQ2lBZ0lDQWdJQ0FnSUNCamFHbHNaRG9nVkdWNGRDZ25KR1Z5Y205eUp5a3NDaUFnSUNBZ0lDQWdLU3dLSUNBZ0lDQWdLU3dLSUNBZ0lDQWdaR0YwWVRvZ0tHbDBaVzBwSUhzS0lDQWdJQ0FnSUNCcFppQW9hWFJsYlNBOVBTQnVkV3hzS1NCN0NpQWdJQ0FnSUNBZ0lDQnlaWFIxY200Z1kyOXVjM1FnUTJGeVpDZ0tJQ0FnSUNBZ0lDQWdJQ0FnWTJocGJHUTZJRkJoWkdScGJtY29DaUFnSUNBZ0lDQWdJQ0FnSUNBZ2NHRmtaR2x1WnpvZ1JXUm5aVWx1YzJWMGN5NWhiR3dvTVRncExBb2dJQ0FnSUNBZ0lDQWdJQ0FnSUdOb2FXeGtPaUJVWlhoMEtDZERaU0J0WVhSamFDQmxjM1FnYVc1MGNtOTFkbUZpYkdVdUp5a3NDaUFnSUNBZ0lDQWdJQ0FnSUNrc0NpQWdJQ0FnSUNBZ0lDQXBPd29nSUNB
Shell: Z0lDQWdJSDBLQ2lBZ0lDQWdJQ0FnWDNOamIzSmxSM0pwYm5SaElEOC9QU0JwZEdWdExuTmpiM0psUjNKcGJuUmhPd29nSUNBZ0lDQWdJRjl6WTI5eVpVOXdjRzl1Wlc1MElEOC9QU0JwZEdWdExuTmpiM0psVDNCd2IyNWxiblE3Q2lBZ0lDQWdJQ0FnWDNWelpWZ3lJRDgvUFNCcGRHVnRMblZ6WlZneU93b0tJQ0FnSUNBZ0lDQm1hVzVoYkNCbmNtbHVkR0VnUFNCZmMyTnZjbVZIY21sdWRHRWdQejhnYVhSbGJTNXpZMjl5WlVkeWFXNTBZVHNLSUNBZ0lDQWdJQ0JtYVc1aGJDQnZjSEJ2Ym1WdWRDQTlJRjl6WTI5eVpVOXdjRzl1Wlc1MElEOC9JR2wwWlcwdWMyTnZjbVZQY0hCdmJtVnVkRHNLSUNBZ0lDQWdJQ0JtYVc1aGJDQjFjMlZZTWlBOUlGOTFjMlZZTWlBL1B5QnBkR1Z0TG5WelpWZ3lPd29nSUNBZ0lDQWdJR1pwYm1Gc0lHTmhia1ZrYVhRZ1BTQnBkR1Z0TG1OaGJrVmthWFFnSmlZZ0lWOXpZWFpwYm1jN0Nnb2dJQ0FnSUNBZ0lHWnBibUZzSUdkeWFXNTBZVkJwWTJ0bGNpQTlJRVY0Y0dGdVpHVmtLQW9nSUNBZ0lDQWdJQ0FnWTJocGJHUTZJRjlUWTI5eVpWQnBZMnRsY2lnS0lDQWdJQ0FnSUNBZ0lDQWdiR0ZpWld3NklDZEJVeUJIY21sdWRHRW5MQW9nSUNBZ0lDQWdJQ0FnSUNCMllXeDFaVG9nWjNKcGJuUmhMQW9nSUNBZ0lDQWdJQ0FnSUNCbGJtRmliR1ZrT2lCallXNUZaR2wwTEFvZ0lDQWdJQ0FnSUNBZ0lDQnZiazFwYm5Wek9pQW9LU0E5UGlCelpYUlRkR0YwWlNnb0tTQjdDaUFnSUNBZ0lDQWdJQ0FnSUNBZ2FXWWdLR2R5YVc1MFlTQStJREFwSUY5elkyOXlaVWR5YVc1MFlTQTlJR2R5YVc1MFlTQXRJREU3Q2lBZ0lDQWdJQ0FnSUNBZ0lIMHBMQW9nSUNBZ0lDQWdJQ0FnSUNCdmJsQnNkWE02SUNncElEMCtJSE5sZEZOMFlYUmxLQ2dwSUQwK0lGOXpZMjl5WlVkeWFXNTBZU0E5SUdkeWFXNTBZU0FySURFcExBb2dJQ0FnSUNBZ0lDQWdLU3dLSUNBZ0lDQWdJQ0FwT3dvZ0lDQWdJQ0FnSUdacGJtRnNJRzl3Y0c5dVpXNTBVR2xqYTJWeUlEMGdSWGh3WVc1a1pXUW9DaUFnSUNBZ0lDQWdJQ0JqYUdsc1pEb2dYMU5qYjNKbFVHbGphMlZ5S0FvZ0lDQWdJQ0FnSUNBZ0lDQnNZV0psYkRvZ2FYUmxiUzV2Y0hCdmJtVnVkRTVoYldVc0NpQWdJQ0FnSUNBZ0lDQWdJSFpoYkhWbE9pQnZjSEJ2Ym1WdWRDd0tJQ0FnSUNBZ0lDQWdJQ0FnWlc1aFlteGxaRG9nWTJGdVJXUnBkQ3dLSUNBZ0lDQWdJQ0FnSUNBZ2IyNU5hVzUxY3pvZ0tDa2dQVDRnYzJWMFUzUmhkR1VvS0NrZ2V3b2dJQ0FnSUNBZ0lDQWdJQ0FnSUdsbUlDaHZjSEJ2Ym1WdWRDQStJREFwSUY5elkyOXlaVTl3Y0c5dVpXNTBJRDBnYjNCd2IyNWxiblFnTFNBeE93b2dJQ0FnSUNBZ0lDQWdJQ0I5S1N3S0lDQWdJQ0FnSUNBZ0lDQWdiMjVRYkhWek9pQW9LU0E5UGlCelpYUlRkR0YwWlNnb0tTQTlQaUJmYzJOdmNtVlBjSEJ2Ym1WdWRDQTlJRzl3Y0c5dVpXNTBJQ3NnTVNrc0NpQWdJQ0FnSUNBZ0lDQXBMQW9nSUNBZ0lDQWdJQ2s3Q2dvZ0lDQWdJQ0FnSUhKbGRIVnliaUJEYjI1MFlXbHVaWElvQ2lBZ0lDQWdJQ0FnSUNCM2FXUjBhRG9nWkc5MVlteGxMbWx1Wm1sdWFYUjVMQW9nSUNBZ0lDQWdJQ0FnY0dGa1pHbHVaem9nWTI5dWMzUWdSV1JuWlVsdWMyVjBjeTVoYkd3b01UUXBMQW9nSUNBZ0lDQWdJQ0FnWkdWamIzSmhkR2x2YmpvZ1FtOTRSR1ZqYjNKaGRHbHZiaWdLSUNBZ0lDQWdJQ0FnSUNBZ1kyOXNiM0k2SUdOdmJuTjBJRU52Ykc5eUtEQjRSa1l4TURKQk5UWXBMQW9nSUNBZ0lDQWdJQ0FnSUNCaWIzSmtaWEpTWVdScGRYTTZJRUp2Y21SbGNsSmhaR2wxY3k1amFYSmpkV3hoY2lneU1pa3NDaUFnSUNBZ0lDQWdJQ0FnSUdKdmNtUmxjam9nUW05eVpHVnlMbUZzYkNoamIyeHZjam9nWTI5dWMzUWdRMjlzYjNJb01IaEdSalJDT0VSR1Jpa3NJSGRwWkhSb09pQXhMalFwTEFvZ0lDQWdJQ0FnSUNBZ0tTd0tJQ0FnSUNBZ0lDQWdJR05vYVd4a09pQkRiMngxYlc0b0NpQWdJQ0FnSUNBZ0lDQWdJR055YjNOelFYaHBjMEZzYVdkdWJXVnVkRG9nUTNKdmMzTkJlR2x6UVd4cFoyNXRaVzUwTG5OMFlYSjBMQW9nSUNBZ0lDQWdJQ0FnSUNCamFHbHNaSEpsYmpvZ1d3b2dJQ0FnSUNBZ0lDQWdJQ0FnSUVGc2FXZHVLQW9nSUNBZ0lDQWdJQ0FnSUNBZ0lDQWdZV3hwWjI1dFpXNTBPaUJCYkdsbmJtMWxiblF1WTJWdWRHVnlVbWxuYUhRc0NpQWdJQ0FnSUNBZ0lDQWdJQ0FnSUNCamFHbHNaRG9nWDFOMFlYUjFjME5vYVhBb2FYUmxiVG9nYVhSbGJTa3NDaUFnSUNBZ0lDQWdJQ0FnSUNBZ0tTd0tJQ0FnSUNBZ0lDQWdJQ0FnSUNCamIyNXpkQ0JUYVhwbFpFSnZlQ2hvWldsbmFIUTZJREV3S1N3S0lDQWdJQ0FnSUNBZ0lDQWdJQ0JrWlhSaGFXeHpMbmRvWlc0b0NpQWdJQ0FnSUNBZ0lDQWdJQ0FnSUNCc2IyRmthVzVuT2lBb0tTQTlQaUJqYjI1emRDQkRaVzUwWlhJb0NpQWdJQ0FnSUNBZ0lDQWdJQ0FnSUNBZ0lHTm9hV3hrT2lCVGFYcGxaRUp2ZUM1emNYVmhjbVVvQ2lBZ0lDQWdJQ0FnSUNBZ0lDQWdJQ0FnSUNBZ1pHbHRaVzV6YVc5dU9pQXlOQ3dLSUNBZ0lDQWdJQ0FnSUNBZ0lDQWdJQ0FnSUNCamFHbHNaRG9nUjNKcGJuUmhVSEp2WjNKbGMzTkpibVJwWTJGMGIzSW9jM1J5YjJ0bFYybGtkR2c2SURJcExBb2dJQ0FnSUNBZ0lDQWdJQ0FnSUNBZ0lDQXBMQW9nSUNBZ0lDQWdJQ0FnSUNBZ0lDQWdLU3dLSUNBZ0lDQWdJQ0FnSUNBZ0lDQWdJR1Z5Y205eU9pQW9YeXdnWDE4cElEMCtJR052Ym5OMElGTnBlbVZrUW05NExuTm9jbWx1YXlncExBb2dJQ0FnSUNBZ0lDQWdJQ0FnSUNBZ1pHRjBZVG9nS0dSaGRHRXBJRDArSUY5SVpXRmtWRzlJWldGa0tHUmhkR0U2SUdSaGRHRXBMQW9nSUNBZ0lDQWdJQ0FnSUNBZ0lDa3NDaUFnSUNBZ0lDQWdJQ0FnSUNBZ1kyOXVjM1FnVTJsNlpXUkNiM2dvYUdWcFoyaDBPaUF4TWlrc0NpQWdJQ0FnSUNBZ0lDQWdJQ0FnWTI5dWMzUWdSR2wyYVdSbGNpaG9aV2xuYUhRNklERXBMQW9nSUNBZ0lDQWdJQ0FnSUNBZ0lHTnZibk4wSUZOcGVtVmtRbTk0S0dobGFXZG9kRG9nTVRJcExBb2dJQ0FnSUNBZ0lDQWdJQ0FnSUZSbGVIUW9DaUFnSUNB
Shell: Z0lDQWdJQ0FnSUNBZ0lDQW5VMk52Y21VZ3c2QWdiVzlrYVdacFpYSW5MQW9nSUNBZ0lDQWdJQ0FnSUNBZ0lDQWdjM1I1YkdVNklGUm9aVzFsTG05bUtHTnZiblJsZUhRcExuUmxlSFJVYUdWdFpTNTBhWFJzWlUxbFpHbDFiVDh1WTI5d2VWZHBkR2dvQ2lBZ0lDQWdJQ0FnSUNBZ0lDQWdJQ0FnSUNBZ0lDQm1iMjUwVjJWcFoyaDBPaUJHYjI1MFYyVnBaMmgwTG5jNE1EQXNDaUFnSUNBZ0lDQWdJQ0FnSUNBZ0lDQWdJQ0FnS1N3S0lDQWdJQ0FnSUNBZ0lDQWdJQ0FwTEFvZ0lDQWdJQ0FnSUNBZ0lDQWdJR052Ym5OMElGTnBlbVZrUW05NEtHaGxhV2RvZERvZ09Da3NDaUFnSUNBZ0lDQWdJQ0FnSUNBZ1VtOTNLQW9nSUNBZ0lDQWdJQ0FnSUNBZ0lDQWdZMmhwYkdSeVpXNDZJRnNLSUNBZ0lDQWdJQ0FnSUNBZ0lDQWdJQ0FnYVdZZ0tHbDBaVzB1YVhOSWIyMWxLU0JuY21sdWRHRlFhV05yWlhJZ1pXeHpaU0J2Y0hCdmJtVnVkRkJwWTJ0bGNpd0tJQ0FnSUNBZ0lDQWdJQ0FnSUNBZ0lDQWdZMjl1YzNRZ1ZHVjRkQ2duNG9DVEp5a3NDaUFnSUNBZ0lDQWdJQ0FnSUNBZ0lDQWdJR2xtSUNocGRHVnRMbWx6U0c5dFpTa2diM0J3YjI1bGJuUlFhV05yWlhJZ1pXeHpaU0JuY21sdWRHRlFhV05yWlhJc0NpQWdJQ0FnSUNBZ0lDQWdJQ0FnSUNCZExBb2dJQ0FnSUNBZ0lDQWdJQ0FnSUNrc0NpQWdJQ0FnSUNBZ0lDQWdJQ0FnWTI5dWMzUWdVMmw2WldSQ2IzZ29hR1ZwWjJoME9pQXhNaWtzQ2lBZ0lDQWdJQ0FnSUNBZ0lDQWdZMjl1YzNRZ1JHbDJhV1JsY2lob1pXbG5hSFE2SURFcExBb2dJQ0FnSUNBZ0lDQWdJQ0FnSUdOdmJuTjBJRk5wZW1Wa1FtOTRLR2hsYVdkb2REb2dNVElwTEFvZ0lDQWdJQ0FnSUNBZ0lDQWdJRlJsZUhRb0NpQWdJQ0FnSUNBZ0lDQWdJQ0FnSUNBblRHVnpJR052ZEdWekp5d0tJQ0FnSUNBZ0lDQWdJQ0FnSUNBZ0lITjBlV3hsT2lCVWFHVnRaUzV2WmloamIyNTBaWGgwS1M1MFpYaDBWR2hsYldVdWRHbDBiR1ZOWldScGRXMC9MbU52Y0hsWGFYUm9LQW9nSUNBZ0lDQWdJQ0FnSUNBZ0lDQWdJQ0FnSUNBZ1ptOXVkRmRsYVdkb2REb2dSbTl1ZEZkbGFXZG9kQzUzT0RBd0xBb2dJQ0FnSUNBZ0lDQWdJQ0FnSUNBZ0lDQWdJQ2tzQ2lBZ0lDQWdJQ0FnSUNBZ0lDQWdLU3dLSUNBZ0lDQWdJQ0FnSUNBZ0lDQmpiMjV6ZENCVGFYcGxaRUp2ZUNob1pXbG5hSFE2SURncExBb2dJQ0FnSUNBZ0lDQWdJQ0FnSUZKdmR5Z0tJQ0FnSUNBZ0lDQWdJQ0FnSUNBZ0lHTm9hV3hrY21WdU9pQmJDaUFnSUNBZ0lDQWdJQ0FnSUNBZ0lDQWdJRVY0Y0dGdVpHVmtLQW9nSUNBZ0lDQWdJQ0FnSUNBZ0lDQWdJQ0FnSUdOb2FXeGtPaUJmVDJSa0tBb2dJQ0FnSUNBZ0lDQWdJQ0FnSUNBZ0lDQWdJQ0FnYkdGaVpXdzZJQ2N4Snl3S0lDQWdJQ0FnSUNBZ0lDQWdJQ0FnSUNBZ0lDQWdJSFpoYkhWbE9pQkJjSEJHYjNKdFlYUnpMbTlrWkhNb2FYUmxiUzV2WkdSelYybHVLU3dLSUNBZ0lDQWdJQ0FnSUNBZ0lDQWdJQ0FnSUNBZ0lITmxiR1ZqZEdWa09pQm5jbWx1ZEdFZ1BpQnZjSEJ2Ym1WdWRDd0tJQ0FnSUNBZ0lDQWdJQ0FnSUNBZ0lDQWdJQ0FnSUdGalkyVnVkRG9nWTI5dWMzUWdRMjlzYjNJb01IaEdSak01UlRjNE5Da3NDaUFnSUNBZ0lDQWdJQ0FnSUNBZ0lDQWdJQ0FnS1N3S0lDQWdJQ0FnSUNBZ0lDQWdJQ0FnSUNBZ0tTd0tJQ0FnSUNBZ0lDQWdJQ0FnSUNBZ0lDQWdZMjl1YzNRZ1UybDZaV1JDYjNnb2QybGtkR2c2SURncExBb2dJQ0FnSUNBZ0lDQWdJQ0FnSUNBZ0lDQkZlSEJoYm1SbFpDZ0tJQ0FnSUNBZ0lDQWdJQ0FnSUNBZ0lDQWdJQ0JqYUdsc1pEb2dYMDlrWkNnS0lDQWdJQ0FnSUNBZ0lDQWdJQ0FnSUNBZ0lDQWdJR3hoWW1Wc09pQW5UaWNzQ2lBZ0lDQWdJQ0FnSUNBZ0lDQWdJQ0FnSUNBZ0lDQjJZV3gxWlRvZ1FYQndSbTl5YldGMGN5NXZaR1J6S0dsMFpXMHViMlJrYzBSeVlYY3BMQW9nSUNBZ0lDQWdJQ0FnSUNBZ0lDQWdJQ0FnSUNBZ2MyVnNaV04wWldRNklHZHlhVzUwWVNBOVBTQnZjSEJ2Ym1WdWRDd0tJQ0FnSUNBZ0lDQWdJQ0FnSUNBZ0lDQWdJQ0FnSUdGalkyVnVkRG9nWTI5dWMzUWdRMjlzYjNJb01IaEdSa1UxT1VFeFJpa3NDaUFnSUNBZ0lDQWdJQ0FnSUNBZ0lDQWdJQ0FnS1N3S0lDQWdJQ0FnSUNBZ0lDQWdJQ0FnSUNBZ0tTd0tJQ0FnSUNBZ0lDQWdJQ0FnSUNBZ0lDQWdZMjl1YzNRZ1UybDZaV1JDYjNnb2QybGtkR2c2SURncExBb2dJQ0FnSUNBZ0lDQWdJQ0FnSUNBZ0lDQkZlSEJoYm1SbFpDZ0tJQ0FnSUNBZ0lDQWdJQ0FnSUNBZ0lDQWdJQ0JqYUdsc1pEb2dYMDlrWkNnS0lDQWdJQ0FnSUNBZ0lDQWdJQ0FnSUNBZ0lDQWdJR3hoWW1Wc09pQW5NaWNzQ2lBZ0lDQWdJQ0FnSUNBZ0lDQWdJQ0FnSUNBZ0lDQjJZV3gxWlRvZ1FYQndSbTl5YldGMGN5NXZaR1J6S0dsMFpXMHViMlJrYzB4dmMzTXBMQW9nSUNBZ0lDQWdJQ0FnSUNBZ0lDQWdJQ0FnSUNBZ2MyVnNaV04wWldRNklHZHlhVzUwWVNBOElHOXdjRzl1Wlc1MExBb2dJQ0FnSUNBZ0lDQWdJQ0FnSUNBZ0lDQWdJQ0FnWVdOalpXNTBPaUJqYjI1emRDQkRiMnh2Y2lnd2VFWkdSa1kyUWpaQ0tTd0tJQ0FnSUNBZ0lDQWdJQ0FnSUNBZ0lDQWdJQ0FwTEFvZ0lDQWdJQ0FnSUNBZ0lDQWdJQ0FnSUNBcExBb2dJQ0FnSUNBZ0lDQWdJQ0FnSUNBZ1hTd0tJQ0FnSUNBZ0lDQWdJQ0FnSUNBcExBb2dJQ0FnSUNBZ0lDQWdJQ0FnSUdOdmJuTjBJRk5wZW1Wa1FtOTRLR2hsYVdkb2REb2dNVEFwTEFvZ0lDQWdJQ0FnSUNBZ0lDQWdJRU52Ym5SaGFXNWxjaWdLSUNBZ0lDQWdJQ0FnSUNBZ0lDQWdJSEJoWkdScGJtYzZDaUFnSUNBZ0lDQWdJQ0FnSUNBZ0lDQWdJQ0FnWTI5dWMzUWdSV1JuWlVsdWMyVjBjeTV6ZVcxdFpYUnlhV01vYUc5eWFYcHZiblJoYkRvZ01USXNJSFpsY25ScFkyRnNPaUEzS1N3S0lDQWdJQ0FnSUNBZ0lDQWdJQ0FnSUdSbFkyOXlZWFJwYjI0NklFSnZlRVJsWTI5eVlYUnBiMjRvQ2lBZ0lDQWdJQ0FnSUNBZ0lDQWdJQ0FnSUdOdmJHOXlPaUJEYjJ4dmNuTXVkMmhwZEdVdWQybDBhRlpoYkhWbGN5aGhiSEJvWVRvZ0xqQXpOU2tzQ2lBZ0lDQWdJQ0FnSUNB
Shell: Z0lDQWdJQ0FnSUdKdmNtUmxjbEpoWkdsMWN6b2dRbTl5WkdWeVVtRmthWFZ6TG1OcGNtTjFiR0Z5S0RFMktTd0tJQ0FnSUNBZ0lDQWdJQ0FnSUNBZ0lDQWdZbTl5WkdWeU9pQkNiM0prWlhJdVlXeHNLR052Ykc5eU9pQkJjSEJVYUdWdFpTNXZkWFJzYVc1bEtTd0tJQ0FnSUNBZ0lDQWdJQ0FnSUNBZ0lDa3NDaUFnSUNBZ0lDQWdJQ0FnSUNBZ0lDQmphR2xzWkRvZ1VtOTNLQW9nSUNBZ0lDQWdJQ0FnSUNBZ0lDQWdJQ0JqYUdsc1pISmxiam9nV3dvZ0lDQWdJQ0FnSUNBZ0lDQWdJQ0FnSUNBZ0lHTnZibk4wSUVsamIyNG9TV052Ym5NdVltOXNkRjl5YjNWdVpHVmtLU3dLSUNBZ0lDQWdJQ0FnSUNBZ0lDQWdJQ0FnSUNCamIyNXpkQ0JUYVhwbFpFSnZlQ2gzYVdSMGFEb2dPQ2tzQ2lBZ0lDQWdJQ0FnSUNBZ0lDQWdJQ0FnSUNBZ1JYaHdZVzVrWldRb0NpQWdJQ0FnSUNBZ0lDQWdJQ0FnSUNBZ0lDQWdJQ0JqYUdsc1pEb2dRMjlzZFcxdUtBb2dJQ0FnSUNBZ0lDQWdJQ0FnSUNBZ0lDQWdJQ0FnSUNCamNtOXpjMEY0YVhOQmJHbG5ibTFsYm5RNklFTnliM056UVhocGMwRnNhV2R1YldWdWRDNXpkR0Z5ZEN3S0lDQWdJQ0FnSUNBZ0lDQWdJQ0FnSUNBZ0lDQWdJQ0FnYldGcGJrRjRhWE5UYVhwbE9pQk5ZV2x1UVhocGMxTnBlbVV1YldsdUxBb2dJQ0FnSUNBZ0lDQWdJQ0FnSUNBZ0lDQWdJQ0FnSUNCamFHbHNaSEpsYmpvZ1d3b2dJQ0FnSUNBZ0lDQWdJQ0FnSUNBZ0lDQWdJQ0FnSUNBZ0lHTnZibk4wSUZSbGVIUW9DaUFnSUNBZ0lDQWdJQ0FnSUNBZ0lDQWdJQ0FnSUNBZ0lDQWdJQ0FuUVdOMGFYWmxjaUJzWlNERGx6SW5MQW9nSUNBZ0lDQWdJQ0FnSUNBZ0lDQWdJQ0FnSUNBZ0lDQWdJQ0FnYzNSNWJHVTZJRlJsZUhSVGRIbHNaU2htYjI1MFYyVnBaMmgwT2lCR2IyNTBWMlZwWjJoMExuYzRNREFwTEFvZ0lDQWdJQ0FnSUNBZ0lDQWdJQ0FnSUNBZ0lDQWdJQ0FnSUNrc0NpQWdJQ0FnSUNBZ0lDQWdJQ0FnSUNBZ0lDQWdJQ0FnSUNBZ1ZHVjRkQ2dLSUNBZ0lDQWdJQ0FnSUNBZ0lDQWdJQ0FnSUNBZ0lDQWdJQ0FnSUNja2UybDBaVzB1ZURKQmRtRnBiR0ZpYkdWOUlHVnVJSExEcVhObGNuWmxKeXdLSUNBZ0lDQWdJQ0FnSUNBZ0lDQWdJQ0FnSUNBZ0lDQWdJQ0FnSUhOMGVXeGxPaUJqYjI1emRDQlVaWGgwVTNSNWJHVW9DaUFnSUNBZ0lDQWdJQ0FnSUNBZ0lDQWdJQ0FnSUNBZ0lDQWdJQ0FnSUdOdmJHOXlPaUJCY0hCVWFHVnRaUzUwWlhoMFUyVmpiMjVrWVhKNUxBb2dJQ0FnSUNBZ0lDQWdJQ0FnSUNBZ0lDQWdJQ0FnSUNBZ0lDQWdJQ0JtYjI1MFUybDZaVG9nTVRJc0NpQWdJQ0FnSUNBZ0lDQWdJQ0FnSUNBZ0lDQWdJQ0FnSUNBZ0lDQXBMQW9nSUNBZ0lDQWdJQ0FnSUNBZ0lDQWdJQ0FnSUNBZ0lDQWdJQ2tzQ2lBZ0lDQWdJQ0FnSUNBZ0lDQWdJQ0FnSUNBZ0lDQWdJRjBzQ2lBZ0lDQWdJQ0FnSUNBZ0lDQWdJQ0FnSUNBZ0lDQXBMQW9nSUNBZ0lDQWdJQ0FnSUNBZ0lDQWdJQ0FnSUNrc0NpQWdJQ0FnSUNBZ0lDQWdJQ0FnSUNBZ0lDQWdVM2RwZEdOb0tBb2dJQ0FnSUNBZ0lDQWdJQ0FnSUNBZ0lDQWdJQ0FnZG1Gc2RXVTZJSFZ6WlZneUxBb2dJQ0FnSUNBZ0lDQWdJQ0FnSUNBZ0lDQWdJQ0FnYldGMFpYSnBZV3hVWVhCVVlYSm5aWFJUYVhwbE9pQk5ZWFJsY21saGJGUmhjRlJoY21kbGRGTnBlbVV1YzJoeWFXNXJWM0poY0N3S0lDQWdJQ0FnSUNBZ0lDQWdJQ0FnSUNBZ0lDQWdJRzl1UTJoaGJtZGxaRG9nSVdOaGJrVmthWFFnZkh3Z0tDRjFjMlZZTWlBbUppQnBkR1Z0TG5neVFYWmhhV3hoWW14bElEdzlJREFwQ2lBZ0lDQWdJQ0FnSUNBZ0lDQWdJQ0FnSUNBZ0lDQWdJQ0FnUHlCdWRXeHNDaUFnSUNBZ0lDQWdJQ0FnSUNBZ0lDQWdJQ0FnSUNBZ0lDQWdPaUFvZG1Gc2RXVXBJRDArSUhObGRGTjBZWFJsS0NncElEMCtJRjkxYzJWWU1pQTlJSFpoYkhWbEtTd0tJQ0FnSUNBZ0lDQWdJQ0FnSUNBZ0lDQWdJQ0FwTEFvZ0lDQWdJQ0FnSUNBZ0lDQWdJQ0FnSUNCZExBb2dJQ0FnSUNBZ0lDQWdJQ0FnSUNBZ0tTd0tJQ0FnSUNBZ0lDQWdJQ0FnSUNBcExBb2dJQ0FnSUNBZ0lDQWdJQ0FnSUdOdmJuTjBJRk5wZW1Wa1FtOTRLR2hsYVdkb2REb2dNVElwTEFvZ0lDQWdJQ0FnSUNBZ0lDQWdJRk5wZW1Wa1FtOTRLQW9nSUNBZ0lDQWdJQ0FnSUNBZ0lDQWdkMmxrZEdnNklHUnZkV0pzWlM1cGJtWnBibWwwZVN3S0lDQWdJQ0FnSUNBZ0lDQWdJQ0FnSUdOb2FXeGtPaUJHYVd4c1pXUkNkWFIwYjI0dWFXTnZiaWdLSUNBZ0lDQWdJQ0FnSUNBZ0lDQWdJQ0FnYzNSNWJHVTZJRVpwYkd4bFpFSjFkSFJ2Ymk1emRIbHNaVVp5YjIwb0NpQWdJQ0FnSUNBZ0lDQWdJQ0FnSUNBZ0lDQWdiV2x1YVcxMWJWTnBlbVU2SUdOdmJuTjBJRk5wZW1VdVpuSnZiVWhsYVdkb2RDZzBOQ2tzQ2lBZ0lDQWdJQ0FnSUNBZ0lDQWdJQ0FnSUNBZ2RHRndWR0Z5WjJWMFUybDZaVG9nVFdGMFpYSnBZV3hVWVhCVVlYSm5aWFJUYVhwbExuTm9jbWx1YTFkeVlYQXNDaUFnSUNBZ0lDQWdJQ0FnSUNBZ0lDQWdJQ2tzQ2lBZ0lDQWdJQ0FnSUNBZ0lDQWdJQ0FnSUc5dVVISmxjM05sWkRvZ1kyRnVSV1JwZENBL0lDZ3BJRDArSUY5ellYWmxLR2wwWlcwcElEb2diblZzYkN3S0lDQWdJQ0FnSUNBZ0lDQWdJQ0FnSUNBZ2FXTnZiam9nWDNOaGRtbHVad29nSUNBZ0lDQWdJQ0FnSUNBZ0lDQWdJQ0FnSUNBZ1B5QmpiMjV6ZENCVGFYcGxaRUp2ZUNnS0lDQWdJQ0FnSUNBZ0lDQWdJQ0FnSUNBZ0lDQWdJQ0FnSUNCM2FXUjBhRG9nTVRnc0NpQWdJQ0FnSUNBZ0lDQWdJQ0FnSUNBZ0lDQWdJQ0FnSUNBZ2FHVnBaMmgwT2lBeE9Dd0tJQ0FnSUNBZ0lDQWdJQ0FnSUNBZ0lDQWdJQ0FnSUNBZ0lDQmphR2xzWkRvZ1IzSnBiblJoVUhKdlozSmxjM05KYm1ScFkyRjBiM0lvYzNSeWIydGxWMmxrZEdnNklESXBMQW9nSUNBZ0lDQWdJQ0FnSUNBZ0lDQWdJQ0FnSUNBZ0lDQXBDaUFnSUNBZ0lDQWdJQ0FnSUNBZ0lDQWdJQ0FnSUNBNklHTnZibk4wSUVsamIyNG9TV052Ym5NdWMyRjJaVjl2ZFhSc2FXNWxaQ2tzQ2lBZ0lDQWdJQ0FnSUNBZ0lDQWdJQ0FnSUd4aFltVnNPaUJqYjI1emRDQlVaWGgwS0Nk
Shell: RmJuSmxaMmx6ZEhKbGNpY3BMQW9nSUNBZ0lDQWdJQ0FnSUNBZ0lDQWdLU3dLSUNBZ0lDQWdJQ0FnSUNBZ0lDQXBMQW9nSUNBZ0lDQWdJQ0FnSUNBZ0lHTnZibk4wSUZOcGVtVmtRbTk0S0dobGFXZG9kRG9nTmlrc0NpQWdJQ0FnSUNBZ0lDQWdJQ0FnWTI5dWMzUWdWR1Y0ZENnS0lDQWdJQ0FnSUNBZ0lDQWdJQ0FnSUNkTmIyUnBabWxoWW14bElHcDFjM0YxNG9DWnc2QWdOU0J0YVc1MWRHVnpJR0YyWVc1MElHeGxJR052ZFhBZ1pPS0FtV1Z1ZG05cEp5d0tJQ0FnSUNBZ0lDQWdJQ0FnSUNBZ0lITjBlV3hsT2lCVVpYaDBVM1I1YkdVb1kyOXNiM0k2SUVGd2NGUm9aVzFsTG5SbGVIUlRaV052Ym1SaGNua3NJR1p2Ym5SVGFYcGxPaUF4TWlrc0NpQWdJQ0FnSUNBZ0lDQWdJQ0FnS1N3S0lDQWdJQ0FnSUNBZ0lDQWdYU3dLSUNBZ0lDQWdJQ0FnSUNrc0NpQWdJQ0FnSUNBZ0tUc0tJQ0FnSUNBZ2ZTd0tJQ0FnSUNrN0NpQWdmUW9LSUNCR2RYUjFjbVU4ZG05cFpENGdYM05oZG1Vb1RXRjBZMmhRY21Wa2FXTjBhVzl1U1hSbGJTQnBkR1Z0S1NCaGMzbHVZeUI3Q2lBZ0lDQnpaWFJUZEdGMFpTZ29LU0E5UGlCZmMyRjJhVzVuSUQwZ2RISjFaU2s3Q2lBZ0lDQjBjbmtnZXdvZ0lDQWdJQ0JoZDJGcGRDQnlaV1l1Y21WaFpDaHdjbVZrYVdOMGFXOXVjMUpsY0c5emFYUnZjbmxRY205MmFXUmxjaWt1YzJGMlpWQnlaV1JwWTNScGIyNG9DaUFnSUNBZ0lDQWdJQ0FnSUcxaGRHTm9TV1E2SUdsMFpXMHViV0YwWTJoSlpDd0tJQ0FnSUNBZ0lDQWdJQ0FnYzJOdmNtVkhjbWx1ZEdFNklGOXpZMjl5WlVkeWFXNTBZU0EvUHlCcGRHVnRMbk5qYjNKbFIzSnBiblJoTEFvZ0lDQWdJQ0FnSUNBZ0lDQnpZMjl5WlU5d2NHOXVaVzUwT2lCZmMyTnZjbVZQY0hCdmJtVnVkQ0EvUHlCcGRHVnRMbk5qYjNKbFQzQndiMjVsYm5Rc0NpQWdJQ0FnSUNBZ0lDQWdJSFZ6WlZneU9pQmZkWE5sV0RJZ1B6OGdhWFJsYlM1MWMyVllNaXdLSUNBZ0lDQWdJQ0FnSUNrN0NpQWdJQ0FnSUhKbFpnb2dJQ0FnSUNBZ0lDNHVhVzUyWVd4cFpHRjBaU2hwYm14cGJtVk5ZWFJqYUZCeVpXUnBZM1JwYjI1UWNtOTJhV1JsY2loM2FXUm5aWFF1YldGMFkyaEpaQ2twQ2lBZ0lDQWdJQ0FnTGk1cGJuWmhiR2xrWVhSbEtHMWhkR05vUkdWMFlXbHNjMUJ5YjNacFpHVnlLSGRwWkdkbGRDNXRZWFJqYUVsa0tTazdDaUFnSUNBZ0lHRjNZV2wwSUhKbFppNXlaV0ZrS0hCeVpXUnBZM1JwYjI1elEyOXVkSEp2Ykd4bGNsQnliM1pwWkdWeUxtNXZkR2xtYVdWeUtTNXNiMkZrS0NrN0NpQWdJQ0FnSUdsbUlDaHRiM1Z1ZEdWa0tTQjdDaUFnSUNBZ0lDQWdVMk5oWm1admJHUk5aWE56Wlc1blpYSXViMllvWTI5dWRHVjRkQ2t1YzJodmQxTnVZV05yUW1GeUtBb2dJQ0FnSUNBZ0lDQWdZMjl1YzNRZ1UyNWhZMnRDWVhJb1kyOXVkR1Z1ZERvZ1ZHVjRkQ2duVUhKdmJtOXpkR2xqSUdWdWNtVm5hWE4wY3NPcExpY3BLU3dLSUNBZ0lDQWdJQ0FwT3dvZ0lDQWdJQ0I5Q2lBZ0lDQjlJR1pwYm1Gc2JIa2dld29nSUNBZ0lDQnBaaUFvYlc5MWJuUmxaQ2tnYzJWMFUzUmhkR1VvS0NrZ1BUNGdYM05oZG1sdVp5QTlJR1poYkhObEtUc0tJQ0FnSUgwS0lDQjlDbjBLQ21Oc1lYTnpJRjlUZEdGMGRYTkRhR2x3SUdWNGRHVnVaSE1nVTNSaGRHVnNaWE56VjJsa1oyVjBJSHNLSUNCamIyNXpkQ0JmVTNSaGRIVnpRMmhwY0NoN2NtVnhkV2x5WldRZ2RHaHBjeTVwZEdWdGZTazdDZ29nSUdacGJtRnNJRTFoZEdOb1VISmxaR2xqZEdsdmJrbDBaVzBnYVhSbGJUc0tDaUFnUUc5MlpYSnlhV1JsQ2lBZ1YybGtaMlYwSUdKMWFXeGtLRUoxYVd4a1EyOXVkR1Y0ZENCamIyNTBaWGgwS1NCN0NpQWdJQ0J5WlhSMWNtNGdRMjl1ZEdGcGJtVnlLQW9nSUNBZ0lDQndZV1JrYVc1bk9pQmpiMjV6ZENCRlpHZGxTVzV6WlhSekxuTjViVzFsZEhKcFl5aG9iM0pwZW05dWRHRnNPaUF4TUN3Z2RtVnlkR2xqWVd3NklEWXBMQW9nSUNBZ0lDQmtaV052Y21GMGFXOXVPaUJDYjNoRVpXTnZjbUYwYVc5dUtBb2dJQ0FnSUNBZ0lHTnZiRzl5T2lCcGRHVnRMbWx6Um1sc2JHVmtDaUFnSUNBZ0lDQWdJQ0FnSUQ4Z1kyOXVjM1FnUTI5c2IzSW9NSGhHUmpNNVJUYzROQ2t1ZDJsMGFGWmhiSFZsY3loaGJIQm9ZVG9nTGpFd0tRb2dJQ0FnSUNBZ0lDQWdJQ0E2SUVOdmJHOXljeTUzYUdsMFpTNTNhWFJvVm1Gc2RXVnpLR0ZzY0doaE9pQXVNRFFwTEFvZ0lDQWdJQ0FnSUdKdmNtUmxjbEpoWkdsMWN6b2dRbTl5WkdWeVVtRmthWFZ6TG1OcGNtTjFiR0Z5S0RrNUtTd0tJQ0FnSUNBZ0lDQmliM0prWlhJNklFSnZjbVJsY2k1aGJHd29DaUFnSUNBZ0lDQWdJQ0JqYjJ4dmNqb2dhWFJsYlM1cGMwWnBiR3hsWkFvZ0lDQWdJQ0FnSUNBZ0lDQWdJRDhnWTI5dWMzUWdRMjlzYjNJb01IaEdSak01UlRjNE5Da3VkMmwwYUZaaGJIVmxjeWhoYkhCb1lUb2dMak0wS1FvZ0lDQWdJQ0FnSUNBZ0lDQWdJRG9nUVhCd1ZHaGxiV1V1YjNWMGJHbHVaU3dLSUNBZ0lDQWdJQ0FwTEFvZ0lDQWdJQ0FwTEFvZ0lDQWdJQ0JqYUdsc1pEb2dWR1Y0ZENnS0lDQWdJQ0FnSUNCcGRHVnRMbWx6Um1sc2JHVmtJRDhnSjBWdWNtVm5hWE4wY3NPcEp5QTZJQ2ZEZ0NCellXbHphWEluTEFvZ0lDQWdJQ0FnSUhOMGVXeGxPaUJVWlhoMFUzUjViR1VvQ2lBZ0lDQWdJQ0FnSUNCamIyeHZjam9LSUNBZ0lDQWdJQ0FnSUNBZ0lDQnBkR1Z0TG1selJtbHNiR1ZrSUQ4Z1kyOXVjM1FnUTI5c2IzSW9NSGhHUmpZNVJUazVRaWtnT2lCQmNIQlVhR1Z0WlM1MFpYaDBVMlZqYjI1a1lYSjVMQW9nSUNBZ0lDQWdJQ0FnWm05dWRGZGxhV2RvZERvZ1JtOXVkRmRsYVdkb2RDNTNOekF3TEFvZ0lDQWdJQ0FnSUNrc0NpQWdJQ0FnSUNrc0NpQWdJQ0FwT3dvZ0lIMEtmUW9LWTJ4aGMzTWdYMGhsWVdSVWIwaGxZV1FnWlhoMFpXNWtjeUJUZEdGMFpXeGxjM05YYVdSblpYUWdld29nSUdOdmJuTjBJRjlJWldGa1ZHOUlaV0ZrS0h0eVpYRjFhWEpsWkNCMGFHbHpMbVJoZEdGOUtUc0tDaUFnWm1sdVlXd2dUV0YwWTJoRVpYUmhhV3h6UkdGMFlTQmtZWFJoT3dvS0lDQkFiM1psY25KcFpHVUtJQ0JYYVdS
Shell: blpYUWdZblZwYkdRb1FuVnBiR1JEYjI1MFpYaDBJR052Ym5SbGVIUXBJSHNLSUNBZ0lHWnBibUZzSUcxaGRHTm9aWE1nUFNCa1lYUmhMbWhsWVdSVWIwaGxZV1F1ZEdGclpTZzFLUzUwYjB4cGMzUW9LVHNLSUNBZ0lISmxkSFZ5YmlCRGIyeDFiVzRvQ2lBZ0lDQWdJR055YjNOelFYaHBjMEZzYVdkdWJXVnVkRG9nUTNKdmMzTkJlR2x6UVd4cFoyNXRaVzUwTG5OMFlYSjBMQW9nSUNBZ0lDQmphR2xzWkhKbGJqb2dXd29nSUNBZ0lDQWdJR052Ym5OMElGUmxlSFFvQ2lBZ0lDQWdJQ0FnSUNBblRHVnpJRFVnWkdWeWJtbkRxSEpsY3lCeVpXNWpiMjUwY21Wekp5d0tJQ0FnSUNBZ0lDQWdJSE4wZVd4bE9pQlVaWGgwVTNSNWJHVW9abTl1ZEZkbGFXZG9kRG9nUm05dWRGZGxhV2RvZEM1M09EQXdLU3dLSUNBZ0lDQWdJQ0FwTEFvZ0lDQWdJQ0FnSUdOdmJuTjBJRk5wZW1Wa1FtOTRLR2hsYVdkb2REb2dPQ2tzQ2lBZ0lDQWdJQ0FnYVdZZ0tHMWhkR05vWlhNdWFYTkZiWEIwZVNrS0lDQWdJQ0FnSUNBZ0lHTnZibk4wSUZSbGVIUW9DaUFnSUNBZ0lDQWdJQ0FnSUNkQmRXTjFibVVnWTI5dVpuSnZiblJoZEdsdmJpQndjc09wWThPcFpHVnVkR1V1Snl3S0lDQWdJQ0FnSUNBZ0lDQWdjM1I1YkdVNklGUmxlSFJUZEhsc1pTaGpiMnh2Y2pvZ1FYQndWR2hsYldVdWRHVjRkRk5sWTI5dVpHRnllU2tzQ2lBZ0lDQWdJQ0FnSUNBcENpQWdJQ0FnSUNBZ1pXeHpaUW9nSUNBZ0lDQWdJQ0FnVjNKaGNDZ0tJQ0FnSUNBZ0lDQWdJQ0FnYzNCaFkybHVaem9nTml3S0lDQWdJQ0FnSUNBZ0lDQWdjblZ1VTNCaFkybHVaem9nTml3S0lDQWdJQ0FnSUNBZ0lDQWdZMmhwYkdSeVpXNDZJRzFoZEdOb1pYTXViV0Z3S0NodFlYUmphQ2tnZXdvZ0lDQWdJQ0FnSUNBZ0lDQWdJSEpsZEhWeWJpQk5ZWFJqYUZKbGMzVnNkRk5qYjNKbFEyaHBjQ2dLSUNBZ0lDQWdJQ0FnSUNBZ0lDQWdJSE5qYjNKbFIzSnBiblJoT2lCdFlYUmphQzV6WTI5eVpVZHlhVzUwWVNBL1B5QXdMQW9nSUNBZ0lDQWdJQ0FnSUNBZ0lDQWdjMk52Y21WUGNIQnZibVZ1ZERvZ2JXRjBZMmd1YzJOdmNtVlBjSEJ2Ym1WdWRDQS9QeUF3TEFvZ0lDQWdJQ0FnSUNBZ0lDQWdJQ2s3Q2lBZ0lDQWdJQ0FnSUNBZ0lIMHBMblJ2VEdsemRDZ3BMQW9nSUNBZ0lDQWdJQ0FnS1N3S0lDQWdJQ0FnWFN3S0lDQWdJQ2s3Q2lBZ2ZRcDlDZ3BqYkdGemN5QmZVMk52Y21WUWFXTnJaWElnWlhoMFpXNWtjeUJUZEdGMFpXeGxjM05YYVdSblpYUWdld29nSUdOdmJuTjBJRjlUWTI5eVpWQnBZMnRsY2loN0NpQWdJQ0J5WlhGMWFYSmxaQ0IwYUdsekxteGhZbVZzTEFvZ0lDQWdjbVZ4ZFdseVpXUWdkR2hwY3k1MllXeDFaU3dLSUNBZ0lISmxjWFZwY21Wa0lIUm9hWE11Wlc1aFlteGxaQ3dLSUNBZ0lISmxjWFZwY21Wa0lIUm9hWE11YjI1TmFXNTFjeXdLSUNBZ0lISmxjWFZwY21Wa0lIUm9hWE11YjI1UWJIVnpMQW9nSUgwcE93b0tJQ0JtYVc1aGJDQlRkSEpwYm1jZ2JHRmlaV3c3Q2lBZ1ptbHVZV3dnYVc1MElIWmhiSFZsT3dvZ0lHWnBibUZzSUdKdmIyd2daVzVoWW14bFpEc0tJQ0JtYVc1aGJDQldiMmxrUTJGc2JHSmhZMnNnYjI1TmFXNTFjenNLSUNCbWFXNWhiQ0JXYjJsa1EyRnNiR0poWTJzZ2IyNVFiSFZ6T3dvS0lDQkFiM1psY25KcFpHVUtJQ0JYYVdSblpYUWdZblZwYkdRb1FuVnBiR1JEYjI1MFpYaDBJR052Ym5SbGVIUXBJSHNLSUNBZ0lISmxkSFZ5YmlCRGIyeDFiVzRvQ2lBZ0lDQWdJRzFoYVc1QmVHbHpVMmw2WlRvZ1RXRnBia0Y0YVhOVGFYcGxMbTFwYml3S0lDQWdJQ0FnWTJocGJHUnlaVzQ2SUZzS0lDQWdJQ0FnSUNCVVpYaDBLQW9nSUNBZ0lDQWdJQ0FnYkdGaVpXd3NDaUFnSUNBZ0lDQWdJQ0J0WVhoTWFXNWxjem9nTWl3S0lDQWdJQ0FnSUNBZ0lHOTJaWEptYkc5M09pQlVaWGgwVDNabGNtWnNiM2N1Wld4c2FYQnphWE1zQ2lBZ0lDQWdJQ0FnSUNCMFpYaDBRV3hwWjI0NklGUmxlSFJCYkdsbmJpNWpaVzUwWlhJc0NpQWdJQ0FnSUNBZ0tTd0tJQ0FnSUNBZ0lDQlNiM2NvQ2lBZ0lDQWdJQ0FnSUNCdFlXbHVRWGhwYzBGc2FXZHViV1Z1ZERvZ1RXRnBia0Y0YVhOQmJHbG5ibTFsYm5RdVkyVnVkR1Z5TEFvZ0lDQWdJQ0FnSUNBZ1kyaHBiR1J5Wlc0NklGc0tJQ0FnSUNBZ0lDQWdJQ0FnU1dOdmJrSjFkSFJ2YmlnS0lDQWdJQ0FnSUNBZ0lDQWdJQ0IyYVhOMVlXeEVaVzV6YVhSNU9pQldhWE4xWVd4RVpXNXphWFI1TG1OdmJYQmhZM1FzQ2lBZ0lDQWdJQ0FnSUNBZ0lDQWdZMjl1YzNSeVlXbHVkSE02SUdOdmJuTjBJRUp2ZUVOdmJuTjBjbUZwYm5SektHMXBibGRwWkhSb09pQTBNQ3dnYldsdVNHVnBaMmgwT2lBME1Da3NDaUFnSUNBZ0lDQWdJQ0FnSUNBZ2NHRmtaR2x1WnpvZ1JXUm5aVWx1YzJWMGN5NTZaWEp2TEFvZ0lDQWdJQ0FnSUNBZ0lDQWdJRzl1VUhKbGMzTmxaRG9nWlc1aFlteGxaQ0FtSmlCMllXeDFaU0ErSURBZ1B5QnZiazFwYm5WeklEb2diblZzYkN3S0lDQWdJQ0FnSUNBZ0lDQWdJQ0JwWTI5dU9pQmpiMjV6ZENCSlkyOXVLRWxqYjI1ekxuSmxiVzkyWlY5amFYSmpiR1ZmYjNWMGJHbHVaU2tzQ2lBZ0lDQWdJQ0FnSUNBZ0lDa3NDaUFnSUNBZ0lDQWdJQ0FnSUZSbGVIUW9DaUFnSUNBZ0lDQWdJQ0FnSUNBZ0p5UjJZV3gxWlNjc0NpQWdJQ0FnSUNBZ0lDQWdJQ0FnYzNSNWJHVTZJRlJvWlcxbExtOW1LR052Ym5SbGVIUXBMblJsZUhSVWFHVnRaUzVvWldGa2JHbHVaVk50WVd4c1B5NWpiM0I1VjJsMGFDZ0tJQ0FnSUNBZ0lDQWdJQ0FnSUNBZ0lDQWdJQ0JtYjI1MFYyVnBaMmgwT2lCR2IyNTBWMlZwWjJoMExuYzRNREFzQ2lBZ0lDQWdJQ0FnSUNBZ0lDQWdJQ0FnSUNrc0NpQWdJQ0FnSUNBZ0lDQWdJQ2tzQ2lBZ0lDQWdJQ0FnSUNBZ0lFbGpiMjVDZFhSMGIyNG9DaUFnSUNBZ0lDQWdJQ0FnSUNBZ2RtbHpkV0ZzUkdWdWMybDBlVG9nVm1semRXRnNSR1Z1YzJsMGVTNWpiMjF3WVdOMExBb2dJQ0FnSUNBZ0lDQWdJQ0FnSUdOdmJuTjBjbUZwYm5Sek9pQmpiMjV6ZENCQ2IzaERiMjV6ZEhKaGFXNTBjeWh0YVc1WGFXUjBhRG9nTkRBc0lHMXBia2hsYVdkb2REb2dOREFwTEFv
Shell: Z0lDQWdJQ0FnSUNBZ0lDQWdJSEJoWkdScGJtYzZJRVZrWjJWSmJuTmxkSE11ZW1WeWJ5d0tJQ0FnSUNBZ0lDQWdJQ0FnSUNCdmJsQnlaWE56WldRNklHVnVZV0pzWldRZ1B5QnZibEJzZFhNZ09pQnVkV3hzTEFvZ0lDQWdJQ0FnSUNBZ0lDQWdJR2xqYjI0NklHTnZibk4wSUVsamIyNG9TV052Ym5NdVlXUmtYMk5wY21Oc1pWOXZkWFJzYVc1bEtTd0tJQ0FnSUNBZ0lDQWdJQ0FnS1N3S0lDQWdJQ0FnSUNBZ0lGMHNDaUFnSUNBZ0lDQWdLU3dLSUNBZ0lDQWdYU3dLSUNBZ0lDazdDaUFnZlFwOUNncGpiR0Z6Y3lCZlQyUmtJR1Y0ZEdWdVpITWdVM1JoZEdWc1pYTnpWMmxrWjJWMElIc0tJQ0JqYjI1emRDQmZUMlJrS0hzS0lDQWdJSEpsY1hWcGNtVmtJSFJvYVhNdWJHRmlaV3dzQ2lBZ0lDQnlaWEYxYVhKbFpDQjBhR2x6TG5aaGJIVmxMQW9nSUNBZ2NtVnhkV2x5WldRZ2RHaHBjeTV6Wld4bFkzUmxaQ3dLSUNBZ0lISmxjWFZwY21Wa0lIUm9hWE11WVdOalpXNTBMQW9nSUgwcE93b0tJQ0JtYVc1aGJDQlRkSEpwYm1jZ2JHRmlaV3c3Q2lBZ1ptbHVZV3dnVTNSeWFXNW5JSFpoYkhWbE93b2dJR1pwYm1Gc0lHSnZiMndnYzJWc1pXTjBaV1E3Q2dvZ0lDOHZMeUJEYjNWc1pYVnlJR1IxSUhMRHFYTjFiSFJoZENBb01TQjJaWEowTENCT0lHOXlZVzVuWlN3Z01pQnliM1ZuWlNrc0lHRndjR3hwY1hYRHFXVWd3NkFnYkdFS0lDQXZMeThnYzhPcGJHVmpkR2x2Ymk0S0lDQm1hVzVoYkNCRGIyeHZjaUJoWTJObGJuUTdDZ29nSUVCdmRtVnljbWxrWlFvZ0lGZHBaR2RsZENCaWRXbHNaQ2hDZFdsc1pFTnZiblJsZUhRZ1kyOXVkR1Y0ZENrZ2V3b2dJQ0FnY21WMGRYSnVJRUZ1YVcxaGRHVmtRMjl1ZEdGcGJtVnlLQW9nSUNBZ0lDQmtkWEpoZEdsdmJqb2dZMjl1YzNRZ1JIVnlZWFJwYjI0b2JXbHNiR2x6WldOdmJtUnpPaUF4TlRBcExBb2dJQ0FnSUNCd1lXUmthVzVuT2lCamIyNXpkQ0JGWkdkbFNXNXpaWFJ6TG5ONWJXMWxkSEpwWXloMlpYSjBhV05oYkRvZ09Da3NDaUFnSUNBZ0lHUmxZMjl5WVhScGIyNDZJRUp2ZUVSbFkyOXlZWFJwYjI0b0NpQWdJQ0FnSUNBZ1kyOXNiM0k2SUhObGJHVmpkR1ZrSUQ4Z1lXTmpaVzUwTG5kcGRHaFdZV3gxWlhNb1lXeHdhR0U2SUM0eE5pa2dPaUJ1ZFd4c0xBb2dJQ0FnSUNBZ0lHSnZjbVJsY2xKaFpHbDFjem9nUW05eVpHVnlVbUZrYVhWekxtTnBjbU4xYkdGeUtERTBLU3dLSUNBZ0lDQWdJQ0JpYjNKa1pYSTZJRUp2Y21SbGNpNWhiR3dvQ2lBZ0lDQWdJQ0FnSUNCamIyeHZjam9nYzJWc1pXTjBaV1FnUHlCaFkyTmxiblFnT2lCQmNIQlVhR1Z0WlM1dmRYUnNhVzVsTEFvZ0lDQWdJQ0FnSUNBZ2QybGtkR2c2SUhObGJHVmpkR1ZrSUQ4Z01pQTZJREVzQ2lBZ0lDQWdJQ0FnS1N3S0lDQWdJQ0FnS1N3S0lDQWdJQ0FnWTJocGJHUTZJRU52YkhWdGJpZ0tJQ0FnSUNBZ0lDQmphR2xzWkhKbGJqb2dXd29nSUNBZ0lDQWdJQ0FnVkdWNGRDZ0tJQ0FnSUNBZ0lDQWdJQ0FnYkdGaVpXd3NDaUFnSUNBZ0lDQWdJQ0FnSUhOMGVXeGxPaUJVWlhoMFUzUjViR1VvQ2lBZ0lDQWdJQ0FnSUNBZ0lDQWdabTl1ZEZkbGFXZG9kRG9nUm05dWRGZGxhV2RvZEM1M09EQXdMQW9nSUNBZ0lDQWdJQ0FnSUNBZ0lHTnZiRzl5T2lCelpXeGxZM1JsWkNBL0lHRmpZMlZ1ZENBNklHNTFiR3dzQ2lBZ0lDQWdJQ0FnSUNBZ0lDa3NDaUFnSUNBZ0lDQWdJQ0FwTEFvZ0lDQWdJQ0FnSUNBZ1kyOXVjM1FnVTJsNlpXUkNiM2dvYUdWcFoyaDBPaUF5S1N3S0lDQWdJQ0FnSUNBZ0lGUmxlSFFvQ2lBZ0lDQWdJQ0FnSUNBZ0lIWmhiSFZsTEFvZ0lDQWdJQ0FnSUNBZ0lDQnpkSGxzWlRvZ1ZHVjRkRk4wZVd4bEtBb2dJQ0FnSUNBZ0lDQWdJQ0FnSUdadmJuUlhaV2xuYUhRNklFWnZiblJYWldsbmFIUXVkemt3TUN3S0lDQWdJQ0FnSUNBZ0lDQWdJQ0JqYjJ4dmNqb2djMlZzWldOMFpXUWdQeUJoWTJObGJuUWdPaUJ1ZFd4c0xBb2dJQ0FnSUNBZ0lDQWdJQ0FwTEFvZ0lDQWdJQ0FnSUNBZ0tTd0tJQ0FnSUNBZ0lDQmRMQW9nSUNBZ0lDQXBMQW9nSUNBZ0tUc0tJQ0I5Q24wSyIsImxpYi9mZWF0dXJlcy9wcmVkaWN0aW9ucy9wcmVzZW50YXRpb24vd2lkZ2V0cy9wcmVtaXVtX3NlYXNvbl9nYXVnZXMuZGFydCI6ImFXMXdiM0owSUNka1lYSjBPbTFoZEdnbklHRnpJRzFoZEdnN0NncHBiWEJ2Y25RZ0ozQmhZMnRoWjJVNllYTmZaM0pwYm5SaEwyTnZjbVV2ZFhScGJITXZZWEJ3WDJadmNtMWhkSE11WkdGeWRDYzdDbWx0Y0c5eWRDQW5jR0ZqYTJGblpUcGhjMTluY21sdWRHRXZabVZoZEhWeVpYTXZjSEpsWkdsamRHbHZibk12WkdGMFlTOXpaV0Z6YjI1ZmNISmxaR2xqZEdsdmJuTmZjbVZ3YjNOcGRHOXllUzVrWVhKMEp6c0thVzF3YjNKMElDZHdZV05yWVdkbE9tWnNkWFIwWlhJdmJXRjBaWEpwWVd3dVpHRnlkQ2M3Q21sdGNHOXlkQ0FuY0dGamEyRm5aVHBoYzE5bmNtbHVkR0V2WTI5eVpTOTNhV1JuWlhSekwyZHlhVzUwWVY5c2IyRmtaWEl1WkdGeWRDYzdDZ3BqYjI1emRDQmZaM0psWlc0Z1BTQkRiMnh2Y2lnd2VFWkdNemxGTnpnMEtUc0tZMjl1YzNRZ1gzQmxjbk52Ym1Gc1VISmxaR2xqZEdsdmJpQTlJRU52Ykc5eUtEQjRSa1pHUmtKRk0wUXBPd3BqYjI1emRDQmZiV1ZrYVdGdVVISmxaR2xqZEdsdmJpQTlJRU52Ykc5eUtEQjRSa1k1UWpaRFJrWXBPd29LUTI5c2IzSWdaMkYxWjJWQlkyTmxiblJHYjNJb1UzUnlhVzVuSUd0bGVTa2dld29nSUhKbGRIVnliaUJqYjI1emRDQkRiMnh2Y2lnd2VFWkdORUkyUmtaR0tUc0tmUW9LWTJ4aGMzTWdVSEpsYldsMWJWTmxZWE52YmtkaGRXZGxRMkZ5WkNCbGVIUmxibVJ6SUZOMFlYUmxiR1Z6YzFkcFpHZGxkQ0I3Q2lBZ1kyOXVjM1FnVUhKbGJXbDFiVk5sWVhOdmJrZGhkV2RsUTJGeVpDaDdDaUFnSUNCemRYQmxjaTVyWlhrc0NpQWdJQ0J5WlhGMWFYSmxaQ0IwYUdsekxtZGhkV2RsTEFvZ0lDQWdjbVZ4ZFdseVpXUWdkR2hwY3k1elkyRnNaVTFoZUN3S0lDQWdJSEpsY1hWcGNtVmtJSFJvYVhNdWIyNVBjR1Z1UVd4c0xBb2dJQ0FnY21WeGRXbHlaV1FnZEdocGN5NXZiazl3Wlc1TlpXUnBZ
Shell: VzRzQ2lBZ0lDQjBhR2x6TG5CbGNuTnZibUZzVUhKbFpHbGpkR2x2Yml3S0lDQjlLVHNLQ2lBZ1ptbHVZV3dnVUd4aGVXVnlSMkYxWjJVZ1oyRjFaMlU3Q2lBZ1ptbHVZV3dnYVc1MElITmpZV3hsVFdGNE93b2dJR1pwYm1Gc0lGWnZhV1JEWVd4c1ltRmpheUJ2Yms5d1pXNUJiR3c3Q2lBZ1ptbHVZV3dnVm05cFpFTmhiR3hpWVdOcklHOXVUM0JsYmsxbFpHbGhianNLSUNCbWFXNWhiQ0JwYm5RL0lIQmxjbk52Ym1Gc1VISmxaR2xqZEdsdmJqc0tDaUFnUUc5MlpYSnlhV1JsQ2lBZ1YybGtaMlYwSUdKMWFXeGtLRUoxYVd4a1EyOXVkR1Y0ZENCamIyNTBaWGgwS1NCN0NpQWdJQ0JtYVc1aGJDQmhZMk5sYm5RZ1BTQm5ZWFZuWlVGalkyVnVkRVp2Y2lobllYVm5aUzV3YkdGNVpYSkpaQ2s3Q2lBZ0lDQm1hVzVoYkNCeWIzVnVaR1ZrVFdWa2FXRnVJRDBLSUNBZ0lDQWdJQ0JuWVhWblpTNXdjbVZrYVdOMGFXOXVjeTVwYzBWdGNIUjVJRDhnYm5Wc2JDQTZJR2RoZFdkbExtMWxaR2xoYmk1eWIzVnVaRlJ2Ukc5MVlteGxLQ2s3Q2dvZ0lDQWdjbVYwZFhKdUlFTnZiblJoYVc1bGNpZ0tJQ0FnSUNBZ2JXRnlaMmx1T2lCamIyNXpkQ0JGWkdkbFNXNXpaWFJ6TG05dWJIa29ZbTkwZEc5dE9pQXhNQ2tzQ2lBZ0lDQWdJR1JsWTI5eVlYUnBiMjQ2SUVKdmVFUmxZMjl5WVhScGIyNG9DaUFnSUNBZ0lDQWdZbTl5WkdWeVVtRmthWFZ6T2lCQ2IzSmtaWEpTWVdScGRYTXVZMmx5WTNWc1lYSW9NalFwTEFvZ0lDQWdJQ0FnSUdOdmJHOXlPaUJqYjI1emRDQkRiMnh2Y2lnd2VFWkdNRGd4TmpKREtTd0tJQ0FnSUNBZ0lDQmliM0prWlhJNklFSnZjbVJsY2k1aGJHd29ZMjlzYjNJNklHRmpZMlZ1ZEM1M2FYUm9WbUZzZFdWektHRnNjR2hoT2lBdU1qZ3BLU3dLSUNBZ0lDQWdJQ0JpYjNoVGFHRmtiM2M2SUZzS0lDQWdJQ0FnSUNBZ0lFSnZlRk5vWVdSdmR5Z0tJQ0FnSUNBZ0lDQWdJQ0FnWTI5c2IzSTZJR0ZqWTJWdWRDNTNhWFJvVm1Gc2RXVnpLR0ZzY0doaE9pQXVNVElwTEFvZ0lDQWdJQ0FnSUNBZ0lDQmliSFZ5VW1Ga2FYVnpPaUF5Tml3S0lDQWdJQ0FnSUNBZ0lDQWdjM0J5WldGa1VtRmthWFZ6T2lBdE5Td0tJQ0FnSUNBZ0lDQWdJQ2tzQ2lBZ0lDQWdJQ0FnWFN3S0lDQWdJQ0FnS1N3S0lDQWdJQ0FnWTJocGJHUTZJRTFoZEdWeWFXRnNLQW9nSUNBZ0lDQWdJR052Ykc5eU9pQkRiMnh2Y25NdWRISmhibk53WVhKbGJuUXNDaUFnSUNBZ0lDQWdZMmhwYkdRNklFbHVhMWRsYkd3b0NpQWdJQ0FnSUNBZ0lDQnZibFJoY0RvZ2IyNVBjR1Z1UVd4c0xBb2dJQ0FnSUNBZ0lDQWdZbTl5WkdWeVVtRmthWFZ6T2lCQ2IzSmtaWEpTWVdScGRYTXVZMmx5WTNWc1lYSW9NalFwTEFvZ0lDQWdJQ0FnSUNBZ1kyaHBiR1E2SUZCaFpHUnBibWNvQ2lBZ0lDQWdJQ0FnSUNBZ0lIQmhaR1JwYm1jNklHTnZibk4wSUVWa1oyVkpibk5sZEhNdVpuSnZiVXhVVWtJb01UWXNJREUwTENBeE5pd2dNVE1wTEFvZ0lDQWdJQ0FnSUNBZ0lDQmphR2xzWkRvZ1EyOXNkVzF1S0FvZ0lDQWdJQ0FnSUNBZ0lDQWdJR055YjNOelFYaHBjMEZzYVdkdWJXVnVkRG9nUTNKdmMzTkJlR2x6UVd4cFoyNXRaVzUwTG5OMFlYSjBMQW9nSUNBZ0lDQWdJQ0FnSUNBZ0lHTm9hV3hrY21WdU9pQmJDaUFnSUNBZ0lDQWdJQ0FnSUNBZ0lDQlVaWGgwS0FvZ0lDQWdJQ0FnSUNBZ0lDQWdJQ0FnSUNCbllYVm5aUzV3YkdGNVpYSk9ZVzFsTEFvZ0lDQWdJQ0FnSUNBZ0lDQWdJQ0FnSUNCdFlYaE1hVzVsY3pvZ01Td0tJQ0FnSUNBZ0lDQWdJQ0FnSUNBZ0lDQWdiM1psY21ac2IzYzZJRlJsZUhSUGRtVnlabXh2ZHk1bGJHeHBjSE5wY3l3S0lDQWdJQ0FnSUNBZ0lDQWdJQ0FnSUNBZ2MzUjViR1U2SUZSb1pXMWxMbTltS0dOdmJuUmxlSFFwTG5SbGVIUlVhR1Z0WlM1MGFYUnNaVXhoY21kbFB5NWpiM0I1VjJsMGFDZ0tJQ0FnSUNBZ0lDQWdJQ0FnSUNBZ0lDQWdJQ0FnSUNBZ1ptOXVkRmRsYVdkb2REb2dSbTl1ZEZkbGFXZG9kQzUzT1RBd0xBb2dJQ0FnSUNBZ0lDQWdJQ0FnSUNBZ0lDQWdJQ0FnSUNCc1pYUjBaWEpUY0dGamFXNW5PaUF0TGpNc0NpQWdJQ0FnSUNBZ0lDQWdJQ0FnSUNBZ0lDQWdJQ0FwTEFvZ0lDQWdJQ0FnSUNBZ0lDQWdJQ0FnS1N3S0lDQWdJQ0FnSUNBZ0lDQWdJQ0FnSUdOdmJuTjBJRk5wZW1Wa1FtOTRLR2hsYVdkb2REb2dNVElwTEFvZ0lDQWdJQ0FnSUNBZ0lDQWdJQ0FnVUhKbGJXbDFiVWRoZFdkbFRHbHVaU2dLSUNBZ0lDQWdJQ0FnSUNBZ0lDQWdJQ0FnWVdOMGRXRnNPaUJuWVhWblpTNWhZM1IxWVd3c0NpQWdJQ0FnSUNBZ0lDQWdJQ0FnSUNBZ0lHWmhiR3hpWVdOclRXRjRPaUJ6WTJGc1pVMWhlQ3dLSUNBZ0lDQWdJQ0FnSUNBZ0lDQWdJQ0FnYldWa2FXRnVPaUJ5YjNWdVpHVmtUV1ZrYVdGdUxBb2dJQ0FnSUNBZ0lDQWdJQ0FnSUNBZ0lDQndaWEp6YjI1aGJGQnlaV1JwWTNScGIyNDZJSEJsY25OdmJtRnNVSEpsWkdsamRHbHZiaXdLSUNBZ0lDQWdJQ0FnSUNBZ0lDQWdJQ0FnWVdOalpXNTBPaUJoWTJObGJuUXNDaUFnSUNBZ0lDQWdJQ0FnSUNBZ0lDQWdJRzl1VFdWa2FXRnVWR0Z3T2lCeWIzVnVaR1ZrVFdWa2FXRnVJRDA5SUc1MWJHd2dQeUJ1ZFd4c0lEb2diMjVQY0dWdVRXVmthV0Z1TEFvZ0lDQWdJQ0FnSUNBZ0lDQWdJQ0FnS1N3S0lDQWdJQ0FnSUNBZ0lDQWdJQ0JkTEFvZ0lDQWdJQ0FnSUNBZ0lDQXBMQW9nSUNBZ0lDQWdJQ0FnS1N3S0lDQWdJQ0FnSUNBcExBb2dJQ0FnSUNBcExBb2dJQ0FnS1RzS0lDQjlDbjBLQ21Oc1lYTnpJRkJ5WlcxcGRXMUhZWFZuWlV4cGJtVWdaWGgwWlc1a2N5QlRkR0YwWld4bGMzTlhhV1JuWlhRZ2V3b2dJR052Ym5OMElGQnlaVzFwZFcxSFlYVm5aVXhwYm1Vb2V3b2dJQ0FnYzNWd1pYSXVhMlY1TEFvZ0lDQWdjbVZ4ZFdseVpXUWdkR2hwY3k1aFkzUjFZV3dzQ2lBZ0lDQnlaWEYxYVhKbFpDQjBhR2x6TG1aaGJHeGlZV05yVFdGNExBb2dJQ0FnY21WeGRXbHlaV1FnZEdocGN5NXRaV1JwWVc0c0NpQWdJQ0J5WlhGMWFYSmxaQ0IwYUdsekxuQmxjbk52Ym1Gc1VISmxaR2xqZEdsdmJpd0tJQ0FnSUhKbGNYVnBjbVZrSUhSb2FYTXVZ
Shell: V05qWlc1MExBb2dJQ0FnY21WeGRXbHlaV1FnZEdocGN5NXZiazFsWkdsaGJsUmhjQ3dLSUNCOUtUc0tDaUFnWm1sdVlXd2dhVzUwSUdGamRIVmhiRHNLSUNCbWFXNWhiQ0JwYm5RZ1ptRnNiR0poWTJ0TllYZzdDaUFnWm1sdVlXd2daRzkxWW14bFB5QnRaV1JwWVc0N0NpQWdabWx1WVd3Z2FXNTBQeUJ3WlhKemIyNWhiRkJ5WldScFkzUnBiMjQ3Q2lBZ1ptbHVZV3dnUTI5c2IzSWdZV05qWlc1ME93b2dJR1pwYm1Gc0lGWnZhV1JEWVd4c1ltRmphejhnYjI1TlpXUnBZVzVVWVhBN0Nnb2dJRUJ2ZG1WeWNtbGtaUW9nSUZkcFpHZGxkQ0JpZFdsc1pDaENkV2xzWkVOdmJuUmxlSFFnWTI5dWRHVjRkQ2tnZXdvZ0lDQWdjbVYwZFhKdUlFeGhlVzkxZEVKMWFXeGtaWElvQ2lBZ0lDQWdJR0oxYVd4a1pYSTZJQ2hqYjI1MFpYaDBMQ0JqYjI1emRISmhhVzUwY3lrZ2V3b2dJQ0FnSUNBZ0lHTnZibk4wSUcxaGNtdGxjbEpoWkdsMWN5QTlJREUyTGpBN0NpQWdJQ0FnSUNBZ1ptbHVZV3dnZFhOaFlteGxJRDBnYldGMGFDNXRZWGdvTVM0d0xDQmpiMjV6ZEhKaGFXNTBjeTV0WVhoWGFXUjBhQ0F0SUcxaGNtdGxjbEpoWkdsMWN5QXFJRElwT3dvZ0lDQWdJQ0FnSUdacGJtRnNJSEp2ZFc1a1pXUk5aV1JwWVc0Z1BTQnRaV1JwWVc0L0xuSnZkVzVrVkc5RWIzVmliR1VvS1RzS0lDQWdJQ0FnSUNCbWFXNWhiQ0JzWVhKblpYTjBUV0Z5YTJWeUlEMGdiV0YwYUM1dFlYZ29DaUFnSUNBZ0lDQWdJQ0JoWTNSMVlXd3VkRzlFYjNWaWJHVW9LU3dLSUNBZ0lDQWdJQ0FnSUcxaGRHZ3ViV0Y0S0FvZ0lDQWdJQ0FnSUNBZ0lDQnliM1Z1WkdWa1RXVmthV0Z1SUQ4L0lEQXNDaUFnSUNBZ0lDQWdJQ0FnSUhCbGNuTnZibUZzVUhKbFpHbGpkR2x2Ymo4dWRHOUViM1ZpYkdVb0tTQS9QeUF3TEFvZ0lDQWdJQ0FnSUNBZ0tTd0tJQ0FnSUNBZ0lDQXBPd29nSUNBZ0lDQWdJR1pwYm1Gc0lIWnBjM1ZoYkUxaGVDQTlJRzFoZEdndWJXRjRLQW9nSUNBZ0lDQWdJQ0FnYldGMGFDNXRZWGdvTVM0d0xDQm1ZV3hzWW1GamEwMWhlQzUwYjBSdmRXSnNaU2dwS1N3S0lDQWdJQ0FnSUNBZ0lHeGhjbWRsYzNSTllYSnJaWElnS2lBeExqRTFMQW9nSUNBZ0lDQWdJQ2s3Q2dvZ0lDQWdJQ0FnSUdSdmRXSnNaU0I0Um05eUtHNTFiU0IyWVd4MVpTa2dld29nSUNBZ0lDQWdJQ0FnYVdZZ0tISnZkVzVrWldSTlpXUnBZVzRnUFQwZ2JuVnNiQ2tnZXdvZ0lDQWdJQ0FnSUNBZ0lDQm1hVzVoYkNCeVlYUnBieUE5SUNoMllXeDFaU0F2SUhacGMzVmhiRTFoZUNrdVkyeGhiWEFvTUM0d0xDQXhMakFwT3dvZ0lDQWdJQ0FnSUNBZ0lDQnlaWFIxY200Z2JXRnlhMlZ5VW1Ga2FYVnpJQ3NnZFhOaFlteGxJQ29nY21GMGFXODdDaUFnSUNBZ0lDQWdJQ0I5Q2dvZ0lDQWdJQ0FnSUNBZ1kyOXVjM1FnWTJWdWRHVnlVbUYwYVc4Z1BTQXVOVHNLSUNBZ0lDQWdJQ0FnSUdacGJtRnNJRzUxYldWeWFXTldZV3gxWlNBOUlIWmhiSFZsTG5SdlJHOTFZbXhsS0NrN0NpQWdJQ0FnSUNBZ0lDQm1hVzVoYkNCdFpXUnBZVzVXWVd4MVpTQTlJSEp2ZFc1a1pXUk5aV1JwWVc0N0NpQWdJQ0FnSUNBZ0lDQnBaaUFvYm5WdFpYSnBZMVpoYkhWbElEdzlJRzFsWkdsaGJsWmhiSFZsS1NCN0NpQWdJQ0FnSUNBZ0lDQWdJR1pwYm1Gc0lHeGxablJTWVhScGJ5QTlJRzFsWkdsaGJsWmhiSFZsSUR3OUlEQUtJQ0FnSUNBZ0lDQWdJQ0FnSUNBZ0lEOGdZMlZ1ZEdWeVVtRjBhVzhLSUNBZ0lDQWdJQ0FnSUNBZ0lDQWdJRG9nS0c1MWJXVnlhV05XWVd4MVpTQXZJRzFsWkdsaGJsWmhiSFZsS1M1amJHRnRjQ2d3TGpBc0lERXVNQ2tnS2lCalpXNTBaWEpTWVhScGJ6c0tJQ0FnSUNBZ0lDQWdJQ0FnY21WMGRYSnVJRzFoY210bGNsSmhaR2wxY3lBcklIVnpZV0pzWlNBcUlHeGxablJTWVhScGJ6c0tJQ0FnSUNBZ0lDQWdJSDBLQ2lBZ0lDQWdJQ0FnSUNCbWFXNWhiQ0J5YVdkb2RFMWhlQ0E5SUcxaGRHZ3ViV0Y0S0FvZ0lDQWdJQ0FnSUNBZ0lDQnRaV1JwWVc1V1lXeDFaU0FySURFc0NpQWdJQ0FnSUNBZ0lDQWdJRzFoZEdndWJXRjRLSFpwYzNWaGJFMWhlQ3dnYkdGeVoyVnpkRTFoY210bGNpa3NDaUFnSUNBZ0lDQWdJQ0FwT3dvZ0lDQWdJQ0FnSUNBZ1ptbHVZV3dnY21sbmFIUlNZWFJwYnlBOUNpQWdJQ0FnSUNBZ0lDQWdJQ0FnS0NodWRXMWxjbWxqVm1Gc2RXVWdMU0J0WldScFlXNVdZV3gxWlNrZ0x5QW9jbWxuYUhSTllYZ2dMU0J0WldScFlXNVdZV3gxWlNrcENpQWdJQ0FnSUNBZ0lDQWdJQ0FnSUNBZ0lDNWpiR0Z0Y0Nnd0xqQXNJREV1TUNrN0NpQWdJQ0FnSUNBZ0lDQnlaWFIxY200Z2JXRnlhMlZ5VW1Ga2FYVnpJQ3NnZFhOaFlteGxJQ29nS0dObGJuUmxjbEpoZEdsdklDc2djbWxuYUhSU1lYUnBieUFxSUM0MUtUc0tJQ0FnSUNBZ0lDQjlDZ29nSUNBZ0lDQWdJSEpsZEhWeWJpQkRiMngxYlc0b0NpQWdJQ0FnSUNBZ0lDQmpjbTl6YzBGNGFYTkJiR2xuYm0xbGJuUTZJRU55YjNOelFYaHBjMEZzYVdkdWJXVnVkQzV6ZEhKbGRHTm9MQW9nSUNBZ0lDQWdJQ0FnWTJocGJHUnlaVzQ2SUZzS0lDQWdJQ0FnSUNBZ0lDQWdVMmw2WldSQ2IzZ29DaUFnSUNBZ0lDQWdJQ0FnSUNBZ2FHVnBaMmgwT2lBME5Dd0tJQ0FnSUNBZ0lDQWdJQ0FnSUNCamFHbHNaRG9nVTNSaFkyc29DaUFnSUNBZ0lDQWdJQ0FnSUNBZ0lDQmpiR2x3UW1Wb1lYWnBiM0k2SUVOc2FYQXVibTl1WlN3S0lDQWdJQ0FnSUNBZ0lDQWdJQ0FnSUdOb2FXeGtjbVZ1T2lCYkNpQWdJQ0FnSUNBZ0lDQWdJQ0FnSUNBZ0lGQnZjMmwwYVc5dVpXUW9DaUFnSUNBZ0lDQWdJQ0FnSUNBZ0lDQWdJQ0FnYkdWbWREb2diV0Z5YTJWeVVtRmthWFZ6TEFvZ0lDQWdJQ0FnSUNBZ0lDQWdJQ0FnSUNBZ0lISnBaMmgwT2lCdFlYSnJaWEpTWVdScGRYTXNDaUFnSUNBZ0lDQWdJQ0FnSUNBZ0lDQWdJQ0FnZEc5d09pQXlNQ3dLSUNBZ0lDQWdJQ0FnSUNBZ0lDQWdJQ0FnSUNCamFHbHNaRG9nUTI5dWRHRnBibVZ5S0FvZ0lDQWdJQ0FnSUNBZ0lDQWdJQ0FnSUNBZ0lDQWdhR1ZwWjJoME9pQTFMQW9nSUNBZ0lDQWdJQ0FnSUNBZ0lDQWdJQ0FnSUNBZ1pHVmpiM0poZEdsdmJqb2dR
Shell: bTk0UkdWamIzSmhkR2x2YmlnS0lDQWdJQ0FnSUNBZ0lDQWdJQ0FnSUNBZ0lDQWdJQ0FnWW05eVpHVnlVbUZrYVhWek9pQkNiM0prWlhKU1lXUnBkWE11WTJseVkzVnNZWElvT1RrcExBb2dJQ0FnSUNBZ0lDQWdJQ0FnSUNBZ0lDQWdJQ0FnSUNCbmNtRmthV1Z1ZERvZ1RHbHVaV0Z5UjNKaFpHbGxiblFvQ2lBZ0lDQWdJQ0FnSUNBZ0lDQWdJQ0FnSUNBZ0lDQWdJQ0FnWTI5c2IzSnpPaUJiWVdOalpXNTBMbmRwZEdoV1lXeDFaWE1vWVd4d2FHRTZJQzQzTWlrc0lHRmpZMlZ1ZEYwc0NpQWdJQ0FnSUNBZ0lDQWdJQ0FnSUNBZ0lDQWdJQ0FnSUNrc0NpQWdJQ0FnSUNBZ0lDQWdJQ0FnSUNBZ0lDQWdJQ0FnSUdKdmVGTm9ZV1J2ZHpvZ1d3b2dJQ0FnSUNBZ0lDQWdJQ0FnSUNBZ0lDQWdJQ0FnSUNBZ0lFSnZlRk5vWVdSdmR5Z0tJQ0FnSUNBZ0lDQWdJQ0FnSUNBZ0lDQWdJQ0FnSUNBZ0lDQWdJR052Ykc5eU9pQmhZMk5sYm5RdWQybDBhRlpoYkhWbGN5aGhiSEJvWVRvZ0xqTXBMQW9nSUNBZ0lDQWdJQ0FnSUNBZ0lDQWdJQ0FnSUNBZ0lDQWdJQ0FnWW14MWNsSmhaR2wxY3pvZ01USXNDaUFnSUNBZ0lDQWdJQ0FnSUNBZ0lDQWdJQ0FnSUNBZ0lDQWdLU3dLSUNBZ0lDQWdJQ0FnSUNBZ0lDQWdJQ0FnSUNBZ0lDQWdYU3dLSUNBZ0lDQWdJQ0FnSUNBZ0lDQWdJQ0FnSUNBZ0lDa3NDaUFnSUNBZ0lDQWdJQ0FnSUNBZ0lDQWdJQ0FnS1N3S0lDQWdJQ0FnSUNBZ0lDQWdJQ0FnSUNBZ0tTd0tJQ0FnSUNBZ0lDQWdJQ0FnSUNBZ0lDQWdhV1lnS0hKdmRXNWtaV1JOWldScFlXNGdJVDBnYm5Wc2JDa0tJQ0FnSUNBZ0lDQWdJQ0FnSUNBZ0lDQWdJQ0JRYjNOcGRHbHZibVZrS0FvZ0lDQWdJQ0FnSUNBZ0lDQWdJQ0FnSUNBZ0lDQWdiR1ZtZERvZ2VFWnZjaWh5YjNWdVpHVmtUV1ZrYVdGdUtTQXRJREVzQ2lBZ0lDQWdJQ0FnSUNBZ0lDQWdJQ0FnSUNBZ0lDQjBiM0E2SURJc0NpQWdJQ0FnSUNBZ0lDQWdJQ0FnSUNBZ0lDQWdJQ0JqYUdsc1pEb2dSMlZ6ZEhWeVpVUmxkR1ZqZEc5eUtBb2dJQ0FnSUNBZ0lDQWdJQ0FnSUNBZ0lDQWdJQ0FnSUNCaVpXaGhkbWx2Y2pvZ1NHbDBWR1Z6ZEVKbGFHRjJhVzl5TG05d1lYRjFaU3dLSUNBZ0lDQWdJQ0FnSUNBZ0lDQWdJQ0FnSUNBZ0lDQWdiMjVVWVhBNklHOXVUV1ZrYVdGdVZHRndMQW9nSUNBZ0lDQWdJQ0FnSUNBZ0lDQWdJQ0FnSUNBZ0lDQmphR2xzWkRvZ1UybDZaV1JDYjNnb0NpQWdJQ0FnSUNBZ0lDQWdJQ0FnSUNBZ0lDQWdJQ0FnSUNBZ2QybGtkR2c2SURJc0NpQWdJQ0FnSUNBZ0lDQWdJQ0FnSUNBZ0lDQWdJQ0FnSUNBZ2FHVnBaMmgwT2lBek9Td0tJQ0FnSUNBZ0lDQWdJQ0FnSUNBZ0lDQWdJQ0FnSUNBZ0lDQmphR2xzWkRvZ1JHVmpiM0poZEdWa1FtOTRLQW9nSUNBZ0lDQWdJQ0FnSUNBZ0lDQWdJQ0FnSUNBZ0lDQWdJQ0FnWkdWamIzSmhkR2x2YmpvZ1FtOTRSR1ZqYjNKaGRHbHZiaWdLSUNBZ0lDQWdJQ0FnSUNBZ0lDQWdJQ0FnSUNBZ0lDQWdJQ0FnSUNBZ1kyOXNiM0k2SUY5dFpXUnBZVzVRY21Wa2FXTjBhVzl1TEFvZ0lDQWdJQ0FnSUNBZ0lDQWdJQ0FnSUNBZ0lDQWdJQ0FnSUNBZ0lDQmliM0prWlhKU1lXUnBkWE02SUVKdmNtUmxjbEpoWkdsMWN5NWphWEpqZFd4aGNpZ3lLU3dLSUNBZ0lDQWdJQ0FnSUNBZ0lDQWdJQ0FnSUNBZ0lDQWdJQ0FnSUNBZ1ltOTRVMmhoWkc5M09pQmJDaUFnSUNBZ0lDQWdJQ0FnSUNBZ0lDQWdJQ0FnSUNBZ0lDQWdJQ0FnSUNBZ1FtOTRVMmhoWkc5M0tBb2dJQ0FnSUNBZ0lDQWdJQ0FnSUNBZ0lDQWdJQ0FnSUNBZ0lDQWdJQ0FnSUNBZ1kyOXNiM0k2Q2lBZ0lDQWdJQ0FnSUNBZ0lDQWdJQ0FnSUNBZ0lDQWdJQ0FnSUNBZ0lDQWdJQ0FnSUNBZ1gyMWxaR2xoYmxCeVpXUnBZM1JwYjI0dWQybDBhRlpoYkhWbGN5aGhiSEJvWVRvZ0xqVTFLU3dLSUNBZ0lDQWdJQ0FnSUNBZ0lDQWdJQ0FnSUNBZ0lDQWdJQ0FnSUNBZ0lDQWdJR0pzZFhKU1lXUnBkWE02SURnc0NpQWdJQ0FnSUNBZ0lDQWdJQ0FnSUNBZ0lDQWdJQ0FnSUNBZ0lDQWdJQ0FnS1N3S0lDQWdJQ0FnSUNBZ0lDQWdJQ0FnSUNBZ0lDQWdJQ0FnSUNBZ0lDQWdYU3dLSUNBZ0lDQWdJQ0FnSUNBZ0lDQWdJQ0FnSUNBZ0lDQWdJQ0FnSUNrc0NpQWdJQ0FnSUNBZ0lDQWdJQ0FnSUNBZ0lDQWdJQ0FnSUNBZ0tTd0tJQ0FnSUNBZ0lDQWdJQ0FnSUNBZ0lDQWdJQ0FnSUNBZ0tTd0tJQ0FnSUNBZ0lDQWdJQ0FnSUNBZ0lDQWdJQ0FnSUNrc0NpQWdJQ0FnSUNBZ0lDQWdJQ0FnSUNBZ0lDQWdLU3dLSUNBZ0lDQWdJQ0FnSUNBZ0lDQWdJQ0FnYVdZZ0tIQmxjbk52Ym1Gc1VISmxaR2xqZEdsdmJpQWhQU0J1ZFd4c0tRb2dJQ0FnSUNBZ0lDQWdJQ0FnSUNBZ0lDQWdJRkJ2YzJsMGFXOXVaV1FvQ2lBZ0lDQWdJQ0FnSUNBZ0lDQWdJQ0FnSUNBZ0lDQnNaV1owT2lCNFJtOXlLSEJsY25OdmJtRnNVSEpsWkdsamRHbHZiaUVwSUMwZ05pd0tJQ0FnSUNBZ0lDQWdJQ0FnSUNBZ0lDQWdJQ0FnSUhSdmNEb2dNVFlzQ2lBZ0lDQWdJQ0FnSUNBZ0lDQWdJQ0FnSUNBZ0lDQmphR2xzWkRvZ1EyOXVkR0ZwYm1WeUtBb2dJQ0FnSUNBZ0lDQWdJQ0FnSUNBZ0lDQWdJQ0FnSUNCM2FXUjBhRG9nTVRJc0NpQWdJQ0FnSUNBZ0lDQWdJQ0FnSUNBZ0lDQWdJQ0FnSUdobGFXZG9kRG9nTVRJc0NpQWdJQ0FnSUNBZ0lDQWdJQ0FnSUNBZ0lDQWdJQ0FnSUdSbFkyOXlZWFJwYjI0NklFSnZlRVJsWTI5eVlYUnBiMjRvQ2lBZ0lDQWdJQ0FnSUNBZ0lDQWdJQ0FnSUNBZ0lDQWdJQ0FnYzJoaGNHVTZJRUp2ZUZOb1lYQmxMbU5wY21Oc1pTd0tJQ0FnSUNBZ0lDQWdJQ0FnSUNBZ0lDQWdJQ0FnSUNBZ0lDQmpiMnh2Y2pvZ1gzQmxjbk52Ym1Gc1VISmxaR2xqZEdsdmJpd0tJQ0FnSUNBZ0lDQWdJQ0FnSUNBZ0lDQWdJQ0FnSUNBZ0lDQmliM0prWlhJNklFSnZjbVJsY2k1aGJHd29ZMjlzYjNJNklFTnZiRzl5Y3k1M2FHbDBaU3dnZDJsa2RHZzZJRElwTEFvZ0lDQWdJQ0FnSUNBZ0lDQWdJQ0FnSUNBZ0lDQWdJQ0FnSUdKdmVGTm9ZV1J2ZHpvZ1d3b2dJQ0FnSUNBZ0lDQWdJQ0FnSUNBZ0lDQWdJQ0FnSUNBZ0lDQWdRbTk0VTJoaFpHOTNLQW9nSUNBZ0lDQWdJ
Shell: Q0FnSUNBZ0lDQWdJQ0FnSUNBZ0lDQWdJQ0FnSUNCamIyeHZjam9nWDNCbGNuTnZibUZzVUhKbFpHbGpkR2x2Ymk1M2FYUm9WbUZzZFdWektHRnNjR2hoT2lBdU5qVXBMQW9nSUNBZ0lDQWdJQ0FnSUNBZ0lDQWdJQ0FnSUNBZ0lDQWdJQ0FnSUNCaWJIVnlVbUZrYVhWek9pQXhNQ3dLSUNBZ0lDQWdJQ0FnSUNBZ0lDQWdJQ0FnSUNBZ0lDQWdJQ0FnSUNrc0NpQWdJQ0FnSUNBZ0lDQWdJQ0FnSUNBZ0lDQWdJQ0FnSUNBZ1hTd0tJQ0FnSUNBZ0lDQWdJQ0FnSUNBZ0lDQWdJQ0FnSUNBZ0tTd0tJQ0FnSUNBZ0lDQWdJQ0FnSUNBZ0lDQWdJQ0FnSUNrc0NpQWdJQ0FnSUNBZ0lDQWdJQ0FnSUNBZ0lDQWdLU3dLSUNBZ0lDQWdJQ0FnSUNBZ0lDQWdJQ0FnVUc5emFYUnBiMjVsWkNnS0lDQWdJQ0FnSUNBZ0lDQWdJQ0FnSUNBZ0lDQnNaV1owT2lCNFJtOXlLR0ZqZEhWaGJDa2dMU0EyTEFvZ0lDQWdJQ0FnSUNBZ0lDQWdJQ0FnSUNBZ0lIUnZjRG9nTVRZc0NpQWdJQ0FnSUNBZ0lDQWdJQ0FnSUNBZ0lDQWdZMmhwYkdRNklFTnZiblJoYVc1bGNpZ0tJQ0FnSUNBZ0lDQWdJQ0FnSUNBZ0lDQWdJQ0FnSUhkcFpIUm9PaUF4TWl3S0lDQWdJQ0FnSUNBZ0lDQWdJQ0FnSUNBZ0lDQWdJR2hsYVdkb2REb2dNVElzQ2lBZ0lDQWdJQ0FnSUNBZ0lDQWdJQ0FnSUNBZ0lDQmtaV052Y21GMGFXOXVPaUJDYjNoRVpXTnZjbUYwYVc5dUtBb2dJQ0FnSUNBZ0lDQWdJQ0FnSUNBZ0lDQWdJQ0FnSUNCemFHRndaVG9nUW05NFUyaGhjR1V1WTJseVkyeGxMQW9nSUNBZ0lDQWdJQ0FnSUNBZ0lDQWdJQ0FnSUNBZ0lDQmpiMnh2Y2pvZ1lXTmpaVzUwTEFvZ0lDQWdJQ0FnSUNBZ0lDQWdJQ0FnSUNBZ0lDQWdJQ0JpYjNKa1pYSTZJRUp2Y21SbGNpNWhiR3dvWTI5c2IzSTZJRU52Ykc5eWN5NTNhR2wwWlN3Z2QybGtkR2c2SURJcExBb2dJQ0FnSUNBZ0lDQWdJQ0FnSUNBZ0lDQWdJQ0FnSUNCaWIzaFRhR0ZrYjNjNklGc0tJQ0FnSUNBZ0lDQWdJQ0FnSUNBZ0lDQWdJQ0FnSUNBZ0lDQkNiM2hUYUdGa2IzY29DaUFnSUNBZ0lDQWdJQ0FnSUNBZ0lDQWdJQ0FnSUNBZ0lDQWdJQ0JqYjJ4dmNqb2dZV05qWlc1MExuZHBkR2hXWVd4MVpYTW9ZV3h3YUdFNklDNDJOU2tzQ2lBZ0lDQWdJQ0FnSUNBZ0lDQWdJQ0FnSUNBZ0lDQWdJQ0FnSUNCaWJIVnlVbUZrYVhWek9pQXhNQ3dLSUNBZ0lDQWdJQ0FnSUNBZ0lDQWdJQ0FnSUNBZ0lDQWdJQ0FwTEFvZ0lDQWdJQ0FnSUNBZ0lDQWdJQ0FnSUNBZ0lDQWdJQ0JkTEFvZ0lDQWdJQ0FnSUNBZ0lDQWdJQ0FnSUNBZ0lDQWdLU3dLSUNBZ0lDQWdJQ0FnSUNBZ0lDQWdJQ0FnSUNBcExBb2dJQ0FnSUNBZ0lDQWdJQ0FnSUNBZ0lDQXBMQW9nSUNBZ0lDQWdJQ0FnSUNBZ0lDQWdYU3dLSUNBZ0lDQWdJQ0FnSUNBZ0lDQXBMQW9nSUNBZ0lDQWdJQ0FnSUNBcExBb2dJQ0FnSUNBZ0lDQWdJQ0JqYjI1emRDQlRhWHBsWkVKdmVDaG9aV2xuYUhRNklEZ3BMQW9nSUNBZ0lDQWdJQ0FnSUNCU2IzY29DaUFnSUNBZ0lDQWdJQ0FnSUNBZ1kyaHBiR1J5Wlc0NklGc0tJQ0FnSUNBZ0lDQWdJQ0FnSUNBZ0lFVjRjR0Z1WkdWa0tBb2dJQ0FnSUNBZ0lDQWdJQ0FnSUNBZ0lDQmphR2xzWkRvZ1gwZGhkV2RsVm1Gc2RXVk1ZV0psYkNnS0lDQWdJQ0FnSUNBZ0lDQWdJQ0FnSUNBZ0lDQnBZMjl1T2lCSlkyOXVjeTVqYVhKamJHVXNDaUFnSUNBZ0lDQWdJQ0FnSUNBZ0lDQWdJQ0FnYkdGaVpXdzZJQ2RCWTNSMVpXd25MQW9nSUNBZ0lDQWdJQ0FnSUNBZ0lDQWdJQ0FnSUhaaGJIVmxPaUFuSkdGamRIVmhiQ2NzQ2lBZ0lDQWdJQ0FnSUNBZ0lDQWdJQ0FnSUNBZ1kyOXNiM0k2SUdGalkyVnVkQ3dLSUNBZ0lDQWdJQ0FnSUNBZ0lDQWdJQ0FnSUNCaGJHbG5ibTFsYm5RNklFTnliM056UVhocGMwRnNhV2R1YldWdWRDNXpkR0Z5ZEN3S0lDQWdJQ0FnSUNBZ0lDQWdJQ0FnSUNBZ0tTd0tJQ0FnSUNBZ0lDQWdJQ0FnSUNBZ0lDa3NDaUFnSUNBZ0lDQWdJQ0FnSUNBZ0lDQkZlSEJoYm1SbFpDZ0tJQ0FnSUNBZ0lDQWdJQ0FnSUNBZ0lDQWdZMmhwYkdRNklGOUhZWFZuWlZaaGJIVmxUR0ZpWld3b0NpQWdJQ0FnSUNBZ0lDQWdJQ0FnSUNBZ0lDQWdhV052YmpvZ1NXTnZibk11WTJseVkyeGxMQW9nSUNBZ0lDQWdJQ0FnSUNBZ0lDQWdJQ0FnSUd4aFltVnNPaUFuVkc5dUlIQnliMjV2Snl3S0lDQWdJQ0FnSUNBZ0lDQWdJQ0FnSUNBZ0lDQjJZV3gxWlRvZ2NHVnljMjl1WVd4UWNtVmthV04wYVc5dVB5NTBiMU4wY21sdVp5Z3BJRDgvSUNmaWdKUW5MQW9nSUNBZ0lDQWdJQ0FnSUNBZ0lDQWdJQ0FnSUdOdmJHOXlPaUJmY0dWeWMyOXVZV3hRY21Wa2FXTjBhVzl1TEFvZ0lDQWdJQ0FnSUNBZ0lDQWdJQ0FnSUNBZ0lHRnNhV2R1YldWdWREb2dRM0p2YzNOQmVHbHpRV3hwWjI1dFpXNTBMbU5sYm5SbGNpd0tJQ0FnSUNBZ0lDQWdJQ0FnSUNBZ0lDQWdLU3dLSUNBZ0lDQWdJQ0FnSUNBZ0lDQWdJQ2tzQ2lBZ0lDQWdJQ0FnSUNBZ0lDQWdJQ0JGZUhCaGJtUmxaQ2dLSUNBZ0lDQWdJQ0FnSUNBZ0lDQWdJQ0FnWTJocGJHUTZJRjlIWVhWblpWWmhiSFZsVEdGaVpXd29DaUFnSUNBZ0lDQWdJQ0FnSUNBZ0lDQWdJQ0FnYVdOdmJqb2dTV052Ym5NdVkybHlZMnhsTEFvZ0lDQWdJQ0FnSUNBZ0lDQWdJQ0FnSUNBZ0lHeGhZbVZzT2lBblRjT3BaR2xoYm1VbkxBb2dJQ0FnSUNBZ0lDQWdJQ0FnSUNBZ0lDQWdJSFpoYkhWbE9pQnliM1Z1WkdWa1RXVmthV0Z1UHk1eWIzVnVaQ2dwTG5SdlUzUnlhVzVuS0NrZ1B6OGdKK0tBbENjc0NpQWdJQ0FnSUNBZ0lDQWdJQ0FnSUNBZ0lDQWdZMjlzYjNJNklGOXRaV1JwWVc1UWNtVmthV04wYVc5dUxBb2dJQ0FnSUNBZ0lDQWdJQ0FnSUNBZ0lDQWdJR0ZzYVdkdWJXVnVkRG9nUTNKdmMzTkJlR2x6UVd4cFoyNXRaVzUwTG1WdVpDd0tJQ0FnSUNBZ0lDQWdJQ0FnSUNBZ0lDQWdLU3dLSUNBZ0lDQWdJQ0FnSUNBZ0lDQWdJQ2tzQ2lBZ0lDQWdJQ0FnSUNBZ0lDQWdYU3dLSUNBZ0lDQWdJQ0FnSUNBZ0tTd0tJQ0FnSUNBZ0lDQWdJRjBzQ2lBZ0lDQWdJQ0FnS1RzS0lDQWdJQ0FnZlN3S0lDQWdJQ2s3Q2lBZ2ZRcDlDZ3BqYkdGemN5QmZSMkYxWjJWV1lXeDFa
Shell: VXhoWW1Wc0lHVjRkR1Z1WkhNZ1UzUmhkR1ZzWlhOelYybGtaMlYwSUhzS0lDQmpiMjV6ZENCZlIyRjFaMlZXWVd4MVpVeGhZbVZzS0hzS0lDQWdJSEpsY1hWcGNtVmtJSFJvYVhNdWFXTnZiaXdLSUNBZ0lISmxjWFZwY21Wa0lIUm9hWE11YkdGaVpXd3NDaUFnSUNCeVpYRjFhWEpsWkNCMGFHbHpMblpoYkhWbExBb2dJQ0FnY21WeGRXbHlaV1FnZEdocGN5NWpiMnh2Y2l3S0lDQWdJSEpsY1hWcGNtVmtJSFJvYVhNdVlXeHBaMjV0Wlc1MExBb2dJSDBwT3dvS0lDQm1hVzVoYkNCSlkyOXVSR0YwWVNCcFkyOXVPd29nSUdacGJtRnNJRk4wY21sdVp5QnNZV0psYkRzS0lDQm1hVzVoYkNCVGRISnBibWNnZG1Gc2RXVTdDaUFnWm1sdVlXd2dRMjlzYjNJZ1kyOXNiM0k3Q2lBZ1ptbHVZV3dnUTNKdmMzTkJlR2x6UVd4cFoyNXRaVzUwSUdGc2FXZHViV1Z1ZERzS0NpQWdRRzkyWlhKeWFXUmxDaUFnVjJsa1oyVjBJR0oxYVd4a0tFSjFhV3hrUTI5dWRHVjRkQ0JqYjI1MFpYaDBLU0I3Q2lBZ0lDQnlaWFIxY200Z1EyOXNkVzF1S0FvZ0lDQWdJQ0JqY205emMwRjRhWE5CYkdsbmJtMWxiblE2SUdGc2FXZHViV1Z1ZEN3S0lDQWdJQ0FnWTJocGJHUnlaVzQ2SUZzS0lDQWdJQ0FnSUNCU2IzY29DaUFnSUNBZ0lDQWdJQ0J0WVdsdVFYaHBjMU5wZW1VNklFMWhhVzVCZUdselUybDZaUzV0YVc0c0NpQWdJQ0FnSUNBZ0lDQmphR2xzWkhKbGJqb2dXd29nSUNBZ0lDQWdJQ0FnSUNCSlkyOXVLR2xqYjI0c0lITnBlbVU2SURFeUxDQmpiMnh2Y2pvZ1kyOXNiM0lwTEFvZ0lDQWdJQ0FnSUNBZ0lDQmpiMjV6ZENCVGFYcGxaRUp2ZUNoM2FXUjBhRG9nTkNrc0NpQWdJQ0FnSUNBZ0lDQWdJRVpzWlhocFlteGxLQW9nSUNBZ0lDQWdJQ0FnSUNBZ0lHTm9hV3hrT2lCVVpYaDBLQW9nSUNBZ0lDQWdJQ0FnSUNBZ0lDQWdiR0ZpWld3c0NpQWdJQ0FnSUNBZ0lDQWdJQ0FnSUNCdFlYaE1hVzVsY3pvZ01Td0tJQ0FnSUNBZ0lDQWdJQ0FnSUNBZ0lHOTJaWEptYkc5M09pQlVaWGgwVDNabGNtWnNiM2N1Wld4c2FYQnphWE1zQ2lBZ0lDQWdJQ0FnSUNBZ0lDQWdJQ0J6ZEhsc1pUb2dZMjl1YzNRZ1ZHVjRkRk4wZVd4bEtBb2dJQ0FnSUNBZ0lDQWdJQ0FnSUNBZ0lDQmpiMnh2Y2pvZ1EyOXNiM0p6TG5kb2FYUmxOakFzQ2lBZ0lDQWdJQ0FnSUNBZ0lDQWdJQ0FnSUdadmJuUlRhWHBsT2lBeE1Dd0tJQ0FnSUNBZ0lDQWdJQ0FnSUNBZ0lDQWdabTl1ZEZkbGFXZG9kRG9nUm05dWRGZGxhV2RvZEM1M056QXdMQW9nSUNBZ0lDQWdJQ0FnSUNBZ0lDQWdLU3dLSUNBZ0lDQWdJQ0FnSUNBZ0lDQXBMQW9nSUNBZ0lDQWdJQ0FnSUNBcExBb2dJQ0FnSUNBZ0lDQWdYU3dLSUNBZ0lDQWdJQ0FwTEFvZ0lDQWdJQ0FnSUdOdmJuTjBJRk5wZW1Wa1FtOTRLR2hsYVdkb2REb2dNaWtzQ2lBZ0lDQWdJQ0FnVkdWNGRDZ0tJQ0FnSUNBZ0lDQWdJSFpoYkhWbExBb2dJQ0FnSUNBZ0lDQWdjM1I1YkdVNklGUmxlSFJUZEhsc1pTZ0tJQ0FnSUNBZ0lDQWdJQ0FnWTI5c2IzSTZJR052Ykc5eUxBb2dJQ0FnSUNBZ0lDQWdJQ0JtYjI1MFUybDZaVG9nTVRNc0NpQWdJQ0FnSUNBZ0lDQWdJR1p2Ym5SWFpXbG5hSFE2SUVadmJuUlhaV2xuYUhRdWR6a3dNQ3dLSUNBZ0lDQWdJQ0FnSUNrc0NpQWdJQ0FnSUNBZ0tTd0tJQ0FnSUNBZ1hTd0tJQ0FnSUNrN0NpQWdmUXA5Q2dwamJHRnpjeUJRY21WdGFYVnRVR3hoZVdWeVJHVjBZV2xzYzFOb1pXVjBJR1Y0ZEdWdVpITWdVM1JoZEdWbWRXeFhhV1JuWlhRZ2V3b2dJR052Ym5OMElGQnlaVzFwZFcxUWJHRjVaWEpFWlhSaGFXeHpVMmhsWlhRb2V3b2dJQ0FnYzNWd1pYSXVhMlY1TEFvZ0lDQWdjbVZ4ZFdseVpXUWdkR2hwY3k1bllYVm5aU3dLSUNBZ0lISmxjWFZwY21Wa0lIUm9hWE11WTNWeWNtVnVkRlZ6WlhKSlpDd0tJQ0FnSUhKbGNYVnBjbVZrSUhSb2FYTXVjMk55YjJ4c1EyOXVkSEp2Ykd4bGNpd0tJQ0I5S1RzS0NpQWdabWx1WVd3Z1VHeGhlV1Z5UjJGMVoyVWdaMkYxWjJVN0NpQWdabWx1WVd3Z1UzUnlhVzVuUHlCamRYSnlaVzUwVlhObGNrbGtPd29nSUdacGJtRnNJRk5qY205c2JFTnZiblJ5YjJ4c1pYSWdjMk55YjJ4c1EyOXVkSEp2Ykd4bGNqc0tDaUFnUUc5MlpYSnlhV1JsQ2lBZ1UzUmhkR1U4VUhKbGJXbDFiVkJzWVhsbGNrUmxkR0ZwYkhOVGFHVmxkRDRnWTNKbFlYUmxVM1JoZEdVb0tTQTlQZ29nSUNBZ0lDQmZVSEpsYldsMWJWQnNZWGxsY2tSbGRHRnBiSE5UYUdWbGRGTjBZWFJsS0NrN0NuMEtDbU5zWVhOeklGOVFjbVZ0YVhWdFVHeGhlV1Z5UkdWMFlXbHNjMU5vWldWMFUzUmhkR1VnWlhoMFpXNWtjeUJUZEdGMFpUeFFjbVZ0YVhWdFVHeGhlV1Z5UkdWMFlXbHNjMU5vWldWMFBpQjdDaUFnUUc5MlpYSnlhV1JsQ2lBZ1YybGtaMlYwSUdKMWFXeGtLRUoxYVd4a1EyOXVkR1Y0ZENCamIyNTBaWGgwS1NCN0NpQWdJQ0JtYVc1aGJDQm5ZWFZuWlNBOUlIZHBaR2RsZEM1bllYVm5aVHNLSUNBZ0lHWnBibUZzSUdGalkyVnVkQ0E5SUdkaGRXZGxRV05qWlc1MFJtOXlLR2RoZFdkbExuQnNZWGxsY2tsa0tUc0tJQ0FnSUdacGJtRnNJSEJ5WldScFkzUnBiMjV6SUQwZ1d5NHVMbWRoZFdkbExuQnlaV1JwWTNScGIyNXpYUzR1YzI5eWRDZ29ZU3dnWWlrZ2V3b2dJQ0FnSUNBZ0lHWnBibUZzSUdGRWFYTjBZVzVqWlNBOUlDaGhMblpoYkhWbElDMGdaMkYxWjJVdVlXTjBkV0ZzS1M1aFluTW9LVHNLSUNBZ0lDQWdJQ0JtYVc1aGJDQmlSR2x6ZEdGdVkyVWdQU0FvWWk1MllXeDFaU0F0SUdkaGRXZGxMbUZqZEhWaGJDa3VZV0p6S0NrN0NpQWdJQ0FnSUNBZ1ptbHVZV3dnWW5sRWFYTjBZVzVqWlNBOUlHRkVhWE4wWVc1alpTNWpiMjF3WVhKbFZHOG9Za1JwYzNSaGJtTmxLVHNLSUNBZ0lDQWdJQ0JwWmlBb1lubEVhWE4wWVc1alpTQWhQU0F3S1NCeVpYUjFjbTRnWW5sRWFYTjBZVzVqWlRzS0NpQWdJQ0FnSUNBZ1ptbHVZV3dnWW5sV1lXeDFaU0E5SUdFdWRtRnNkV1V1WTI5dGNHRnlaVlJ2S0dJdWRtRnNkV1VwT3dvZ0lDQWdJQ0FnSUdsbUlDaGllVlpoYkhWbElDRTlJREFwSUhKbGRIVnliaUJpZVZaaGJIVmxPd29LSUNBZ0lDQWdJ
Shell: Q0J5WlhSMWNtNGdZUzV3Y21Wa2FXTjBiM0pPWVcxbExuUnZURzkzWlhKRFlYTmxLQ2t1WTI5dGNHRnlaVlJ2S0FvZ0lDQWdJQ0FnSUNBZ0lDQWdJR0l1Y0hKbFpHbGpkRzl5VG1GdFpTNTBiMHh2ZDJWeVEyRnpaU2dwTEFvZ0lDQWdJQ0FnSUNBZ0lDQXBPd29nSUNBZ0lDQjlLVHNLQ2lBZ0lDQnlaWFIxY200Z1EyOXVkR0ZwYm1WeUtBb2dJQ0FnSUNCa1pXTnZjbUYwYVc5dU9pQmpiMjV6ZENCQ2IzaEVaV052Y21GMGFXOXVLQW9nSUNBZ0lDQWdJR052Ykc5eU9pQkRiMnh2Y2lnd2VFWkdNRFl4TWpJMktTd0tJQ0FnSUNBZ0lDQmliM0prWlhKU1lXUnBkWE02SUVKdmNtUmxjbEpoWkdsMWN5NTJaWEowYVdOaGJDaDBiM0E2SUZKaFpHbDFjeTVqYVhKamRXeGhjaWd6TUNrcExBb2dJQ0FnSUNBcExBb2dJQ0FnSUNCamFHbHNaRG9nVEdsemRGWnBaWGNvQ2lBZ0lDQWdJQ0FnWTI5dWRISnZiR3hsY2pvZ2QybGtaMlYwTG5OamNtOXNiRU52Ym5SeWIyeHNaWElzQ2lBZ0lDQWdJQ0FnY0dGa1pHbHVaem9nWTI5dWMzUWdSV1JuWlVsdWMyVjBjeTVtY205dFRGUlNRaWd4T0N3Z01UQXNJREU0TENBek1Da3NDaUFnSUNBZ0lDQWdZMmhwYkdSeVpXNDZJRnNLSUNBZ0lDQWdJQ0FnSUVObGJuUmxjaWdLSUNBZ0lDQWdJQ0FnSUNBZ1kyaHBiR1E2SUVOdmJuUmhhVzVsY2lnS0lDQWdJQ0FnSUNBZ0lDQWdJQ0IzYVdSMGFEb2dORFlzQ2lBZ0lDQWdJQ0FnSUNBZ0lDQWdhR1ZwWjJoME9pQTFMQW9nSUNBZ0lDQWdJQ0FnSUNBZ0lHUmxZMjl5WVhScGIyNDZJRUp2ZUVSbFkyOXlZWFJwYjI0b0NpQWdJQ0FnSUNBZ0lDQWdJQ0FnSUNCamIyeHZjam9nUTI5c2IzSnpMbmRvYVhSbExuZHBkR2hXWVd4MVpYTW9ZV3h3YUdFNklDNHhOQ2tzQ2lBZ0lDQWdJQ0FnSUNBZ0lDQWdJQ0JpYjNKa1pYSlNZV1JwZFhNNklFSnZjbVJsY2xKaFpHbDFjeTVqYVhKamRXeGhjaWc1T1Nrc0NpQWdJQ0FnSUNBZ0lDQWdJQ0FnS1N3S0lDQWdJQ0FnSUNBZ0lDQWdLU3dLSUNBZ0lDQWdJQ0FnSUNrc0NpQWdJQ0FnSUNBZ0lDQmpiMjV6ZENCVGFYcGxaRUp2ZUNob1pXbG5hSFE2SURFNEtTd0tJQ0FnSUNBZ0lDQWdJRkp2ZHlnS0lDQWdJQ0FnSUNBZ0lDQWdZMmhwYkdSeVpXNDZJRnNLSUNBZ0lDQWdJQ0FnSUNBZ0lDQkpZMjl1UW5WMGRHOXVMbVpwYkd4bFpGUnZibUZzS0FvZ0lDQWdJQ0FnSUNBZ0lDQWdJQ0FnYjI1UWNtVnpjMlZrT2lBb0tTQTlQaUJPWVhacFoyRjBiM0l1YjJZb1kyOXVkR1Y0ZENrdWNHOXdLQ2tzQ2lBZ0lDQWdJQ0FnSUNBZ0lDQWdJQ0JwWTI5dU9pQmpiMjV6ZENCSlkyOXVLRWxqYjI1ekxtTnNiM05sS1N3S0lDQWdJQ0FnSUNBZ0lDQWdJQ0FwTEFvZ0lDQWdJQ0FnSUNBZ0lDQWdJR052Ym5OMElGTnBlbVZrUW05NEtIZHBaSFJvT2lBeE1pa3NDaUFnSUNBZ0lDQWdJQ0FnSUNBZ1JYaHdZVzVrWldRb0NpQWdJQ0FnSUNBZ0lDQWdJQ0FnSUNCamFHbHNaRG9nUTI5c2RXMXVLQW9nSUNBZ0lDQWdJQ0FnSUNBZ0lDQWdJQ0JqY205emMwRjRhWE5CYkdsbmJtMWxiblE2SUVOeWIzTnpRWGhwYzBGc2FXZHViV1Z1ZEM1emRHRnlkQ3dLSUNBZ0lDQWdJQ0FnSUNBZ0lDQWdJQ0FnWTJocGJHUnlaVzQ2SUZzS0lDQWdJQ0FnSUNBZ0lDQWdJQ0FnSUNBZ0lDQlVaWGgwS0FvZ0lDQWdJQ0FnSUNBZ0lDQWdJQ0FnSUNBZ0lDQWdaMkYxWjJVdWNHeGhlV1Z5VG1GdFpTd0tJQ0FnSUNBZ0lDQWdJQ0FnSUNBZ0lDQWdJQ0FnSUhOMGVXeGxPaUJVYUdWdFpTNXZaaWhqYjI1MFpYaDBLUW9nSUNBZ0lDQWdJQ0FnSUNBZ0lDQWdJQ0FnSUNBZ0lDQWdJQzUwWlhoMFZHaGxiV1VLSUNBZ0lDQWdJQ0FnSUNBZ0lDQWdJQ0FnSUNBZ0lDQWdJQ0F1YUdWaFpHeHBibVZOWldScGRXMEtJQ0FnSUNBZ0lDQWdJQ0FnSUNBZ0lDQWdJQ0FnSUNBZ0lDQS9MbU52Y0hsWGFYUm9LR1p2Ym5SWFpXbG5hSFE2SUVadmJuUlhaV2xuYUhRdWR6a3dNQ2tzQ2lBZ0lDQWdJQ0FnSUNBZ0lDQWdJQ0FnSUNBZ0tTd0tJQ0FnSUNBZ0lDQWdJQ0FnSUNBZ0lDQWdJQ0JVWlhoMEtBb2dJQ0FnSUNBZ0lDQWdJQ0FnSUNBZ0lDQWdJQ0FnWjJGMVoyVXVhWE5IYjJGc2EyVmxjR1Z5Q2lBZ0lDQWdJQ0FnSUNBZ0lDQWdJQ0FnSUNBZ0lDQWdJQ0FnUHlCQmNIQkdiM0p0WVhSekxtTnZkVzUwWldRb0NpQWdJQ0FnSUNBZ0lDQWdJQ0FnSUNBZ0lDQWdJQ0FnSUNBZ0lDQWdJR2RoZFdkbExtRmpkSFZoYkN3S0lDQWdJQ0FnSUNBZ0lDQWdJQ0FnSUNBZ0lDQWdJQ0FnSUNBZ0lDQWdKMk5zWldGdUlITm9aV1YwSUdGamRIVmxiQ2NzQ2lBZ0lDQWdJQ0FnSUNBZ0lDQWdJQ0FnSUNBZ0lDQWdJQ0FnSUNBZ0lDZGpiR1ZoYmlCemFHVmxkSE1nWVdOMGRXVnNjeWNzQ2lBZ0lDQWdJQ0FnSUNBZ0lDQWdJQ0FnSUNBZ0lDQWdJQ0FnSUNBcENpQWdJQ0FnSUNBZ0lDQWdJQ0FnSUNBZ0lDQWdJQ0FnSUNBZ09pQkJjSEJHYjNKdFlYUnpMbU52ZFc1MFpXUW9DaUFnSUNBZ0lDQWdJQ0FnSUNBZ0lDQWdJQ0FnSUNBZ0lDQWdJQ0FnSUdkaGRXZGxMbUZqZEhWaGJDd0tJQ0FnSUNBZ0lDQWdJQ0FnSUNBZ0lDQWdJQ0FnSUNBZ0lDQWdJQ0FnSjJKMWRDQmhZM1IxWld3bkxBb2dJQ0FnSUNBZ0lDQWdJQ0FnSUNBZ0lDQWdJQ0FnSUNBZ0lDQWdJQ0FuWW5WMGN5QmhZM1IxWld4ekp5d0tJQ0FnSUNBZ0lDQWdJQ0FnSUNBZ0lDQWdJQ0FnSUNBZ0lDQWdJQ2tzQ2lBZ0lDQWdJQ0FnSUNBZ0lDQWdJQ0FnSUNBZ0lDQnpkSGxzWlRvZ1kyOXVjM1FnVkdWNGRGTjBlV3hsS0FvZ0lDQWdJQ0FnSUNBZ0lDQWdJQ0FnSUNBZ0lDQWdJQ0JqYjJ4dmNqb2dRMjlzYjNKekxuZG9hWFJsTnpBc0NpQWdJQ0FnSUNBZ0lDQWdJQ0FnSUNBZ0lDQWdJQ0FnSUdadmJuUlhaV2xuYUhRNklFWnZiblJYWldsbmFIUXVkemN3TUN3S0lDQWdJQ0FnSUNBZ0lDQWdJQ0FnSUNBZ0lDQWdJQ2tzQ2lBZ0lDQWdJQ0FnSUNBZ0lDQWdJQ0FnSUNBZ0tTd0tJQ0FnSUNBZ0lDQWdJQ0FnSUNBZ0lDQWdYU3dLSUNBZ0lDQWdJQ0FnSUNBZ0lDQWdJQ2tzQ2lBZ0lDQWdJQ0FnSUNBZ0lDQWdLU3dLSUNBZ0lDQWdJQ0FnSUNBZ1hTd0tJQ0FnSUNBZ0lDQWdJQ2tzQ2lBZ0lDQWdJ
Shell: Q0FnSUNCamIyNXpkQ0JUYVhwbFpFSnZlQ2hvWldsbmFIUTZJREl5S1N3S0lDQWdJQ0FnSUNBZ0lFTnZiblJoYVc1bGNpZ0tJQ0FnSUNBZ0lDQWdJQ0FnWkdWamIzSmhkR2x2YmpvZ1FtOTRSR1ZqYjNKaGRHbHZiaWdLSUNBZ0lDQWdJQ0FnSUNBZ0lDQmpiMnh2Y2pvZ1kyOXVjM1FnUTI5c2IzSW9NSGhHUmpCQ01Ua3pNaWtzQ2lBZ0lDQWdJQ0FnSUNBZ0lDQWdZbTl5WkdWeVVtRmthWFZ6T2lCQ2IzSmtaWEpTWVdScGRYTXVZMmx5WTNWc1lYSW9NalFwTEFvZ0lDQWdJQ0FnSUNBZ0lDQWdJR0p2Y21SbGNqb2dRbTl5WkdWeUxtRnNiQ2hqYjJ4dmNqb2dZV05qWlc1MExuZHBkR2hXWVd4MVpYTW9ZV3h3YUdFNklDNHlNaWtwTEFvZ0lDQWdJQ0FnSUNBZ0lDQXBMQW9nSUNBZ0lDQWdJQ0FnSUNCamFHbHNaRG9nUTI5c2RXMXVLQW9nSUNBZ0lDQWdJQ0FnSUNBZ0lHTm9hV3hrY21WdU9pQmJDaUFnSUNBZ0lDQWdJQ0FnSUNBZ0lDQm1iM0lnS0haaGNpQnBibVJsZUNBOUlEQTdJR2x1WkdWNElEd2djSEpsWkdsamRHbHZibk11YkdWdVozUm9PeUJwYm1SbGVDc3JLUW9nSUNBZ0lDQWdJQ0FnSUNBZ0lDQWdJQ0JmVUhKbFpHbGpkR2x2YmxKdmR5Z0tJQ0FnSUNBZ0lDQWdJQ0FnSUNBZ0lDQWdJQ0J3Y21Wa2FXTjBhVzl1T2lCd2NtVmthV04wYVc5dWMxdHBibVJsZUYwc0NpQWdJQ0FnSUNBZ0lDQWdJQ0FnSUNBZ0lDQWdjbUZ1YXpvZ1gzSmhibXRHYjNJb0NpQWdJQ0FnSUNBZ0lDQWdJQ0FnSUNBZ0lDQWdJQ0J3Y21Wa2FXTjBhVzl1Y3l3S0lDQWdJQ0FnSUNBZ0lDQWdJQ0FnSUNBZ0lDQWdJR2x1WkdWNExBb2dJQ0FnSUNBZ0lDQWdJQ0FnSUNBZ0lDQWdJQ0FnWjJGMVoyVXVZV04wZFdGc0xBb2dJQ0FnSUNBZ0lDQWdJQ0FnSUNBZ0lDQWdJQ2tzQ2lBZ0lDQWdJQ0FnSUNBZ0lDQWdJQ0FnSUNBZ2JXRjRWbUZzZFdVNklHMWhkR2d1YldGNEtERXNJR2RoZFdkbExtMWhlR2x0ZFcwcExBb2dJQ0FnSUNBZ0lDQWdJQ0FnSUNBZ0lDQWdJR2x6VFdsdVpUb0tJQ0FnSUNBZ0lDQWdJQ0FnSUNBZ0lDQWdJQ0FnSUNBZ2NISmxaR2xqZEdsdmJuTmJhVzVrWlhoZExuQnlaV1JwWTNSdmNrbGtJRDA5SUhkcFpHZGxkQzVqZFhKeVpXNTBWWE5sY2tsa0xBb2dJQ0FnSUNBZ0lDQWdJQ0FnSUNBZ0lDQWdJR0ZqWTJWdWREb2dZV05qWlc1MExBb2dJQ0FnSUNBZ0lDQWdJQ0FnSUNBZ0lDQXBMQW9nSUNBZ0lDQWdJQ0FnSUNBZ0lGMHNDaUFnSUNBZ0lDQWdJQ0FnSUNrc0NpQWdJQ0FnSUNBZ0lDQXBMQW9nSUNBZ0lDQWdJRjBzQ2lBZ0lDQWdJQ2tzQ2lBZ0lDQXBPd29nSUgwS0NpQWdhVzUwSUY5eVlXNXJSbTl5S0FvZ0lDQWdUR2x6ZER4SFlYVm5aVkJ5WldScFkzUnBiMjQrSUhCeVpXUnBZM1JwYjI1ekxBb2dJQ0FnYVc1MElHbHVaR1Y0TEFvZ0lDQWdhVzUwSUdGamRIVmhiQ3dLSUNBcElIc0tJQ0FnSUdsbUlDaHBibVJsZUNBOVBTQXdLU0J5WlhSMWNtNGdNVHNLQ2lBZ0lDQm1hVzVoYkNCamRYSnlaVzUwUkdsemRHRnVZMlVnUFNBb2NISmxaR2xqZEdsdmJuTmJhVzVrWlhoZExuWmhiSFZsSUMwZ1lXTjBkV0ZzS1M1aFluTW9LVHNLSUNBZ0lHWnBibUZzSUhCeVpYWnBiM1Z6UkdsemRHRnVZMlVnUFNBb2NISmxaR2xqZEdsdmJuTmJhVzVrWlhnZ0xTQXhYUzUyWVd4MVpTQXRJR0ZqZEhWaGJDa3VZV0p6S0NrN0NpQWdJQ0JwWmlBb1kzVnljbVZ1ZEVScGMzUmhibU5sSUQwOUlIQnlaWFpwYjNWelJHbHpkR0Z1WTJVcElIc0tJQ0FnSUNBZ2NtVjBkWEp1SUY5eVlXNXJSbTl5S0hCeVpXUnBZM1JwYjI1ekxDQnBibVJsZUNBdElERXNJR0ZqZEhWaGJDazdDaUFnSUNCOUNpQWdJQ0J5WlhSMWNtNGdhVzVrWlhnZ0t5QXhPd29nSUgwS2ZRb0tZMnhoYzNNZ1gxQnlaV1JwWTNScGIyNVNiM2NnWlhoMFpXNWtjeUJUZEdGMFpXeGxjM05YYVdSblpYUWdld29nSUdOdmJuTjBJRjlRY21Wa2FXTjBhVzl1VW05M0tIc0tJQ0FnSUhKbGNYVnBjbVZrSUhSb2FYTXVjSEpsWkdsamRHbHZiaXdLSUNBZ0lISmxjWFZwY21Wa0lIUm9hWE11Y21GdWF5d0tJQ0FnSUhKbGNYVnBjbVZrSUhSb2FYTXViV0Y0Vm1Gc2RXVXNDaUFnSUNCeVpYRjFhWEpsWkNCMGFHbHpMbWx6VFdsdVpTd0tJQ0FnSUhKbGNYVnBjbVZrSUhSb2FYTXVZV05qWlc1MExBb2dJSDBwT3dvS0lDQm1hVzVoYkNCSFlYVm5aVkJ5WldScFkzUnBiMjRnY0hKbFpHbGpkR2x2YmpzS0lDQm1hVzVoYkNCcGJuUWdjbUZ1YXpzS0lDQm1hVzVoYkNCcGJuUWdiV0Y0Vm1Gc2RXVTdDaUFnWm1sdVlXd2dZbTl2YkNCcGMwMXBibVU3Q2lBZ1ptbHVZV3dnUTI5c2IzSWdZV05qWlc1ME93b0tJQ0JBYjNabGNuSnBaR1VLSUNCWGFXUm5aWFFnWW5WcGJHUW9RblZwYkdSRGIyNTBaWGgwSUdOdmJuUmxlSFFwSUhzS0lDQWdJR1pwYm1Gc0lIQnliMmR5WlhOeklEMGdLSEJ5WldScFkzUnBiMjR1ZG1Gc2RXVWdMeUJ0WVhoV1lXeDFaU2t1WTJ4aGJYQW9NQzR3TENBeExqQXBMblJ2Ukc5MVlteGxLQ2s3Q2lBZ0lDQnlaWFIxY200Z1EyOXVkR0ZwYm1WeUtBb2dJQ0FnSUNCdFlYSm5hVzQ2SUdOdmJuTjBJRVZrWjJWSmJuTmxkSE11YzNsdGJXVjBjbWxqS0dodmNtbDZiMjUwWVd3NklEZ3NJSFpsY25ScFkyRnNPaUEwS1N3S0lDQWdJQ0FnY0dGa1pHbHVaem9nWTI5dWMzUWdSV1JuWlVsdWMyVjBjeTV6ZVcxdFpYUnlhV01vYUc5eWFYcHZiblJoYkRvZ01UQXNJSFpsY25ScFkyRnNPaUF4TUNrc0NpQWdJQ0FnSUdSbFkyOXlZWFJwYjI0NklFSnZlRVJsWTI5eVlYUnBiMjRvQ2lBZ0lDQWdJQ0FnWTI5c2IzSTZJR2x6VFdsdVpTQS9JRjluY21WbGJpNTNhWFJvVm1Gc2RXVnpLR0ZzY0doaE9pQXVNVElwSURvZ1EyOXNiM0p6TG5SeVlXNXpjR0Z5Wlc1MExBb2dJQ0FnSUNBZ0lHSnZjbVJsY2xKaFpHbDFjem9nUW05eVpHVnlVbUZrYVhWekxtTnBjbU4xYkdGeUtERTJLU3dLSUNBZ0lDQWdJQ0JpYjNKa1pYSTZDaUFnSUNBZ0lDQWdJQ0FnSUdselRXbHVaU0EvSUVKdmNtUmxjaTVoYkd3b1kyOXNiM0k2SUY5bmNtVmxiaTUzYVhSb1ZtRnNkV1Z6S0dGc2NHaGhPaUF1TVRncEtTQTZJRzUxYkd3c0NpQWdJQ0FnSUNrc0NpQWdJ
Shell: Q0FnSUdOb2FXeGtPaUJTYjNjb0NpQWdJQ0FnSUNBZ1kyaHBiR1J5Wlc0NklGc0tJQ0FnSUNBZ0lDQWdJRk5wZW1Wa1FtOTRLSGRwWkhSb09pQXpOQ3dnWTJocGJHUTZJRjlTWVc1clFtRmtaMlVvY21GdWF6b2djbUZ1YXlrcExBb2dJQ0FnSUNBZ0lDQWdRMmx5WTJ4bFFYWmhkR0Z5S0FvZ0lDQWdJQ0FnSUNBZ0lDQnlZV1JwZFhNNklERTJMQW9nSUNBZ0lDQWdJQ0FnSUNCaVlXTnJaM0p2ZFc1a1EyOXNiM0k2SUdGalkyVnVkQzUzYVhSb1ZtRnNkV1Z6S0dGc2NHaGhPaUF1TVRncExBb2dJQ0FnSUNBZ0lDQWdJQ0JqYUdsc1pEb2dWR1Y0ZENnS0lDQWdJQ0FnSUNBZ0lDQWdJQ0J3Y21Wa2FXTjBhVzl1TG5CeVpXUnBZM1J2Y2s1aGJXVXVkSEpwYlNncExtbHpSVzF3ZEhrS0lDQWdJQ0FnSUNBZ0lDQWdJQ0FnSUNBZ1B5QW5QeWNLSUNBZ0lDQWdJQ0FnSUNBZ0lDQWdJQ0FnT2lCd2NtVmthV04wYVc5dUxuQnlaV1JwWTNSdmNrNWhiV1V1ZEhKcGJTZ3BXekJkTG5SdlZYQndaWEpEWVhObEtDa3NDaUFnSUNBZ0lDQWdJQ0FnSUNBZ2MzUjViR1U2SUZSbGVIUlRkSGxzWlNnS0lDQWdJQ0FnSUNBZ0lDQWdJQ0FnSUdOdmJHOXlPaUJwYzAxcGJtVWdQeUJmWjNKbFpXNGdPaUJEYjJ4dmNuTXVkMmhwZEdVc0NpQWdJQ0FnSUNBZ0lDQWdJQ0FnSUNCbWIyNTBWMlZwWjJoME9pQkdiMjUwVjJWcFoyaDBMbmM1TURBc0NpQWdJQ0FnSUNBZ0lDQWdJQ0FnS1N3S0lDQWdJQ0FnSUNBZ0lDQWdLU3dLSUNBZ0lDQWdJQ0FnSUNrc0NpQWdJQ0FnSUNBZ0lDQmpiMjV6ZENCVGFYcGxaRUp2ZUNoM2FXUjBhRG9nTVRBcExBb2dJQ0FnSUNBZ0lDQWdSWGh3WVc1a1pXUW9DaUFnSUNBZ0lDQWdJQ0FnSUdac1pYZzZJRE1zQ2lBZ0lDQWdJQ0FnSUNBZ0lHTm9hV3hrT2lCVVpYaDBLQW9nSUNBZ0lDQWdJQ0FnSUNBZ0lHbHpUV2x1WlFvZ0lDQWdJQ0FnSUNBZ0lDQWdJQ0FnSUNBL0lDY2tlM0J5WldScFkzUnBiMjR1Y0hKbFpHbGpkRzl5VG1GdFpYMGdLRzF2YVNrbkNpQWdJQ0FnSUNBZ0lDQWdJQ0FnSUNBZ0lEb2djSEpsWkdsamRHbHZiaTV3Y21Wa2FXTjBiM0pPWVcxbExBb2dJQ0FnSUNBZ0lDQWdJQ0FnSUcxaGVFeHBibVZ6T2lBeExBb2dJQ0FnSUNBZ0lDQWdJQ0FnSUc5MlpYSm1iRzkzT2lCVVpYaDBUM1psY21ac2IzY3VaV3hzYVhCemFYTXNDaUFnSUNBZ0lDQWdJQ0FnSUNBZ2MzUjViR1U2SUZSbGVIUlRkSGxzWlNnS0lDQWdJQ0FnSUNBZ0lDQWdJQ0FnSUdOdmJHOXlPaUJwYzAxcGJtVWdQeUJmWjNKbFpXNGdPaUJEYjJ4dmNuTXVkMmhwZEdVc0NpQWdJQ0FnSUNBZ0lDQWdJQ0FnSUNCbWIyNTBWMlZwWjJoME9pQnBjMDFwYm1VZ1B5QkdiMjUwVjJWcFoyaDBMbmM1TURBZ09pQkdiMjUwVjJWcFoyaDBMbmMzTURBc0NpQWdJQ0FnSUNBZ0lDQWdJQ0FnS1N3S0lDQWdJQ0FnSUNBZ0lDQWdLU3dLSUNBZ0lDQWdJQ0FnSUNrc0NpQWdJQ0FnSUNBZ0lDQkZlSEJoYm1SbFpDZ0tJQ0FnSUNBZ0lDQWdJQ0FnWm14bGVEb2dNeXdLSUNBZ0lDQWdJQ0FnSUNBZ1kyaHBiR1E2SUVOc2FYQlNVbVZqZENnS0lDQWdJQ0FnSUNBZ0lDQWdJQ0JpYjNKa1pYSlNZV1JwZFhNNklFSnZjbVJsY2xKaFpHbDFjeTVqYVhKamRXeGhjaWc1T1Nrc0NpQWdJQ0FnSUNBZ0lDQWdJQ0FnWTJocGJHUTZJRWR5YVc1MFlVeHBibVZoY2xCeWIyZHlaWE56U1c1a2FXTmhkRzl5S0FvZ0lDQWdJQ0FnSUNBZ0lDQWdJQ0FnZG1Gc2RXVTZJSEJ5YjJkeVpYTnpMQW9nSUNBZ0lDQWdJQ0FnSUNBZ0lDQWdiV2x1U0dWcFoyaDBPaUEyTEFvZ0lDQWdJQ0FnSUNBZ0lDQWdJQ0FnWW1GamEyZHliM1Z1WkVOdmJHOXlPaUJEYjJ4dmNuTXVkMmhwZEdVdWQybDBhRlpoYkhWbGN5aGhiSEJvWVRvZ0xqQTJLU3dLSUNBZ0lDQWdJQ0FnSUNBZ0lDQWdJR052Ykc5eU9pQnBjMDFwYm1VZ1B5QmZaM0psWlc0Z09pQmhZMk5sYm5Rc0NpQWdJQ0FnSUNBZ0lDQWdJQ0FnS1N3S0lDQWdJQ0FnSUNBZ0lDQWdLU3dLSUNBZ0lDQWdJQ0FnSUNrc0NpQWdJQ0FnSUNBZ0lDQmpiMjV6ZENCVGFYcGxaRUp2ZUNoM2FXUjBhRG9nTVRBcExBb2dJQ0FnSUNBZ0lDQWdVMmw2WldSQ2IzZ29DaUFnSUNBZ0lDQWdJQ0FnSUhkcFpIUm9PaUF6TUN3S0lDQWdJQ0FnSUNBZ0lDQWdZMmhwYkdRNklGUmxlSFFvQ2lBZ0lDQWdJQ0FnSUNBZ0lDQWdKeVI3Y0hKbFpHbGpkR2x2Ymk1MllXeDFaWDBuTEFvZ0lDQWdJQ0FnSUNBZ0lDQWdJSFJsZUhSQmJHbG5iam9nVkdWNGRFRnNhV2R1TG5KcFoyaDBMQW9nSUNBZ0lDQWdJQ0FnSUNBZ0lITjBlV3hsT2lCVVpYaDBVM1I1YkdVb0NpQWdJQ0FnSUNBZ0lDQWdJQ0FnSUNCamIyeHZjam9nYVhOTmFXNWxJRDhnWDJkeVpXVnVJRG9nUTI5c2IzSnpMbmRvYVhSbExBb2dJQ0FnSUNBZ0lDQWdJQ0FnSUNBZ1ptOXVkRk5wZW1VNklERTNMQW9nSUNBZ0lDQWdJQ0FnSUNBZ0lDQWdabTl1ZEZkbGFXZG9kRG9nUm05dWRGZGxhV2RvZEM1M09UQXdMQW9nSUNBZ0lDQWdJQ0FnSUNBZ0lDa3NDaUFnSUNBZ0lDQWdJQ0FnSUNrc0NpQWdJQ0FnSUNBZ0lDQXBMQW9nSUNBZ0lDQWdJRjBzQ2lBZ0lDQWdJQ2tzQ2lBZ0lDQXBPd29nSUgwS2ZRb0tZMnhoYzNNZ1gxSmhibXRDWVdSblpTQmxlSFJsYm1SeklGTjBZWFJsYkdWemMxZHBaR2RsZENCN0NpQWdZMjl1YzNRZ1gxSmhibXRDWVdSblpTaDdjbVZ4ZFdseVpXUWdkR2hwY3k1eVlXNXJmU2s3Q2dvZ0lHWnBibUZzSUdsdWRDQnlZVzVyT3dvS0lDQkFiM1psY25KcFpHVUtJQ0JYYVdSblpYUWdZblZwYkdRb1FuVnBiR1JEYjI1MFpYaDBJR052Ym5SbGVIUXBJSHNLSUNBZ0lHWnBibUZzSUdOdmJHOXlJRDBnYzNkcGRHTm9JQ2h5WVc1cktTQjdDaUFnSUNBZ0lERWdQVDRnWTI5dWMzUWdRMjlzYjNJb01IaEdSa1pHUXpRelJDa3NDaUFnSUNBZ0lESWdQVDRnWTI5dWMzUWdRMjlzYjNJb01IaEdSa1EzUlRCRlJTa3NDaUFnSUNBZ0lETWdQVDRnWTI5dWMzUWdRMjlzYjNJb01IaEdSa1pHT1RJMVJDa3NDaUFnSUNBZ0lGOGdQVDRnUTI5c2IzSnpMblJ5WVc1emNHRnlaVzUwTEFvZ0lDQWdmVHNLSUNBZ0lHbG1JQ2h5WVc1cklENGdNeWtnZXdvZ0lDQWdJ
Shell: Q0J5WlhSMWNtNGdWR1Y0ZENnS0lDQWdJQ0FnSUNBbkpISmhibXNuTEFvZ0lDQWdJQ0FnSUhSbGVIUkJiR2xuYmpvZ1ZHVjRkRUZzYVdkdUxtTmxiblJsY2l3S0lDQWdJQ0FnSUNCemRIbHNaVG9nWTI5dWMzUWdWR1Y0ZEZOMGVXeGxLR052Ykc5eU9pQkRiMnh2Y25NdWQyaHBkR1UyTUNrc0NpQWdJQ0FnSUNrN0NpQWdJQ0I5Q2lBZ0lDQnlaWFIxY200Z1EybHlZMnhsUVhaaGRHRnlLQW9nSUNBZ0lDQnlZV1JwZFhNNklERXpMQW9nSUNBZ0lDQmlZV05yWjNKdmRXNWtRMjlzYjNJNklHTnZiRzl5TEFvZ0lDQWdJQ0JqYUdsc1pEb2dWR1Y0ZENnS0lDQWdJQ0FnSUNBbkpISmhibXNuTEFvZ0lDQWdJQ0FnSUhOMGVXeGxPaUJqYjI1emRDQlVaWGgwVTNSNWJHVW9DaUFnSUNBZ0lDQWdJQ0JqYjJ4dmNqb2dRMjlzYjNJb01IaEdSakEzTVRNeU5pa3NDaUFnSUNBZ0lDQWdJQ0JtYjI1MFUybDZaVG9nTVRJc0NpQWdJQ0FnSUNBZ0lDQm1iMjUwVjJWcFoyaDBPaUJHYjI1MFYyVnBaMmgwTG5jNU1EQXNDaUFnSUNBZ0lDQWdLU3dLSUNBZ0lDQWdLU3dLSUNBZ0lDazdDaUFnZlFwOUNnPT0iLCJsaWIvZmVhdHVyZXMvcHJpdmFjeS9wcmVzZW50YXRpb24vcHJpdmFjeV9wYWdlLmRhcnQiOiJhVzF3YjNKMElDZHdZV05yWVdkbE9tRnpYMmR5YVc1MFlTOWpiM0psTDNWMGFXeHpMMkZ3Y0Y5bGNuSnZjbk11WkdGeWRDYzdDbWx0Y0c5eWRDQW5jR0ZqYTJGblpUcGhjMTluY21sdWRHRXZZMjl5WlM5M2FXUm5aWFJ6TDJkeWFXNTBZVjloY0hCZlltRnlMbVJoY25Rbk93cHBiWEJ2Y25RZ0ozQmhZMnRoWjJVNllYTmZaM0pwYm5SaEwyWmxZWFIxY21WekwzQnlhWFpoWTNrdlpHRjBZUzl3WlhKemIyNWhiRjlrWVhSaFgzSmxjRzl6YVhSdmNua3VaR0Z5ZENjN0NtbHRjRzl5ZENBbmNHRmphMkZuWlRwbWJIVjBkR1Z5TDIxaGRHVnlhV0ZzTG1SaGNuUW5Pd3BwYlhCdmNuUWdKM0JoWTJ0aFoyVTZabXgxZEhSbGNpOXpaWEoyYVdObGN5NWtZWEowSnpzS2FXMXdiM0owSUNkd1lXTnJZV2RsT21ac2RYUjBaWEpmY21sMlpYSndiMlF2Wm14MWRIUmxjbDl5YVhabGNuQnZaQzVrWVhKMEp6c0thVzF3YjNKMElDZHdZV05yWVdkbE9tRnpYMmR5YVc1MFlTOWpiM0psTDNkcFpHZGxkSE12WjNKcGJuUmhYMnh2WVdSbGNpNWtZWEowSnpzS0NtTnNZWE56SUZCeWFYWmhZM2xRWVdkbElHVjRkR1Z1WkhNZ1EyOXVjM1Z0WlhKVGRHRjBaV1oxYkZkcFpHZGxkQ0I3Q2lBZ1kyOXVjM1FnVUhKcGRtRmplVkJoWjJVb2UzTjFjR1Z5TG10bGVYMHBPd29LSUNCQWIzWmxjbkpwWkdVS0lDQkRiMjV6ZFcxbGNsTjBZWFJsUEZCeWFYWmhZM2xRWVdkbFBpQmpjbVZoZEdWVGRHRjBaU2dwSUQwK0lGOVFjbWwyWVdONVVHRm5aVk4wWVhSbEtDazdDbjBLQ21Oc1lYTnpJRjlRY21sMllXTjVVR0ZuWlZOMFlYUmxJR1Y0ZEdWdVpITWdRMjl1YzNWdFpYSlRkR0YwWlR4UWNtbDJZV041VUdGblpUNGdld29nSUdKdmIyd2dYMlY0Y0c5eWRHbHVaeUE5SUdaaGJITmxPd29LSUNCQWIzWmxjbkpwWkdVS0lDQlhhV1JuWlhRZ1luVnBiR1FvUW5WcGJHUkRiMjUwWlhoMElHTnZiblJsZUhRcElIc0tJQ0FnSUhKbGRIVnliaUJUWTJGbVptOXNaQ2dLSUNBZ0lDQWdZWEJ3UW1GeU9pQkhjbWx1ZEdGQmNIQkNZWElvZEdsMGJHVTZJR052Ym5OMElGUmxlSFFvSjBSdmJtN0RxV1Z6SUhCbGNuTnZibTVsYkd4bGN5Y3BLU3dLSUNBZ0lDQWdZbTlrZVRvZ1RHbHpkRlpwWlhjb0NpQWdJQ0FnSUNBZ2NHRmtaR2x1WnpvZ1kyOXVjM1FnUldSblpVbHVjMlYwY3k1aGJHd29NVFlwTEFvZ0lDQWdJQ0FnSUdOb2FXeGtjbVZ1T2lCYkNpQWdJQ0FnSUNBZ0lDQmpiMjV6ZENCZlVISnBkbUZqZVZObFkzUnBiMjRvQ2lBZ0lDQWdJQ0FnSUNBZ0lHbGpiMjQ2SUVsamIyNXpMbWx1ZG1WdWRHOXllVjh5WDI5MWRHeHBibVZrTEFvZ0lDQWdJQ0FnSUNBZ0lDQjBhWFJzWlRvZ0owUnZibTdEcVdWeklHVnVjbVZuYVhOMGNzT3BaWE1uTEFvZ0lDQWdJQ0FnSUNBZ0lDQmliMlI1T2lBblRPS0FtV0Z3Y0d4cFkyRjBhVzl1SUdOdmJuTmxjblpsSUhSdmJpQndjbTltYVd3c0lIUmhJSEJvYjNSdklNT3BkbVZ1ZEhWbGJHeGxMQ0IwWlhNZ0p3b2dJQ0FnSUNBZ0lDQWdJQ0FnSUNBZ0ozQnliMjV2YzNScFkzTXNJSFJsY3lCd2NzT3Bac09wY21WdVkyVnpJR1JsSUc1dmRHbG1hV05oZEdsdmJpd2dkR1Z6SUdKaFpHZGxjeUJsZENCc1pYTWdKd29nSUNBZ0lDQWdJQ0FnSUNBZ0lDQWdKMnhwWlc1eklHRjJaV01nYkdWeklHMWhkR05vY3lCaGRYaHhkV1ZzY3lCMGRTQndZWEowYVdOcGNHVnpMaWNzQ2lBZ0lDQWdJQ0FnSUNBcExBb2dJQ0FnSUNBZ0lDQWdZMjl1YzNRZ1gxQnlhWFpoWTNsVFpXTjBhVzl1S0FvZ0lDQWdJQ0FnSUNBZ0lDQnBZMjl1T2lCSlkyOXVjeTVvYjNkZmRHOWZkbTkwWlY5dmRYUnNhVzVsWkN3S0lDQWdJQ0FnSUNBZ0lDQWdkR2wwYkdVNklDZFdiM1JsY3lCSWIyMXRaU0JrZFNCdFlYUmphQ2NzQ2lBZ0lDQWdJQ0FnSUNBZ0lHSnZaSGs2Q2lBZ0lDQWdJQ0FnSUNBZ0lDQWdJQ0FuVEdWeklHSjFiR3hsZEdsdWN5QnVaU0J6YjI1MElIQmhjeUJzYVhOcFlteGxjeUJ3WVhJZ2JHVnpJR3B2ZFdWMWNuTWdibWtnY0dGeUlHeGxjeUFuQ2lBZ0lDQWdJQ0FnSUNBZ0lDQWdJQ0FuWVdSdGFXNXBjM1J5WVhSbGRYSnpJR1JoYm5NZ2JPS0FtV0Z3Y0d4cFkyRjBhVzl1TGlCVWIyNGdaWGh3YjNKMElIQmxjbk52Ym01bGJDQndaWFYwSUNjS0lDQWdJQ0FnSUNBZ0lDQWdJQ0FnSUNkalpYQmxibVJoYm5RZ1kyOXVkR1Z1YVhJZ2RHVnpJSEJ5YjNCeVpYTWdZblZzYkdWMGFXNXpMQ0JsZENCelpYVnNaVzFsYm5RZ2JHVnpJSFJwWlc1ekxpY3NDaUFnSUNBZ0lDQWdJQ0FwTEFvZ0lDQWdJQ0FnSUNBZ1kyOXVjM1FnWDFCeWFYWmhZM2xUWldOMGFXOXVLQW9nSUNBZ0lDQWdJQ0FnSUNCcFkyOXVPaUJKWTI5dWN5NWtaV3hsZEdWZmIzVjBiR2x1WlN3S0lDQWdJQ0FnSUNBZ0lDQWdkR2wwYkdVNklDZFRkWEJ3Y21WemMybHZiaUJrZFNCamIyMXdkR1VuTEFvZ0lDQWdJQ0FnSUNBZ0lDQmliMlI1T2dvZ0lDQWdJQ0Fn
Shell: SUNBZ0lDQWdJQ0FnSjFWdUlHRmtiV2x1YVhOMGNtRjBaWFZ5SUhCbGRYUWdjM1Z3Y0hKcGJXVnlJSFJ2YmlCamIyMXdkR1VnWkdVZ1kyOXVibVY0YVc5dUxDQjBaWE1nSndvZ0lDQWdJQ0FnSUNBZ0lDQWdJQ0FnSjNCeWIyNXZjM1JwWTNNc0lIUmxjeUJoWW05dWJtVnRaVzUwY3lCaGRYZ2dibTkwYVdacFkyRjBhVzl1Y3lCbGRDQjBaWE1nWkc5dWJzT3BaWE1nSndvZ0lDQWdJQ0FnSUNBZ0lDQWdJQ0FnSjJScGNtVmpkR1Z0Wlc1MElHeHB3NmxsY3lCaGRTQmpiMjF3ZEdVdUlFeGxjeUJtWlhWcGJHeGxjeUJrWlNCdFlYUmphQ0JsZENCemRHRjBhWE4wYVhGMVpYTWdKd29nSUNBZ0lDQWdJQ0FnSUNBZ0lDQWdKM053YjNKMGFYWmxjeUJrdzZscXc2QWdkbUZzYVdURHFXVnpJSEJsZFhabGJuUWdjbVZ6ZEdWeUlHUmhibk1nYk9LQW1XaHBjM1J2Y21seGRXVWdaSFVnWTJ4MVlpd2dKd29nSUNBZ0lDQWdJQ0FnSUNBZ0lDQWdKM05oYm5NZ2JHbGxiaUIyWlhKeklIVnVJR052YlhCMFpTQmtaU0JqYjI1dVpYaHBiMjR1Snl3S0lDQWdJQ0FnSUNBZ0lDa3NDaUFnSUNBZ0lDQWdJQ0JqYjI1emRDQmZVSEpwZG1GamVWTmxZM1JwYjI0b0NpQWdJQ0FnSUNBZ0lDQWdJR2xqYjI0NklFbGpiMjV6TG5Cb2IzUnZYMjkxZEd4cGJtVmtMQW9nSUNBZ0lDQWdJQ0FnSUNCMGFYUnNaVG9nSjFCb2IzUnZjeWNzQ2lBZ0lDQWdJQ0FnSUNBZ0lHSnZaSGs2SUNkTVpYTWdjR2h2ZEc5eklITnZiblFnWm1GamRXeDBZWFJwZG1WekxpQlZibVVnYm05MWRtVnNiR1VnY0dodmRHOGdjbVZ0Y0d4aFkyVWdKd29nSUNBZ0lDQWdJQ0FnSUNBZ0lDQWdKMnppZ0psaGJtTnBaVzV1WlN3Z2NYVnBJR1Z6ZENCemRYQndjbWx0dzZsbElHUjFJSE4wYjJOcllXZGxMaUJWYm1VZ2MzVndjSEpsYzNOcGIyNGdaR1VnSndvZ0lDQWdJQ0FnSUNBZ0lDQWdJQ0FnSjJOdmJYQjBaU0J2ZFNCa1pTQnFiM1ZsZFhJZ1pHOXBkQ0REcVdkaGJHVnRaVzUwSUc1bGRIUnZlV1Z5SUd4bGN5Qm1hV05vYVdWeWN5QmhjM052WTJuRHFYTXVKeXdLSUNBZ0lDQWdJQ0FnSUNrc0NpQWdJQ0FnSUNBZ0lDQmpiMjV6ZENCVGFYcGxaRUp2ZUNob1pXbG5hSFE2SURncExBb2dJQ0FnSUNBZ0lDQWdRMkZ5WkNnS0lDQWdJQ0FnSUNBZ0lDQWdZMmhwYkdRNklGQmhaR1JwYm1jb0NpQWdJQ0FnSUNBZ0lDQWdJQ0FnY0dGa1pHbHVaem9nWTI5dWMzUWdSV1JuWlVsdWMyVjBjeTVoYkd3b01UWXBMQW9nSUNBZ0lDQWdJQ0FnSUNBZ0lHTm9hV3hrT2lCRGIyeDFiVzRvQ2lBZ0lDQWdJQ0FnSUNBZ0lDQWdJQ0JqY205emMwRjRhWE5CYkdsbmJtMWxiblE2SUVOeWIzTnpRWGhwYzBGc2FXZHViV1Z1ZEM1emRISmxkR05vTEFvZ0lDQWdJQ0FnSUNBZ0lDQWdJQ0FnWTJocGJHUnlaVzQ2SUZzS0lDQWdJQ0FnSUNBZ0lDQWdJQ0FnSUNBZ1ZHVjRkQ2dLSUNBZ0lDQWdJQ0FnSUNBZ0lDQWdJQ0FnSUNBblJYaHdiM0owWlhJZ2JXVnpJR1J2Ym03RHFXVnpKeXdLSUNBZ0lDQWdJQ0FnSUNBZ0lDQWdJQ0FnSUNCemRIbHNaVG9nVkdobGJXVXViMllvWTI5dWRHVjRkQ2t1ZEdWNGRGUm9aVzFsTG5ScGRHeGxUV1ZrYVhWdFB5NWpiM0I1VjJsMGFDZ0tJQ0FnSUNBZ0lDQWdJQ0FnSUNBZ0lDQWdJQ0FnSUNBZ0lDQm1iMjUwVjJWcFoyaDBPaUJHYjI1MFYyVnBaMmgwTG5jNE1EQXNDaUFnSUNBZ0lDQWdJQ0FnSUNBZ0lDQWdJQ0FnSUNBZ0lDa3NDaUFnSUNBZ0lDQWdJQ0FnSUNBZ0lDQWdJQ2tzQ2lBZ0lDQWdJQ0FnSUNBZ0lDQWdJQ0FnSUdOdmJuTjBJRk5wZW1Wa1FtOTRLR2hsYVdkb2REb2dPQ2tzQ2lBZ0lDQWdJQ0FnSUNBZ0lDQWdJQ0FnSUdOdmJuTjBJRlJsZUhRb0NpQWdJQ0FnSUNBZ0lDQWdJQ0FnSUNBZ0lDQWdKMHppZ0psbGVIQnZjblFnWTI5dWRHbGxiblFnZFc1cGNYVmxiV1Z1ZENCc1pYTWdaRzl1YnNPcFpYTWdjbUYwZEdGamFNT3BaWE1ndzZBZ2RHOXVJQ2NLSUNBZ0lDQWdJQ0FnSUNBZ0lDQWdJQ0FnSUNBbmNISnZabWxzTGlCTVpYTWdZMnpEcVhNZ2RHVmphRzVwY1hWbGN5QmtaWE1nYm05MGFXWnBZMkYwYVc5dWN5QmxkQ0JzWlhNZ1pHOXVic09wWlhNZ0p3b2dJQ0FnSUNBZ0lDQWdJQ0FnSUNBZ0lDQWdJQ2RrWlhNZ1lYVjBjbVZ6SUcxbGJXSnlaWE1nYzI5dWRDQmxlR05zZFdWekxpY3NDaUFnSUNBZ0lDQWdJQ0FnSUNBZ0lDQWdJQ2tzQ2lBZ0lDQWdJQ0FnSUNBZ0lDQWdJQ0FnSUdOdmJuTjBJRk5wZW1Wa1FtOTRLR2hsYVdkb2REb2dNVFlwTEFvZ0lDQWdJQ0FnSUNBZ0lDQWdJQ0FnSUNCR2FXeHNaV1JDZFhSMGIyNHVhV052YmlnS0lDQWdJQ0FnSUNBZ0lDQWdJQ0FnSUNBZ0lDQnZibEJ5WlhOelpXUTZJRjlsZUhCdmNuUnBibWNnUHlCdWRXeHNJRG9nWDJWNGNHOXlkQ3dLSUNBZ0lDQWdJQ0FnSUNBZ0lDQWdJQ0FnSUNCcFkyOXVPaUJmWlhod2IzSjBhVzVuQ2lBZ0lDQWdJQ0FnSUNBZ0lDQWdJQ0FnSUNBZ0lDQWdJRDhnWTI5dWMzUWdVMmw2WldSQ2IzZ29DaUFnSUNBZ0lDQWdJQ0FnSUNBZ0lDQWdJQ0FnSUNBZ0lDQWdJQ0IzYVdSMGFEb2dNVGdzQ2lBZ0lDQWdJQ0FnSUNBZ0lDQWdJQ0FnSUNBZ0lDQWdJQ0FnSUNCb1pXbG5hSFE2SURFNExBb2dJQ0FnSUNBZ0lDQWdJQ0FnSUNBZ0lDQWdJQ0FnSUNBZ0lDQWdZMmhwYkdRNklFZHlhVzUwWVZCeWIyZHlaWE56U1c1a2FXTmhkRzl5S0hOMGNtOXJaVmRwWkhSb09pQXlLU3dLSUNBZ0lDQWdJQ0FnSUNBZ0lDQWdJQ0FnSUNBZ0lDQWdJQ0FwQ2lBZ0lDQWdJQ0FnSUNBZ0lDQWdJQ0FnSUNBZ0lDQWdJRG9nWTI5dWMzUWdTV052YmloSlkyOXVjeTVrYjNkdWJHOWhaRjl2ZFhSc2FXNWxaQ2tzQ2lBZ0lDQWdJQ0FnSUNBZ0lDQWdJQ0FnSUNBZ2JHRmlaV3c2SUdOdmJuTjBJRlJsZUhRb0oxQnl3Nmx3WVhKbGNpQnRiMjRnWlhod2IzSjBKeWtzQ2lBZ0lDQWdJQ0FnSUNBZ0lDQWdJQ0FnSUNrc0NpQWdJQ0FnSUNBZ0lDQWdJQ0FnSUNCZExBb2dJQ0FnSUNBZ0lDQWdJQ0FnSUNrc0NpQWdJQ0FnSUNBZ0lDQWdJQ2tzQ2lBZ0lDQWdJQ0FnSUNBcExBb2dJQ0FnSUNBZ0lDQWdZMjl1YzNRZ1UybDZaV1JDYjNnb2FHVnBaMmgwT2lBeE1pa3NDaUFn
Shell: SUNBZ0lDQWdJQ0JVWlhoMEtBb2dJQ0FnSUNBZ0lDQWdJQ0FuVUc5MWNpQmtaVzFoYm1SbGNpQnNZU0J6ZFhCd2NtVnpjMmx2YmlCdmRTQnNZU0JqYjNKeVpXTjBhVzl1SUdUaWdKbDFibVVnWkc5dWJzT3BaU0J4ZFdVZ2RIVWdKd29nSUNBZ0lDQWdJQ0FnSUNBbmJtVWdjR1YxZUNCd1lYTWdiVzlrYVdacFpYSWdaR1Z3ZFdseklIUnZiaUJ3Y205bWFXd3NJR052Ym5SaFkzUmxJSFZ1SUdGa2JXbHVhWE4wY21GMFpYVnlJQ2NLSUNBZ0lDQWdJQ0FnSUNBZ0oyUjFJR05zZFdJdUp5d0tJQ0FnSUNBZ0lDQWdJQ0FnZEdWNGRFRnNhV2R1T2lCVVpYaDBRV3hwWjI0dVkyVnVkR1Z5TEFvZ0lDQWdJQ0FnSUNBZ0lDQnpkSGxzWlRvZ1ZHaGxiV1V1YjJZb1kyOXVkR1Y0ZENrdWRHVjRkRlJvWlcxbExtSnZaSGxUYldGc2JDd0tJQ0FnSUNBZ0lDQWdJQ2tzQ2lBZ0lDQWdJQ0FnWFN3S0lDQWdJQ0FnS1N3S0lDQWdJQ2s3Q2lBZ2ZRb0tJQ0JHZFhSMWNtVThkbTlwWkQ0Z1gyVjRjRzl5ZENncElHRnplVzVqSUhzS0lDQWdJSE5sZEZOMFlYUmxLQ2dwSUQwK0lGOWxlSEJ2Y25ScGJtY2dQU0IwY25WbEtUc0tJQ0FnSUhSeWVTQjdDaUFnSUNBZ0lHWnBibUZzSUdSaGRHRWdQUW9nSUNBZ0lDQWdJQ0FnWVhkaGFYUWdjbVZtTG5KbFlXUW9jR1Z5YzI5dVlXeEVZWFJoVW1Wd2IzTnBkRzl5ZVZCeWIzWnBaR1Z5S1M1bGVIQnZjblJOZVVSaGRHRW9LVHNLSUNBZ0lDQWdabWx1WVd3Z2FuTnZiaUE5SUZCbGNuTnZibUZzUkdGMFlWSmxjRzl6YVhSdmNua3VjSEpsZEhSNVNuTnZiaWhrWVhSaEtUc0tJQ0FnSUNBZ2FXWWdLQ0Z0YjNWdWRHVmtLU0J5WlhSMWNtNDdDaUFnSUNBZ0lHRjNZV2wwSUhOb2IzZEVhV0ZzYjJjOGRtOXBaRDRvQ2lBZ0lDQWdJQ0FnWTI5dWRHVjRkRG9nWTI5dWRHVjRkQ3dLSUNBZ0lDQWdJQ0JpZFdsc1pHVnlPaUFvWkdsaGJHOW5RMjl1ZEdWNGRDa2dQVDRnUVd4bGNuUkVhV0ZzYjJjb0NpQWdJQ0FnSUNBZ0lDQjBhWFJzWlRvZ1kyOXVjM1FnVkdWNGRDZ25UVzl1SUdWNGNHOXlkQ0J3WlhKemIyNXVaV3duS1N3S0lDQWdJQ0FnSUNBZ0lHTnZiblJsYm5RNklGTnBlbVZrUW05NEtBb2dJQ0FnSUNBZ0lDQWdJQ0IzYVdSMGFEb2dOalF3TEFvZ0lDQWdJQ0FnSUNBZ0lDQmphR2xzWkRvZ1UybHVaMnhsUTJocGJHUlRZM0p2Ykd4V2FXVjNLQW9nSUNBZ0lDQWdJQ0FnSUNBZ0lHTm9hV3hrT2lCVFpXeGxZM1JoWW14bFZHVjRkQ2dLSUNBZ0lDQWdJQ0FnSUNBZ0lDQWdJR3B6YjI0c0NpQWdJQ0FnSUNBZ0lDQWdJQ0FnSUNCemRIbHNaVG9nVkdobGJXVXViMllvWkdsaGJHOW5RMjl1ZEdWNGRDa3VkR1Y0ZEZSb1pXMWxMbUp2WkhsVGJXRnNiRDh1WTI5d2VWZHBkR2dvQ2lBZ0lDQWdJQ0FnSUNBZ0lDQWdJQ0FnSUNBZ0lDQm1iMjUwUm1GdGFXeDVPaUFuYlc5dWIzTndZV05sSnl3S0lDQWdJQ0FnSUNBZ0lDQWdJQ0FnSUNBZ0lDQXBMQW9nSUNBZ0lDQWdJQ0FnSUNBZ0lDa3NDaUFnSUNBZ0lDQWdJQ0FnSUNrc0NpQWdJQ0FnSUNBZ0lDQXBMQW9nSUNBZ0lDQWdJQ0FnWVdOMGFXOXVjem9nV3dvZ0lDQWdJQ0FnSUNBZ0lDQlVaWGgwUW5WMGRHOXVMbWxqYjI0b0NpQWdJQ0FnSUNBZ0lDQWdJQ0FnYjI1UWNtVnpjMlZrT2lBb0tTQmhjM2x1WXlCN0NpQWdJQ0FnSUNBZ0lDQWdJQ0FnSUNCaGQyRnBkQ0JEYkdsd1ltOWhjbVF1YzJWMFJHRjBZU2hEYkdsd1ltOWhjbVJFWVhSaEtIUmxlSFE2SUdwemIyNHBLVHNLSUNBZ0lDQWdJQ0FnSUNBZ0lDQWdJR2xtSUNnaFpHbGhiRzluUTI5dWRHVjRkQzV0YjNWdWRHVmtLU0J5WlhSMWNtNDdDaUFnSUNBZ0lDQWdJQ0FnSUNBZ0lDQlRZMkZtWm05c1pFMWxjM05sYm1kbGNpNXZaaWhrYVdGc2IyZERiMjUwWlhoMEtTNXphRzkzVTI1aFkydENZWElvQ2lBZ0lDQWdJQ0FnSUNBZ0lDQWdJQ0FnSUdOdmJuTjBJRk51WVdOclFtRnlLR052Ym5SbGJuUTZJRlJsZUhRb0owVjRjRzl5ZENCamIzQnB3Nmt1SnlrcExBb2dJQ0FnSUNBZ0lDQWdJQ0FnSUNBZ0tUc0tJQ0FnSUNBZ0lDQWdJQ0FnSUNCOUxBb2dJQ0FnSUNBZ0lDQWdJQ0FnSUdsamIyNDZJR052Ym5OMElFbGpiMjRvU1dOdmJuTXVZMjl3ZVY5dmRYUnNhVzVsWkNrc0NpQWdJQ0FnSUNBZ0lDQWdJQ0FnYkdGaVpXdzZJR052Ym5OMElGUmxlSFFvSjBOdmNHbGxjaWNwTEFvZ0lDQWdJQ0FnSUNBZ0lDQXBMQW9nSUNBZ0lDQWdJQ0FnSUNCR2FXeHNaV1JDZFhSMGIyNG9DaUFnSUNBZ0lDQWdJQ0FnSUNBZ2IyNVFjbVZ6YzJWa09pQW9LU0E5UGlCT1lYWnBaMkYwYjNJdWNHOXdLR1JwWVd4dlowTnZiblJsZUhRcExBb2dJQ0FnSUNBZ0lDQWdJQ0FnSUdOb2FXeGtPaUJqYjI1emRDQlVaWGgwS0NkR1pYSnRaWEluS1N3S0lDQWdJQ0FnSUNBZ0lDQWdLU3dLSUNBZ0lDQWdJQ0FnSUYwc0NpQWdJQ0FnSUNBZ0tTd0tJQ0FnSUNBZ0tUc0tJQ0FnSUgwZ1kyRjBZMmdnS0dWeWNtOXlLU0I3Q2lBZ0lDQWdJR2xtSUNnaGJXOTFiblJsWkNrZ2NtVjBkWEp1T3dvZ0lDQWdJQ0JUWTJGbVptOXNaRTFsYzNObGJtZGxjaTV2WmloamIyNTBaWGgwS1M1emFHOTNVMjVoWTJ0Q1lYSW9DaUFnSUNBZ0lDQWdVMjVoWTJ0Q1lYSW9ZMjl1ZEdWdWREb2dWR1Y0ZENob2RXMWhibWw2WlVWeWNtOXlLR1Z5Y205eUtTa3BMQW9nSUNBZ0lDQXBPd29nSUNBZ2ZTQm1hVzVoYkd4NUlIc0tJQ0FnSUNBZ2FXWWdLRzF2ZFc1MFpXUXBJSE5sZEZOMFlYUmxLQ2dwSUQwK0lGOWxlSEJ2Y25ScGJtY2dQU0JtWVd4elpTazdDaUFnSUNCOUNpQWdmUXA5Q2dwamJHRnpjeUJmVUhKcGRtRmplVk5sWTNScGIyNGdaWGgwWlc1a2N5QlRkR0YwWld4bGMzTlhhV1JuWlhRZ2V3b2dJR052Ym5OMElGOVFjbWwyWVdONVUyVmpkR2x2YmloN0NpQWdJQ0J5WlhGMWFYSmxaQ0IwYUdsekxtbGpiMjRzQ2lBZ0lDQnlaWEYxYVhKbFpDQjBhR2x6TG5ScGRHeGxMQW9nSUNBZ2NtVnhkV2x5WldRZ2RHaHBjeTVpYjJSNUxBb2dJSDBwT3dvS0lDQm1hVzVoYkNCSlkyOXVSR0YwWVNCcFkyOXVPd29nSUdacGJtRnNJRk4wY21sdVp5QjBhWFJzWlRzS0lDQm1hVzVoYkNCVGRISnBibWNnWW05a2VUc0tDaUFn
Shell: UUc5MlpYSnlhV1JsQ2lBZ1YybGtaMlYwSUdKMWFXeGtLRUoxYVd4a1EyOXVkR1Y0ZENCamIyNTBaWGgwS1NCN0NpQWdJQ0J5WlhSMWNtNGdRMkZ5WkNnS0lDQWdJQ0FnWTJocGJHUTZJRkJoWkdScGJtY29DaUFnSUNBZ0lDQWdjR0ZrWkdsdVp6b2dZMjl1YzNRZ1JXUm5aVWx1YzJWMGN5NWhiR3dvTVRZcExBb2dJQ0FnSUNBZ0lHTm9hV3hrT2lCU2IzY29DaUFnSUNBZ0lDQWdJQ0JqY205emMwRjRhWE5CYkdsbmJtMWxiblE2SUVOeWIzTnpRWGhwYzBGc2FXZHViV1Z1ZEM1emRHRnlkQ3dLSUNBZ0lDQWdJQ0FnSUdOb2FXeGtjbVZ1T2lCYkNpQWdJQ0FnSUNBZ0lDQWdJRWxqYjI0b2FXTnZiaWtzQ2lBZ0lDQWdJQ0FnSUNBZ0lHTnZibk4wSUZOcGVtVmtRbTk0S0hkcFpIUm9PaUF4TkNrc0NpQWdJQ0FnSUNBZ0lDQWdJRVY0Y0dGdVpHVmtLQW9nSUNBZ0lDQWdJQ0FnSUNBZ0lHTm9hV3hrT2lCRGIyeDFiVzRvQ2lBZ0lDQWdJQ0FnSUNBZ0lDQWdJQ0JqY205emMwRjRhWE5CYkdsbmJtMWxiblE2SUVOeWIzTnpRWGhwYzBGc2FXZHViV1Z1ZEM1emRHRnlkQ3dLSUNBZ0lDQWdJQ0FnSUNBZ0lDQWdJR05vYVd4a2NtVnVPaUJiQ2lBZ0lDQWdJQ0FnSUNBZ0lDQWdJQ0FnSUZSbGVIUW9DaUFnSUNBZ0lDQWdJQ0FnSUNBZ0lDQWdJQ0FnZEdsMGJHVXNDaUFnSUNBZ0lDQWdJQ0FnSUNBZ0lDQWdJQ0FnYzNSNWJHVTZJRlJvWlcxbExtOW1LR052Ym5SbGVIUXBMblJsZUhSVWFHVnRaUzUwYVhSc1pVMWxaR2wxYlQ4dVkyOXdlVmRwZEdnb0NpQWdJQ0FnSUNBZ0lDQWdJQ0FnSUNBZ0lDQWdJQ0FnSUNBZ1ptOXVkRmRsYVdkb2REb2dSbTl1ZEZkbGFXZG9kQzUzT0RBd0xBb2dJQ0FnSUNBZ0lDQWdJQ0FnSUNBZ0lDQWdJQ0FnSUNBcExBb2dJQ0FnSUNBZ0lDQWdJQ0FnSUNBZ0lDQXBMQW9nSUNBZ0lDQWdJQ0FnSUNBZ0lDQWdJQ0JqYjI1emRDQlRhWHBsWkVKdmVDaG9aV2xuYUhRNklEWXBMQW9nSUNBZ0lDQWdJQ0FnSUNBZ0lDQWdJQ0JVWlhoMEtHSnZaSGtwTEFvZ0lDQWdJQ0FnSUNBZ0lDQWdJQ0FnWFN3S0lDQWdJQ0FnSUNBZ0lDQWdJQ0FwTEFvZ0lDQWdJQ0FnSUNBZ0lDQXBMQW9nSUNBZ0lDQWdJQ0FnWFN3S0lDQWdJQ0FnSUNBcExBb2dJQ0FnSUNBcExBb2dJQ0FnS1RzS0lDQjlDbjBLIiwibGliL2ZlYXR1cmVzL3Byb2ZpbGUvcHJlc2VudGF0aW9uL3Byb2ZpbGVfcGFnZS5kYXJ0IjoiYVcxd2IzSjBJQ2R3WVdOcllXZGxPbUZ6WDJkeWFXNTBZUzlqYjNKbEwzTmxZM1Z5YVhSNUwzQmhjM04zYjNKa1gzQnZiR2xqZVM1a1lYSjBKenNLYVcxd2IzSjBJQ2R3WVdOcllXZGxPbUZ6WDJkeWFXNTBZUzlqYjNKbEwzVjBhV3h6TDI1aGJXVmZkbUZzYVdSaGRHbHZiaTVrWVhKMEp6c0thVzF3YjNKMElDZHdZV05yWVdkbE9tRnpYMmR5YVc1MFlTOWpiM0psTDNkcFpHZGxkSE12WjNKcGJuUmhYMkZ3Y0Y5aVlYSXVaR0Z5ZENjN0NtbHRjRzl5ZENBbmNHRmphMkZuWlRwaGMxOW5jbWx1ZEdFdlkyOXlaUzkzYVdSblpYUnpMM0JvYjNSdlgyTnliM0JmY0hKbGRtbGxkeTVrWVhKMEp6c0thVzF3YjNKMElDZHdZV05yWVdkbE9tRnpYMmR5YVc1MFlTOW1aV0YwZFhKbGN5OWhkWFJvTDJSdmJXRnBiaTloZFhSb1gzQnliMlpwYkdVdVpHRnlkQ2M3Q21sdGNHOXlkQ0FuY0dGamEyRm5aVHBoYzE5bmNtbHVkR0V2Wm1WaGRIVnlaWE12WVhWMGFDOXdjbVZ6Wlc1MFlYUnBiMjR2WVhWMGFGOXpkR0YwWlM1a1lYSjBKenNLYVcxd2IzSjBJQ2R3WVdOcllXZGxPbUZ6WDJkeWFXNTBZUzltWldGMGRYSmxjeTl6Y0c5eWRITmZiV0Z1WVdkbGJXVnVkQzl3Y21WelpXNTBZWFJwYjI0dmQybGtaMlYwY3k5amIyMXdiM05wZEdsdmJsOXdhWFJqYUM1a1lYSjBKenNLYVcxd2IzSjBJQ2R3WVdOcllXZGxPbVpzZFhSMFpYSXZiV0YwWlhKcFlXd3VaR0Z5ZENjN0NtbHRjRzl5ZENBbmNHRmphMkZuWlRwbWJIVjBkR1Z5WDNKcGRtVnljRzlrTDJac2RYUjBaWEpmY21sMlpYSndiMlF1WkdGeWRDYzdDbWx0Y0c5eWRDQW5jR0ZqYTJGblpUcG5iMTl5YjNWMFpYSXZaMjlmY205MWRHVnlMbVJoY25Rbk93cHBiWEJ2Y25RZ0ozQmhZMnRoWjJVNmFXMWhaMlZmY0dsamEyVnlMMmx0WVdkbFgzQnBZMnRsY2k1a1lYSjBKenNLYVcxd2IzSjBJQ2R3WVdOcllXZGxPbUZ6WDJkeWFXNTBZUzlqYjNKbEwzZHBaR2RsZEhNdlozSnBiblJoWDJ4dllXUmxjaTVrWVhKMEp6c0tDbU5zWVhOeklGQnliMlpwYkdWUVlXZGxJR1Y0ZEdWdVpITWdRMjl1YzNWdFpYSlRkR0YwWldaMWJGZHBaR2RsZENCN0NpQWdZMjl1YzNRZ1VISnZabWxzWlZCaFoyVW9lM04xY0dWeUxtdGxlWDBwT3dvS0lDQkFiM1psY25KcFpHVUtJQ0JEYjI1emRXMWxjbE4wWVhSbFBGQnliMlpwYkdWUVlXZGxQaUJqY21WaGRHVlRkR0YwWlNncElEMCtJRjlRY205bWFXeGxVR0ZuWlZOMFlYUmxLQ2s3Q24wS0NtTnNZWE56SUY5UWNtOW1hV3hsVUdGblpWTjBZWFJsSUdWNGRHVnVaSE1nUTI5dWMzVnRaWEpUZEdGMFpUeFFjbTltYVd4bFVHRm5aVDRnZXdvZ0lHeGhkR1VnWm1sdVlXd2dWR1Y0ZEVWa2FYUnBibWREYjI1MGNtOXNiR1Z5SUY5bWFYSnpkRTVoYldWRGIyNTBjbTlzYkdWeU93b2dJR3hoZEdVZ1ptbHVZV3dnVkdWNGRFVmthWFJwYm1kRGIyNTBjbTlzYkdWeUlGOXNZWE4wVG1GdFpVTnZiblJ5YjJ4c1pYSTdDaUFnYkdGMFpTQm1hVzVoYkNCVVpYaDBSV1JwZEdsdVowTnZiblJ5YjJ4c1pYSWdYM04xY201dmJVTnZiblJ5YjJ4c1pYSTdDaUFnVTNSeWFXNW5QeUJmYkc5allXeEZjbkp2Y2pzS0NpQWdRRzkyWlhKeWFXUmxDaUFnZG05cFpDQnBibWwwVTNSaGRHVW9LU0I3Q2lBZ0lDQnpkWEJsY2k1cGJtbDBVM1JoZEdVb0tUc0tJQ0FnSUdacGJtRnNJSEJ5YjJacGJHVWdQU0J5WldZdWNtVmhaQ2hoZFhSb1EyOXVkSEp2Ykd4bGNsQnliM1pwWkdWeUtTNXdjbTltYVd4bE93b2dJQ0FnWDJacGNuTjBUbUZ0WlVOdmJuUnliMnhzWlhJZ1BRb2dJQ0FnSUNBZ0lGUmxlSFJGWkdsMGFXNW5RMjl1ZEhKdmJHeGxjaWgwWlhoME9pQndjbTltYVd4bFB5NW1hWEp6ZEU1aGJXVWdQejhnSnljcE93b2dJQ0FnWDJ4
Shell: aGMzUk9ZVzFsUTI5dWRISnZiR3hsY2lBOUlGUmxlSFJGWkdsMGFXNW5RMjl1ZEhKdmJHeGxjaWgwWlhoME9pQndjbTltYVd4bFB5NXNZWE4wVG1GdFpTQS9QeUFuSnlrN0NpQWdJQ0JmYzNWeWJtOXRRMjl1ZEhKdmJHeGxjaUE5SUZSbGVIUkZaR2wwYVc1blEyOXVkSEp2Ykd4bGNpaDBaWGgwT2lCd2NtOW1hV3hsUHk1emRYSnViMjBnUHo4Z0p5Y3BPd29nSUgwS0NpQWdRRzkyWlhKeWFXUmxDaUFnZG05cFpDQmthWE53YjNObEtDa2dld29nSUNBZ1gyWnBjbk4wVG1GdFpVTnZiblJ5YjJ4c1pYSXVaR2x6Y0c5elpTZ3BPd29nSUNBZ1gyeGhjM1JPWVcxbFEyOXVkSEp2Ykd4bGNpNWthWE53YjNObEtDazdDaUFnSUNCZmMzVnlibTl0UTI5dWRISnZiR3hsY2k1a2FYTndiM05sS0NrN0NpQWdJQ0J6ZFhCbGNpNWthWE53YjNObEtDazdDaUFnZlFvS0lDQkFiM1psY25KcFpHVUtJQ0JYYVdSblpYUWdZblZwYkdRb1FuVnBiR1JEYjI1MFpYaDBJR052Ym5SbGVIUXBJSHNLSUNBZ0lHWnBibUZzSUdGMWRHaFRkR0YwWlNBOUlISmxaaTUzWVhSamFDaGhkWFJvUTI5dWRISnZiR3hsY2xCeWIzWnBaR1Z5S1RzS0lDQWdJR1pwYm1Gc0lIQnliMlpwYkdVZ1BTQmhkWFJvVTNSaGRHVXVjSEp2Wm1sc1pUc0tJQ0FnSUdacGJtRnNJR0oxYzNrZ1BTQmhkWFJvVTNSaGRHVXVhWE5NYjJGa2FXNW5Pd29LSUNBZ0lISmxkSFZ5YmlCVFkyRm1abTlzWkNnS0lDQWdJQ0FnWVhCd1FtRnlPaUJIY21sdWRHRkJjSEJDWVhJb2RHbDBiR1U2SUdOdmJuTjBJRlJsZUhRb0oxQnliMlpwYkNjcEtTd0tJQ0FnSUNBZ1ltOWtlVG9nVEdsemRGWnBaWGNvQ2lBZ0lDQWdJQ0FnY0dGa1pHbHVaem9nWTI5dWMzUWdSV1JuWlVsdWMyVjBjeTVoYkd3b01qUXBMQW9nSUNBZ0lDQWdJR05vYVd4a2NtVnVPaUJiQ2lBZ0lDQWdJQ0FnSUNCRFlYSmtLQW9nSUNBZ0lDQWdJQ0FnSUNCamFHbHNaRG9nVUdGa1pHbHVaeWdLSUNBZ0lDQWdJQ0FnSUNBZ0lDQndZV1JrYVc1bk9pQmpiMjV6ZENCRlpHZGxTVzV6WlhSekxtRnNiQ2d5TUNrc0NpQWdJQ0FnSUNBZ0lDQWdJQ0FnWTJocGJHUTZJRU52YkhWdGJpZ0tJQ0FnSUNBZ0lDQWdJQ0FnSUNBZ0lHTnliM056UVhocGMwRnNhV2R1YldWdWREb2dRM0p2YzNOQmVHbHpRV3hwWjI1dFpXNTBMbk4wWVhKMExBb2dJQ0FnSUNBZ0lDQWdJQ0FnSUNBZ1kyaHBiR1J5Wlc0NklGc0tJQ0FnSUNBZ0lDQWdJQ0FnSUNBZ0lDQWdRMlZ1ZEdWeUtBb2dJQ0FnSUNBZ0lDQWdJQ0FnSUNBZ0lDQWdJR05vYVd4a09pQkRiMngxYlc0b0NpQWdJQ0FnSUNBZ0lDQWdJQ0FnSUNBZ0lDQWdJQ0JqYUdsc1pISmxiam9nV3dvZ0lDQWdJQ0FnSUNBZ0lDQWdJQ0FnSUNBZ0lDQWdJQ0JUZEdGamF5Z0tJQ0FnSUNBZ0lDQWdJQ0FnSUNBZ0lDQWdJQ0FnSUNBZ0lDQmphR2xzWkhKbGJqb2dXd29nSUNBZ0lDQWdJQ0FnSUNBZ0lDQWdJQ0FnSUNBZ0lDQWdJQ0FnVUd4aGVXVnlRWFpoZEdGeUtBb2dJQ0FnSUNBZ0lDQWdJQ0FnSUNBZ0lDQWdJQ0FnSUNBZ0lDQWdJQ0J3YUc5MGIxVnliRG9nY0hKdlptbHNaVDh1Y0dodmRHOVZjbXdzQ2lBZ0lDQWdJQ0FnSUNBZ0lDQWdJQ0FnSUNBZ0lDQWdJQ0FnSUNBZ0lHNWhiV1U2SUhCeWIyWnBiR1UvTG1ScGMzQnNZWGxPWVcxbElEOC9JQ2NuTEFvZ0lDQWdJQ0FnSUNBZ0lDQWdJQ0FnSUNBZ0lDQWdJQ0FnSUNBZ0lDQnphWHBsT2lBNU5pd0tJQ0FnSUNBZ0lDQWdJQ0FnSUNBZ0lDQWdJQ0FnSUNBZ0lDQWdJQ2tzQ2lBZ0lDQWdJQ0FnSUNBZ0lDQWdJQ0FnSUNBZ0lDQWdJQ0FnSUNCUWIzTnBkR2x2Ym1Wa0tBb2dJQ0FnSUNBZ0lDQWdJQ0FnSUNBZ0lDQWdJQ0FnSUNBZ0lDQWdJQ0J5YVdkb2REb2dMVFFzQ2lBZ0lDQWdJQ0FnSUNBZ0lDQWdJQ0FnSUNBZ0lDQWdJQ0FnSUNBZ0lHSnZkSFJ2YlRvZ0xUUXNDaUFnSUNBZ0lDQWdJQ0FnSUNBZ0lDQWdJQ0FnSUNBZ0lDQWdJQ0FnSUdOb2FXeGtPaUJOWVhSbGNtbGhiQ2dLSUNBZ0lDQWdJQ0FnSUNBZ0lDQWdJQ0FnSUNBZ0lDQWdJQ0FnSUNBZ0lDQmpiMnh2Y2pvZ1ZHaGxiV1V1YjJZb1kyOXVkR1Y0ZENrdVkyOXNiM0pUWTJobGJXVXVjSEpwYldGeWVTd0tJQ0FnSUNBZ0lDQWdJQ0FnSUNBZ0lDQWdJQ0FnSUNBZ0lDQWdJQ0FnSUNCemFHRndaVG9nWTI5dWMzUWdRMmx5WTJ4bFFtOXlaR1Z5S0Nrc0NpQWdJQ0FnSUNBZ0lDQWdJQ0FnSUNBZ0lDQWdJQ0FnSUNBZ0lDQWdJQ0FnWTJocGJHUTZJRWx1YTFkbGJHd29DaUFnSUNBZ0lDQWdJQ0FnSUNBZ0lDQWdJQ0FnSUNBZ0lDQWdJQ0FnSUNBZ0lDQmpkWE4wYjIxQ2IzSmtaWEk2SUdOdmJuTjBJRU5wY21Oc1pVSnZjbVJsY2lncExBb2dJQ0FnSUNBZ0lDQWdJQ0FnSUNBZ0lDQWdJQ0FnSUNBZ0lDQWdJQ0FnSUNBZ2IyNVVZWEE2SUdKMWMza2dQeUJ1ZFd4c0lEb2dYM0JwWTJ0QmJtUlZjR3h2WVdSUWFHOTBieXdLSUNBZ0lDQWdJQ0FnSUNBZ0lDQWdJQ0FnSUNBZ0lDQWdJQ0FnSUNBZ0lDQWdJR05vYVd4a09pQmpiMjV6ZENCUVlXUmthVzVuS0FvZ0lDQWdJQ0FnSUNBZ0lDQWdJQ0FnSUNBZ0lDQWdJQ0FnSUNBZ0lDQWdJQ0FnSUNCd1lXUmthVzVuT2lCRlpHZGxTVzV6WlhSekxtRnNiQ2czS1N3S0lDQWdJQ0FnSUNBZ0lDQWdJQ0FnSUNBZ0lDQWdJQ0FnSUNBZ0lDQWdJQ0FnSUNBZ1kyaHBiR1E2SUVsamIyNG9DaUFnSUNBZ0lDQWdJQ0FnSUNBZ0lDQWdJQ0FnSUNBZ0lDQWdJQ0FnSUNBZ0lDQWdJQ0FnU1dOdmJuTXVjR2h2ZEc5ZlkyRnRaWEpoWDI5MWRHeHBibVZrTEFvZ0lDQWdJQ0FnSUNBZ0lDQWdJQ0FnSUNBZ0lDQWdJQ0FnSUNBZ0lDQWdJQ0FnSUNBZ0lITnBlbVU2SURFNExBb2dJQ0FnSUNBZ0lDQWdJQ0FnSUNBZ0lDQWdJQ0FnSUNBZ0lDQWdJQ0FnSUNBZ0lDQWdJR052Ykc5eU9pQkRiMnh2Y25NdWQyaHBkR1VzQ2lBZ0lDQWdJQ0FnSUNBZ0lDQWdJQ0FnSUNBZ0lDQWdJQ0FnSUNBZ0lDQWdJQ0FnSUNrc0NpQWdJQ0FnSUNBZ0lDQWdJQ0FnSUNBZ0lDQWdJQ0FnSUNBZ0lDQWdJQ0FnSUNBcExBb2dJQ0FnSUNBZ0lDQWdJQ0FnSUNBZ0lDQWdJQ0FnSUNBZ0lDQWdJQ0FnSUNrc0NpQWdJQ0FnSUNBZ0lDQWdJQ0FnSUNB
Shell: Z0lDQWdJQ0FnSUNBZ0lDQWdJQ2tzQ2lBZ0lDQWdJQ0FnSUNBZ0lDQWdJQ0FnSUNBZ0lDQWdJQ0FnSUNBcExBb2dJQ0FnSUNBZ0lDQWdJQ0FnSUNBZ0lDQWdJQ0FnSUNBZ0lGMHNDaUFnSUNBZ0lDQWdJQ0FnSUNBZ0lDQWdJQ0FnSUNBZ0lDa3NDaUFnSUNBZ0lDQWdJQ0FnSUNBZ0lDQWdJQ0FnSUNBZ0lHTnZibk4wSUZOcGVtVmtRbTk0S0dobGFXZG9kRG9nT0Nrc0NpQWdJQ0FnSUNBZ0lDQWdJQ0FnSUNBZ0lDQWdJQ0FnSUZSbGVIUW9DaUFnSUNBZ0lDQWdJQ0FnSUNBZ0lDQWdJQ0FnSUNBZ0lDQWdKMVJoSUhCb2IzUnZJR0Z3Y0dGeVljT3VkQ0J6ZFhJZ2JHVnpJR052YlhCdmMybDBhVzl1Y3k0bkxBb2dJQ0FnSUNBZ0lDQWdJQ0FnSUNBZ0lDQWdJQ0FnSUNBZ0lITjBlV3hsT2lCVWFHVnRaUzV2WmloamIyNTBaWGgwS1M1MFpYaDBWR2hsYldVdVltOWtlVk50WVd4c0xBb2dJQ0FnSUNBZ0lDQWdJQ0FnSUNBZ0lDQWdJQ0FnSUNBcExBb2dJQ0FnSUNBZ0lDQWdJQ0FnSUNBZ0lDQWdJQ0FnWFN3S0lDQWdJQ0FnSUNBZ0lDQWdJQ0FnSUNBZ0lDQXBMQW9nSUNBZ0lDQWdJQ0FnSUNBZ0lDQWdJQ0FwTEFvZ0lDQWdJQ0FnSUNBZ0lDQWdJQ0FnSUNCamIyNXpkQ0JUYVhwbFpFSnZlQ2hvWldsbmFIUTZJREU0S1N3S0lDQWdJQ0FnSUNBZ0lDQWdJQ0FnSUNBZ1ZHVjRkQ2dLSUNBZ0lDQWdJQ0FnSUNBZ0lDQWdJQ0FnSUNCd2NtOW1hV3hsUHk1bWRXeHNUbUZ0WlM1cGMwNXZkRVZ0Y0hSNUlEMDlJSFJ5ZFdVS0lDQWdJQ0FnSUNBZ0lDQWdJQ0FnSUNBZ0lDQWdJQ0FnUHlCd2NtOW1hV3hsSVM1bWRXeHNUbUZ0WlFvZ0lDQWdJQ0FnSUNBZ0lDQWdJQ0FnSUNBZ0lDQWdJQ0E2SUNkUWNtOW1hV3dnZFhScGJHbHpZWFJsZFhJbkxBb2dJQ0FnSUNBZ0lDQWdJQ0FnSUNBZ0lDQWdJSE4wZVd4bE9pQlVhR1Z0WlM1dlppaGpiMjUwWlhoMEtTNTBaWGgwVkdobGJXVXVhR1ZoWkd4cGJtVlRiV0ZzYkN3S0lDQWdJQ0FnSUNBZ0lDQWdJQ0FnSUNBZ0tTd0tJQ0FnSUNBZ0lDQWdJQ0FnSUNBZ0lDQWdZMjl1YzNRZ1UybDZaV1JDYjNnb2FHVnBaMmgwT2lBNEtTd0tJQ0FnSUNBZ0lDQWdJQ0FnSUNBZ0lDQWdhV1lnS0Nod2NtOW1hV3hsUHk1MWMyVnlibUZ0WlNBL1B5QW5KeWt1YVhOT2IzUkZiWEIwZVNrS0lDQWdJQ0FnSUNBZ0lDQWdJQ0FnSUNBZ0lDQlVaWGgwS0NkSlpHVnVkR2xtYVdGdWRDQTZJQ1I3Y0hKdlptbHNaU0V1ZFhObGNtNWhiV1VoZlNjcExBb2dJQ0FnSUNBZ0lDQWdJQ0FnSUNBZ0lDQlVaWGgwS0NkU3c3UnNaU0E2SUNSN2NISnZabWxzWlQ4dWNtOXNaUzVzWVdKbGJDQS9QeUFuYVc1amIyNXVkU2Q5Snlrc0NpQWdJQ0FnSUNBZ0lDQWdJQ0FnSUNCZExBb2dJQ0FnSUNBZ0lDQWdJQ0FnSUNrc0NpQWdJQ0FnSUNBZ0lDQWdJQ2tzQ2lBZ0lDQWdJQ0FnSUNBcExBb2dJQ0FnSUNBZ0lDQWdZMjl1YzNRZ1UybDZaV1JDYjNnb2FHVnBaMmgwT2lBeU1Da3NDaUFnSUNBZ0lDQWdJQ0JVWlhoMFJtbGxiR1FvQ2lBZ0lDQWdJQ0FnSUNBZ0lHTnZiblJ5YjJ4c1pYSTZJRjltYVhKemRFNWhiV1ZEYjI1MGNtOXNiR1Z5TEFvZ0lDQWdJQ0FnSUNBZ0lDQjBaWGgwU1c1d2RYUkJZM1JwYjI0NklGUmxlSFJKYm5CMWRFRmpkR2x2Ymk1dVpYaDBMQW9nSUNBZ0lDQWdJQ0FnSUNCMFpYaDBRMkZ3YVhSaGJHbDZZWFJwYjI0NklGUmxlSFJEWVhCcGRHRnNhWHBoZEdsdmJpNTNiM0prY3l3S0lDQWdJQ0FnSUNBZ0lDQWdaR1ZqYjNKaGRHbHZiam9nWTI5dWMzUWdTVzV3ZFhSRVpXTnZjbUYwYVc5dUtHeGhZbVZzVkdWNGREb2dKMUJ5dzZsdWIyMG5LU3dLSUNBZ0lDQWdJQ0FnSUNrc0NpQWdJQ0FnSUNBZ0lDQmpiMjV6ZENCVGFYcGxaRUp2ZUNob1pXbG5hSFE2SURFMktTd0tJQ0FnSUNBZ0lDQWdJRlJsZUhSR2FXVnNaQ2dLSUNBZ0lDQWdJQ0FnSUNBZ1kyOXVkSEp2Ykd4bGNqb2dYMnhoYzNST1lXMWxRMjl1ZEhKdmJHeGxjaXdLSUNBZ0lDQWdJQ0FnSUNBZ2RHVjRkRWx1Y0hWMFFXTjBhVzl1T2lCVVpYaDBTVzV3ZFhSQlkzUnBiMjR1Ym1WNGRDd0tJQ0FnSUNBZ0lDQWdJQ0FnZEdWNGRFTmhjR2wwWVd4cGVtRjBhVzl1T2lCVVpYaDBRMkZ3YVhSaGJHbDZZWFJwYjI0dWQyOXlaSE1zQ2lBZ0lDQWdJQ0FnSUNBZ0lHUmxZMjl5WVhScGIyNDZJR052Ym5OMElFbHVjSFYwUkdWamIzSmhkR2x2Ymloc1lXSmxiRlJsZUhRNklDZE9iMjBuS1N3S0lDQWdJQ0FnSUNBZ0lDa3NDaUFnSUNBZ0lDQWdJQ0JqYjI1emRDQlRhWHBsWkVKdmVDaG9aV2xuYUhRNklERTJLU3dLSUNBZ0lDQWdJQ0FnSUZSbGVIUkdhV1ZzWkNnS0lDQWdJQ0FnSUNBZ0lDQWdZMjl1ZEhKdmJHeGxjam9nWDNOMWNtNXZiVU52Ym5SeWIyeHNaWElzQ2lBZ0lDQWdJQ0FnSUNBZ0lIUmxlSFJKYm5CMWRFRmpkR2x2YmpvZ1ZHVjRkRWx1Y0hWMFFXTjBhVzl1TG1SdmJtVXNDaUFnSUNBZ0lDQWdJQ0FnSUhSbGVIUkRZWEJwZEdGc2FYcGhkR2x2YmpvZ1ZHVjRkRU5oY0dsMFlXeHBlbUYwYVc5dUxuZHZjbVJ6TEFvZ0lDQWdJQ0FnSUNBZ0lDQmtaV052Y21GMGFXOXVPaUJqYjI1emRDQkpibkIxZEVSbFkyOXlZWFJwYjI0b0NpQWdJQ0FnSUNBZ0lDQWdJQ0FnYkdGaVpXeFVaWGgwT2lBblUzVnlibTl0SUNodmNIUnBiMjV1Wld3cEp5d0tJQ0FnSUNBZ0lDQWdJQ0FnSUNCb1pXeHdaWEpVWlhoME9pQW5VK0tBbVdsc0lHVnpkQ0J5Wlc1elpXbG5ic09wTENCcGJDQno0b0NaWVdabWFXTm9aU0J3WVhKMGIzVjBJTU9nSUd4aElIQnNZV05sSUNjS0lDQWdJQ0FnSUNBZ0lDQWdJQ0FnSUNBZ0oyUjFJSEJ5dzZsdWIyMHVKeXdLSUNBZ0lDQWdJQ0FnSUNBZ0lDQm9aV3h3WlhKTllYaE1hVzVsY3pvZ01pd0tJQ0FnSUNBZ0lDQWdJQ0FnS1N3S0lDQWdJQ0FnSUNBZ0lDa3NDaUFnSUNBZ0lDQWdJQ0JqYjI1emRDQlRhWHBsWkVKdmVDaG9aV2xuYUhRNklESXdLU3dLSUNBZ0lDQWdJQ0FnSUVacGJHeGxaRUoxZEhSdmJpNXBZMjl1S0FvZ0lDQWdJQ0FnSUNBZ0lDQnZibEJ5WlhOelpXUTZJR0oxYzNrZ1B5QnVkV3hzSURvZ1gzTmhkbVZRY205bWFXeGxMQW9nSUNBZ0lDQWdJQ0FnSUNCcFkyOXVPaUJpZFhO
Shell: NUNpQWdJQ0FnSUNBZ0lDQWdJQ0FnSUNBL0lHTnZibk4wSUZOcGVtVmtRbTk0S0FvZ0lDQWdJQ0FnSUNBZ0lDQWdJQ0FnSUNBZ0lIZHBaSFJvT2lBeE9Dd0tJQ0FnSUNBZ0lDQWdJQ0FnSUNBZ0lDQWdJQ0JvWldsbmFIUTZJREU0TEFvZ0lDQWdJQ0FnSUNBZ0lDQWdJQ0FnSUNBZ0lHTm9hV3hrT2lCSGNtbHVkR0ZRY205bmNtVnpjMGx1WkdsallYUnZjaWh6ZEhKdmEyVlhhV1IwYURvZ01pa3NDaUFnSUNBZ0lDQWdJQ0FnSUNBZ0lDQWdJQ2tLSUNBZ0lDQWdJQ0FnSUNBZ0lDQWdJRG9nWTI5dWMzUWdTV052YmloSlkyOXVjeTV6WVhabFgyOTFkR3hwYm1Wa0tTd0tJQ0FnSUNBZ0lDQWdJQ0FnYkdGaVpXdzZJR052Ym5OMElGUmxlSFFvSjBWdWNtVm5hWE4wY21WeUp5a3NDaUFnSUNBZ0lDQWdJQ0FwTEFvZ0lDQWdJQ0FnSUNBZ1kyOXVjM1FnVTJsNlpXUkNiM2dvYUdWcFoyaDBPaUF4TWlrc0NpQWdJQ0FnSUNBZ0lDQlBkWFJzYVc1bFpFSjFkSFJ2Ymk1cFkyOXVLQW9nSUNBZ0lDQWdJQ0FnSUNCdmJsQnlaWE56WldRNklHSjFjM2tnUHlCdWRXeHNJRG9nS0NrZ1BUNGdYMk5vWVc1blpWQmhjM04zYjNKa0tHTnZiblJsZUhRcExBb2dJQ0FnSUNBZ0lDQWdJQ0JwWTI5dU9pQmpiMjV6ZENCSlkyOXVLRWxqYjI1ekxteHZZMnRmY21WelpYUmZiM1YwYkdsdVpXUXBMQW9nSUNBZ0lDQWdJQ0FnSUNCc1lXSmxiRG9nWTI5dWMzUWdWR1Y0ZENnblEyaGhibWRsY2lCc1pTQnRiM1FnWkdVZ2NHRnpjMlVuS1N3S0lDQWdJQ0FnSUNBZ0lDa3NDaUFnSUNBZ0lDQWdJQ0JwWmlBb1gyeHZZMkZzUlhKeWIzSWdJVDBnYm5Wc2JDQjhmQ0JoZFhSb1UzUmhkR1V1WlhKeWIzSWdJVDBnYm5Wc2JDa2dMaTR1V3dvZ0lDQWdJQ0FnSUNBZ0lDQmpiMjV6ZENCVGFYcGxaRUp2ZUNob1pXbG5hSFE2SURFeUtTd0tJQ0FnSUNBZ0lDQWdJQ0FnVkdWNGRDZ0tJQ0FnSUNBZ0lDQWdJQ0FnSUNCZmJHOWpZV3hGY25KdmNpQS9QeUJoZFhSb1UzUmhkR1V1WlhKeWIzSWhMQW9nSUNBZ0lDQWdJQ0FnSUNBZ0lITjBlV3hsT2lCVVpYaDBVM1I1YkdVb1kyOXNiM0k2SUZSb1pXMWxMbTltS0dOdmJuUmxlSFFwTG1OdmJHOXlVMk5vWlcxbExtVnljbTl5S1N3S0lDQWdJQ0FnSUNBZ0lDQWdLU3dLSUNBZ0lDQWdJQ0FnSUYwc0NpQWdJQ0FnSUNBZ0lDQnBaaUFvY21WbUxuZGhkR05vS0dselFXUnRhVzVXYVdWM1VISnZkbWxrWlhJcEtTQXVMaTViQ2lBZ0lDQWdJQ0FnSUNBZ0lHTnZibk4wSUZOcGVtVmtRbTk0S0dobGFXZG9kRG9nTVRZcExBb2dJQ0FnSUNBZ0lDQWdJQ0JQZFhSc2FXNWxaRUoxZEhSdmJpNXBZMjl1S0FvZ0lDQWdJQ0FnSUNBZ0lDQWdJRzl1VUhKbGMzTmxaRG9nS0NrZ1BUNGdZMjl1ZEdWNGRDNXdkWE5vS0NjdllXUnRhVzRuS1N3S0lDQWdJQ0FnSUNBZ0lDQWdJQ0JwWTI5dU9pQmpiMjV6ZENCSlkyOXVLRWxqYjI1ekxtRmtiV2x1WDNCaGJtVnNYM05sZEhScGJtZHpYMjkxZEd4cGJtVmtLU3dLSUNBZ0lDQWdJQ0FnSUNBZ0lDQnNZV0psYkRvZ1kyOXVjM1FnVkdWNGRDZ25RV1J0YVc1cGMzUnlZWFJwYjI0bktTd0tJQ0FnSUNBZ0lDQWdJQ0FnS1N3S0lDQWdJQ0FnSUNBZ0lGMHNDaUFnSUNBZ0lDQWdYU3dLSUNBZ0lDQWdLU3dLSUNBZ0lDazdDaUFnZlFvS0lDQkdkWFIxY21VOGRtOXBaRDRnWDNCcFkydEJibVJWY0d4dllXUlFhRzkwYnlncElHRnplVzVqSUhzS0lDQWdJR1pwYm1Gc0lIQnBZMnRsY2lBOUlFbHRZV2RsVUdsamEyVnlLQ2s3Q2lBZ0lDQm1hVzVoYkNCbWFXeGxJRDBnWVhkaGFYUWdjR2xqYTJWeUxuQnBZMnRKYldGblpTZ0tJQ0FnSUNBZ2MyOTFjbU5sT2lCSmJXRm5aVk52ZFhKalpTNW5ZV3hzWlhKNUxBb2dJQ0FnSUNCdFlYaFhhV1IwYURvZ09EQXdMQW9nSUNBZ0lDQnRZWGhJWldsbmFIUTZJRGd3TUN3S0lDQWdJQ0FnYVcxaFoyVlJkV0ZzYVhSNU9pQTROU3dLSUNBZ0lDazdDaUFnSUNCcFppQW9abWxzWlNBOVBTQnVkV3hzS1NCeVpYUjFjbTQ3Q2lBZ0lDQm1hVzVoYkNCaWVYUmxjeUE5SUdGM1lXbDBJR1pwYkdVdWNtVmhaRUZ6UW5sMFpYTW9LVHNLSUNBZ0lHbG1JQ2doYlc5MWJuUmxaQ2tnY21WMGRYSnVPd29nSUNBZ1ptbHVZV3dnWTI5dVptbHliV1ZrSUQwZ1lYZGhhWFFnWTI5dVptbHliVU52YlhCdmMybDBhVzl1VUdodmRHOG9ZMjl1ZEdWNGRDd2dZbmwwWlhNcE93b2dJQ0FnYVdZZ0tDRmpiMjVtYVhKdFpXUXBJSEpsZEhWeWJqc0tJQ0FnSUdacGJtRnNJRzVoYldVZ1BTQm1hV3hsTG01aGJXVTdDaUFnSUNCbWFXNWhiQ0JsZUhRZ1BTQnVZVzFsTG1OdmJuUmhhVzV6S0NjdUp5a2dQeUJ1WVcxbExuTndiR2wwS0NjdUp5a3ViR0Z6ZENBNklDZHFjR2NuT3dvZ0lDQWdZWGRoYVhRZ2NtVm1DaUFnSUNBZ0lDQWdMbkpsWVdRb1lYVjBhRU52Ym5SeWIyeHNaWEpRY205MmFXUmxjaTV1YjNScFptbGxjaWtLSUNBZ0lDQWdJQ0F1ZFhCc2IyRmtVR2h2ZEc4b1lubDBaWE02SUdKNWRHVnpMQ0JtYVd4bFJYaDBPaUJsZUhRcE93b2dJQ0FnYVdZZ0tDRnRiM1Z1ZEdWa0tTQnlaWFIxY200N0NpQWdJQ0JtYVc1aGJDQmxjbkp2Y2lBOUlISmxaaTV5WldGa0tHRjFkR2hEYjI1MGNtOXNiR1Z5VUhKdmRtbGtaWElwTG1WeWNtOXlPd29nSUNBZ1UyTmhabVp2YkdSTlpYTnpaVzVuWlhJdWIyWW9ZMjl1ZEdWNGRDa3VjMmh2ZDFOdVlXTnJRbUZ5S0FvZ0lDQWdJQ0JUYm1GamEwSmhjaWhqYjI1MFpXNTBPaUJVWlhoMEtHVnljbTl5SUQ4L0lDZFFhRzkwYnlCdGFYTmxJTU9nSUdwdmRYSXVKeWtwTEFvZ0lDQWdLVHNLSUNCOUNnb2dJRVoxZEhWeVpUeDJiMmxrUGlCZmMyRjJaVkJ5YjJacGJHVW9LU0JoYzNsdVl5QjdDaUFnSUNCbWFXNWhiQ0JtYVhKemRFNWhiV1VnUFNCZlptbHljM1JPWVcxbFEyOXVkSEp2Ykd4bGNpNTBaWGgwTG5SeWFXMG9LVHNLSUNBZ0lHWnBibUZzSUd4aGMzUk9ZVzFsSUQwZ1gyeGhjM1JPWVcxbFEyOXVkSEp2Ykd4bGNpNTBaWGgwTG5SeWFXMG9LVHNLSUNBZ0lHWnBibUZzSUhOMWNtNXZiU0E5SUY5emRYSnViMjFEYjI1MGNtOXNiR1Z5TG5SbGVIUXVkSEpwYlNncE93b2dJQ0FnYVdZZ0tHWnBjbk4wVG1G
Shell: dFpTNXBjMFZ0Y0hSNUlIeDhJR3hoYzNST1lXMWxMbWx6Ulcxd2RIa3BJSHNLSUNBZ0lDQWdjMlYwVTNSaGRHVW9LQ2tnUFQ0Z1gyeHZZMkZzUlhKeWIzSWdQU0FuVEdVZ2NITERxVzV2YlNCbGRDQnNaU0J1YjIwZ2MyOXVkQ0J2WW14cFoyRjBiMmx5WlhNdUp5azdDaUFnSUNBZ0lISmxkSFZ5YmpzS0lDQWdJSDBLSUNBZ0lHbG1JQ2doYVhOV1lXeHBaRkJsY25OdmJrNWhiV1VvWm1seWMzUk9ZVzFsS1NCOGZDQWhhWE5XWVd4cFpGQmxjbk52Yms1aGJXVW9iR0Z6ZEU1aGJXVXBLU0I3Q2lBZ0lDQWdJSE5sZEZOMFlYUmxLQ2dwSUQwK0lGOXNiMk5oYkVWeWNtOXlJRDBLSUNBZ0lDQWdJQ0FnSUNkTVpTQndjc09wYm05dElHVjBJR3hsSUc1dmJTQnVaU0JrYjJsMlpXNTBJR052Ym5SbGJtbHlJSEYxWlNCa1pYTWdiR1YwZEhKbGN5QW5DaUFnSUNBZ0lDQWdJQ0FnSUNBZ0p5aHVhU0JsYlc5cWFTd2dibWtnWTJocFptWnlaU3dnYm1rZ2MzbHRZbTlzWlNrdUp5azdDaUFnSUNBZ0lISmxkSFZ5YmpzS0lDQWdJSDBLSUNBZ0lHbG1JQ2h6ZFhKdWIyMHVhWE5PYjNSRmJYQjBlU0FtSmlBaGFYTldZV3hwWkZCbGNuTnZiazVoYldVb2MzVnlibTl0S1NrZ2V3b2dJQ0FnSUNCelpYUlRkR0YwWlNnb0tTQTlQaUJmYkc5allXeEZjbkp2Y2lBOUNpQWdJQ0FnSUNBZ0lDQW5UR1VnYzNWeWJtOXRJRzVsSUdSdmFYUWdZMjl1ZEdWdWFYSWdjWFZsSUdSbGN5QnNaWFIwY21WeklDaHVhU0JsYlc5cWFTd2dibWtnWTJocFptWnlaU3dnSndvZ0lDQWdJQ0FnSUNBZ0lDQWdJQ2R1YVNCemVXMWliMnhsS1M0bktUc0tJQ0FnSUNBZ2NtVjBkWEp1T3dvZ0lDQWdmUW9nSUNBZ2MyVjBVM1JoZEdVb0tDa2dQVDRnWDJ4dlkyRnNSWEp5YjNJZ1BTQnVkV3hzS1RzS0lDQWdJR0YzWVdsMElISmxaaTV5WldGa0tHRjFkR2hEYjI1MGNtOXNiR1Z5VUhKdmRtbGtaWEl1Ym05MGFXWnBaWElwTG5Wd1pHRjBaVkJ5YjJacGJHVW9DaUFnSUNBZ0lDQWdJQ0JtYVhKemRFNWhiV1U2SUdacGNuTjBUbUZ0WlN3S0lDQWdJQ0FnSUNBZ0lHeGhjM1JPWVcxbE9pQnNZWE4wVG1GdFpTd0tJQ0FnSUNBZ0lDQWdJSE4xY201dmJUb2djM1Z5Ym05dExBb2dJQ0FnSUNBZ0lDazdDaUFnSUNCcFppQW9JVzF2ZFc1MFpXUXBJSEpsZEhWeWJqc0tJQ0FnSUdsbUlDaHlaV1l1Y21WaFpDaGhkWFJvUTI5dWRISnZiR3hsY2xCeWIzWnBaR1Z5S1M1bGNuSnZjaUE5UFNCdWRXeHNLU0I3Q2lBZ0lDQWdJRk5qWVdabWIyeGtUV1Z6YzJWdVoyVnlMbTltS0dOdmJuUmxlSFFwTG5Ob2IzZFRibUZqYTBKaGNpZ0tJQ0FnSUNBZ0lDQmpiMjV6ZENCVGJtRmphMEpoY2loamIyNTBaVzUwT2lCVVpYaDBLQ2RRY205bWFXd2daVzV5WldkcGMzUnl3Nmt1SnlrcExBb2dJQ0FnSUNBcE93b2dJQ0FnZlFvZ0lIMEtDaUFnUm5WMGRYSmxQSFp2YVdRK0lGOWphR0Z1WjJWUVlYTnpkMjl5WkNoQ2RXbHNaRU52Ym5SbGVIUWdZMjl1ZEdWNGRDa2dZWE41Ym1NZ2V3b2dJQ0FnWm1sdVlXd2djR0Z6YzNkdmNtUkRiMjUwY205c2JHVnlJRDBnVkdWNGRFVmthWFJwYm1kRGIyNTBjbTlzYkdWeUtDazdDaUFnSUNCbWFXNWhiQ0JqYjI1bWFYSnRZWFJwYjI1RGIyNTBjbTlzYkdWeUlEMGdWR1Y0ZEVWa2FYUnBibWREYjI1MGNtOXNiR1Z5S0NrN0NpQWdJQ0JtYVc1aGJDQnlaWE4xYkhRZ1BTQmhkMkZwZENCemFHOTNSR2xoYkc5blBGTjBjbWx1Wno0b0NpQWdJQ0FnSUdOdmJuUmxlSFE2SUdOdmJuUmxlSFFzQ2lBZ0lDQWdJR0oxYVd4a1pYSTZJQ2hrYVdGc2IyZERiMjUwWlhoMEtTQjdDaUFnSUNBZ0lDQWdVM1J5YVc1blB5QjJZV3hwWkdGMGFXOXVSWEp5YjNJN0NpQWdJQ0FnSUNBZ2NtVjBkWEp1SUZOMFlYUmxablZzUW5WcGJHUmxjaWdLSUNBZ0lDQWdJQ0FnSUdKMWFXeGtaWEk2SUNoamIyNTBaWGgwTENCelpYUkVhV0ZzYjJkVGRHRjBaU2tnUFQ0Z1FXeGxjblJFYVdGc2IyY29DaUFnSUNBZ0lDQWdJQ0FnSUhScGRHeGxPaUJqYjI1emRDQlVaWGgwS0NkRGFHRnVaMlZ5SUd4bElHMXZkQ0JrWlNCd1lYTnpaU2NwTEFvZ0lDQWdJQ0FnSUNBZ0lDQmpiMjUwWlc1ME9pQkRiMngxYlc0b0NpQWdJQ0FnSUNBZ0lDQWdJQ0FnYldGcGJrRjRhWE5UYVhwbE9pQk5ZV2x1UVhocGMxTnBlbVV1YldsdUxBb2dJQ0FnSUNBZ0lDQWdJQ0FnSUdOb2FXeGtjbVZ1T2lCYkNpQWdJQ0FnSUNBZ0lDQWdJQ0FnSUNCVVpYaDBSbWxsYkdRb0NpQWdJQ0FnSUNBZ0lDQWdJQ0FnSUNBZ0lHTnZiblJ5YjJ4c1pYSTZJSEJoYzNOM2IzSmtRMjl1ZEhKdmJHeGxjaXdLSUNBZ0lDQWdJQ0FnSUNBZ0lDQWdJQ0FnYjJKelkzVnlaVlJsZUhRNklIUnlkV1VzQ2lBZ0lDQWdJQ0FnSUNBZ0lDQWdJQ0FnSUdGMWRHOW1hV3hzU0dsdWRITTZJR052Ym5OMElGdEJkWFJ2Wm1sc2JFaHBiblJ6TG01bGQxQmhjM04zYjNKa1hTd0tJQ0FnSUNBZ0lDQWdJQ0FnSUNBZ0lDQWdaR1ZqYjNKaGRHbHZiam9nWTI5dWMzUWdTVzV3ZFhSRVpXTnZjbUYwYVc5dUtBb2dJQ0FnSUNBZ0lDQWdJQ0FnSUNBZ0lDQWdJR3hoWW1Wc1ZHVjRkRG9nSjA1dmRYWmxZWFVnYlc5MElHUmxJSEJoYzNObEp5d0tJQ0FnSUNBZ0lDQWdJQ0FnSUNBZ0lDQWdJQ0JvWld4d1pYSlVaWGgwT2lCUVlYTnpkMjl5WkZCdmJHbGplUzVvWld4d1pYSlVaWGgwTEFvZ0lDQWdJQ0FnSUNBZ0lDQWdJQ0FnSUNBZ0lHaGxiSEJsY2sxaGVFeHBibVZ6T2lBeUxBb2dJQ0FnSUNBZ0lDQWdJQ0FnSUNBZ0lDQXBMQW9nSUNBZ0lDQWdJQ0FnSUNBZ0lDQWdLU3dLSUNBZ0lDQWdJQ0FnSUNBZ0lDQWdJR052Ym5OMElGTnBlbVZrUW05NEtHaGxhV2RvZERvZ01USXBMQW9nSUNBZ0lDQWdJQ0FnSUNBZ0lDQWdWR1Y0ZEVacFpXeGtLQW9nSUNBZ0lDQWdJQ0FnSUNBZ0lDQWdJQ0JqYjI1MGNtOXNiR1Z5T2lCamIyNW1hWEp0WVhScGIyNURiMjUwY205c2JHVnlMQW9nSUNBZ0lDQWdJQ0FnSUNBZ0lDQWdJQ0J2WW5OamRYSmxWR1Y0ZERvZ2RISjFaU3dLSUNBZ0lDQWdJQ0FnSUNBZ0lDQWdJQ0FnWVhWMGIyWnBiR3hJYVc1MGN6b2dZMjl1YzNRZ1cwRjFkRzltYVd4c1NHbHVkSE11Ym1WM1VHRnpjM2R2Y21S
Shell: ZExBb2dJQ0FnSUNBZ0lDQWdJQ0FnSUNBZ0lDQmtaV052Y21GMGFXOXVPaUJqYjI1emRDQkpibkIxZEVSbFkyOXlZWFJwYjI0b2JHRmlaV3hVWlhoME9pQW5RMjl1Wm1seWJXRjBhVzl1Snlrc0NpQWdJQ0FnSUNBZ0lDQWdJQ0FnSUNBcExBb2dJQ0FnSUNBZ0lDQWdJQ0FnSUNBZ2FXWWdLSFpoYkdsa1lYUnBiMjVGY25KdmNpQWhQU0J1ZFd4c0tTQXVMaTViQ2lBZ0lDQWdJQ0FnSUNBZ0lDQWdJQ0FnSUdOdmJuTjBJRk5wZW1Wa1FtOTRLR2hsYVdkb2REb2dNVElwTEFvZ0lDQWdJQ0FnSUNBZ0lDQWdJQ0FnSUNCVVpYaDBLQW9nSUNBZ0lDQWdJQ0FnSUNBZ0lDQWdJQ0FnSUhaaGJHbGtZWFJwYjI1RmNuSnZjaUVzQ2lBZ0lDQWdJQ0FnSUNBZ0lDQWdJQ0FnSUNBZ2MzUjViR1U2SUZSbGVIUlRkSGxzWlNnS0lDQWdJQ0FnSUNBZ0lDQWdJQ0FnSUNBZ0lDQWdJR052Ykc5eU9pQlVhR1Z0WlM1dlppaGpiMjUwWlhoMEtTNWpiMnh2Y2xOamFHVnRaUzVsY25KdmNpd0tJQ0FnSUNBZ0lDQWdJQ0FnSUNBZ0lDQWdJQ0FwTEFvZ0lDQWdJQ0FnSUNBZ0lDQWdJQ0FnSUNBcExBb2dJQ0FnSUNBZ0lDQWdJQ0FnSUNBZ1hTd0tJQ0FnSUNBZ0lDQWdJQ0FnSUNCZExBb2dJQ0FnSUNBZ0lDQWdJQ0FwTEFvZ0lDQWdJQ0FnSUNBZ0lDQmhZM1JwYjI1ek9pQmJDaUFnSUNBZ0lDQWdJQ0FnSUNBZ1ZHVjRkRUoxZEhSdmJpZ0tJQ0FnSUNBZ0lDQWdJQ0FnSUNBZ0lHOXVVSEpsYzNObFpEb2dLQ2tnUFQ0Z1RtRjJhV2RoZEc5eUxuQnZjQ2hrYVdGc2IyZERiMjUwWlhoMEtTd0tJQ0FnSUNBZ0lDQWdJQ0FnSUNBZ0lHTm9hV3hrT2lCamIyNXpkQ0JVWlhoMEtDZEJibTUxYkdWeUp5a3NDaUFnSUNBZ0lDQWdJQ0FnSUNBZ0tTd0tJQ0FnSUNBZ0lDQWdJQ0FnSUNCR2FXeHNaV1JDZFhSMGIyNG9DaUFnSUNBZ0lDQWdJQ0FnSUNBZ0lDQnZibEJ5WlhOelpXUTZJQ2dwSUhzS0lDQWdJQ0FnSUNBZ0lDQWdJQ0FnSUNBZ1ptbHVZV3dnY0dGemMzZHZjbVFnUFNCd1lYTnpkMjl5WkVOdmJuUnliMnhzWlhJdWRHVjRkRHNLSUNBZ0lDQWdJQ0FnSUNBZ0lDQWdJQ0FnWm1sdVlXd2djRzlzYVdONVJYSnliM0lnUFNCUVlYTnpkMjl5WkZCdmJHbGplUzUyWVd4cFpHRjBaU2h3WVhOemQyOXlaQ2s3Q2lBZ0lDQWdJQ0FnSUNBZ0lDQWdJQ0FnSUdacGJtRnNJR1Z5Y205eUlEMGdjRzlzYVdONVJYSnliM0lnUHo4S0lDQWdJQ0FnSUNBZ0lDQWdJQ0FnSUNBZ0lDQWdJQ2h3WVhOemQyOXlaQ0FoUFNCamIyNW1hWEp0WVhScGIyNURiMjUwY205c2JHVnlMblJsZUhRS0lDQWdJQ0FnSUNBZ0lDQWdJQ0FnSUNBZ0lDQWdJQ0FnSUNBL0lDZE1aWE1nWkdWMWVDQnRiM1J6SUdSbElIQmhjM05sSUc1bElHTnZjbkpsYzNCdmJtUmxiblFnY0dGekxpY0tJQ0FnSUNBZ0lDQWdJQ0FnSUNBZ0lDQWdJQ0FnSUNBZ0lDQTZJRzUxYkd3cE93b2dJQ0FnSUNBZ0lDQWdJQ0FnSUNBZ0lDQnBaaUFvWlhKeWIzSWdJVDBnYm5Wc2JDa2dld29nSUNBZ0lDQWdJQ0FnSUNBZ0lDQWdJQ0FnSUhObGRFUnBZV3h2WjFOMFlYUmxLQ2dwSUQwK0lIWmhiR2xrWVhScGIyNUZjbkp2Y2lBOUlHVnljbTl5S1RzS0lDQWdJQ0FnSUNBZ0lDQWdJQ0FnSUNBZ0lDQnlaWFIxY200N0NpQWdJQ0FnSUNBZ0lDQWdJQ0FnSUNBZ0lIMEtJQ0FnSUNBZ0lDQWdJQ0FnSUNBZ0lDQWdUbUYyYVdkaGRHOXlMbkJ2Y0Noa2FXRnNiMmREYjI1MFpYaDBMQ0J3WVhOemQyOXlaQ2s3Q2lBZ0lDQWdJQ0FnSUNBZ0lDQWdJQ0I5TEFvZ0lDQWdJQ0FnSUNBZ0lDQWdJQ0FnWTJocGJHUTZJR052Ym5OMElGUmxlSFFvSjAxdlpHbG1hV1Z5Snlrc0NpQWdJQ0FnSUNBZ0lDQWdJQ0FnS1N3S0lDQWdJQ0FnSUNBZ0lDQWdYU3dLSUNBZ0lDQWdJQ0FnSUNrc0NpQWdJQ0FnSUNBZ0tUc0tJQ0FnSUNBZ2ZTd0tJQ0FnSUNrN0NpQWdJQ0J3WVhOemQyOXlaRU52Ym5SeWIyeHNaWEl1WkdsemNHOXpaU2dwT3dvZ0lDQWdZMjl1Wm1seWJXRjBhVzl1UTI5dWRISnZiR3hsY2k1a2FYTndiM05sS0NrN0NpQWdJQ0JwWmlBb2NtVnpkV3gwSUQwOUlHNTFiR3dnZkh3Z0lXMXZkVzUwWldRcElISmxkSFZ5YmpzS0lDQWdJR0YzWVdsMElISmxaaTV5WldGa0tHRjFkR2hEYjI1MGNtOXNiR1Z5VUhKdmRtbGtaWEl1Ym05MGFXWnBaWElwTG5Wd1pHRjBaVkJoYzNOM2IzSmtLSEpsYzNWc2RDazdDaUFnZlFwOUNnPT0iLCJsaWIvZmVhdHVyZXMvc3BvcnRzX21hbmFnZW1lbnQvcHJlc2VudGF0aW9uL2FkbWluX2d1ZXN0c19wYWdlLmRhcnQiOiJhVzF3YjNKMElDZHdZV05yWVdkbE9tRnpYMmR5YVc1MFlTOWpiM0psTDNWMGFXeHpMMkZ3Y0Y5bGNuSnZjbk11WkdGeWRDYzdDbWx0Y0c5eWRDQW5jR0ZqYTJGblpUcGhjMTluY21sdWRHRXZZMjl5WlM5M2FXUm5aWFJ6TDJkeWFXNTBZVjloY0hCZlltRnlMbVJoY25Rbk93cHBiWEJ2Y25RZ0ozQmhZMnRoWjJVNllYTmZaM0pwYm5SaEwyWmxZWFIxY21WekwzTndiM0owYzE5dFlXNWhaMlZ0Wlc1MEwyUmhkR0V2WjNWbGMzUmZjR3hoZVdWeWMxOXlaWEJ2YzJsMGIzSjVMbVJoY25Rbk93cHBiWEJ2Y25RZ0ozQmhZMnRoWjJVNllYTmZaM0pwYm5SaEwyWmxZWFIxY21WekwzTndiM0owYzE5dFlXNWhaMlZ0Wlc1MEwyUmhkR0V2YzNCdmNuUmZkMkZwZEd4cGMzUmZjbVZ3YjNOcGRHOXllUzVrWVhKMEp6c0thVzF3YjNKMElDZHdZV05yWVdkbE9tRnpYMmR5YVc1MFlTOW1aV0YwZFhKbGN5OXpjRzl5ZEhOZmJXRnVZV2RsYldWdWRDOWtiMjFoYVc0dlozVmxjM1JmY0d4aGVXVnlYMjF2WkdWc2N5NWtZWEowSnpzS2FXMXdiM0owSUNkd1lXTnJZV2RsT21GelgyZHlhVzUwWVM5bVpXRjBkWEpsY3k5emNHOXlkSE5mYldGdVlXZGxiV1Z1ZEM5a2IyMWhhVzR2YzNCdmNuUmZkMkZwZEd4cGMzUmZiVzlrWld4ekxtUmhjblFuT3dwcGJYQnZjblFnSjNCaFkydGhaMlU2WVhOZlozSnBiblJoTDJabFlYUjFjbVZ6TDNOd2IzSjBjMTl0WVc1aFoyVnRaVzUwTDNCeVpYTmxiblJoZEdsdmJpOTNhV1JuWlhSekwyTnZiWEJ2YzJsMGFXOXVYM0JwZEdOb0xtUmhjblFuT3dwcGJYQnZjblFnSjNCaFkydGhaMlU2Wm14MWRIUmxjaTl0WVhS
Shell: bGNtbGhiQzVrWVhKMEp6c0thVzF3YjNKMElDZHdZV05yWVdkbE9tWnNkWFIwWlhKZmNtbDJaWEp3YjJRdlpteDFkSFJsY2w5eWFYWmxjbkJ2WkM1a1lYSjBKenNLYVcxd2IzSjBJQ2R3WVdOcllXZGxPbWR2WDNKdmRYUmxjaTluYjE5eWIzVjBaWEl1WkdGeWRDYzdDbWx0Y0c5eWRDQW5jR0ZqYTJGblpUcHBiV0ZuWlY5d2FXTnJaWEl2YVcxaFoyVmZjR2xqYTJWeUxtUmhjblFuT3dwcGJYQnZjblFnSjNCaFkydGhaMlU2WVhOZlozSnBiblJoTDJOdmNtVXZkMmxrWjJWMGN5OW5jbWx1ZEdGZmJHOWhaR1Z5TG1SaGNuUW5Pd29LWTJ4aGMzTWdRV1J0YVc1SGRXVnpkSE5RWVdkbElHVjRkR1Z1WkhNZ1EyOXVjM1Z0WlhKVGRHRjBaV1oxYkZkcFpHZGxkQ0I3Q2lBZ1kyOXVjM1FnUVdSdGFXNUhkV1Z6ZEhOUVlXZGxLSHR6ZFhCbGNpNXJaWGtzSUhSb2FYTXVhVzVwZEdsaGJFMWhkR05vU1dSOUtUc0tDaUFnTHk4dklGRjFZVzVrSUdadmRYSnVhU0FvYjNWMlpYSjBkWEpsSUdSbGNIVnBjeUIxYmlCdFlYUmphQ2tzSUd4aElIQmhaMlVnYzJVZ1kyRnNaU0JrSjJWdFltekRxV1VnYzNWeUlHTmxDaUFnTHk4dklHMWhkR05vSUdGMUlHeHBaWFVnWkhVZ2NISmxiV2xsY2lCdFlYUmphQ0REb0NCMlpXNXBjaTRLSUNCbWFXNWhiQ0JUZEhKcGJtYy9JR2x1YVhScFlXeE5ZWFJqYUVsa093b0tJQ0JBYjNabGNuSnBaR1VLSUNCRGIyNXpkVzFsY2xOMFlYUmxQRUZrYldsdVIzVmxjM1J6VUdGblpUNGdZM0psWVhSbFUzUmhkR1VvS1NBOVBpQmZRV1J0YVc1SGRXVnpkSE5RWVdkbFUzUmhkR1VvS1RzS2ZRb0tZMnhoYzNNZ1gwRmtiV2x1UjNWbGMzUnpVR0ZuWlZOMFlYUmxJR1Y0ZEdWdVpITWdRMjl1YzNWdFpYSlRkR0YwWlR4QlpHMXBia2QxWlhOMGMxQmhaMlUrSUhzS0lDQk1hWE4wUEVGa2JXbHVVM0J2Y25STllYUmphRDRnWDIxaGRHTm9aWE1nUFNCamIyNXpkQ0JiWFRzS0lDQlRkSEpwYm1jL0lGOXpaV3hsWTNSbFpFMWhkR05vU1dRN0NpQWdSM1ZsYzNSRFlYUmhiRzluSUY5allYUmhiRzluSUQwZ1kyOXVjM1FnUjNWbGMzUkRZWFJoYkc5bktHZDFaWE4wY3pvZ1cxMHBPd29nSUUxaGRHTm9SM1ZsYzNSelB5QmZiV0YwWTJoSGRXVnpkSE03Q2lBZ1ltOXZiQ0JmYzJodmQwRnlZMmhwZG1Wa0lEMGdabUZzYzJVN0NpQWdZbTl2YkNCZmJHOWhaR2x1WnlBOUlIUnlkV1U3Q2lBZ1ltOXZiQ0JmWW5WemVTQTlJR1poYkhObE93b2dJRk4wY21sdVp6OGdYMlZ5Y205eU93b0tJQ0JBYjNabGNuSnBaR1VLSUNCMmIybGtJR2x1YVhSVGRHRjBaU2dwSUhzS0lDQWdJSE4xY0dWeUxtbHVhWFJUZEdGMFpTZ3BPd29nSUNBZ1gzTmxiR1ZqZEdWa1RXRjBZMmhKWkNBOUlIZHBaR2RsZEM1cGJtbDBhV0ZzVFdGMFkyaEpaRHNLSUNBZ0lFWjFkSFZ5WlM1dGFXTnliM1JoYzJzb1gyeHZZV1JOWVhSamFHVnpLVHNLSUNCOUNnb2dJRVoxZEhWeVpUeDJiMmxrUGlCZmJHOWhaRTFoZEdOb1pYTW9LU0JoYzNsdVl5QjdDaUFnSUNCelpYUlRkR0YwWlNnb0tTQjdDaUFnSUNBZ0lGOXNiMkZrYVc1bklEMGdkSEoxWlRzS0lDQWdJQ0FnWDJWeWNtOXlJRDBnYm5Wc2JEc0tJQ0FnSUgwcE93b2dJQ0FnZEhKNUlIc0tJQ0FnSUNBZ1ptbHVZV3dnYldGMFkyaGxjeUE5SUdGM1lXbDBJSEpsWmdvZ0lDQWdJQ0FnSUNBZ0xuSmxZV1FvYzNCdmNuUlhZV2wwYkdsemRGSmxjRzl6YVhSdmNubFFjbTkyYVdSbGNpa0tJQ0FnSUNBZ0lDQWdJQzVtWlhSamFGVndZMjl0YVc1blRXRjBZMmhsY3lncE93b2dJQ0FnSUNCcFppQW9JVzF2ZFc1MFpXUXBJSEpsZEhWeWJqc0tJQ0FnSUNBZ1ptbHVZV3dnYzJWc1pXTjBaV1FnUFNCZmMyVnNaV04wWldSTllYUmphRWxrSUNFOUlHNTFiR3dnSmlZS0lDQWdJQ0FnSUNBZ0lDQWdJQ0J0WVhSamFHVnpMbUZ1ZVNnb2JXRjBZMmdwSUQwK0lHMWhkR05vTG1sa0lEMDlJRjl6Wld4bFkzUmxaRTFoZEdOb1NXUXBDaUFnSUNBZ0lDQWdJQ0EvSUY5elpXeGxZM1JsWkUxaGRHTm9TV1FLSUNBZ0lDQWdJQ0FnSURvZ0tHMWhkR05vWlhNdWFYTkZiWEIwZVNBL0lHNTFiR3dnT2lCdFlYUmphR1Z6TG1acGNuTjBMbWxrS1RzS0lDQWdJQ0FnYzJWMFUzUmhkR1VvS0NrZ2V3b2dJQ0FnSUNBZ0lGOXRZWFJqYUdWeklEMGdiV0YwWTJobGN6c0tJQ0FnSUNBZ0lDQmZjMlZzWldOMFpXUk5ZWFJqYUVsa0lEMGdjMlZzWldOMFpXUTdDaUFnSUNBZ0lDQWdYMnh2WVdScGJtY2dQU0JtWVd4elpUc0tJQ0FnSUNBZ2ZTazdDaUFnSUNBZ0lHbG1JQ2h6Wld4bFkzUmxaQ0FoUFNCdWRXeHNLU0JoZDJGcGRDQmZiRzloWkVSaGRHRW9jMlZzWldOMFpXUXBPd29nSUNBZ2ZTQmpZWFJqYUNBb1pYSnliM0lwSUhzS0lDQWdJQ0FnYVdZZ0tDRnRiM1Z1ZEdWa0tTQnlaWFIxY200N0NpQWdJQ0FnSUhObGRGTjBZWFJsS0NncElIc0tJQ0FnSUNBZ0lDQmZiRzloWkdsdVp5QTlJR1poYkhObE93b2dJQ0FnSUNBZ0lGOWxjbkp2Y2lBOUlHaDFiV0Z1YVhwbFJYSnliM0lvWlhKeWIzSXBPd29nSUNBZ0lDQjlLVHNLSUNBZ0lIMEtJQ0I5Q2dvZ0lFWjFkSFZ5WlR4MmIybGtQaUJmYkc5aFpFUmhkR0VvVTNSeWFXNW5JRzFoZEdOb1NXUXBJR0Z6ZVc1aklIc0tJQ0FnSUhObGRGTjBZWFJsS0NncElIc0tJQ0FnSUNBZ1gySjFjM2tnUFNCMGNuVmxPd29nSUNBZ0lDQmZaWEp5YjNJZ1BTQnVkV3hzT3dvZ0lDQWdmU2s3Q2lBZ0lDQjBjbmtnZXdvZ0lDQWdJQ0JtYVc1aGJDQnlaWEJ2YzJsMGIzSjVJRDBnY21WbUxuSmxZV1FvWjNWbGMzUlFiR0Y1WlhKelVtVndiM05wZEc5eWVWQnliM1pwWkdWeUtUc0tJQ0FnSUNBZ1ptbHVZV3dnY21WemRXeDBjeUE5SUdGM1lXbDBJRVoxZEhWeVpTNTNZV2wwUEU5aWFtVmpkRDRvV3dvZ0lDQWdJQ0FnSUhKbGNHOXphWFJ2Y25rdVptVjBZMmhEWVhSaGJHOW5LR2x1WTJ4MVpHVkJjbU5vYVhabFpEb2dkSEoxWlNrc0NpQWdJQ0FnSUNBZ2NtVndiM05wZEc5eWVTNW1aWFJqYUUxaGRHTm9SM1ZsYzNSektHMWhkR05vU1dRcExBb2dJQ0FnSUNCZEtUc0tJQ0FnSUNBZ2FXWWdLQ0Z0YjNWdWRHVmtJSHg4SUY5elpXeGxZM1JsWkUxaGRHTm9TV1FnSVQw
Shell: Z2JXRjBZMmhKWkNrZ2NtVjBkWEp1T3dvZ0lDQWdJQ0J6WlhSVGRHRjBaU2dvS1NCN0NpQWdJQ0FnSUNBZ1gyTmhkR0ZzYjJjZ1BTQnlaWE4xYkhSeld6QmRJR0Z6SUVkMVpYTjBRMkYwWVd4dlp6c0tJQ0FnSUNBZ0lDQmZiV0YwWTJoSGRXVnpkSE1nUFNCeVpYTjFiSFJ6V3pGZElHRnpJRTFoZEdOb1IzVmxjM1J6T3dvZ0lDQWdJQ0I5S1RzS0lDQWdJSDBnWTJGMFkyZ2dLR1Z5Y205eUtTQjdDaUFnSUNBZ0lHbG1JQ2h0YjNWdWRHVmtLU0J6WlhSVGRHRjBaU2dvS1NBOVBpQmZaWEp5YjNJZ1BTQm9kVzFoYm1sNlpVVnljbTl5S0dWeWNtOXlLU2s3Q2lBZ0lDQjlJR1pwYm1Gc2JIa2dld29nSUNBZ0lDQnBaaUFvYlc5MWJuUmxaQ2tnYzJWMFUzUmhkR1VvS0NrZ1BUNGdYMkoxYzNrZ1BTQm1ZV3h6WlNrN0NpQWdJQ0I5Q2lBZ2ZRb0tJQ0JHZFhSMWNtVThkbTlwWkQ0Z1gyRmtaRVY0YVhOMGFXNW5LRWQxWlhOMFVHeGhlV1Z5SUdkMVpYTjBLU0JoYzNsdVl5QjdDaUFnSUNCbWFXNWhiQ0J0WVhSamFFbGtJRDBnWDNObGJHVmpkR1ZrVFdGMFkyaEpaRHNLSUNBZ0lHbG1JQ2h0WVhSamFFbGtJRDA5SUc1MWJHd2dmSHdnWDJKMWMza3BJSEpsZEhWeWJqc0tJQ0FnSUhObGRGTjBZWFJsS0NncElEMCtJRjlpZFhONUlEMGdkSEoxWlNrN0NpQWdJQ0IwY25rZ2V3b2dJQ0FnSUNCbWFXNWhiQ0J0WVhSamFFZDFaWE4wY3lBOUNpQWdJQ0FnSUNBZ0lDQmhkMkZwZENCeVpXWXVjbVZoWkNobmRXVnpkRkJzWVhsbGNuTlNaWEJ2YzJsMGIzSjVVSEp2ZG1sa1pYSXBMbUZrWkVWNGFYTjBhVzVuUjNWbGMzUW9DaUFnSUNBZ0lDQWdJQ0FnSUNBZ0lDQnRZWFJqYUVsa09pQnRZWFJqYUVsa0xBb2dJQ0FnSUNBZ0lDQWdJQ0FnSUNBZ1ozVmxjM1JRYkdGNVpYSkpaRG9nWjNWbGMzUXVhV1FzQ2lBZ0lDQWdJQ0FnSUNBZ0lDQWdJQ0J5WldGemIyNDZJQ2RCYW05MWRDQmtaWEIxYVhNZ2JHVWdZMkYwWVd4dlozVmxJRVpzZFhSMFpYSW5MQW9nSUNBZ0lDQWdJQ0FnSUNBZ0lDazdDaUFnSUNBZ0lHbG1JQ2doYlc5MWJuUmxaQ2tnY21WMGRYSnVPd29nSUNBZ0lDQnpaWFJUZEdGMFpTZ29LU0E5UGlCZmJXRjBZMmhIZFdWemRITWdQU0J0WVhSamFFZDFaWE4wY3lrN0NpQWdJQ0FnSUY5emFHOTNUV1Z6YzJGblpTZ25KSHRuZFdWemRDNWthWE53YkdGNVRtRnRaWDBnWVdwdmRYVERxU0JoZFNCdFlYUmphQzRuS1RzS0lDQWdJSDBnWTJGMFkyZ2dLR1Z5Y205eUtTQjdDaUFnSUNBZ0lHbG1JQ2h0YjNWdWRHVmtLU0JmYzJodmQwMWxjM05oWjJVb2FIVnRZVzVwZW1WRmNuSnZjaWhsY25KdmNpa3BPd29nSUNBZ2ZTQm1hVzVoYkd4NUlIc0tJQ0FnSUNBZ2FXWWdLRzF2ZFc1MFpXUXBJSE5sZEZOMFlYUmxLQ2dwSUQwK0lGOWlkWE41SUQwZ1ptRnNjMlVwT3dvZ0lDQWdmUW9nSUgwS0NpQWdSblYwZFhKbFBIWnZhV1ErSUY5amNtVmhkR1ZCYm1SQlpHUW9LU0JoYzNsdVl5QjdDaUFnSUNCbWFXNWhiQ0J0WVhSamFFbGtJRDBnWDNObGJHVmpkR1ZrVFdGMFkyaEpaRHNLSUNBZ0lHbG1JQ2h0WVhSamFFbGtJRDA5SUc1MWJHd2dmSHdnWDJKMWMza3BJSEpsZEhWeWJqc0tJQ0FnSUdacGJtRnNJR1pwY25OMFRtRnRaU0E5SUZSbGVIUkZaR2wwYVc1blEyOXVkSEp2Ykd4bGNpZ3BPd29nSUNBZ1ptbHVZV3dnYkdGemRFNWhiV1VnUFNCVVpYaDBSV1JwZEdsdVowTnZiblJ5YjJ4c1pYSW9LVHNLSUNBZ0lIWmhjaUJwYzBkdllXeHJaV1Z3WlhJZ1BTQm1ZV3h6WlRzS0lDQWdJR1pwYm1Gc0lHbHVjSFYwSUQwZ1lYZGhhWFFnYzJodmQwUnBZV3h2Wnp4ZlRtVjNSM1ZsYzNSSmJuQjFkRDRvQ2lBZ0lDQWdJR052Ym5SbGVIUTZJR052Ym5SbGVIUXNDaUFnSUNBZ0lHSjFhV3hrWlhJNklDaGthV0ZzYjJkRGIyNTBaWGgwS1NBOVBpQlRkR0YwWldaMWJFSjFhV3hrWlhJb0NpQWdJQ0FnSUNBZ1luVnBiR1JsY2pvZ0tHTnZiblJsZUhRc0lITmxkRVJwWVd4dloxTjBZWFJsS1NBOVBpQkJiR1Z5ZEVScFlXeHZaeWdLSUNBZ0lDQWdJQ0FnSUhScGRHeGxPaUJqYjI1emRDQlVaWGgwS0NkRGNzT3BaWElnZFc0Z2FXNTJhWFREcVNjcExBb2dJQ0FnSUNBZ0lDQWdZMjl1ZEdWdWREb2dVMmx1WjJ4bFEyaHBiR1JUWTNKdmJHeFdhV1YzS0FvZ0lDQWdJQ0FnSUNBZ0lDQmphR2xzWkRvZ1EyOXNkVzF1S0FvZ0lDQWdJQ0FnSUNBZ0lDQWdJRzFoYVc1QmVHbHpVMmw2WlRvZ1RXRnBia0Y0YVhOVGFYcGxMbTFwYml3S0lDQWdJQ0FnSUNBZ0lDQWdJQ0JqYUdsc1pISmxiam9nV3dvZ0lDQWdJQ0FnSUNBZ0lDQWdJQ0FnVkdWNGRFWnBaV3hrS0FvZ0lDQWdJQ0FnSUNBZ0lDQWdJQ0FnSUNCamIyNTBjbTlzYkdWeU9pQm1hWEp6ZEU1aGJXVXNDaUFnSUNBZ0lDQWdJQ0FnSUNBZ0lDQWdJR0YxZEc5bWIyTjFjem9nZEhKMVpTd0tJQ0FnSUNBZ0lDQWdJQ0FnSUNBZ0lDQWdiV0Y0VEdWdVozUm9PaUE0TUN3S0lDQWdJQ0FnSUNBZ0lDQWdJQ0FnSUNBZ2RHVjRkRU5oY0dsMFlXeHBlbUYwYVc5dU9pQlVaWGgwUTJGd2FYUmhiR2w2WVhScGIyNHVkMjl5WkhNc0NpQWdJQ0FnSUNBZ0lDQWdJQ0FnSUNBZ0lHUmxZMjl5WVhScGIyNDZJR052Ym5OMElFbHVjSFYwUkdWamIzSmhkR2x2YmlnS0lDQWdJQ0FnSUNBZ0lDQWdJQ0FnSUNBZ0lDQnNZV0psYkZSbGVIUTZJQ2RRY3NPcGJtOXRJQ29uTEFvZ0lDQWdJQ0FnSUNBZ0lDQWdJQ0FnSUNBZ0lHSnZjbVJsY2pvZ1QzVjBiR2x1WlVsdWNIVjBRbTl5WkdWeUtDa3NDaUFnSUNBZ0lDQWdJQ0FnSUNBZ0lDQWdJQ2tzQ2lBZ0lDQWdJQ0FnSUNBZ0lDQWdJQ0FwTEFvZ0lDQWdJQ0FnSUNBZ0lDQWdJQ0FnWTI5dWMzUWdVMmw2WldSQ2IzZ29hR1ZwWjJoME9pQXhNaWtzQ2lBZ0lDQWdJQ0FnSUNBZ0lDQWdJQ0JVWlhoMFJtbGxiR1FvQ2lBZ0lDQWdJQ0FnSUNBZ0lDQWdJQ0FnSUdOdmJuUnliMnhzWlhJNklHeGhjM1JPWVcxbExBb2dJQ0FnSUNBZ0lDQWdJQ0FnSUNBZ0lDQnRZWGhNWlc1bmRHZzZJRGd3TEFvZ0lDQWdJQ0FnSUNBZ0lDQWdJQ0FnSUNCMFpYaDBRMkZ3YVhSaGJHbDZZWFJwYjI0NklGUmxlSFJEWVhCcGRHRnNhWHBoZEdsdmJpNTNiM0prY3l3
Shell: S0lDQWdJQ0FnSUNBZ0lDQWdJQ0FnSUNBZ1pHVmpiM0poZEdsdmJqb2dZMjl1YzNRZ1NXNXdkWFJFWldOdmNtRjBhVzl1S0FvZ0lDQWdJQ0FnSUNBZ0lDQWdJQ0FnSUNBZ0lHeGhZbVZzVkdWNGREb2dKMDV2YlNCbVlXTjFiSFJoZEdsbUp5d0tJQ0FnSUNBZ0lDQWdJQ0FnSUNBZ0lDQWdJQ0JpYjNKa1pYSTZJRTkxZEd4cGJtVkpibkIxZEVKdmNtUmxjaWdwTEFvZ0lDQWdJQ0FnSUNBZ0lDQWdJQ0FnSUNBcExBb2dJQ0FnSUNBZ0lDQWdJQ0FnSUNBZ0tTd0tJQ0FnSUNBZ0lDQWdJQ0FnSUNBZ0lGTjNhWFJqYUV4cGMzUlVhV3hsS0FvZ0lDQWdJQ0FnSUNBZ0lDQWdJQ0FnSUNCamIyNTBaVzUwVUdGa1pHbHVaem9nUldSblpVbHVjMlYwY3k1NlpYSnZMQW9nSUNBZ0lDQWdJQ0FnSUNBZ0lDQWdJQ0IyWVd4MVpUb2dhWE5IYjJGc2EyVmxjR1Z5TEFvZ0lDQWdJQ0FnSUNBZ0lDQWdJQ0FnSUNCMGFYUnNaVG9nWTI5dWMzUWdWR1Y0ZENnblIyRnlaR2xsYmljcExBb2dJQ0FnSUNBZ0lDQWdJQ0FnSUNBZ0lDQnpkV0owYVhSc1pUb2dZMjl1YzNRZ1ZHVjRkQ2dLSUNBZ0lDQWdJQ0FnSUNBZ0lDQWdJQ0FnSUNBblVISnBjeUJsYmlCamIyMXdkR1VnWkdGdWN5QnM0b0NaWVhabGNuUnBjM05sYldWdWRDQmtaU0JqYjIxd2IzTnBkR2x2Ymk0bkxBb2dJQ0FnSUNBZ0lDQWdJQ0FnSUNBZ0lDQXBMQW9nSUNBZ0lDQWdJQ0FnSUNBZ0lDQWdJQ0J2YmtOb1lXNW5aV1E2SUNoMllXeDFaU2tnZXdvZ0lDQWdJQ0FnSUNBZ0lDQWdJQ0FnSUNBZ0lITmxkRVJwWVd4dloxTjBZWFJsS0NncElEMCtJR2x6UjI5aGJHdGxaWEJsY2lBOUlIWmhiSFZsS1RzS0lDQWdJQ0FnSUNBZ0lDQWdJQ0FnSUNBZ2ZTd0tJQ0FnSUNBZ0lDQWdJQ0FnSUNBZ0lDa3NDaUFnSUNBZ0lDQWdJQ0FnSUNBZ1hTd0tJQ0FnSUNBZ0lDQWdJQ0FnS1N3S0lDQWdJQ0FnSUNBZ0lDa3NDaUFnSUNBZ0lDQWdJQ0JoWTNScGIyNXpPaUJiQ2lBZ0lDQWdJQ0FnSUNBZ0lGUmxlSFJDZFhSMGIyNG9DaUFnSUNBZ0lDQWdJQ0FnSUNBZ2IyNVFjbVZ6YzJWa09pQW9LU0E5UGlCT1lYWnBaMkYwYjNJdWNHOXdLR1JwWVd4dlowTnZiblJsZUhRcExBb2dJQ0FnSUNBZ0lDQWdJQ0FnSUdOb2FXeGtPaUJqYjI1emRDQlVaWGgwS0NkQmJtNTFiR1Z5Snlrc0NpQWdJQ0FnSUNBZ0lDQWdJQ2tzQ2lBZ0lDQWdJQ0FnSUNBZ0lFWnBiR3hsWkVKMWRIUnZiaWdLSUNBZ0lDQWdJQ0FnSUNBZ0lDQnZibEJ5WlhOelpXUTZJQ2dwSUhzS0lDQWdJQ0FnSUNBZ0lDQWdJQ0FnSUdacGJtRnNJR1pwY25OMElEMGdabWx5YzNST1lXMWxMblJsZUhRdWRISnBiU2dwT3dvZ0lDQWdJQ0FnSUNBZ0lDQWdJQ0FnYVdZZ0tHWnBjbk4wTG1selJXMXdkSGtwSUhKbGRIVnlianNLSUNBZ0lDQWdJQ0FnSUNBZ0lDQWdJRTVoZG1sbllYUnZjaTV3YjNBb0NpQWdJQ0FnSUNBZ0lDQWdJQ0FnSUNBZ0lHUnBZV3h2WjBOdmJuUmxlSFFzQ2lBZ0lDQWdJQ0FnSUNBZ0lDQWdJQ0FnSUY5T1pYZEhkV1Z6ZEVsdWNIVjBLQW9nSUNBZ0lDQWdJQ0FnSUNBZ0lDQWdJQ0FnSUdacGNuTjBUbUZ0WlRvZ1ptbHljM1FzQ2lBZ0lDQWdJQ0FnSUNBZ0lDQWdJQ0FnSUNBZ2JHRnpkRTVoYldVNklHeGhjM1JPWVcxbExuUmxlSFF1ZEhKcGJTZ3BMQW9nSUNBZ0lDQWdJQ0FnSUNBZ0lDQWdJQ0FnSUdselIyOWhiR3RsWlhCbGNqb2dhWE5IYjJGc2EyVmxjR1Z5TEFvZ0lDQWdJQ0FnSUNBZ0lDQWdJQ0FnSUNBcExBb2dJQ0FnSUNBZ0lDQWdJQ0FnSUNBZ0tUc0tJQ0FnSUNBZ0lDQWdJQ0FnSUNCOUxBb2dJQ0FnSUNBZ0lDQWdJQ0FnSUdOb2FXeGtPaUJqYjI1emRDQlVaWGgwS0NkRGNzT3BaWElnWlhRZ1lXcHZkWFJsY2ljcExBb2dJQ0FnSUNBZ0lDQWdJQ0FwTEFvZ0lDQWdJQ0FnSUNBZ1hTd0tJQ0FnSUNBZ0lDQXBMQW9nSUNBZ0lDQXBMQW9nSUNBZ0tUc0tJQ0FnSUdacGNuTjBUbUZ0WlM1a2FYTndiM05sS0NrN0NpQWdJQ0JzWVhOMFRtRnRaUzVrYVhOd2IzTmxLQ2s3Q2lBZ0lDQnBaaUFvYVc1d2RYUWdQVDBnYm5Wc2JDa2djbVYwZFhKdU93b0tJQ0FnSUhObGRGTjBZWFJsS0NncElEMCtJRjlpZFhONUlEMGdkSEoxWlNrN0NpQWdJQ0IwY25rZ2V3b2dJQ0FnSUNCbWFXNWhiQ0J5WlhCdmMybDBiM0o1SUQwZ2NtVm1MbkpsWVdRb1ozVmxjM1JRYkdGNVpYSnpVbVZ3YjNOcGRHOXllVkJ5YjNacFpHVnlLVHNLSUNBZ0lDQWdabWx1WVd3Z2JXRjBZMmhIZFdWemRITWdQU0JoZDJGcGRDQnlaWEJ2YzJsMGIzSjVMbU55WldGMFpVRnVaRUZrWkVkMVpYTjBLQW9nSUNBZ0lDQWdJRzFoZEdOb1NXUTZJRzFoZEdOb1NXUXNDaUFnSUNBZ0lDQWdabWx5YzNST1lXMWxPaUJwYm5CMWRDNW1hWEp6ZEU1aGJXVXNDaUFnSUNBZ0lDQWdiR0Z6ZEU1aGJXVTZJR2x1Y0hWMExteGhjM1JPWVcxbExBb2dJQ0FnSUNBZ0lHbHpSMjloYkd0bFpYQmxjam9nYVc1d2RYUXVhWE5IYjJGc2EyVmxjR1Z5TEFvZ0lDQWdJQ0FnSUhKbFlYTnZiam9nSjBOeXc2bGhkR2x2YmlCa1pYQjFhWE1nUm14MWRIUmxjaWNzQ2lBZ0lDQWdJQ2s3Q2lBZ0lDQWdJR1pwYm1Gc0lHTmhkR0ZzYjJjZ1BTQmhkMkZwZENCeVpYQnZjMmwwYjNKNUxtWmxkR05vUTJGMFlXeHZaeWhwYm1Oc2RXUmxRWEpqYUdsMlpXUTZJSFJ5ZFdVcE93b2dJQ0FnSUNCcFppQW9JVzF2ZFc1MFpXUXBJSEpsZEhWeWJqc0tJQ0FnSUNBZ2MyVjBVM1JoZEdVb0tDa2dld29nSUNBZ0lDQWdJRjl0WVhSamFFZDFaWE4wY3lBOUlHMWhkR05vUjNWbGMzUnpPd29nSUNBZ0lDQWdJRjlqWVhSaGJHOW5JRDBnWTJGMFlXeHZaenNLSUNBZ0lDQWdmU2s3Q2lBZ0lDQWdJRjl6YUc5M1RXVnpjMkZuWlNnbkpIdHBibkIxZEM1bWFYSnpkRTVoYldWOUlDaEpiblpwZE1PcEtTQmhhbTkxZE1PcElHRjFJRzFoZEdOb0xpY3BPd29nSUNBZ2ZTQmpZWFJqYUNBb1pYSnliM0lwSUhzS0lDQWdJQ0FnYVdZZ0tHMXZkVzUwWldRcElGOXphRzkzVFdWemMyRm5aU2hvZFcxaGJtbDZaVVZ5Y205eUtHVnljbTl5S1NrN0NpQWdJQ0I5SUdacGJtRnNiSGtnZXdvZ0lDQWdJQ0JwWmlBb2JXOTFiblJsWkNrZ2MyVjBVM1JoZEdVb0tDa2dQVDRnWDJK
Shell: MWMza2dQU0JtWVd4elpTazdDaUFnSUNCOUNpQWdmUW9LSUNCR2RYUjFjbVU4ZG05cFpENGdYM0psYlc5MlpTaE5ZWFJqYUVkMVpYTjBVR0Z5ZEdsamFYQmhiblFnWjNWbGMzUXBJR0Z6ZVc1aklIc0tJQ0FnSUdacGJtRnNJRzFoZEdOb1NXUWdQU0JmYzJWc1pXTjBaV1JOWVhSamFFbGtPd29nSUNBZ2FXWWdLRzFoZEdOb1NXUWdQVDBnYm5Wc2JDQjhmQ0JmWW5WemVTa2djbVYwZFhKdU93b2dJQ0FnWm1sdVlXd2dZMjl1Wm1seWJXVmtJRDBnWVhkaGFYUWdjMmh2ZDBScFlXeHZaenhpYjI5c1BpZ0tJQ0FnSUNBZ0lDQWdJR052Ym5SbGVIUTZJR052Ym5SbGVIUXNDaUFnSUNBZ0lDQWdJQ0JpZFdsc1pHVnlPaUFvWkdsaGJHOW5RMjl1ZEdWNGRDa2dQVDRnUVd4bGNuUkVhV0ZzYjJjb0NpQWdJQ0FnSUNBZ0lDQWdJSFJwZEd4bE9pQmpiMjV6ZENCVVpYaDBLQ2RTWlhScGNtVnlJR05sZENCcGJuWnBkTU9wSUdSMUlHMWhkR05vSUQ4bktTd0tJQ0FnSUNBZ0lDQWdJQ0FnWTI5dWRHVnVkRG9nVkdWNGRDZ0tJQ0FnSUNBZ0lDQWdJQ0FnSUNBbkpIdG5kV1Z6ZEM1a2FYTndiR0Y1VG1GdFpYMGdjMlZ5WVNCeVpYUnBjc09wSUdSMUlHSnliM1ZwYkd4dmJpQmpiM1Z5WVc1MExpQk1aWE1nWVc1amFXVnVibVZ6SUNjS0lDQWdJQ0FnSUNBZ0lDQWdJQ0FuY0hWaWJHbGpZWFJwYjI1eklISmxjM1JsYm5RZ2FXNTBZV04wWlhNdUp5d0tJQ0FnSUNBZ0lDQWdJQ0FnS1N3S0lDQWdJQ0FnSUNBZ0lDQWdZV04wYVc5dWN6b2dXd29nSUNBZ0lDQWdJQ0FnSUNBZ0lGUmxlSFJDZFhSMGIyNG9DaUFnSUNBZ0lDQWdJQ0FnSUNBZ0lDQnZibEJ5WlhOelpXUTZJQ2dwSUQwK0lFNWhkbWxuWVhSdmNpNXdiM0FvWkdsaGJHOW5RMjl1ZEdWNGRDd2dabUZzYzJVcExBb2dJQ0FnSUNBZ0lDQWdJQ0FnSUNBZ1kyaHBiR1E2SUdOdmJuTjBJRlJsZUhRb0owRnViblZzWlhJbktTd0tJQ0FnSUNBZ0lDQWdJQ0FnSUNBcExBb2dJQ0FnSUNBZ0lDQWdJQ0FnSUVacGJHeGxaRUoxZEhSdmJpZ0tJQ0FnSUNBZ0lDQWdJQ0FnSUNBZ0lHOXVVSEpsYzNObFpEb2dLQ2tnUFQ0Z1RtRjJhV2RoZEc5eUxuQnZjQ2hrYVdGc2IyZERiMjUwWlhoMExDQjBjblZsS1N3S0lDQWdJQ0FnSUNBZ0lDQWdJQ0FnSUdOb2FXeGtPaUJqYjI1emRDQlVaWGgwS0NkU1pYUnBjbVZ5Snlrc0NpQWdJQ0FnSUNBZ0lDQWdJQ0FnS1N3S0lDQWdJQ0FnSUNBZ0lDQWdYU3dLSUNBZ0lDQWdJQ0FnSUNrc0NpQWdJQ0FnSUNBZ0tTQS9Qd29nSUNBZ0lDQWdJR1poYkhObE93b2dJQ0FnYVdZZ0tDRmpiMjVtYVhKdFpXUXBJSEpsZEhWeWJqc0tDaUFnSUNCelpYUlRkR0YwWlNnb0tTQTlQaUJmWW5WemVTQTlJSFJ5ZFdVcE93b2dJQ0FnZEhKNUlIc0tJQ0FnSUNBZ1ptbHVZV3dnYldGMFkyaEhkV1Z6ZEhNZ1BRb2dJQ0FnSUNBZ0lDQWdZWGRoYVhRZ2NtVm1MbkpsWVdRb1ozVmxjM1JRYkdGNVpYSnpVbVZ3YjNOcGRHOXllVkJ5YjNacFpHVnlLUzV5WlcxdmRtVkhkV1Z6ZENnS0lDQWdJQ0FnSUNBZ0lDQWdJQ0FnSUcxaGRHTm9TV1E2SUcxaGRHTm9TV1FzQ2lBZ0lDQWdJQ0FnSUNBZ0lDQWdJQ0J3WVhKMGFXTnBjR0Z1ZEVsa09pQm5kV1Z6ZEM1d1lYSjBhV05wY0dGdWRFbGtMQW9nSUNBZ0lDQWdJQ0FnSUNBZ0lDQWdjbVZoYzI5dU9pQW5VbVYwY21GcGRDQmtaWEIxYVhNZ1JteDFkSFJsY2ljc0NpQWdJQ0FnSUNBZ0lDQWdJQ0FnS1RzS0lDQWdJQ0FnYVdZZ0tDRnRiM1Z1ZEdWa0tTQnlaWFIxY200N0NpQWdJQ0FnSUhObGRGTjBZWFJsS0NncElEMCtJRjl0WVhSamFFZDFaWE4wY3lBOUlHMWhkR05vUjNWbGMzUnpLVHNLSUNBZ0lDQWdYM05vYjNkTlpYTnpZV2RsS0Nja2UyZDFaWE4wTG1ScGMzQnNZWGxPWVcxbGZTQnlaWFJwY3NPcElHUjFJRzFoZEdOb0xpY3BPd29nSUNBZ2ZTQmpZWFJqYUNBb1pYSnliM0lwSUhzS0lDQWdJQ0FnYVdZZ0tHMXZkVzUwWldRcElGOXphRzkzVFdWemMyRm5aU2hvZFcxaGJtbDZaVVZ5Y205eUtHVnljbTl5S1NrN0NpQWdJQ0I5SUdacGJtRnNiSGtnZXdvZ0lDQWdJQ0JwWmlBb2JXOTFiblJsWkNrZ2MyVjBVM1JoZEdVb0tDa2dQVDRnWDJKMWMza2dQU0JtWVd4elpTazdDaUFnSUNCOUNpQWdmUW9LSUNCR2RYUjFjbVU4ZG05cFpENGdYM05sZEVGeVkyaHBkbVZrS0VkMVpYTjBVR3hoZVdWeUlHZDFaWE4wTENCaWIyOXNJR0Z5WTJocGRtVmtLU0JoYzNsdVl5QjdDaUFnSUNCcFppQW9YMkoxYzNrcElISmxkSFZ5YmpzS0lDQWdJSE5sZEZOMFlYUmxLQ2dwSUQwK0lGOWlkWE41SUQwZ2RISjFaU2s3Q2lBZ0lDQjBjbmtnZXdvZ0lDQWdJQ0JtYVc1aGJDQmpZWFJoYkc5bklEMEtJQ0FnSUNBZ0lDQWdJR0YzWVdsMElISmxaaTV5WldGa0tHZDFaWE4wVUd4aGVXVnljMUpsY0c5emFYUnZjbmxRY205MmFXUmxjaWt1YzJWMFFYSmphR2wyWldRb0NpQWdJQ0FnSUNBZ0lDQWdJQ0FnSUNCbmRXVnpkRkJzWVhsbGNrbGtPaUJuZFdWemRDNXBaQ3dLSUNBZ0lDQWdJQ0FnSUNBZ0lDQWdJR0Z5WTJocGRtVmtPaUJoY21Ob2FYWmxaQ3dLSUNBZ0lDQWdJQ0FnSUNBZ0lDQWdJSEpsWVhOdmJqb2dZWEpqYUdsMlpXUUtJQ0FnSUNBZ0lDQWdJQ0FnSUNBZ0lDQWdJQ0EvSUNkQmNtTm9hWFpoWjJVZ1pHVndkV2x6SUVac2RYUjBaWEluQ2lBZ0lDQWdJQ0FnSUNBZ0lDQWdJQ0FnSUNBZ09pQW5VbVZ6ZEdGMWNtRjBhVzl1SUdSbGNIVnBjeUJHYkhWMGRHVnlKeXdLSUNBZ0lDQWdJQ0FnSUNBZ0lDQXBPd29nSUNBZ0lDQnBaaUFvSVcxdmRXNTBaV1FwSUhKbGRIVnlianNLSUNBZ0lDQWdjMlYwVTNSaGRHVW9LQ2tnUFQ0Z1gyTmhkR0ZzYjJjZ1BTQmpZWFJoYkc5bktUc0tJQ0FnSUNBZ1gzTm9iM2ROWlhOellXZGxLQW9nSUNBZ0lDQWdJR0Z5WTJocGRtVmtDaUFnSUNBZ0lDQWdJQ0FnSUQ4Z0p5UjdaM1ZsYzNRdVpHbHpjR3hoZVU1aGJXVjlJR0Z5WTJocGRzT3BMaWNLSUNBZ0lDQWdJQ0FnSUNBZ09pQW5KSHRuZFdWemRDNWthWE53YkdGNVRtRnRaWDBnY21WemRHRjFjc09wTGljc0NpQWdJQ0FnSUNrN0NpQWdJQ0I5SUdOaGRHTm9JQ2hsY25KdmNpa2dld29nSUNBZ0lDQnBaaUFvYlc5
Shell: MWJuUmxaQ2tnWDNOb2IzZE5aWE56WVdkbEtHaDFiV0Z1YVhwbFJYSnliM0lvWlhKeWIzSXBLVHNLSUNBZ0lIMGdabWx1WVd4c2VTQjdDaUFnSUNBZ0lHbG1JQ2h0YjNWdWRHVmtLU0J6WlhSVGRHRjBaU2dvS1NBOVBpQmZZblZ6ZVNBOUlHWmhiSE5sS1RzS0lDQWdJSDBLSUNCOUNnb2dJRVoxZEhWeVpUeDJiMmxrUGlCZmNHbGphMGQxWlhOMFVHaHZkRzhvUjNWbGMzUlFiR0Y1WlhJZ1ozVmxjM1FwSUdGemVXNWpJSHNLSUNBZ0lHbG1JQ2hmWW5WemVTa2djbVYwZFhKdU93b2dJQ0FnWm1sdVlXd2dabWxzWlNBOUlHRjNZV2wwSUVsdFlXZGxVR2xqYTJWeUtDa3VjR2xqYTBsdFlXZGxLQW9nSUNBZ0lDQnpiM1Z5WTJVNklFbHRZV2RsVTI5MWNtTmxMbWRoYkd4bGNua3NDaUFnSUNBZ0lHMWhlRmRwWkhSb09pQTRNREFzQ2lBZ0lDQWdJRzFoZUVobGFXZG9kRG9nT0RBd0xBb2dJQ0FnSUNCcGJXRm5aVkYxWVd4cGRIazZJRGcxTEFvZ0lDQWdLVHNLSUNBZ0lHbG1JQ2htYVd4bElEMDlJRzUxYkd3cElISmxkSFZ5YmpzS0lDQWdJR1pwYm1Gc0lHSjVkR1Z6SUQwZ1lYZGhhWFFnWm1sc1pTNXlaV0ZrUVhOQ2VYUmxjeWdwT3dvZ0lDQWdabWx1WVd3Z1pYaDBJRDBnWm1sc1pTNXVZVzFsTG1OdmJuUmhhVzV6S0NjdUp5a2dQeUJtYVd4bExtNWhiV1V1YzNCc2FYUW9KeTRuS1M1c1lYTjBJRG9nSjJwd1p5YzdDaUFnSUNCelpYUlRkR0YwWlNnb0tTQTlQaUJmWW5WemVTQTlJSFJ5ZFdVcE93b2dJQ0FnZEhKNUlIc0tJQ0FnSUNBZ1ptbHVZV3dnY21Wd2J5QTlJSEpsWmk1eVpXRmtLR2QxWlhOMFVHeGhlV1Z5YzFKbGNHOXphWFJ2Y25sUWNtOTJhV1JsY2lrN0NpQWdJQ0FnSUdGM1lXbDBJSEpsY0c4dWRYQnNiMkZrUjNWbGMzUlFhRzkwYnlnS0lDQWdJQ0FnSUNCbmRXVnpkRkJzWVhsbGNrbGtPaUJuZFdWemRDNXBaQ3dLSUNBZ0lDQWdJQ0JpZVhSbGN6b2dZbmwwWlhNc0NpQWdJQ0FnSUNBZ1ptbHNaVVY0ZERvZ1pYaDBMQW9nSUNBZ0lDQXBPd29nSUNBZ0lDQm1hVzVoYkNCallYUmhiRzluSUQwZ1lYZGhhWFFnY21Wd2J5NW1aWFJqYUVOaGRHRnNiMmNvYVc1amJIVmtaVUZ5WTJocGRtVmtPaUIwY25WbEtUc0tJQ0FnSUNBZ2FXWWdLQ0Z0YjNWdWRHVmtLU0J5WlhSMWNtNDdDaUFnSUNBZ0lITmxkRk4wWVhSbEtDZ3BJRDArSUY5allYUmhiRzluSUQwZ1kyRjBZV3h2WnlrN0NpQWdJQ0FnSUY5emFHOTNUV1Z6YzJGblpTZ25VR2h2ZEc4Z1pHVWdKSHRuZFdWemRDNWthWE53YkdGNVRtRnRaWDBnYldselpTRERvQ0JxYjNWeUxpY3BPd29nSUNBZ2ZTQmpZWFJqYUNBb1pYSnliM0lwSUhzS0lDQWdJQ0FnYVdZZ0tHMXZkVzUwWldRcElGOXphRzkzVFdWemMyRm5aU2hvZFcxaGJtbDZaVVZ5Y205eUtHVnljbTl5S1NrN0NpQWdJQ0I5SUdacGJtRnNiSGtnZXdvZ0lDQWdJQ0JwWmlBb2JXOTFiblJsWkNrZ2MyVjBVM1JoZEdVb0tDa2dQVDRnWDJKMWMza2dQU0JtWVd4elpTazdDaUFnSUNCOUNpQWdmUW9LSUNCMmIybGtJRjl6YUc5M1RXVnpjMkZuWlNoVGRISnBibWNnYldWemMyRm5aU2tnZXdvZ0lDQWdVMk5oWm1admJHUk5aWE56Wlc1blpYSXViMllvQ2lBZ0lDQWdJR052Ym5SbGVIUXNDaUFnSUNBcExuTm9iM2RUYm1GamEwSmhjaWhUYm1GamEwSmhjaWhqYjI1MFpXNTBPaUJVWlhoMEtHMWxjM05oWjJVcEtTazdDaUFnZlFvS0lDQkFiM1psY25KcFpHVUtJQ0JYYVdSblpYUWdZblZwYkdRb1FuVnBiR1JEYjI1MFpYaDBJR052Ym5SbGVIUXBJSHNLSUNBZ0lISmxkSFZ5YmlCVFkyRm1abTlzWkNnS0lDQWdJQ0FnWVhCd1FtRnlPaUJIY21sdWRHRkJjSEJDWVhJb0NpQWdJQ0FnSUNBZ2RHbDBiR1U2SUdOdmJuTjBJRlJsZUhRb0owbHVkbWwwdzZsekp5a3NDaUFnSUNBZ0lDQWdZV1J0YVc0NklIUnlkV1VzQ2lBZ0lDQWdJQ0FnWVdOMGFXOXVjem9nV3dvZ0lDQWdJQ0FnSUNBZ1NXTnZia0oxZEhSdmJpZ0tJQ0FnSUNBZ0lDQWdJQ0FnZEc5dmJIUnBjRG9nSjBGamRIVmhiR2x6WlhJbkxBb2dJQ0FnSUNBZ0lDQWdJQ0J2YmxCeVpYTnpaV1E2SUY5c2IyRmthVzVuSUh4OElGOWlkWE41SUQ4Z2JuVnNiQ0E2SUY5c2IyRmtUV0YwWTJobGN5d0tJQ0FnSUNBZ0lDQWdJQ0FnYVdOdmJqb2dZMjl1YzNRZ1NXTnZiaWhKWTI5dWN5NXlaV1p5WlhOb0tTd0tJQ0FnSUNBZ0lDQWdJQ2tzQ2lBZ0lDQWdJQ0FnWFN3S0lDQWdJQ0FnS1N3S0lDQWdJQ0FnWW05a2VUb2dYMkoxYVd4a1FtOWtlU2dwTEFvZ0lDQWdLVHNLSUNCOUNnb2dJRmRwWkdkbGRDQmZZblZwYkdSQ2IyUjVLQ2tnZXdvZ0lDQWdhV1lnS0Y5c2IyRmthVzVuS1NCeVpYUjFjbTRnWTI5dWMzUWdRMlZ1ZEdWeUtHTm9hV3hrT2lCSGNtbHVkR0ZRY205bmNtVnpjMGx1WkdsallYUnZjaWdwS1RzS0lDQWdJR2xtSUNoZlpYSnliM0lnSVQwZ2JuVnNiQ0FtSmlCZmJXRjBZMmhsY3k1cGMwVnRjSFI1S1NCN0NpQWdJQ0FnSUhKbGRIVnliaUJNYVhOMFZtbGxkeWdLSUNBZ0lDQWdJQ0J3WVdSa2FXNW5PaUJqYjI1emRDQkZaR2RsU1c1elpYUnpMbUZzYkNneU1Da3NDaUFnSUNBZ0lDQWdZMmhwYkdSeVpXNDZJRnNLSUNBZ0lDQWdJQ0FnSUZSbGVIUW9YMlZ5Y205eUlTa3NDaUFnSUNBZ0lDQWdJQ0JqYjI1emRDQlRhWHBsWkVKdmVDaG9aV2xuYUhRNklERXlLU3dLSUNBZ0lDQWdJQ0FnSUVacGJHeGxaRUoxZEhSdmJpaHZibEJ5WlhOelpXUTZJRjlzYjJGa1RXRjBZMmhsY3l3Z1kyaHBiR1E2SUdOdmJuTjBJRlJsZUhRb0oxTERxV1Z6YzJGNVpYSW5LU2tzQ2lBZ0lDQWdJQ0FnWFN3S0lDQWdJQ0FnS1RzS0lDQWdJSDBLSUNBZ0lHbG1JQ2hmYldGMFkyaGxjeTVwYzBWdGNIUjVLU0I3Q2lBZ0lDQWdJSEpsZEhWeWJpQmpiMjV6ZENCRFpXNTBaWElvWTJocGJHUTZJRlJsZUhRb0owRjFZM1Z1SUcxaGRHTm9JTU9nSUhabGJtbHlMaWNwS1RzS0lDQWdJSDBLQ2lBZ0lDQm1hVzVoYkNCaGMzTnBaMjVsWkNBOUlGOXRZWFJqYUVkMVpYTjBjejh1WjNWbGMzUnpJRDgvSUdOdmJuTjBJRnRkT3dvZ0lDQWdabWx1WVd3Z1lYTnphV2R1WldSSlpITWdQU0I3Wm05eUlDaG1hVzVoYkNCbmRXVnpkQ0JwYmlC
Shell: aGMzTnBaMjVsWkNrZ1ozVmxjM1F1WjNWbGMzUlFiR0Y1WlhKSlpIMDdDaUFnSUNCbWFXNWhiQ0JqWVhSaGJHOW5JRDBnWDNOb2IzZEJjbU5vYVhabFpDQS9JRjlqWVhSaGJHOW5MbWQxWlhOMGN5QTZJRjlqWVhSaGJHOW5MbUZqZEdsMlpUc0tDaUFnSUNCeVpYUjFjbTRnVW1WbWNtVnphRWx1WkdsallYUnZjaWdLSUNBZ0lDQWdiMjVTWldaeVpYTm9PaUJmYkc5aFpFMWhkR05vWlhNc0NpQWdJQ0FnSUdOb2FXeGtPaUJNYVhOMFZtbGxkeWdLSUNBZ0lDQWdJQ0J3YUhsemFXTnpPaUJqYjI1emRDQkJiSGRoZVhOVFkzSnZiR3hoWW14bFUyTnliMnhzVUdoNWMybGpjeWdwTEFvZ0lDQWdJQ0FnSUhCaFpHUnBibWM2SUdOdmJuTjBJRVZrWjJWSmJuTmxkSE11Wm5KdmJVeFVVa0lvTVRZc0lERTJMQ0F4Tml3Z05EQXBMQW9nSUNBZ0lDQWdJR05vYVd4a2NtVnVPaUJiQ2lBZ0lDQWdJQ0FnSUNCRWNtOXdaRzkzYmtKMWRIUnZia1p2Y20xR2FXVnNaRHhUZEhKcGJtYytLQW9nSUNBZ0lDQWdJQ0FnSUNCcGJtbDBhV0ZzVm1Gc2RXVTZJRjl6Wld4bFkzUmxaRTFoZEdOb1NXUXNDaUFnSUNBZ0lDQWdJQ0FnSUdSbFkyOXlZWFJwYjI0NklHTnZibk4wSUVsdWNIVjBSR1ZqYjNKaGRHbHZiaWdLSUNBZ0lDQWdJQ0FnSUNBZ0lDQnNZV0psYkZSbGVIUTZJQ2ROWVhSamFDY3NDaUFnSUNBZ0lDQWdJQ0FnSUNBZ1ltOXlaR1Z5T2lCUGRYUnNhVzVsU1c1d2RYUkNiM0prWlhJb0tTd0tJQ0FnSUNBZ0lDQWdJQ0FnS1N3S0lDQWdJQ0FnSUNBZ0lDQWdhWFJsYlhNNklGc0tJQ0FnSUNBZ0lDQWdJQ0FnSUNCbWIzSWdLR1pwYm1Gc0lHMWhkR05vSUdsdUlGOXRZWFJqYUdWektRb2dJQ0FnSUNBZ0lDQWdJQ0FnSUNBZ1JISnZjR1J2ZDI1TlpXNTFTWFJsYlNnS0lDQWdJQ0FnSUNBZ0lDQWdJQ0FnSUNBZ2RtRnNkV1U2SUcxaGRHTm9MbWxrTEFvZ0lDQWdJQ0FnSUNBZ0lDQWdJQ0FnSUNCamFHbHNaRG9nVkdWNGRDZ0tJQ0FnSUNBZ0lDQWdJQ0FnSUNBZ0lDQWdJQ0FuSkh0dFlYUmphQzV2Y0hCdmJtVnVkRTVoYldWOUlNSzNJQ1I3WDJadmNtMWhkRVJoZEdVb2JXRjBZMmd1YTJsamEyOW1aa0YwS1gwbkxBb2dJQ0FnSUNBZ0lDQWdJQ0FnSUNBZ0lDQXBMQW9nSUNBZ0lDQWdJQ0FnSUNBZ0lDQWdLU3dLSUNBZ0lDQWdJQ0FnSUNBZ1hTd0tJQ0FnSUNBZ0lDQWdJQ0FnYjI1RGFHRnVaMlZrT2lCZlluVnplUW9nSUNBZ0lDQWdJQ0FnSUNBZ0lDQWdQeUJ1ZFd4c0NpQWdJQ0FnSUNBZ0lDQWdJQ0FnSUNBNklDaDJZV3gxWlNrZ2V3b2dJQ0FnSUNBZ0lDQWdJQ0FnSUNBZ0lDQWdJR2xtSUNoMllXeDFaU0E5UFNCdWRXeHNLU0J5WlhSMWNtNDdDaUFnSUNBZ0lDQWdJQ0FnSUNBZ0lDQWdJQ0FnYzJWMFUzUmhkR1VvS0NrZ2V3b2dJQ0FnSUNBZ0lDQWdJQ0FnSUNBZ0lDQWdJQ0FnWDNObGJHVmpkR1ZrVFdGMFkyaEpaQ0E5SUhaaGJIVmxPd29nSUNBZ0lDQWdJQ0FnSUNBZ0lDQWdJQ0FnSUNBZ1gyMWhkR05vUjNWbGMzUnpJRDBnYm5Wc2JEc0tJQ0FnSUNBZ0lDQWdJQ0FnSUNBZ0lDQWdJQ0I5S1RzS0lDQWdJQ0FnSUNBZ0lDQWdJQ0FnSUNBZ0lDQmZiRzloWkVSaGRHRW9kbUZzZFdVcE93b2dJQ0FnSUNBZ0lDQWdJQ0FnSUNBZ0lDQjlMQW9nSUNBZ0lDQWdJQ0FnS1N3S0lDQWdJQ0FnSUNBZ0lHbG1JQ2hmWW5WemVTa2dMaTR1V3dvZ0lDQWdJQ0FnSUNBZ0lDQmpiMjV6ZENCVGFYcGxaRUp2ZUNob1pXbG5hSFE2SURFd0tTd0tJQ0FnSUNBZ0lDQWdJQ0FnWTI5dWMzUWdSM0pwYm5SaFRHbHVaV0Z5VUhKdlozSmxjM05KYm1ScFkyRjBiM0lvS1N3S0lDQWdJQ0FnSUNBZ0lGMHNDaUFnSUNBZ0lDQWdJQ0JwWmlBb1gyVnljbTl5SUNFOUlHNTFiR3dwSUM0dUxsdGpiMjV6ZENCVGFYcGxaRUp2ZUNob1pXbG5hSFE2SURFeUtTd2dWR1Y0ZENoZlpYSnliM0loS1Ywc0NpQWdJQ0FnSUNBZ0lDQmpiMjV6ZENCVGFYcGxaRUp2ZUNob1pXbG5hSFE2SURFMEtTd0tJQ0FnSUNBZ0lDQWdJRU5oY21Rb0NpQWdJQ0FnSUNBZ0lDQWdJR05vYVd4a09pQlFZV1JrYVc1bktBb2dJQ0FnSUNBZ0lDQWdJQ0FnSUhCaFpHUnBibWM2SUdOdmJuTjBJRVZrWjJWSmJuTmxkSE11WVd4c0tERTJLU3dLSUNBZ0lDQWdJQ0FnSUNBZ0lDQmphR2xzWkRvZ1EyOXNkVzF1S0FvZ0lDQWdJQ0FnSUNBZ0lDQWdJQ0FnWTNKdmMzTkJlR2x6UVd4cFoyNXRaVzUwT2lCRGNtOXpjMEY0YVhOQmJHbG5ibTFsYm5RdWMzUnlaWFJqYUN3S0lDQWdJQ0FnSUNBZ0lDQWdJQ0FnSUdOb2FXeGtjbVZ1T2lCYkNpQWdJQ0FnSUNBZ0lDQWdJQ0FnSUNBZ0lGSnZkeWdLSUNBZ0lDQWdJQ0FnSUNBZ0lDQWdJQ0FnSUNCamFHbHNaSEpsYmpvZ1d3b2dJQ0FnSUNBZ0lDQWdJQ0FnSUNBZ0lDQWdJQ0FnUlhod1lXNWtaV1FvQ2lBZ0lDQWdJQ0FnSUNBZ0lDQWdJQ0FnSUNBZ0lDQWdJR05vYVd4a09pQlVaWGgwS0FvZ0lDQWdJQ0FnSUNBZ0lDQWdJQ0FnSUNBZ0lDQWdJQ0FnSUNkSmJuWnBkTU9wY3lCa2RTQnRZWFJqYUNjc0NpQWdJQ0FnSUNBZ0lDQWdJQ0FnSUNBZ0lDQWdJQ0FnSUNBZ2MzUjViR1U2SUZSb1pXMWxMbTltS0dOdmJuUmxlSFFwTG5SbGVIUlVhR1Z0WlM1MGFYUnNaVTFsWkdsMWJTd0tJQ0FnSUNBZ0lDQWdJQ0FnSUNBZ0lDQWdJQ0FnSUNBZ0tTd0tJQ0FnSUNBZ0lDQWdJQ0FnSUNBZ0lDQWdJQ0FnSUNrc0NpQWdJQ0FnSUNBZ0lDQWdJQ0FnSUNBZ0lDQWdJQ0JEYUdsd0tHeGhZbVZzT2lCVVpYaDBLQ2NrZTJGemMybG5ibVZrTG14bGJtZDBhSDBuS1Nrc0NpQWdJQ0FnSUNBZ0lDQWdJQ0FnSUNBZ0lDQWdYU3dLSUNBZ0lDQWdJQ0FnSUNBZ0lDQWdJQ0FnS1N3S0lDQWdJQ0FnSUNBZ0lDQWdJQ0FnSUNBZ1kyOXVjM1FnVTJsNlpXUkNiM2dvYUdWcFoyaDBPaUF4TUNrc0NpQWdJQ0FnSUNBZ0lDQWdJQ0FnSUNBZ0lHbG1JQ2hoYzNOcFoyNWxaQzVwYzBWdGNIUjVLUW9nSUNBZ0lDQWdJQ0FnSUNBZ0lDQWdJQ0FnSUdOdmJuTjBJRlJsZUhRb0owRjFZM1Z1SUdsdWRtbDB3NmtnWVdwdmRYVERxU0REb0NCalpTQnRZWFJqYUM0bktRb2dJQ0FnSUNBZ0lDQWdJQ0FnSUNBZ0lDQmxiSE5sQ2lBZ0lDQWdJQ0FnSUNB
Shell: Z0lDQWdJQ0FnSUNBZ1ptOXlJQ2htYVc1aGJDQm5kV1Z6ZENCcGJpQmhjM05wWjI1bFpDa0tJQ0FnSUNBZ0lDQWdJQ0FnSUNBZ0lDQWdJQ0FnSUV4cGMzUlVhV3hsS0FvZ0lDQWdJQ0FnSUNBZ0lDQWdJQ0FnSUNBZ0lDQWdJQ0JqYjI1MFpXNTBVR0ZrWkdsdVp6b2dSV1JuWlVsdWMyVjBjeTU2WlhKdkxBb2dJQ0FnSUNBZ0lDQWdJQ0FnSUNBZ0lDQWdJQ0FnSUNCc1pXRmthVzVuT2lCRGFYSmpiR1ZCZG1GMFlYSW9DaUFnSUNBZ0lDQWdJQ0FnSUNBZ0lDQWdJQ0FnSUNBZ0lDQWdZMmhwYkdRNklFbGpiMjRvQ2lBZ0lDQWdJQ0FnSUNBZ0lDQWdJQ0FnSUNBZ0lDQWdJQ0FnSUNCbmRXVnpkQzVwYzBkdllXeHJaV1Z3WlhJS0lDQWdJQ0FnSUNBZ0lDQWdJQ0FnSUNBZ0lDQWdJQ0FnSUNBZ0lDQWdJQ0EvSUVsamIyNXpMbk53YjNKMGMxOW9ZVzVrWW1Gc2JGOXZkWFJzYVc1bFpBb2dJQ0FnSUNBZ0lDQWdJQ0FnSUNBZ0lDQWdJQ0FnSUNBZ0lDQWdJQ0FnSURvZ1NXTnZibk11Y0dWeWMyOXVYMjkxZEd4cGJtVXNDaUFnSUNBZ0lDQWdJQ0FnSUNBZ0lDQWdJQ0FnSUNBZ0lDQWdLU3dLSUNBZ0lDQWdJQ0FnSUNBZ0lDQWdJQ0FnSUNBZ0lDQWdLU3dLSUNBZ0lDQWdJQ0FnSUNBZ0lDQWdJQ0FnSUNBZ0lDQWdkR2wwYkdVNklGUmxlSFFvWjNWbGMzUXVaR2x6Y0d4aGVVNWhiV1VwTEFvZ0lDQWdJQ0FnSUNBZ0lDQWdJQ0FnSUNBZ0lDQWdJQ0J6ZFdKMGFYUnNaVG9nVkdWNGRDZ0tJQ0FnSUNBZ0lDQWdJQ0FnSUNBZ0lDQWdJQ0FnSUNBZ0lDQm5kV1Z6ZEM1elpXeGxZM1JwYjI1VGRHRjBkWE1nUFQwZ0ozTjBZWEowWlhJbkNpQWdJQ0FnSUNBZ0lDQWdJQ0FnSUNBZ0lDQWdJQ0FnSUNBZ0lDQWdJRDhnSjFScGRIVnNZV2x5WlNjS0lDQWdJQ0FnSUNBZ0lDQWdJQ0FnSUNBZ0lDQWdJQ0FnSUNBZ0lDQWdPaUJuZFdWemRDNXpaV3hsWTNScGIyNVRkR0YwZFhNZ1BUMGdKM04xWW5OMGFYUjFkR1VuQ2lBZ0lDQWdJQ0FnSUNBZ0lDQWdJQ0FnSUNBZ0lDQWdJQ0FnSUNBZ0lDQWdJQ0EvSUNkQ1lXNWpKd29nSUNBZ0lDQWdJQ0FnSUNBZ0lDQWdJQ0FnSUNBZ0lDQWdJQ0FnSUNBZ0lDQWdPaUFudzRBZ2NHeGhZMlZ5SUdSaGJuTWdiR0VnWTI5dGNHOXphWFJwYjI0bkxBb2dJQ0FnSUNBZ0lDQWdJQ0FnSUNBZ0lDQWdJQ0FnSUNBcExBb2dJQ0FnSUNBZ0lDQWdJQ0FnSUNBZ0lDQWdJQ0FnSUNCMGNtRnBiR2x1WnpvZ1NXTnZia0oxZEhSdmJpZ0tJQ0FnSUNBZ0lDQWdJQ0FnSUNBZ0lDQWdJQ0FnSUNBZ0lDQjBiMjlzZEdsd09pQW5VbVYwYVhKbGNpQmtkU0J0WVhSamFDY3NDaUFnSUNBZ0lDQWdJQ0FnSUNBZ0lDQWdJQ0FnSUNBZ0lDQWdiMjVRY21WemMyVmtPaUJmWW5WemVTQS9JRzUxYkd3Z09pQW9LU0E5UGlCZmNtVnRiM1psS0dkMVpYTjBLU3dLSUNBZ0lDQWdJQ0FnSUNBZ0lDQWdJQ0FnSUNBZ0lDQWdJQ0JwWTI5dU9pQmpiMjV6ZENCSlkyOXVLRWxqYjI1ekxuQmxjbk52Ymw5eVpXMXZkbVZmYjNWMGJHbHVaV1FwTEFvZ0lDQWdJQ0FnSUNBZ0lDQWdJQ0FnSUNBZ0lDQWdJQ0FwTEFvZ0lDQWdJQ0FnSUNBZ0lDQWdJQ0FnSUNBZ0lDQWdLU3dLSUNBZ0lDQWdJQ0FnSUNBZ0lDQWdJQ0FnWTI5dWMzUWdVMmw2WldSQ2IzZ29hR1ZwWjJoME9pQXhNQ2tzQ2lBZ0lDQWdJQ0FnSUNBZ0lDQWdJQ0FnSUVacGJHeGxaRUoxZEhSdmJpNXBZMjl1S0FvZ0lDQWdJQ0FnSUNBZ0lDQWdJQ0FnSUNBZ0lHOXVVSEpsYzNObFpEb2dYMkoxYzNrZ1B5QnVkV3hzSURvZ1gyTnlaV0YwWlVGdVpFRmtaQ3dLSUNBZ0lDQWdJQ0FnSUNBZ0lDQWdJQ0FnSUNCcFkyOXVPaUJqYjI1emRDQkpZMjl1S0VsamIyNXpMbkJsY25OdmJsOWhaR1JmWVd4MFh6RmZiM1YwYkdsdVpXUXBMQW9nSUNBZ0lDQWdJQ0FnSUNBZ0lDQWdJQ0FnSUd4aFltVnNPaUJqYjI1emRDQlVaWGgwS0NkRGNzT3BaWElnZFc0Z2FXNTJhWFREcVNjcExBb2dJQ0FnSUNBZ0lDQWdJQ0FnSUNBZ0lDQXBMQW9nSUNBZ0lDQWdJQ0FnSUNBZ0lDQWdJQ0JqYjI1emRDQlRhWHBsWkVKdmVDaG9aV2xuYUhRNklEZ3BMQW9nSUNBZ0lDQWdJQ0FnSUNBZ0lDQWdJQ0JQZFhSc2FXNWxaRUoxZEhSdmJpNXBZMjl1S0FvZ0lDQWdJQ0FnSUNBZ0lDQWdJQ0FnSUNBZ0lHOXVVSEpsYzNObFpEb0tJQ0FnSUNBZ0lDQWdJQ0FnSUNBZ0lDQWdJQ0FnSUNBZ1gySjFjM2tnUHlCdWRXeHNJRG9nS0NrZ1BUNGdZMjl1ZEdWNGRDNXdkWE5vS0NjdllXUnRhVzR2WTI5dGNHOXphWFJwYjI0bktTd0tJQ0FnSUNBZ0lDQWdJQ0FnSUNBZ0lDQWdJQ0JwWTI5dU9pQmpiMjV6ZENCSlkyOXVLRWxqYjI1ekxtUmhjMmhpYjJGeVpGOWpkWE4wYjIxcGVtVmZiM1YwYkdsdVpXUXBMQW9nSUNBZ0lDQWdJQ0FnSUNBZ0lDQWdJQ0FnSUd4aFltVnNPaUJqYjI1emRDQlVaWGgwS0NkUGRYWnlhWElnYkdFZ1kyOXRjRzl6YVhScGIyNG5LU3dLSUNBZ0lDQWdJQ0FnSUNBZ0lDQWdJQ0FnS1N3S0lDQWdJQ0FnSUNBZ0lDQWdJQ0FnSUYwc0NpQWdJQ0FnSUNBZ0lDQWdJQ0FnS1N3S0lDQWdJQ0FnSUNBZ0lDQWdLU3dLSUNBZ0lDQWdJQ0FnSUNrc0NpQWdJQ0FnSUNBZ0lDQmpiMjV6ZENCVGFYcGxaRUp2ZUNob1pXbG5hSFE2SURFMEtTd0tJQ0FnSUNBZ0lDQWdJRU5oY21Rb0NpQWdJQ0FnSUNBZ0lDQWdJR05vYVd4a09pQlFZV1JrYVc1bktBb2dJQ0FnSUNBZ0lDQWdJQ0FnSUhCaFpHUnBibWM2SUdOdmJuTjBJRVZrWjJWSmJuTmxkSE11WVd4c0tERTJLU3dLSUNBZ0lDQWdJQ0FnSUNBZ0lDQmphR2xzWkRvZ1EyOXNkVzF1S0FvZ0lDQWdJQ0FnSUNBZ0lDQWdJQ0FnWTNKdmMzTkJlR2x6UVd4cFoyNXRaVzUwT2lCRGNtOXpjMEY0YVhOQmJHbG5ibTFsYm5RdWMzUmhjblFzQ2lBZ0lDQWdJQ0FnSUNBZ0lDQWdJQ0JqYUdsc1pISmxiam9nV3dvZ0lDQWdJQ0FnSUNBZ0lDQWdJQ0FnSUNCVGQybDBZMmhNYVhOMFZHbHNaU2dLSUNBZ0lDQWdJQ0FnSUNBZ0lDQWdJQ0FnSUNCamIyNTBaVzUwVUdGa1pHbHVaem9nUldSblpVbHVjMlYwY3k1NlpYSnZMQW9nSUNBZ0lDQWdJQ0FnSUNBZ0lDQWdJQ0FnSUhaaGJIVmxPaUJmYzJodmQwRnlZMmhwZG1Wa0xBb2dJQ0FnSUNB
Shell: Z0lDQWdJQ0FnSUNBZ0lDQWdJSFJwZEd4bE9pQmpiMjV6ZENCVVpYaDBLQ2REWVhSaGJHOW5kV1VnY3NPcGRYUnBiR2x6WVdKc1pTY3BMQW9nSUNBZ0lDQWdJQ0FnSUNBZ0lDQWdJQ0FnSUhOMVluUnBkR3hsT2lCamIyNXpkQ0JVWlhoMEtBb2dJQ0FnSUNBZ0lDQWdJQ0FnSUNBZ0lDQWdJQ0FnSjB4bGN5QnBiblpwZE1PcGN5QmhjbU5vYVhiRHFYTWdjbVZ6ZEdWdWRDQmtZVzV6SUd6aWdKbG9hWE4wYjNKcGNYVmxMaWNzQ2lBZ0lDQWdJQ0FnSUNBZ0lDQWdJQ0FnSUNBZ0tTd0tJQ0FnSUNBZ0lDQWdJQ0FnSUNBZ0lDQWdJQ0J2YmtOb1lXNW5aV1E2SUNoMllXeDFaU2tnZXdvZ0lDQWdJQ0FnSUNBZ0lDQWdJQ0FnSUNBZ0lDQWdjMlYwVTNSaGRHVW9LQ2tnUFQ0Z1gzTm9iM2RCY21Ob2FYWmxaQ0E5SUhaaGJIVmxLVHNLSUNBZ0lDQWdJQ0FnSUNBZ0lDQWdJQ0FnSUNCOUxBb2dJQ0FnSUNBZ0lDQWdJQ0FnSUNBZ0lDQXBMQW9nSUNBZ0lDQWdJQ0FnSUNBZ0lDQWdJQ0JqYjI1emRDQkVhWFpwWkdWeUtDa3NDaUFnSUNBZ0lDQWdJQ0FnSUNBZ0lDQWdJR2xtSUNoallYUmhiRzluTG1selJXMXdkSGtwQ2lBZ0lDQWdJQ0FnSUNBZ0lDQWdJQ0FnSUNBZ1kyOXVjM1FnVUdGa1pHbHVaeWdLSUNBZ0lDQWdJQ0FnSUNBZ0lDQWdJQ0FnSUNBZ0lIQmhaR1JwYm1jNklFVmtaMlZKYm5ObGRITXVjM2x0YldWMGNtbGpLSFpsY25ScFkyRnNPaUF4TUNrc0NpQWdJQ0FnSUNBZ0lDQWdJQ0FnSUNBZ0lDQWdJQ0JqYUdsc1pEb2dWR1Y0ZENnblRHVWdZMkYwWVd4dlozVmxJR1Z6ZENCMmFXUmxMaWNwTEFvZ0lDQWdJQ0FnSUNBZ0lDQWdJQ0FnSUNBZ0lDa0tJQ0FnSUNBZ0lDQWdJQ0FnSUNBZ0lDQWdaV3h6WlFvZ0lDQWdJQ0FnSUNBZ0lDQWdJQ0FnSUNBZ0lHWnZjaUFvWm1sdVlXd2daM1ZsYzNRZ2FXNGdZMkYwWVd4dlp5a0tJQ0FnSUNBZ0lDQWdJQ0FnSUNBZ0lDQWdJQ0FnSUV4cGMzUlVhV3hsS0FvZ0lDQWdJQ0FnSUNBZ0lDQWdJQ0FnSUNBZ0lDQWdJQ0JqYjI1MFpXNTBVR0ZrWkdsdVp6b2dSV1JuWlVsdWMyVjBjeTU2WlhKdkxBb2dJQ0FnSUNBZ0lDQWdJQ0FnSUNBZ0lDQWdJQ0FnSUNCc1pXRmthVzVuT2lCUWJHRjVaWEpCZG1GMFlYSW9DaUFnSUNBZ0lDQWdJQ0FnSUNBZ0lDQWdJQ0FnSUNBZ0lDQWdjR2h2ZEc5VmNtdzZJR2QxWlhOMExuQm9iM1J2VlhKc0xBb2dJQ0FnSUNBZ0lDQWdJQ0FnSUNBZ0lDQWdJQ0FnSUNBZ0lHNWhiV1U2SUdkMVpYTjBMbVpwY25OMFRtRnRaU3dLSUNBZ0lDQWdJQ0FnSUNBZ0lDQWdJQ0FnSUNBZ0lDQWdJQ0JwYzBkdllXeHJaV1Z3WlhJNklHZDFaWE4wTG1selIyOWhiR3RsWlhCbGNpd0tJQ0FnSUNBZ0lDQWdJQ0FnSUNBZ0lDQWdJQ0FnSUNBZ0lDQnphWHBsT2lBME1Dd0tJQ0FnSUNBZ0lDQWdJQ0FnSUNBZ0lDQWdJQ0FnSUNBZ0tTd0tJQ0FnSUNBZ0lDQWdJQ0FnSUNBZ0lDQWdJQ0FnSUNBZ2RHbDBiR1U2SUZSbGVIUW9aM1ZsYzNRdVpHbHpjR3hoZVU1aGJXVXBMQW9nSUNBZ0lDQWdJQ0FnSUNBZ0lDQWdJQ0FnSUNBZ0lDQnpkV0owYVhSc1pUb2dWR1Y0ZENnS0lDQWdJQ0FnSUNBZ0lDQWdJQ0FnSUNBZ0lDQWdJQ0FnSUNCbmRXVnpkQzVwYzFKbGRYTmhZbXhsQ2lBZ0lDQWdJQ0FnSUNBZ0lDQWdJQ0FnSUNBZ0lDQWdJQ0FnSUNBZ0lEOGdaM1ZsYzNRdWFYTkhiMkZzYTJWbGNHVnlDaUFnSUNBZ0lDQWdJQ0FnSUNBZ0lDQWdJQ0FnSUNBZ0lDQWdJQ0FnSUNBZ0lDQS9JQ2RCWTNScFppREN0eUJIWVhKa2FXVnVKd29nSUNBZ0lDQWdJQ0FnSUNBZ0lDQWdJQ0FnSUNBZ0lDQWdJQ0FnSUNBZ0lDQWdPaUFuUVdOMGFXWW5DaUFnSUNBZ0lDQWdJQ0FnSUNBZ0lDQWdJQ0FnSUNBZ0lDQWdJQ0FnSURvZ0owRnlZMmhwZHNPcEp5d0tJQ0FnSUNBZ0lDQWdJQ0FnSUNBZ0lDQWdJQ0FnSUNBZ0tTd0tJQ0FnSUNBZ0lDQWdJQ0FnSUNBZ0lDQWdJQ0FnSUNBZ2RISmhhV3hwYm1jNklHZDFaWE4wTG1selVtVjFjMkZpYkdVS0lDQWdJQ0FnSUNBZ0lDQWdJQ0FnSUNBZ0lDQWdJQ0FnSUNBZ0lEOGdWM0poY0NnS0lDQWdJQ0FnSUNBZ0lDQWdJQ0FnSUNBZ0lDQWdJQ0FnSUNBZ0lDQWdJQ0J6Y0dGamFXNW5PaUF5TEFvZ0lDQWdJQ0FnSUNBZ0lDQWdJQ0FnSUNBZ0lDQWdJQ0FnSUNBZ0lDQWdJR05vYVd4a2NtVnVPaUJiQ2lBZ0lDQWdJQ0FnSUNBZ0lDQWdJQ0FnSUNBZ0lDQWdJQ0FnSUNBZ0lDQWdJQ0JKWTI5dVFuVjBkRzl1S0FvZ0lDQWdJQ0FnSUNBZ0lDQWdJQ0FnSUNBZ0lDQWdJQ0FnSUNBZ0lDQWdJQ0FnSUNCMGIyOXNkR2x3T2lBblEyaGhibWRsY2lCc1lTQndhRzkwYnljc0NpQWdJQ0FnSUNBZ0lDQWdJQ0FnSUNBZ0lDQWdJQ0FnSUNBZ0lDQWdJQ0FnSUNBZ0lHOXVVSEpsYzNObFpEb2dYMkoxYzNrS0lDQWdJQ0FnSUNBZ0lDQWdJQ0FnSUNBZ0lDQWdJQ0FnSUNBZ0lDQWdJQ0FnSUNBZ0lDQWdJRDhnYm5Wc2JBb2dJQ0FnSUNBZ0lDQWdJQ0FnSUNBZ0lDQWdJQ0FnSUNBZ0lDQWdJQ0FnSUNBZ0lDQWdJQ0FnT2lBb0tTQTlQaUJmY0dsamEwZDFaWE4wVUdodmRHOG9aM1ZsYzNRcExBb2dJQ0FnSUNBZ0lDQWdJQ0FnSUNBZ0lDQWdJQ0FnSUNBZ0lDQWdJQ0FnSUNBZ0lDQnBZMjl1T2lCamIyNXpkQ0JKWTI5dUtBb2dJQ0FnSUNBZ0lDQWdJQ0FnSUNBZ0lDQWdJQ0FnSUNBZ0lDQWdJQ0FnSUNBZ0lDQWdJRWxqYjI1ekxuQm9iM1J2WDJOaGJXVnlZVjl2ZFhSc2FXNWxaQ3dLSUNBZ0lDQWdJQ0FnSUNBZ0lDQWdJQ0FnSUNBZ0lDQWdJQ0FnSUNBZ0lDQWdJQ0FnS1N3S0lDQWdJQ0FnSUNBZ0lDQWdJQ0FnSUNBZ0lDQWdJQ0FnSUNBZ0lDQWdJQ0FnSUNrc0NpQWdJQ0FnSUNBZ0lDQWdJQ0FnSUNBZ0lDQWdJQ0FnSUNBZ0lDQWdJQ0FnSUNCSlkyOXVRblYwZEc5dUtBb2dJQ0FnSUNBZ0lDQWdJQ0FnSUNBZ0lDQWdJQ0FnSUNBZ0lDQWdJQ0FnSUNBZ0lDQjBiMjlzZEdsd09pQmhjM05wWjI1bFpFbGtjeTVqYjI1MFlXbHVjeWhuZFdWemRDNXBaQ2tLSUNBZ0lDQWdJQ0FnSUNBZ0lDQWdJQ0FnSUNBZ0lDQWdJQ0FnSUNBZ0lDQWdJQ0FnSUNBZ0lEOGdKMFREcVdyRG9DQmhhbTkxZE1PcEp3b2dJQ0FnSUNBZ0lDQWdJQ0FnSUNB
Shell: Z0lDQWdJQ0FnSUNBZ0lDQWdJQ0FnSUNBZ0lDQWdJQ0FnT2lBblFXcHZkWFJsY2lCaGRTQnRZWFJqYUNjc0NpQWdJQ0FnSUNBZ0lDQWdJQ0FnSUNBZ0lDQWdJQ0FnSUNBZ0lDQWdJQ0FnSUNBZ0lHOXVVSEpsYzNObFpEb0tJQ0FnSUNBZ0lDQWdJQ0FnSUNBZ0lDQWdJQ0FnSUNBZ0lDQWdJQ0FnSUNBZ0lDQWdJQ0FnSUY5aWRYTjVJSHg4SUdGemMybG5ibVZrU1dSekxtTnZiblJoYVc1ektHZDFaWE4wTG1sa0tRb2dJQ0FnSUNBZ0lDQWdJQ0FnSUNBZ0lDQWdJQ0FnSUNBZ0lDQWdJQ0FnSUNBZ0lDQWdJQ0FnSUNBZ0lEOGdiblZzYkFvZ0lDQWdJQ0FnSUNBZ0lDQWdJQ0FnSUNBZ0lDQWdJQ0FnSUNBZ0lDQWdJQ0FnSUNBZ0lDQWdJQ0FnSURvZ0tDa2dQVDRnWDJGa1pFVjRhWE4wYVc1bktHZDFaWE4wS1N3S0lDQWdJQ0FnSUNBZ0lDQWdJQ0FnSUNBZ0lDQWdJQ0FnSUNBZ0lDQWdJQ0FnSUNBZ2FXTnZiam9nWTI5dWMzUWdTV052YmloSlkyOXVjeTVoWkdSZlkybHlZMnhsWDI5MWRHeHBibVVwTEFvZ0lDQWdJQ0FnSUNBZ0lDQWdJQ0FnSUNBZ0lDQWdJQ0FnSUNBZ0lDQWdJQ0FnS1N3S0lDQWdJQ0FnSUNBZ0lDQWdJQ0FnSUNBZ0lDQWdJQ0FnSUNBZ0lDQWdJQ0FnSUVsamIyNUNkWFIwYjI0b0NpQWdJQ0FnSUNBZ0lDQWdJQ0FnSUNBZ0lDQWdJQ0FnSUNBZ0lDQWdJQ0FnSUNBZ0lIUnZiMngwYVhBNklDZEJjbU5vYVhabGNpY3NDaUFnSUNBZ0lDQWdJQ0FnSUNBZ0lDQWdJQ0FnSUNBZ0lDQWdJQ0FnSUNBZ0lDQWdJRzl1VUhKbGMzTmxaRG9nWDJKMWMza0tJQ0FnSUNBZ0lDQWdJQ0FnSUNBZ0lDQWdJQ0FnSUNBZ0lDQWdJQ0FnSUNBZ0lDQWdJQ0FnSUQ4Z2JuVnNiQW9nSUNBZ0lDQWdJQ0FnSUNBZ0lDQWdJQ0FnSUNBZ0lDQWdJQ0FnSUNBZ0lDQWdJQ0FnSUNBZ09pQW9LU0E5UGlCZmMyVjBRWEpqYUdsMlpXUW9aM1ZsYzNRc0lIUnlkV1VwTEFvZ0lDQWdJQ0FnSUNBZ0lDQWdJQ0FnSUNBZ0lDQWdJQ0FnSUNBZ0lDQWdJQ0FnSUNCcFkyOXVPaUJqYjI1emRDQkpZMjl1S0VsamIyNXpMbUZ5WTJocGRtVmZiM1YwYkdsdVpXUXBMQW9nSUNBZ0lDQWdJQ0FnSUNBZ0lDQWdJQ0FnSUNBZ0lDQWdJQ0FnSUNBZ0lDQWdLU3dLSUNBZ0lDQWdJQ0FnSUNBZ0lDQWdJQ0FnSUNBZ0lDQWdJQ0FnSUNBZ0lDQmRMQW9nSUNBZ0lDQWdJQ0FnSUNBZ0lDQWdJQ0FnSUNBZ0lDQWdJQ0FnSUNBcENpQWdJQ0FnSUNBZ0lDQWdJQ0FnSUNBZ0lDQWdJQ0FnSUNBZ0lDQTZJRWxqYjI1Q2RYUjBiMjRvQ2lBZ0lDQWdJQ0FnSUNBZ0lDQWdJQ0FnSUNBZ0lDQWdJQ0FnSUNBZ0lDQWdkRzl2YkhScGNEb2dKMUpsYzNSaGRYSmxjaWNzQ2lBZ0lDQWdJQ0FnSUNBZ0lDQWdJQ0FnSUNBZ0lDQWdJQ0FnSUNBZ0lDQWdiMjVRY21WemMyVmtPaUJmWW5WemVRb2dJQ0FnSUNBZ0lDQWdJQ0FnSUNBZ0lDQWdJQ0FnSUNBZ0lDQWdJQ0FnSUNBZ0lDQS9JRzUxYkd3S0lDQWdJQ0FnSUNBZ0lDQWdJQ0FnSUNBZ0lDQWdJQ0FnSUNBZ0lDQWdJQ0FnSUNBZ09pQW9LU0E5UGlCZmMyVjBRWEpqYUdsMlpXUW9aM1ZsYzNRc0lHWmhiSE5sS1N3S0lDQWdJQ0FnSUNBZ0lDQWdJQ0FnSUNBZ0lDQWdJQ0FnSUNBZ0lDQWdJQ0JwWTI5dU9pQmpiMjV6ZENCSlkyOXVLRWxqYjI1ekxuVnVZWEpqYUdsMlpWOXZkWFJzYVc1bFpDa3NDaUFnSUNBZ0lDQWdJQ0FnSUNBZ0lDQWdJQ0FnSUNBZ0lDQWdJQ0FnSUNrc0NpQWdJQ0FnSUNBZ0lDQWdJQ0FnSUNBZ0lDQWdJQ0FwTEFvZ0lDQWdJQ0FnSUNBZ0lDQWdJQ0FnWFN3S0lDQWdJQ0FnSUNBZ0lDQWdJQ0FwTEFvZ0lDQWdJQ0FnSUNBZ0lDQXBMQW9nSUNBZ0lDQWdJQ0FnS1N3S0lDQWdJQ0FnSUNCZExBb2dJQ0FnSUNBcExBb2dJQ0FnS1RzS0lDQjlDbjBLQ21Oc1lYTnpJRjlPWlhkSGRXVnpkRWx1Y0hWMElIc0tJQ0JqYjI1emRDQmZUbVYzUjNWbGMzUkpibkIxZENoN0NpQWdJQ0J5WlhGMWFYSmxaQ0IwYUdsekxtWnBjbk4wVG1GdFpTd0tJQ0FnSUhKbGNYVnBjbVZrSUhSb2FYTXViR0Z6ZEU1aGJXVXNDaUFnSUNCeVpYRjFhWEpsWkNCMGFHbHpMbWx6UjI5aGJHdGxaWEJsY2l3S0lDQjlLVHNLQ2lBZ1ptbHVZV3dnVTNSeWFXNW5JR1pwY25OMFRtRnRaVHNLSUNCbWFXNWhiQ0JUZEhKcGJtY2diR0Z6ZEU1aGJXVTdDaUFnWm1sdVlXd2dZbTl2YkNCcGMwZHZZV3hyWldWd1pYSTdDbjBLQ2xOMGNtbHVaeUJmWm05eWJXRjBSR0YwWlNoRVlYUmxWR2x0WlNCMllXeDFaU2tnZXdvZ0lHWnBibUZzSUd4dlkyRnNJRDBnZG1Gc2RXVXVkRzlNYjJOaGJDZ3BPd29nSUhKbGRIVnliaUFuSkh0c2IyTmhiQzVrWVhrdWRHOVRkSEpwYm1jb0tTNXdZV1JNWldaMEtESXNJQ2N3SnlsOUx5Y0tJQ0FnSUNBZ0p5UjdiRzlqWVd3dWJXOXVkR2d1ZEc5VGRISnBibWNvS1M1d1lXUk1aV1owS0RJc0lDY3dKeWw5SUNjS0lDQWdJQ0FnSnlSN2JHOWpZV3d1YUc5MWNpNTBiMU4wY21sdVp5Z3BMbkJoWkV4bFpuUW9NaXdnSnpBbktYMDZKd29nSUNBZ0lDQW5KSHRzYjJOaGJDNXRhVzUxZEdVdWRHOVRkSEpwYm1jb0tTNXdZV1JNWldaMEtESXNJQ2N3SnlsOUp6c0tmUW89IiwibGliL2ZlYXR1cmVzL3Nwb3J0c19tYW5hZ2VtZW50L3ByZXNlbnRhdGlvbi9hZG1pbl9zcXVhZF9wbGFuX3BhZ2UuZGFydCI6ImFXMXdiM0owSUNkd1lXTnJZV2RsT21GelgyZHlhVzUwWVM5amIzSmxMM1YwYVd4ekwyRndjRjlsY25KdmNuTXVaR0Z5ZENjN0NtbHRjRzl5ZENBbmNHRmphMkZuWlRwaGMxOW5jbWx1ZEdFdlkyOXlaUzkxZEdsc2N5OWhjSEJmWm05eWJXRjBjeTVrWVhKMEp6c0thVzF3YjNKMElDZHdZV05yWVdkbE9tRnpYMmR5YVc1MFlTOWpiM0psTDNkcFpHZGxkSE12WjNKcGJuUmhYMkZ3Y0Y5aVlYSXVaR0Z5ZENjN0NtbHRjRzl5ZENBbmNHRmphMkZuWlRwaGMxOW5jbWx1ZEdFdlkyOXlaUzkzYVdSblpYUnpMMmR5YVc1MFlWOWxiWEIwZVY5emRHRjBaUzVrWVhKMEp6c0thVzF3YjNKMElDZHdZV05yWVdkbE9tRnpYMmR5YVc1MFlTOW1aV0YwZFhKbGN5OXRZWFJqYUdWekwzQnlaWE5sYm5SaGRHbHZiaTkzYVdSblpYUnpMMjFoZEdOb1gybHVabTlmZEdGaUxtUmhjblFuT3dw
Shell: cGJYQnZjblFnSjNCaFkydGhaMlU2WVhOZlozSnBiblJoTDJabFlYUjFjbVZ6TDIxaGRHTm9aWE12Y0hKbGMyVnVkR0YwYVc5dUwzZHBaR2RsZEhNdmRYQmpiMjFwYm1kZmJXRjBZMmhmWm1sNGRIVnlaVjlvWldGa1pYSXVaR0Z5ZENjN0NtbHRjRzl5ZENBbmNHRmphMkZuWlRwaGMxOW5jbWx1ZEdFdlptVmhkSFZ5WlhNdmNISmxaR2xqZEdsdmJuTXZjSEpsYzJWdWRHRjBhVzl1TDNkcFpHZGxkSE12YVc1c2FXNWxYMjFoZEdOb1gzQnlaV1JwWTNScGIyNWZZMkZ5WkM1a1lYSjBKenNLYVcxd2IzSjBJQ2R3WVdOcllXZGxPbUZ6WDJkeWFXNTBZUzltWldGMGRYSmxjeTl6Y0c5eWRITmZiV0Z1WVdkbGJXVnVkQzlrWVhSaEwyZDFaWE4wWDNCc1lYbGxjbk5mY21Wd2IzTnBkRzl5ZVM1a1lYSjBKenNLYVcxd2IzSjBJQ2R3WVdOcllXZGxPbUZ6WDJkeWFXNTBZUzltWldGMGRYSmxjeTl6Y0c5eWRITmZiV0Z1WVdkbGJXVnVkQzlrWVhSaEwyMWhkR05vWDJGMllXbHNZV0pwYkdsMGVWOWliMkZ5WkY5eVpYQnZjMmwwYjNKNUxtUmhjblFuT3dwcGJYQnZjblFnSjNCaFkydGhaMlU2WVhOZlozSnBiblJoTDJabFlYUjFjbVZ6TDNOd2IzSjBjMTl0WVc1aFoyVnRaVzUwTDJSaGRHRXZiV0YwWTJoZlkyOXRjRzl6YVhScGIyNWZjbVZ3YjNOcGRHOXllUzVrWVhKMEp6c0thVzF3YjNKMElDZHdZV05yWVdkbE9tRnpYMmR5YVc1MFlTOW1aV0YwZFhKbGN5OXpjRzl5ZEhOZmJXRnVZV2RsYldWdWRDOWtZWFJoTDNOd2IzSjBYMjFoZEdOb1gyWnBibUZzYVhwaGRHbHZibDl5WlhCdmMybDBiM0o1TG1SaGNuUW5Pd3BwYlhCdmNuUWdKM0JoWTJ0aFoyVTZZWE5mWjNKcGJuUmhMMlpsWVhSMWNtVnpMM053YjNKMGMxOXRZVzVoWjJWdFpXNTBMMlJoZEdFdmMzQnZjblJmZDJGcGRHeHBjM1JmY21Wd2IzTnBkRzl5ZVM1a1lYSjBKenNLYVcxd2IzSjBJQ2R3WVdOcllXZGxPbUZ6WDJkeWFXNTBZUzltWldGMGRYSmxjeTl6Y0c5eWRITmZiV0Z1WVdkbGJXVnVkQzlrYjIxaGFXNHZZWFpoYVd4aFltbHNhWFI1WDNKbGJXbHVaR1Z5WDIxdlpHVnNjeTVrWVhKMEp6c0thVzF3YjNKMElDZHdZV05yWVdkbE9tRnpYMmR5YVc1MFlTOW1aV0YwZFhKbGN5OXpjRzl5ZEhOZmJXRnVZV2RsYldWdWRDOWtiMjFoYVc0dlptOXZkR0poYkd4ZlptOXliV0YwYVc5dUxtUmhjblFuT3dwcGJYQnZjblFnSjNCaFkydGhaMlU2WVhOZlozSnBiblJoTDJabFlYUjFjbVZ6TDNOd2IzSjBjMTl0WVc1aFoyVnRaVzUwTDJSdmJXRnBiaTl0WVhSamFGOWpiMjF3YjNOcGRHbHZiaTVrWVhKMEp6c0thVzF3YjNKMElDZHdZV05yWVdkbE9tRnpYMmR5YVc1MFlTOW1aV0YwZFhKbGN5OXpjRzl5ZEhOZmJXRnVZV2RsYldWdWRDOWtiMjFoYVc0dmMzQnZjblJmYldGMFkyaGZabWx1WVd4cGVtRjBhVzl1TG1SaGNuUW5Pd3BwYlhCdmNuUWdKM0JoWTJ0aFoyVTZZWE5mWjNKcGJuUmhMMlpsWVhSMWNtVnpMM053YjNKMGMxOXRZVzVoWjJWdFpXNTBMMlJ2YldGcGJpOXpjRzl5ZEY5M1lXbDBiR2x6ZEY5dGIyUmxiSE11WkdGeWRDYzdDbWx0Y0c5eWRDQW5jR0ZqYTJGblpUcGhjMTluY21sdWRHRXZabVZoZEhWeVpYTXZjM0J2Y25SelgyMWhibUZuWlcxbGJuUXZjSEpsYzJWdWRHRjBhVzl1TDNkcFpHZGxkSE12WTI5dGNHOXphWFJwYjI1ZmNHbDBZMmd1WkdGeWRDYzdDbWx0Y0c5eWRDQW5jR0ZqYTJGblpUcGhjMTluY21sdWRHRXZabVZoZEhWeVpYTXZjM0J2Y25SelgyMWhibUZuWlcxbGJuUXZjSEpsYzJWdWRHRjBhVzl1TDNkcFpHZGxkSE12Wm05eWJXRjBhVzl1WDNCcGRHTm9YMlZrYVhSdmNpNWtZWEowSnpzS2FXMXdiM0owSUNkd1lXTnJZV2RsT21ac2RYUjBaWEl2YldGMFpYSnBZV3d1WkdGeWRDYzdDbWx0Y0c5eWRDQW5jR0ZqYTJGblpUcG1iSFYwZEdWeVgzSnBkbVZ5Y0c5a0wyWnNkWFIwWlhKZmNtbDJaWEp3YjJRdVpHRnlkQ2M3Q21sdGNHOXlkQ0FuY0dGamEyRm5aVHBuYjE5eWIzVjBaWEl2WjI5ZmNtOTFkR1Z5TG1SaGNuUW5Pd3BwYlhCdmNuUWdKM0JoWTJ0aFoyVTZZWE5mWjNKcGJuUmhMMk52Y21VdmQybGtaMlYwY3k5bmNtbHVkR0ZmYkc5aFpHVnlMbVJoY25Rbk93b0taVzUxYlNCZlFXUnRhVzVUZEdWd0lIc2dhVzVtYnl3Z1pXWm1aV04wYVdZc0lHTnZiWEJ2YzJsMGFXOXVMQ0J3Y21Wa2FXTjBhVzl1SUgwS0NtTnNZWE56SUVGa2JXbHVVM0YxWVdSUWJHRnVVR0ZuWlNCbGVIUmxibVJ6SUVOdmJuTjFiV1Z5VTNSaGRHVm1kV3hYYVdSblpYUWdld29nSUdOdmJuTjBJRUZrYldsdVUzRjFZV1JRYkdGdVVHRm5aU2g3Q2lBZ0lDQnpkWEJsY2k1clpYa3NDaUFnSUNCMGFHbHpMbWx1YVhScFlXeE5ZWFJqYUVsa0xBb2dJQ0FnZEdocGN5NXBibWwwYVdGc1UzUmxjQ3dLSUNBZ0lIUm9hWE11YzJodmQxQnlaV1JwWTNScGIyNVRkR1Z3SUQwZ1ptRnNjMlVzQ2lBZ2ZTazdDZ29nSUdacGJtRnNJRk4wY21sdVp6OGdhVzVwZEdsaGJFMWhkR05vU1dRN0NpQWdabWx1WVd3Z1UzUnlhVzVuUHlCcGJtbDBhV0ZzVTNSbGNEc0tJQ0JtYVc1aGJDQmliMjlzSUhOb2IzZFFjbVZrYVdOMGFXOXVVM1JsY0RzS0NpQWdRRzkyWlhKeWFXUmxDaUFnUTI5dWMzVnRaWEpUZEdGMFpUeEJaRzFwYmxOeGRXRmtVR3hoYmxCaFoyVStJR055WldGMFpWTjBZWFJsS0NrZ1BUNGdYMEZrYldsdVUzRjFZV1JRYkdGdVVHRm5aVk4wWVhSbEtDazdDbjBLQ21Oc1lYTnpJRjlCWkcxcGJsTnhkV0ZrVUd4aGJsQmhaMlZUZEdGMFpTQmxlSFJsYm1SeklFTnZibk4xYldWeVUzUmhkR1U4UVdSdGFXNVRjWFZoWkZCc1lXNVFZV2RsUGlCN0NpQWdUR2x6ZER4QlpHMXBibE53YjNKMFRXRjBZMmcrSUY5dFlYUmphR1Z6SUQwZ1kyOXVjM1FnVzEwN0NpQWdVM1J5YVc1blB5QmZjMlZzWldOMFpXUk5ZWFJqYUVsa093b2dJRTFoZEdOb1EyOXVkbTlqWVhScGIyNXpQeUJmWTI5dWRtOWpZWFJwYjI1ek93b2dJRTFoZEdOb1EyOXRjRzl6YVhScGIyNC9JRjlqYjIxd2IzTnBkR2x2YmpzS0lDQlRaWFE4VTNSeWFXNW5QaUJmWkdWemFYSmxaRU52Ym5admEyVmtJRDBnZTMwN0NpQWdVMlYwUEZOMGNtbHVaejRnWDJG
Shell: amRIVmhiRkJ5WlhObGJuUWdQU0I3ZlRzS0lDQmliMjlzSUY5d2IzTjBUV0YwWTJnZ1BTQm1ZV3h6WlRzS0lDQmliMjlzSUY5amIyMXdiM05wZEdsdmJrVjRhWE4wWldRZ1BTQm1ZV3h6WlRzS0lDQkJkbUZwYkdGaWFXeHBkSGxTWlcxcGJtUmxjbE4xYlcxaGNuay9JRjl5WlcxcGJtUmxjbk03Q2lBZ2JHRjBaU0JmUVdSdGFXNVRkR1Z3SUY5emRHVndPd29nSUd4aGRHVWdabWx1WVd3Z1ZHVjRkRVZrYVhScGJtZERiMjUwY205c2JHVnlJRjlzYVcxcGRFTnZiblJ5YjJ4c1pYSTdDaUFnWW05dmJDQmZiRzloWkdsdVp5QTlJSFJ5ZFdVN0NpQWdZbTl2YkNCZlluVnplU0E5SUdaaGJITmxPd29nSUdKdmIyd2dYMlZtWm1WamRHbG1SR2x5ZEhrZ1BTQm1ZV3h6WlRzS0lDQlRkSEpwYm1jL0lGOWxjbkp2Y2pzS0NpQWdYMEZrYldsdVUzUmxjQ0JmYzNSbGNFWnliMjBvVTNSeWFXNW5QeUIyWVd4MVpTa2dld29nSUNBZ2FXWWdLSGRwWkdkbGRDNXphRzkzVUhKbFpHbGpkR2x2YmxOMFpYQWdKaVlnZG1Gc2RXVWdQVDBnSjNCeVpXUnBZM1JwYjI0bktTQjdDaUFnSUNBZ0lISmxkSFZ5YmlCZlFXUnRhVzVUZEdWd0xuQnlaV1JwWTNScGIyNDdDaUFnSUNCOUNpQWdJQ0JwWmlBb2RtRnNkV1VnUFQwZ0oybHVabThuS1NCeVpYUjFjbTRnWDBGa2JXbHVVM1JsY0M1cGJtWnZPd29nSUNBZ2FXWWdLSFpoYkhWbElEMDlJQ2RqYjIxd2IzTnBkR2x2YmljcElISmxkSFZ5YmlCZlFXUnRhVzVUZEdWd0xtTnZiWEJ2YzJsMGFXOXVPd29nSUNBZ2NtVjBkWEp1SUY5QlpHMXBibE4wWlhBdVpXWm1aV04wYVdZN0NpQWdmUW9LSUNCQWIzWmxjbkpwWkdVS0lDQjJiMmxrSUdsdWFYUlRkR0YwWlNncElIc0tJQ0FnSUhOMWNHVnlMbWx1YVhSVGRHRjBaU2dwT3dvZ0lDQWdYM05sYkdWamRHVmtUV0YwWTJoSlpDQTlJSGRwWkdkbGRDNXBibWwwYVdGc1RXRjBZMmhKWkRzS0lDQWdJRjl6ZEdWd0lEMGdYM04wWlhCR2NtOXRLSGRwWkdkbGRDNXBibWwwYVdGc1UzUmxjQ2s3Q2lBZ0lDQmZiR2x0YVhSRGIyNTBjbTlzYkdWeUlEMGdWR1Y0ZEVWa2FYUnBibWREYjI1MGNtOXNiR1Z5S0hSbGVIUTZJQ2N4TkNjcE93b2dJQ0FnUm5WMGRYSmxMbTFwWTNKdmRHRnpheWhmYkc5aFpFMWhkR05vWlhNcE93b2dJSDBLQ2lBZ1FHOTJaWEp5YVdSbENpQWdkbTlwWkNCa2FXUlZjR1JoZEdWWGFXUm5aWFFvWTI5MllYSnBZVzUwSUVGa2JXbHVVM0YxWVdSUWJHRnVVR0ZuWlNCdmJHUlhhV1JuWlhRcElIc0tJQ0FnSUhOMWNHVnlMbVJwWkZWd1pHRjBaVmRwWkdkbGRDaHZiR1JYYVdSblpYUXBPd29nSUNBZ2FXWWdLRzlzWkZkcFpHZGxkQzVwYm1sMGFXRnNVM1JsY0NBaFBTQjNhV1JuWlhRdWFXNXBkR2xoYkZOMFpYQWdmSHdLSUNBZ0lDQWdJQ0J2YkdSWGFXUm5aWFF1YzJodmQxQnlaV1JwWTNScGIyNVRkR1Z3SUNFOUlIZHBaR2RsZEM1emFHOTNVSEpsWkdsamRHbHZibE4wWlhBcElIc0tJQ0FnSUNBZ1gzTjBaWEFnUFNCZmMzUmxjRVp5YjIwb2QybGtaMlYwTG1sdWFYUnBZV3hUZEdWd0tUc0tJQ0FnSUgwS0lDQjlDZ29nSUVCdmRtVnljbWxrWlFvZ0lIWnZhV1FnWkdsemNHOXpaU2dwSUhzS0lDQWdJRjlzYVcxcGRFTnZiblJ5YjJ4c1pYSXVaR2x6Y0c5elpTZ3BPd29nSUNBZ2MzVndaWEl1WkdsemNHOXpaU2dwT3dvZ0lIMEtDaUFnUm5WMGRYSmxQSFp2YVdRK0lGOXNiMkZrVFdGMFkyaGxjeWdwSUdGemVXNWpJSHNLSUNBZ0lITmxkRk4wWVhSbEtDZ3BJSHNLSUNBZ0lDQWdYMnh2WVdScGJtY2dQU0IwY25WbE93b2dJQ0FnSUNCZlpYSnliM0lnUFNCdWRXeHNPd29nSUNBZ2ZTazdDaUFnSUNCMGNua2dld29nSUNBZ0lDQm1hVzVoYkNCdFlYUmphR1Z6SUQwZ1lYZGhhWFFnY21WbUNpQWdJQ0FnSUNBZ0lDQXVjbVZoWkNoemNHOXlkRmRoYVhSc2FYTjBVbVZ3YjNOcGRHOXllVkJ5YjNacFpHVnlLUW9nSUNBZ0lDQWdJQ0FnTG1abGRHTm9WWEJqYjIxcGJtZE5ZWFJqYUdWektDazdDaUFnSUNBZ0lHbG1JQ2doYlc5MWJuUmxaQ2tnY21WMGRYSnVPd29nSUNBZ0lDQm1hVzVoYkNCelpXeGxZM1JsWkNBOUlGOXpaV3hsWTNSbFpFMWhkR05vU1dRZ0lUMGdiblZzYkNBbUpnb2dJQ0FnSUNBZ0lDQWdJQ0FnSUcxaGRHTm9aWE11WVc1NUtDaHRZWFJqYUNrZ1BUNGdiV0YwWTJndWFXUWdQVDBnWDNObGJHVmpkR1ZrVFdGMFkyaEpaQ2tLSUNBZ0lDQWdJQ0FnSUQ4Z1gzTmxiR1ZqZEdWa1RXRjBZMmhKWkFvZ0lDQWdJQ0FnSUNBZ09pQW9iV0YwWTJobGN5NXBjMFZ0Y0hSNUlEOGdiblZzYkNBNklHMWhkR05vWlhNdVptbHljM1F1YVdRcE93b2dJQ0FnSUNCelpYUlRkR0YwWlNnb0tTQjdDaUFnSUNBZ0lDQWdYMjFoZEdOb1pYTWdQU0J0WVhSamFHVnpPd29nSUNBZ0lDQWdJRjl6Wld4bFkzUmxaRTFoZEdOb1NXUWdQU0J6Wld4bFkzUmxaRHNLSUNBZ0lDQWdJQ0JmYkc5aFpHbHVaeUE5SUdaaGJITmxPd29nSUNBZ0lDQjlLVHNLSUNBZ0lDQWdhV1lnS0hObGJHVmpkR1ZrSUNFOUlHNTFiR3dwSUhzS0lDQWdJQ0FnSUNCeVpXWXVhVzUyWVd4cFpHRjBaU2gxY0dOdmJXbHVaMDFoZEdOb1JtbDRkSFZ5WlZCeWIzWnBaR1Z5S0hObGJHVmpkR1ZrS1NrN0NpQWdJQ0FnSUNBZ1lYZGhhWFFnWDJ4dllXUlhiM0pyYzNCaFkyVW9jMlZzWldOMFpXUXBPd29nSUNBZ0lDQjlDaUFnSUNCOUlHTmhkR05vSUNobGNuSnZjaWtnZXdvZ0lDQWdJQ0JwWmlBb0lXMXZkVzUwWldRcElISmxkSFZ5YmpzS0lDQWdJQ0FnYzJWMFUzUmhkR1VvS0NrZ2V3b2dJQ0FnSUNBZ0lGOXNiMkZrYVc1bklEMGdabUZzYzJVN0NpQWdJQ0FnSUNBZ1gyVnljbTl5SUQwZ2FIVnRZVzVwZW1WRmNuSnZjaWhsY25KdmNpazdDaUFnSUNBZ0lIMHBPd29nSUNBZ2ZRb2dJSDBLQ2lBZ1JuVjBkWEpsUEhadmFXUStJRjlzYjJGa1YyOXlhM053WVdObEtGTjBjbWx1WnlCdFlYUmphRWxrS1NCaGMzbHVZeUI3Q2lBZ0lDQnpaWFJUZEdGMFpTZ29LU0I3Q2lBZ0lDQWdJRjlpZFhONUlEMGdkSEoxWlRzS0lDQWdJQ0FnWDJWeWNtOXlJRDBnYm5Wc2JEc0tJQ0FnSUgwcE93b2dJQ0FnZEhKNUlIc0tJQ0FnSUNBZ1ptbHVZV3dnZDJG
Shell: cGRHeHBjM1JTWlhCdmMybDBiM0o1SUQwZ2NtVm1MbkpsWVdRb2MzQnZjblJYWVdsMGJHbHpkRkpsY0c5emFYUnZjbmxRY205MmFXUmxjaWs3Q2lBZ0lDQWdJR1pwYm1Gc0lHTnZiWEJ2YzJsMGFXOXVVbVZ3YjNOcGRHOXllU0E5SUhKbFppNXlaV0ZrS0FvZ0lDQWdJQ0FnSUcxaGRHTm9RMjl0Y0c5emFYUnBiMjVTWlhCdmMybDBiM0o1VUhKdmRtbGtaWElzQ2lBZ0lDQWdJQ2s3Q2lBZ0lDQWdJR1pwYm1Gc0lISmxjM1ZzZEhNZ1BTQmhkMkZwZENCR2RYUjFjbVV1ZDJGcGREeFBZbXBsWTNRL1BpaGJDaUFnSUNBZ0lDQWdkMkZwZEd4cGMzUlNaWEJ2YzJsMGIzSjVMbVpsZEdOb1RXRjBZMmhEYjI1MmIyTmhkR2x2Ym5Nb2JXRjBZMmhKWkNrc0NpQWdJQ0FnSUNBZ1kyOXRjRzl6YVhScGIyNVNaWEJ2YzJsMGIzSjVMbVpsZEdOb1FXUnRhVzVEYjIxd2IzTnBkR2x2YmlodFlYUmphRWxrS1N3S0lDQWdJQ0FnSUNCM1lXbDBiR2x6ZEZKbGNHOXphWFJ2Y25rdVptVjBZMmhTWlcxcGJtUmxjbE4xYlcxaGNua29iV0YwWTJoSlpDa3NDaUFnSUNBZ0lGMHBPd29nSUNBZ0lDQm1hVzVoYkNCamIyNTJiMk5oZEdsdmJuTWdQU0J5WlhOMWJIUnpXekJkSUdGeklFMWhkR05vUTI5dWRtOWpZWFJwYjI1ek93b2dJQ0FnSUNCbWFXNWhiQ0J6WVhabFpDQTlJSEpsYzNWc2RITmJNVjBnWVhNZ1RXRjBZMmhEYjIxd2IzTnBkR2x2Ymo4N0NpQWdJQ0FnSUdacGJtRnNJSEpsYldsdVpHVnljeUE5SUhKbGMzVnNkSE5iTWwwZ1lYTWdRWFpoYVd4aFltbHNhWFI1VW1WdGFXNWtaWEpUZFcxdFlYSjVPd29nSUNBZ0lDQm1hVzVoYkNCcmFXTnJiMlptVUdGemMyVmtJRDBnSVVSaGRHVlVhVzFsTG01dmR5Z3BMbWx6UW1WbWIzSmxLR052Ym5adlkyRjBhVzl1Y3k1cmFXTnJiMlptUVhRcE93b2dJQ0FnSUNCbWFXNWhiQ0JtYVc1aGJHbDZZWFJwYjI0Z1BTQnJhV05yYjJabVVHRnpjMlZrQ2lBZ0lDQWdJQ0FnSUNBL0lHRjNZV2wwSUhKbFpnb2dJQ0FnSUNBZ0lDQWdJQ0FnSUM1eVpXRmtLSE53YjNKMFRXRjBZMmhHYVc1aGJHbDZZWFJwYjI1U1pYQnZjMmwwYjNKNVVISnZkbWxrWlhJcENpQWdJQ0FnSUNBZ0lDQWdJQ0FnTG1abGRHTm9RV1J0YVc1RGIyNTBaWGgwS0cxaGRHTm9TV1FwQ2lBZ0lDQWdJQ0FnSUNBNklHNTFiR3c3Q2lBZ0lDQWdJR1pwYm1Gc0lIQnZjM1JOWVhSamFDQTlJR1pwYm1Gc2FYcGhkR2x2YmlBaFBTQnVkV3hzSUNZbUNpQWdJQ0FnSUNBZ0lDQm1hVzVoYkdsNllYUnBiMjR1YVhOV1lXeHBaR0YwWldRZ0ppWUtJQ0FnSUNBZ0lDQWdJQ2htYVc1aGJHbDZZWFJwYjI0dWJXRjBZMmhUZEdGMGRYTWdQVDBnSjNSbGNtMXBibVVuSUh4OENpQWdJQ0FnSUNBZ0lDQWdJQ0FnWm1sdVlXeHBlbUYwYVc5dUxtMWhkR05vVTNSaGRIVnpJRDA5SUNkaGNtTm9hWFpsSnlrN0NpQWdJQ0FnSUdacGJtRnNJR0ZqZEhWaGJGQnlaWE5sYm5RZ1BTQThVM1J5YVc1blBuc0tJQ0FnSUNBZ0lDQm1iM0lnS0dacGJtRnNJSEJoY25ScFkybHdZVzUwSUdsdUlHWnBibUZzYVhwaGRHbHZiajh1Y0dGeWRHbGphWEJoYm5SeklEOC9JR052Ym5OMElGdGRLUW9nSUNBZ0lDQWdJQ0FnYVdZZ0tIQmhjblJwWTJsd1lXNTBMbkJ5WlhObGJuUXBJSEJoY25ScFkybHdZVzUwTG5CaGNuUnBZMmx3WVc1MFNXUXNDaUFnSUNBZ0lIMDdDaUFnSUNBZ0lHWnBibUZzSUdkdllXeHJaV1Z3WlhKSlpITWdQU0J3YjNOMFRXRjBZMmdLSUNBZ0lDQWdJQ0FnSUQ4Z1kyOXVjM1FnUEZOMGNtbHVaejU3ZlFvZ0lDQWdJQ0FnSUNBZ09pQmhkMkZwZENCamIyMXdiM05wZEdsdmJsSmxjRzl6YVhSdmNua3VabVYwWTJoSGIyRnNhMlZsY0dWeVUyVmhjMjl1VUd4aGVXVnlTV1J6S0ZzS0lDQWdJQ0FnSUNBZ0lDQWdJQ0JtYjNJZ0tHWnBibUZzSUhCc1lYbGxjaUJwYmlCamIyNTJiMk5oZEdsdmJuTXVjR3hoZVdWeWN5a0tJQ0FnSUNBZ0lDQWdJQ0FnSUNBZ0lHbG1JQ2h3YkdGNVpYSXVjMlZoYzI5dVVHeGhlV1Z5U1dRdWFYTk9iM1JGYlhCMGVTa2djR3hoZVdWeUxuTmxZWE52YmxCc1lYbGxja2xrTEFvZ0lDQWdJQ0FnSUNBZ0lDQmRLVHNLSUNBZ0lDQWdabWx1WVd3Z1kyOXRjRzl6YVhScGIyNGdQU0J3YjNOMFRXRjBZMmdLSUNBZ0lDQWdJQ0FnSUQ4Z1gyNXZjbTFoYkdsNlpWQnZjM1JOWVhSamFFTnZiWEJ2YzJsMGFXOXVLR1pwYm1Gc2FYcGhkR2x2Yml3Z2MyRjJaV1FwQ2lBZ0lDQWdJQ0FnSUNBNklGOXViM0p0WVd4cGVtVkRiMjF3YjNOcGRHbHZiaWhqYjI1MmIyTmhkR2x2Ym5Nc0lITmhkbVZrTENCbmIyRnNhMlZsY0dWeVNXUnpLVHNLSUNBZ0lDQWdhV1lnS0NGdGIzVnVkR1ZrSUh4OElGOXpaV3hsWTNSbFpFMWhkR05vU1dRZ0lUMGdiV0YwWTJoSlpDa2djbVYwZFhKdU93b2dJQ0FnSUNCelpYUlRkR0YwWlNnb0tTQjdDaUFnSUNBZ0lDQWdYMk52Ym5adlkyRjBhVzl1Y3lBOUlHTnZiblp2WTJGMGFXOXVjenNLSUNBZ0lDQWdJQ0JmWTI5dGNHOXphWFJwYjI0Z1BTQmpiMjF3YjNOcGRHbHZianNLSUNBZ0lDQWdJQ0JmY0c5emRFMWhkR05vSUQwZ2NHOXpkRTFoZEdOb093b2dJQ0FnSUNBZ0lGOWpiMjF3YjNOcGRHbHZia1Y0YVhOMFpXUWdQU0J6WVhabFpDQWhQU0J1ZFd4c093b2dJQ0FnSUNBZ0lGOWhZM1IxWVd4UWNtVnpaVzUwSUQwZ1lXTjBkV0ZzVUhKbGMyVnVkRHNLSUNBZ0lDQWdJQ0JmY21WdGFXNWtaWEp6SUQwZ2NtVnRhVzVrWlhKek93b2dJQ0FnSUNBZ0lGOWtaWE5wY21Wa1EyOXVkbTlyWldRZ1BTQndiM04wVFdGMFkyZ0tJQ0FnSUNBZ0lDQWdJQ0FnUHlCaFkzUjFZV3hRY21WelpXNTBDaUFnSUNBZ0lDQWdJQ0FnSURvZ2V3b2dJQ0FnSUNBZ0lDQWdJQ0FnSUNBZ1ptOXlJQ2htYVc1aGJDQndiR0Y1WlhJZ2FXNGdZMjl1ZG05allYUnBiMjV6TG5Cc1lYbGxjbk1wQ2lBZ0lDQWdJQ0FnSUNBZ0lDQWdJQ0FnSUdsbUlDZ29jR3hoZVdWeUxtbHpRWFpoYVd4aFlteGxJSHg4SUhCc1lYbGxjaTVwYzBkMVpYTjBLU0FtSmdvZ0lDQWdJQ0FnSUNBZ0lDQWdJQ0FnSUNBZ0lDQWdjR3hoZVdWeUxtbHpRMjl1ZG05clpXUXBDaUFnSUNBZ0lDQWdJQ0FnSUNBZ0lDQWdJQ0FnY0d4
Shell: aGVXVnlMbkJoY25ScFkybHdZVzUwU1dRc0NpQWdJQ0FnSUNBZ0lDQWdJQ0FnZlRzS0lDQWdJQ0FnSUNCZmJHbHRhWFJEYjI1MGNtOXNiR1Z5TG5SbGVIUWdQU0FuSkh0amIyNTJiMk5oZEdsdmJuTXVjM0YxWVdSVGFYcGxUR2x0YVhSOUp6c0tJQ0FnSUNBZ0lDQmZaV1ptWldOMGFXWkVhWEowZVNBOUlHWmhiSE5sT3dvZ0lDQWdJQ0I5S1RzS0lDQWdJSDBnWTJGMFkyZ2dLR1Z5Y205eUtTQjdDaUFnSUNBZ0lHbG1JQ2h0YjNWdWRHVmtLU0J6WlhSVGRHRjBaU2dvS1NBOVBpQmZaWEp5YjNJZ1BTQm9kVzFoYm1sNlpVVnljbTl5S0dWeWNtOXlLU2s3Q2lBZ0lDQjlJR1pwYm1Gc2JIa2dld29nSUNBZ0lDQnBaaUFvYlc5MWJuUmxaQ2tnYzJWMFUzUmhkR1VvS0NrZ1BUNGdYMkoxYzNrZ1BTQm1ZV3h6WlNrN0NpQWdJQ0I5Q2lBZ2ZRb0tJQ0F2THk4Z1VtVnNZVzVqWlNCa1pTQmthWE53YjI1cFltbHNhWFREcVNBNklHTnZiR3hsWTNScGRtVWdLSEJzWVhsbGNpQTlQU0J1ZFd4c0tTQnZkU0JwYm1ScGRtbGtkV1ZzYkdVZ2MzVnlDaUFnTHk4dklIVnVJR3B2ZFdWMWNpQnpZVzV6SUhMRHFYQnZibk5sTGdvZ0lFWjFkSFZ5WlR4MmIybGtQaUJmYzJWdVpGSmxiV2x1WkdWeUtIdERiMjUyYjJOaGRHbHZibEJzWVhsbGNqOGdjR3hoZVdWeWZTa2dZWE41Ym1NZ2V3b2dJQ0FnWm1sdVlXd2diV0YwWTJoSlpDQTlJRjl6Wld4bFkzUmxaRTFoZEdOb1NXUTdDaUFnSUNCbWFXNWhiQ0J5WlcxcGJtUmxjbk1nUFNCZmNtVnRhVzVrWlhKek93b2dJQ0FnYVdZZ0tHMWhkR05vU1dRZ1BUMGdiblZzYkNCOGZDQnlaVzFwYm1SbGNuTWdQVDBnYm5Wc2JDQjhmQ0FoY21WdGFXNWtaWEp6TG1OaGJsSmxiV2x1WkNrZ2NtVjBkWEp1T3dvS0lDQWdJR1pwYm1Gc0lHbHpRMjlzYkdWamRHbDJaU0E5SUhCc1lYbGxjaUE5UFNCdWRXeHNPd29nSUNBZ2FXWWdLR2x6UTI5c2JHVmpkR2wyWlNBbUppQnlaVzFwYm1SbGNuTXVibTlTWlhOd2IyNXpaVU52ZFc1MElEMDlJREFwSUhzS0lDQWdJQ0FnWDNOb2IzZE5aWE56WVdkbEtDZFViM1Z6SUd4bGN5QnFiM1ZsZFhKeklHOXVkQ0JrdzZscXc2QWdjc09wY0c5dVpIVXVKeWs3Q2lBZ0lDQWdJSEpsZEhWeWJqc0tJQ0FnSUgwS0NpQWdJQ0JtYVc1aGJDQmpiMjVtYVhKdFpXUWdQU0JoZDJGcGRDQnphRzkzUkdsaGJHOW5QR0p2YjJ3K0tBb2dJQ0FnSUNBZ0lDQWdZMjl1ZEdWNGREb2dZMjl1ZEdWNGRDd0tJQ0FnSUNBZ0lDQWdJR0oxYVd4a1pYSTZJQ2hrYVdGc2IyZERiMjUwWlhoMEtTQTlQaUJCYkdWeWRFUnBZV3h2WnlnS0lDQWdJQ0FnSUNBZ0lDQWdkR2wwYkdVNklGUmxlSFFvQ2lBZ0lDQWdJQ0FnSUNBZ0lDQWdhWE5EYjJ4c1pXTjBhWFpsQ2lBZ0lDQWdJQ0FnSUNBZ0lDQWdJQ0FnSUQ4Z0oxSmxiR0Z1WTJWeUlHeGxjeUJ6WVc1eklITERxWEJ2Ym5ObElEOG5DaUFnSUNBZ0lDQWdJQ0FnSUNBZ0lDQWdJRG9nSjFKbGJHRnVZMlZ5SUNSN2NHeGhlV1Z5TG1ScGMzQnNZWGxPWVcxbGZTQS9KeXdLSUNBZ0lDQWdJQ0FnSUNBZ0tTd0tJQ0FnSUNBZ0lDQWdJQ0FnWTI5dWRHVnVkRG9nVkdWNGRDZ0tJQ0FnSUNBZ0lDQWdJQ0FnSUNCcGMwTnZiR3hsWTNScGRtVUtJQ0FnSUNBZ0lDQWdJQ0FnSUNBZ0lDQWdQeUFuSkh0eVpXMXBibVJsY25NdWJtOVNaWE53YjI1elpVTnZkVzUwZlNCcWIzVmxkWEluQ2lBZ0lDQWdJQ0FnSUNBZ0lDQWdJQ0FnSUNBZ0lDQW5KSHR5WlcxcGJtUmxjbk11Ym05U1pYTndiMjV6WlVOdmRXNTBJRDRnTVNBL0lDZHpKeUE2SUNjbmZTQnpZVzV6SUhMRHFYQnZibk5sSUNjS0lDQWdJQ0FnSUNBZ0lDQWdJQ0FnSUNBZ0lDQWdJQ2R5WldObGRuSWtlM0psYldsdVpHVnljeTV1YjFKbGMzQnZibk5sUTI5MWJuUWdQaUF4SUQ4Z0oyOXVkQ2NnT2lBbllTZDlJSFZ1WlNBbkNpQWdJQ0FnSUNBZ0lDQWdJQ0FnSUNBZ0lDQWdJQ0FuYm05MGFXWnBZMkYwYVc5dUxpY0tJQ0FnSUNBZ0lDQWdJQ0FnSUNBZ0lDQWdPaUFuVlc1bElHNXZkR2xtYVdOaGRHbHZiaUJrWlNCa2FYTndiMjVwWW1sc2FYVERxU0J6WlhKaElHVnVkbTk1dzZsbExpQlZiaUJ6WldOdmJtUWdKd29nSUNBZ0lDQWdJQ0FnSUNBZ0lDQWdJQ0FnSUNBZ0oyVnVkbTlwSUdWemRDQmliRzl4ZGNPcElIQmxibVJoYm5RZ1pHbDRJRzFwYm5WMFpYTXVKeXdLSUNBZ0lDQWdJQ0FnSUNBZ0tTd0tJQ0FnSUNBZ0lDQWdJQ0FnWVdOMGFXOXVjem9nV3dvZ0lDQWdJQ0FnSUNBZ0lDQWdJRlJsZUhSQ2RYUjBiMjRvQ2lBZ0lDQWdJQ0FnSUNBZ0lDQWdJQ0J2YmxCeVpYTnpaV1E2SUNncElEMCtJRTVoZG1sbllYUnZjaTV3YjNBb1pHbGhiRzluUTI5dWRHVjRkQ3dnWm1Gc2MyVXBMQW9nSUNBZ0lDQWdJQ0FnSUNBZ0lDQWdZMmhwYkdRNklHTnZibk4wSUZSbGVIUW9KMEZ1Ym5Wc1pYSW5LU3dLSUNBZ0lDQWdJQ0FnSUNBZ0lDQXBMQW9nSUNBZ0lDQWdJQ0FnSUNBZ0lFWnBiR3hsWkVKMWRIUnZiaTVwWTI5dUtBb2dJQ0FnSUNBZ0lDQWdJQ0FnSUNBZ2IyNVFjbVZ6YzJWa09pQW9LU0E5UGlCT1lYWnBaMkYwYjNJdWNHOXdLR1JwWVd4dlowTnZiblJsZUhRc0lIUnlkV1VwTEFvZ0lDQWdJQ0FnSUNBZ0lDQWdJQ0FnYVdOdmJqb2dZMjl1YzNRZ1NXTnZiaWhKWTI5dWN5NXViM1JwWm1sallYUnBiMjV6WDJGamRHbDJaVjl2ZFhSc2FXNWxaQ2tzQ2lBZ0lDQWdJQ0FnSUNBZ0lDQWdJQ0JzWVdKbGJEb2dZMjl1YzNRZ1ZHVjRkQ2duVW1Wc1lXNWpaWEluS1N3S0lDQWdJQ0FnSUNBZ0lDQWdJQ0FwTEFvZ0lDQWdJQ0FnSUNBZ0lDQmRMQW9nSUNBZ0lDQWdJQ0FnS1N3S0lDQWdJQ0FnSUNBcElEOC9DaUFnSUNBZ0lDQWdabUZzYzJVN0NpQWdJQ0JwWmlBb0lXTnZibVpwY20xbFpDa2djbVYwZFhKdU93b0tJQ0FnSUhObGRGTjBZWFJsS0NncElEMCtJRjlpZFhONUlEMGdkSEoxWlNrN0NpQWdJQ0IwY25rZ2V3b2dJQ0FnSUNCbWFXNWhiQ0J5WlhCdmMybDBiM0o1SUQwZ2NtVm1MbkpsWVdRb2MzQnZjblJYWVdsMGJHbHpkRkpsY0c5emFYUnZjbmxRY205MmFXUmxjaWs3Q2lBZ0lDQWdJR1pwYm1Gc0lISmxjM1ZzZENBOUlHRjNZV2wwSUhKbGNHOXphWFJ2Y25r
Shell: dWMyVnVaRUYyWVdsc1lXSnBiR2wwZVZKbGJXbHVaR1Z5S0FvZ0lDQWdJQ0FnSUcxaGRHTm9TV1E2SUcxaGRHTm9TV1FzQ2lBZ0lDQWdJQ0FnYzJWaGMyOXVVR3hoZVdWeVNXUTZJSEJzWVhsbGNqOHVjMlZoYzI5dVVHeGhlV1Z5U1dRc0NpQWdJQ0FnSUNBZ2NtVmhjMjl1T2lCcGMwTnZiR3hsWTNScGRtVUtJQ0FnSUNBZ0lDQWdJQ0FnUHlBblVtVnNZVzVqWlNCamIyeHNaV04wYVhabElHUmxjSFZwY3lCczRvQ1paV1ptWldOMGFXWW5DaUFnSUNBZ0lDQWdJQ0FnSURvZ0oxSmxiR0Z1WTJVZ2FXNWthWFpwWkhWbGJHeGxJR1JsY0hWcGN5QnM0b0NaWldabVpXTjBhV1luTEFvZ0lDQWdJQ0FwT3dvZ0lDQWdJQ0JtYVc1aGJDQjFjR1JoZEdWa0lEMGdZWGRoYVhRZ2NtVndiM05wZEc5eWVTNW1aWFJqYUZKbGJXbHVaR1Z5VTNWdGJXRnllU2h0WVhSamFFbGtLVHNLSUNBZ0lDQWdhV1lnS0NGdGIzVnVkR1ZrS1NCeVpYUjFjbTQ3Q2lBZ0lDQWdJSE5sZEZOMFlYUmxLQ2dwSUQwK0lGOXlaVzFwYm1SbGNuTWdQU0IxY0dSaGRHVmtLVHNLSUNBZ0lDQWdhV1lnS0hKbGMzVnNkQzVqY21WaGRHVmtRMjkxYm5RZ1BpQXdLU0I3Q2lBZ0lDQWdJQ0FnWDNOb2IzZE5aWE56WVdkbEtBb2dJQ0FnSUNBZ0lDQWdKeVI3Y21WemRXeDBMbU55WldGMFpXUkRiM1Z1ZEgwZ2JtOTBhV1pwWTJGMGFXOXVKd29nSUNBZ0lDQWdJQ0FnSnlSN2NtVnpkV3gwTG1OeVpXRjBaV1JEYjNWdWRDQStJREVnUHlBbmN5Y2dPaUFuSjMwZ1pXNTJiM25EcVdVbkNpQWdJQ0FnSUNBZ0lDQW5KSHR5WlhOMWJIUXVZM0psWVhSbFpFTnZkVzUwSUQ0Z01TQS9JQ2R6SnlBNklDY25mUzRuTEFvZ0lDQWdJQ0FnSUNrN0NpQWdJQ0FnSUgwZ1pXeHpaU0JwWmlBb2NtVnpkV3gwTG5OcmFYQndaV1JTWldObGJuUkRiM1Z1ZENBK0lEQXBJSHNLSUNBZ0lDQWdJQ0JmYzJodmQwMWxjM05oWjJVb0oxSmxiR0Z1WTJVZ1pNT3Bhc09nSUdWbVptVmpkSFhEcVdVZ2FXd2dlU0JoSUcxdmFXNXpJR1JsSUdScGVDQnRhVzUxZEdWekxpY3BPd29nSUNBZ0lDQjlJR1ZzYzJVZ2V3b2dJQ0FnSUNBZ0lGOXphRzkzVFdWemMyRm5aU2duUVhWamRXNGdhbTkxWlhWeUlNT2dJSEpsYkdGdVkyVnlMaWNwT3dvZ0lDQWdJQ0I5Q2lBZ0lDQjlJR05oZEdOb0lDaGxjbkp2Y2lrZ2V3b2dJQ0FnSUNCcFppQW9iVzkxYm5SbFpDa2dYM05vYjNkTlpYTnpZV2RsS0doMWJXRnVhWHBsUlhKeWIzSW9aWEp5YjNJcEtUc0tJQ0FnSUgwZ1ptbHVZV3hzZVNCN0NpQWdJQ0FnSUdsbUlDaHRiM1Z1ZEdWa0tTQnpaWFJUZEdGMFpTZ29LU0E5UGlCZlluVnplU0E5SUdaaGJITmxLVHNLSUNBZ0lIMEtJQ0I5Q2dvZ0lDOHZMeUJHWlhWcGJHeGxJR1FuYVc1bWIzTWdZV1ptYVdOb3c2bGxJR0YxSUhSdmRXTm9aWElnWkNkMWJpQnFiM1ZsZFhJZ09pQnpZU0JrYVhOd2IyNXBZbWxzYVhURHFRb2dJQzh2THlBb2FtOTFjaUFySUdobGRYSmxJR1JsSUd4aElHUmxjbTVwdzZoeVpTQnl3Nmx3YjI1elpTa2daWFFnYzI5dUlISmhibWNnWlc0Z2JHbHpkR1VnWkNkaGRIUmxiblJsTGdvZ0lDOHZMeUJRY205d2IzTmxJSFZ1WlNCeVpXeGhibU5sSUhCdmRYSWdkVzRnYW05MVpYVnlJSE5oYm5NZ2NzT3BjRzl1YzJVdUNpQWdkbTlwWkNCZmMyaHZkMUJzWVhsbGNrbHVabThvUTI5dWRtOWpZWFJwYjI1UWJHRjVaWElnY0d4aGVXVnlLU0I3Q2lBZ0lDQm1hVzVoYkNCemRHRjBkWE1nUFNCd2JHRjVaWEl1WVhaaGFXeGhZbWxzYVhSNVUzUmhkSFZ6T3dvZ0lDQWdabWx1WVd3Z2RYQmtZWFJsWkVGMElEMGdjR3hoZVdWeUxtRjJZV2xzWVdKcGJHbDBlVlZ3WkdGMFpXUkJkRHNLQ2lBZ0lDQm1hVzVoYkNBb0NpQWdJQ0FnSUdGMllXbHNZV0pwYkdsMGVVeGhZbVZzTEFvZ0lDQWdJQ0JoZG1GcGJHRmlhV3hwZEhsSlkyOXVMQW9nSUNBZ0lDQmhkbUZwYkdGaWFXeHBkSGxEYjJ4dmNpd0tJQ0FnSUNrZ1BTQnpkMmwwWTJnZ0tITjBZWFIxY3lrZ2V3b2dJQ0FnSUNBbllYWmhhV3hoWW14bEp5QTlQaUFvSjBScGMzQnZibWxpYkdVbkxDQkpZMjl1Y3k1amFHVmphMTlqYVhKamJHVmZiM1YwYkdsdVpTd2dRMjlzYjNKekxtZHlaV1Z1S1N3S0lDQWdJQ0FnSjJGaWMyVnVkQ2NnUFQ0Z0tDZEJZbk5sYm5RbkxDQkpZMjl1Y3k1allXNWpaV3hmYjNWMGJHbHVaV1FzSUVOdmJHOXljeTV5WldSQlkyTmxiblFwTEFvZ0lDQWdJQ0JmSUQwK0lDZ25VMkZ1Y3lCeXc2bHdiMjV6WlNjc0lFbGpiMjV6TG5OamFHVmtkV3hsWDI5MWRHeHBibVZrTENCRGIyeHZjbk11YjNKaGJtZGxRV05qWlc1MEtTd0tJQ0FnSUgwN0Nnb2dJQ0FnWm1sdVlXd2dhR0Z6VW1WemNHOXVaR1ZrSUQwZ2MzUmhkSFZ6SUQwOUlDZGhkbUZwYkdGaWJHVW5JSHg4SUhOMFlYUjFjeUE5UFNBbllXSnpaVzUwSnpzS0lDQWdJR1pwYm1Gc0lHRjJZV2xzWVdKcGJHbDBlVVJsZEdGcGJDQTlJSEJzWVhsbGNpNXBjMGQxWlhOMENpQWdJQ0FnSUNBZ1B5QW5TVzUyYVhURHFTQmhhbTkxZE1PcElHMWhiblZsYkd4bGJXVnVkQzRuQ2lBZ0lDQWdJQ0FnT2lCb1lYTlNaWE53YjI1a1pXUWdKaVlnZFhCa1lYUmxaRUYwSUNFOUlHNTFiR3dLSUNBZ0lDQWdJQ0FnSUNBZ1B5QW5TVzVrYVhGMXc2bGxJR3hsSUNSN1FYQndSbTl5YldGMGN5NWtZWFJsVkdsdFpTaDFjR1JoZEdWa1FYUXBmU2NLSUNBZ0lDQWdJQ0FnSUNBZ09pQW5RWFZqZFc1bElITERxWEJ2Ym5ObElHVnVjbVZuYVhOMGNzT3BaU0J3YjNWeUlHemlnSmxwYm5OMFlXNTBMaWM3Q2dvZ0lDQWdabWx1WVd3Z2QyRnBkR3hwYzNSRVpYUmhhV3dnUFNCd2JHRjVaWEl1ZDJGcGRHeHBjM1JRYjNOcGRHbHZiaUFoUFNCdWRXeHNDaUFnSUNBZ0lDQWdQeUFuSkh0d2JHRjVaWEl1ZDJGcGRHeHBjM1JRYjNOcGRHbHZibjBrZTNCc1lYbGxjaTUzWVdsMGJHbHpkRkJ2YzJsMGFXOXVJRDA5SURFZ1B5QW5aWEluSURvZ0oyVW5mU0J6ZFhJZ2JHRWdiR2x6ZEdVZ1pPS0FtV0YwZEdWdWRHVW5DaUFnSUNBZ0lDQWdPaUFuU0c5eWN5QnNhWE4wWlNCazRvQ1pZWFIwWlc1MFpTYzdDZ29nSUNBZ1ptbHVZV3dnWTJGdVVtVnNZVzVqWlNBOUlDRndiR0Y1WlhJ
Shell: dWFYTkhkV1Z6ZENBbUpnb2dJQ0FnSUNBZ0lITjBZWFIxY3lBOVBTQW5ibTlmY21WemNHOXVjMlVuSUNZbUNpQWdJQ0FnSUNBZ0lWOXNiMk5yWldRZ0ppWUtJQ0FnSUNBZ0lDQW9YM0psYldsdVpHVnljejh1WTJGdVVtVnRhVzVrSUQ4L0lHWmhiSE5sS1RzS0NpQWdJQ0J6YUc5M1RXOWtZV3hDYjNSMGIyMVRhR1ZsZER4MmIybGtQaWdLSUNBZ0lDQWdZMjl1ZEdWNGREb2dZMjl1ZEdWNGRDd0tJQ0FnSUNBZ2MyaHZkMFJ5WVdkSVlXNWtiR1U2SUhSeWRXVXNDaUFnSUNBZ0lHSjFhV3hrWlhJNklDaHphR1ZsZEVOdmJuUmxlSFFwSUQwK0lGTmhabVZCY21WaEtBb2dJQ0FnSUNBZ0lHTm9hV3hrT2lCUVlXUmthVzVuS0FvZ0lDQWdJQ0FnSUNBZ2NHRmtaR2x1WnpvZ1kyOXVjM1FnUldSblpVbHVjMlYwY3k1bWNtOXRURlJTUWlneU1Dd2dOQ3dnTWpBc0lESXdLU3dLSUNBZ0lDQWdJQ0FnSUdOb2FXeGtPaUJEYjJ4MWJXNG9DaUFnSUNBZ0lDQWdJQ0FnSUcxaGFXNUJlR2x6VTJsNlpUb2dUV0ZwYmtGNGFYTlRhWHBsTG0xcGJpd0tJQ0FnSUNBZ0lDQWdJQ0FnWTNKdmMzTkJlR2x6UVd4cFoyNXRaVzUwT2lCRGNtOXpjMEY0YVhOQmJHbG5ibTFsYm5RdWMzUmhjblFzQ2lBZ0lDQWdJQ0FnSUNBZ0lHTm9hV3hrY21WdU9pQmJDaUFnSUNBZ0lDQWdJQ0FnSUNBZ1ZHVjRkQ2dLSUNBZ0lDQWdJQ0FnSUNBZ0lDQWdJSEJzWVhsbGNpNWthWE53YkdGNVRtRnRaU3dLSUNBZ0lDQWdJQ0FnSUNBZ0lDQWdJSE4wZVd4bE9pQlVhR1Z0WlM1dlppZ0tJQ0FnSUNBZ0lDQWdJQ0FnSUNBZ0lDQWdjMmhsWlhSRGIyNTBaWGgwTEFvZ0lDQWdJQ0FnSUNBZ0lDQWdJQ0FnS1M1MFpYaDBWR2hsYldVdWRHbDBiR1ZNWVhKblpUOHVZMjl3ZVZkcGRHZ29abTl1ZEZkbGFXZG9kRG9nUm05dWRGZGxhV2RvZEM1M09UQXdLU3dLSUNBZ0lDQWdJQ0FnSUNBZ0lDQXBMQW9nSUNBZ0lDQWdJQ0FnSUNBZ0lHTnZibk4wSUZOcGVtVmtRbTk0S0dobGFXZG9kRG9nTVRZcExBb2dJQ0FnSUNBZ0lDQWdJQ0FnSUY5UWJHRjVaWEpKYm1adlVtOTNLQW9nSUNBZ0lDQWdJQ0FnSUNBZ0lDQWdhV052YmpvZ1lYWmhhV3hoWW1sc2FYUjVTV052Yml3S0lDQWdJQ0FnSUNBZ0lDQWdJQ0FnSUdOdmJHOXlPaUJoZG1GcGJHRmlhV3hwZEhsRGIyeHZjaXdLSUNBZ0lDQWdJQ0FnSUNBZ0lDQWdJSFJwZEd4bE9pQmhkbUZwYkdGaWFXeHBkSGxNWVdKbGJDd0tJQ0FnSUNBZ0lDQWdJQ0FnSUNBZ0lHUmxkR0ZwYkRvZ1lYWmhhV3hoWW1sc2FYUjVSR1YwWVdsc0xBb2dJQ0FnSUNBZ0lDQWdJQ0FnSUNrc0NpQWdJQ0FnSUNBZ0lDQWdJQ0FnWTI5dWMzUWdVMmw2WldSQ2IzZ29hR1ZwWjJoME9pQXhNaWtzQ2lBZ0lDQWdJQ0FnSUNBZ0lDQWdYMUJzWVhsbGNrbHVabTlTYjNjb0NpQWdJQ0FnSUNBZ0lDQWdJQ0FnSUNCcFkyOXVPaUJKWTI5dWN5NW9iM1Z5WjJ4aGMzTmZkRzl3WDNKdmRXNWtaV1FzQ2lBZ0lDQWdJQ0FnSUNBZ0lDQWdJQ0JqYjJ4dmNqb2dZMjl1YzNRZ1EyOXNiM0lvTUhoR1JrVXdPRUV3TUNrc0NpQWdJQ0FnSUNBZ0lDQWdJQ0FnSUNCMGFYUnNaVG9nSjB4cGMzUmxJR1RpZ0psaGRIUmxiblJsSnl3S0lDQWdJQ0FnSUNBZ0lDQWdJQ0FnSUdSbGRHRnBiRG9nZDJGcGRHeHBjM1JFWlhSaGFXd3NDaUFnSUNBZ0lDQWdJQ0FnSUNBZ0tTd0tJQ0FnSUNBZ0lDQWdJQ0FnSUNCcFppQW9ZMkZ1VW1Wc1lXNWpaU2tnTGk0dVd3b2dJQ0FnSUNBZ0lDQWdJQ0FnSUNBZ1kyOXVjM1FnVTJsNlpXUkNiM2dvYUdWcFoyaDBPaUF4T0Nrc0NpQWdJQ0FnSUNBZ0lDQWdJQ0FnSUNCVGFYcGxaRUp2ZUNnS0lDQWdJQ0FnSUNBZ0lDQWdJQ0FnSUNBZ2QybGtkR2c2SUdSdmRXSnNaUzVwYm1acGJtbDBlU3dLSUNBZ0lDQWdJQ0FnSUNBZ0lDQWdJQ0FnWTJocGJHUTZJRVpwYkd4bFpFSjFkSFJ2Ymk1cFkyOXVLQW9nSUNBZ0lDQWdJQ0FnSUNBZ0lDQWdJQ0FnSUc5dVVISmxjM05sWkRvZ0tDa2dld29nSUNBZ0lDQWdJQ0FnSUNBZ0lDQWdJQ0FnSUNBZ1RtRjJhV2RoZEc5eUxtOW1LSE5vWldWMFEyOXVkR1Y0ZENrdWNHOXdLQ2s3Q2lBZ0lDQWdJQ0FnSUNBZ0lDQWdJQ0FnSUNBZ0lDQmZjMlZ1WkZKbGJXbHVaR1Z5S0hCc1lYbGxjam9nY0d4aGVXVnlLVHNLSUNBZ0lDQWdJQ0FnSUNBZ0lDQWdJQ0FnSUNCOUxBb2dJQ0FnSUNBZ0lDQWdJQ0FnSUNBZ0lDQWdJR2xqYjI0NklHTnZibk4wSUVsamIyNG9TV052Ym5NdWJtOTBhV1pwWTJGMGFXOXVjMTloWTNScGRtVmZiM1YwYkdsdVpXUXBMQW9nSUNBZ0lDQWdJQ0FnSUNBZ0lDQWdJQ0FnSUd4aFltVnNPaUJqYjI1emRDQlVaWGgwS0NkU1pXeGhibU5sY2lCalpTQnFiM1ZsZFhJbktTd0tJQ0FnSUNBZ0lDQWdJQ0FnSUNBZ0lDQWdLU3dLSUNBZ0lDQWdJQ0FnSUNBZ0lDQWdJQ2tzQ2lBZ0lDQWdJQ0FnSUNBZ0lDQWdYU3dLSUNBZ0lDQWdJQ0FnSUNBZ1hTd0tJQ0FnSUNBZ0lDQWdJQ2tzQ2lBZ0lDQWdJQ0FnS1N3S0lDQWdJQ0FnS1N3S0lDQWdJQ2s3Q2lBZ2ZRb0tJQ0JOWVhSamFFTnZiWEJ2YzJsMGFXOXVJRjl1YjNKdFlXeHBlbVZEYjIxd2IzTnBkR2x2YmlnS0lDQWdJRTFoZEdOb1EyOXVkbTlqWVhScGIyNXpJR052Ym5adlkyRjBhVzl1Y3l3S0lDQWdJRTFoZEdOb1EyOXRjRzl6YVhScGIyNC9JSE5oZG1Wa0xBb2dJQ0FnVTJWMFBGTjBjbWx1Wno0Z1oyOWhiR3RsWlhCbGNrbGtjeXdLSUNBcElIc0tJQ0FnSUdacGJtRnNJR0poYzJWc2FXNWxJRDBnVFdGMFkyaERiMjF3YjNOcGRHbHZiaTVwYm1sMGFXRnNLQW9nSUNBZ0lDQmpiMjUyYjJOaGRHbHZibk02SUdOdmJuWnZZMkYwYVc5dWN5d0tJQ0FnSUNBZ1oyOWhiR3RsWlhCbGNsTmxZWE52YmxCc1lYbGxja2xrY3pvZ1oyOWhiR3RsWlhCbGNrbGtjeXdLSUNBZ0lDazdDaUFnSUNCcFppQW9jMkYyWldRZ1BUMGdiblZzYkNrZ2V3b2dJQ0FnSUNCeVpYUjFjbTRnWDNKbGMyTjFaVTl5Y0doaGJuTW9DaUFnSUNBZ0lDQWdZbUZ6Wld4cGJtVXVZMjl3ZVZkcGRHZ29DaUFnSUNBZ0lDQWdJQ0JsYm5SeWFXVnpPaUJiQ2lBZ0lDQWdJQ0FnSUNBZ0lHWnZjaUFvWm1sdVlXd2daVzUwY25rZ2FXNGdZbUZ6Wld4
Shell: cGJtVXVaVzUwY21sbGN5a0tJQ0FnSUNBZ0lDQWdJQ0FnSUNCbGJuUnllUzVqWVc1Q1pWTmxiR1ZqZEdWa0NpQWdJQ0FnSUNBZ0lDQWdJQ0FnSUNBZ0lEOGdaVzUwY25rdWJXOTJaVlJ2S0UxaGRHTm9RMjl0Y0c5emFYUnBiMjVhYjI1bExtSmxibU5vS1FvZ0lDQWdJQ0FnSUNBZ0lDQWdJQ0FnSUNBNklHVnVkSEo1TG0xdmRtVlVieWhOWVhSamFFTnZiWEJ2YzJsMGFXOXVXbTl1WlM1dWIzUlRaV3hsWTNSbFpDa3NDaUFnSUNBZ0lDQWdJQ0JkTEFvZ0lDQWdJQ0FnSUNrc0NpQWdJQ0FnSUNrN0NpQWdJQ0I5Q2lBZ0lDQm1hVzVoYkNCellYWmxaRUo1U1dRZ1BTQjdDaUFnSUNBZ0lHWnZjaUFvWm1sdVlXd2daVzUwY25rZ2FXNGdjMkYyWldRdVpXNTBjbWxsY3lrZ1pXNTBjbmt1Y0dGeWRHbGphWEJoYm5SSlpEb2daVzUwY25rc0NpQWdJQ0I5T3dvZ0lDQWdjbVYwZFhKdUlGOXlaWE5qZFdWUGNuQm9ZVzV6S0FvZ0lDQWdJQ0J6WVhabFpDNWpiM0I1VjJsMGFDZ0tJQ0FnSUNBZ0lDQmxiblJ5YVdWek9pQmJDaUFnSUNBZ0lDQWdJQ0JtYjNJZ0tHWnBibUZzSUdKaGMyVWdhVzRnWW1GelpXeHBibVV1Wlc1MGNtbGxjeWtLSUNBZ0lDQWdJQ0FnSUNBZ2FXWWdLQ0ZpWVhObExtTmhia0psVTJWc1pXTjBaV1FwQ2lBZ0lDQWdJQ0FnSUNBZ0lDQWdZbUZ6WlM1dGIzWmxWRzhvVFdGMFkyaERiMjF3YjNOcGRHbHZibHB2Ym1VdWJtOTBVMlZzWldOMFpXUXBDaUFnSUNBZ0lDQWdJQ0FnSUdWc2MyVWdhV1lnS0hOaGRtVmtRbmxKWkZ0aVlYTmxMbkJoY25ScFkybHdZVzUwU1dSZElHTmhjMlVnWm1sdVlXd2djSEpsZG1sdmRYTS9LUW9nSUNBZ0lDQWdJQ0FnSUNBZ0lFMWhkR05vUTI5dGNHOXphWFJwYjI1RmJuUnllU2dLSUNBZ0lDQWdJQ0FnSUNBZ0lDQWdJSEJoY25ScFkybHdZVzUwU1dRNklHSmhjMlV1Y0dGeWRHbGphWEJoYm5SSlpDd0tJQ0FnSUNBZ0lDQWdJQ0FnSUNBZ0lITmxZWE52YmxCc1lYbGxja2xrT2lCaVlYTmxMbk5sWVhOdmJsQnNZWGxsY2tsa0xBb2dJQ0FnSUNBZ0lDQWdJQ0FnSUNBZ1ozVmxjM1JRYkdGNVpYSkpaRG9nWW1GelpTNW5kV1Z6ZEZCc1lYbGxja2xrTEFvZ0lDQWdJQ0FnSUNBZ0lDQWdJQ0FnWkdsemNHeGhlVTVoYldVNklHSmhjMlV1WkdsemNHeGhlVTVoYldVc0NpQWdJQ0FnSUNBZ0lDQWdJQ0FnSUNCcGMwZDFaWE4wT2lCaVlYTmxMbWx6UjNWbGMzUXNDaUFnSUNBZ0lDQWdJQ0FnSUNBZ0lDQnBjMGR2WVd4clpXVndaWEk2SUdKaGMyVXVhWE5IYjJGc2EyVmxjR1Z5TEFvZ0lDQWdJQ0FnSUNBZ0lDQWdJQ0FnZW05dVpUb2djSEpsZG1sdmRYTXVlbTl1WlNBOVBTQk5ZWFJqYUVOdmJYQnZjMmwwYVc5dVdtOXVaUzVtYVdWc1pBb2dJQ0FnSUNBZ0lDQWdJQ0FnSUNBZ0lDQWdJRDhnVFdGMFkyaERiMjF3YjNOcGRHbHZibHB2Ym1VdVptbGxiR1FLSUNBZ0lDQWdJQ0FnSUNBZ0lDQWdJQ0FnSUNBNklFMWhkR05vUTI5dGNHOXphWFJwYjI1YWIyNWxMbUpsYm1Ob0xBb2dJQ0FnSUNBZ0lDQWdJQ0FnSUNBZ2VEb2djSEpsZG1sdmRYTXVlbTl1WlNBOVBTQk5ZWFJqYUVOdmJYQnZjMmwwYVc5dVdtOXVaUzVtYVdWc1pBb2dJQ0FnSUNBZ0lDQWdJQ0FnSUNBZ0lDQWdJRDhnY0hKbGRtbHZkWE11ZUFvZ0lDQWdJQ0FnSUNBZ0lDQWdJQ0FnSUNBZ0lEb2diblZzYkN3S0lDQWdJQ0FnSUNBZ0lDQWdJQ0FnSUhrNklIQnlaWFpwYjNWekxucHZibVVnUFQwZ1RXRjBZMmhEYjIxd2IzTnBkR2x2YmxwdmJtVXVabWxsYkdRS0lDQWdJQ0FnSUNBZ0lDQWdJQ0FnSUNBZ0lDQS9JSEJ5WlhacGIzVnpMbmtLSUNBZ0lDQWdJQ0FnSUNBZ0lDQWdJQ0FnSUNBNklHNTFiR3dzQ2lBZ0lDQWdJQ0FnSUNBZ0lDQWdJQ0J6Ykc5MFRHRmlaV3c2SUhCeVpYWnBiM1Z6TG5Oc2IzUk1ZV0psYkN3S0lDQWdJQ0FnSUNBZ0lDQWdJQ0FnSUhCb2IzUnZWWEpzT2lCd2NtVjJhVzkxY3k1d2FHOTBiMVZ5YkNBL1B5QmlZWE5sTG5Cb2IzUnZWWEpzTEFvZ0lDQWdJQ0FnSUNBZ0lDQWdJQ0FnWjI5aGJITTZJSEJ5WlhacGIzVnpMbWR2WVd4ekxBb2dJQ0FnSUNBZ0lDQWdJQ0FnSUNBZ2FYTk5iM1J0T2lCd2NtVjJhVzkxY3k1cGMwMXZkRzBzQ2lBZ0lDQWdJQ0FnSUNBZ0lDQWdJQ0J6YjNKMFQzSmtaWEk2SUhCeVpYWnBiM1Z6TG5OdmNuUlBjbVJsY2l3S0lDQWdJQ0FnSUNBZ0lDQWdJQ0FnSUdGMllXbHNZV0pwYkdsMGVWTjBZWFIxY3pvZ1ltRnpaUzVoZG1GcGJHRmlhV3hwZEhsVGRHRjBkWE1zQ2lBZ0lDQWdJQ0FnSUNBZ0lDQWdJQ0JqYjI1MmIyTmhkR2x2YmxOMFlYUjFjem9nWW1GelpTNWpiMjUyYjJOaGRHbHZibE4wWVhSMWN5d0tJQ0FnSUNBZ0lDQWdJQ0FnSUNBZ0lITmxiR1ZqZEdsdmJsTjBZWFIxY3pvZ2NISmxkbWx2ZFhNdWVtOXVaU0E5UFNCTllYUmphRU52YlhCdmMybDBhVzl1V205dVpTNW1hV1ZzWkFvZ0lDQWdJQ0FnSUNBZ0lDQWdJQ0FnSUNBZ0lEOGdKM04wWVhKMFpYSW5DaUFnSUNBZ0lDQWdJQ0FnSUNBZ0lDQWdJQ0FnT2lBbmMzVmljM1JwZEhWMFpTY3NDaUFnSUNBZ0lDQWdJQ0FnSUNBZ0tRb2dJQ0FnSUNBZ0lDQWdJQ0JsYkhObENpQWdJQ0FnSUNBZ0lDQWdJQ0FnWW1GelpTNXRiM1psVkc4b1RXRjBZMmhEYjIxd2IzTnBkR2x2YmxwdmJtVXVZbVZ1WTJncExBb2dJQ0FnSUNBZ0lGMHNDaUFnSUNBZ0lDa3NDaUFnSUNBcE93b2dJSDBLQ2lBZ1RXRjBZMmhEYjIxd2IzTnBkR2x2YmlCZmJtOXliV0ZzYVhwbFVHOXpkRTFoZEdOb1EyOXRjRzl6YVhScGIyNG9DaUFnSUNCVGNHOXlkRTFoZEdOb1JtbHVZV3hwZW1GMGFXOXVJR1pwYm1Gc2FYcGhkR2x2Yml3S0lDQWdJRTFoZEdOb1EyOXRjRzl6YVhScGIyNC9JSE5oZG1Wa0xBb2dJQ2tnZXdvZ0lDQWdabWx1WVd3Z1ltRnpaV3hwYm1VZ1BTQk5ZWFJqYUVOdmJYQnZjMmwwYVc5dUxtbHVhWFJwWVd4R2NtOXRSbWx1WVd4cGVtRjBhVzl1S0FvZ0lDQWdJQ0JtYVc1aGJHbDZZWFJwYjI0NklHWnBibUZzYVhwaGRHbHZiaXdLSUNBZ0lDazdDaUFnSUNCcFppQW9jMkYyWldRZ1BUMGdiblZzYkNrZ2NtVjBkWEp1SUdKaGMyVnNhVzVsT3dvZ0lDQWdabWx1WVd3Z2MyRjJaV1JDZVVs
Shell: a0lEMGdld29nSUNBZ0lDQm1iM0lnS0dacGJtRnNJR1Z1ZEhKNUlHbHVJSE5oZG1Wa0xtVnVkSEpwWlhNcElHVnVkSEo1TG5CaGNuUnBZMmx3WVc1MFNXUTZJR1Z1ZEhKNUxBb2dJQ0FnZlRzS0lDQWdJSEpsZEhWeWJpQmZjbVZ6WTNWbFQzSndhR0Z1Y3lnS0lDQWdJQ0FnYzJGMlpXUXVZMjl3ZVZkcGRHZ29DaUFnSUNBZ0lDQWdaVzUwY21sbGN6b2dXd29nSUNBZ0lDQWdJQ0FnWm05eUlDaG1hVzVoYkNCaVlYTmxJR2x1SUdKaGMyVnNhVzVsTG1WdWRISnBaWE1wQ2lBZ0lDQWdJQ0FnSUNBZ0lHbG1JQ2h6WVhabFpFSjVTV1JiWW1GelpTNXdZWEowYVdOcGNHRnVkRWxrWFNCallYTmxJR1pwYm1Gc0lIQnlaWFpwYjNWelB5a0tJQ0FnSUNBZ0lDQWdJQ0FnSUNCTllYUmphRU52YlhCdmMybDBhVzl1Ulc1MGNua29DaUFnSUNBZ0lDQWdJQ0FnSUNBZ0lDQndZWEowYVdOcGNHRnVkRWxrT2lCaVlYTmxMbkJoY25ScFkybHdZVzUwU1dRc0NpQWdJQ0FnSUNBZ0lDQWdJQ0FnSUNCelpXRnpiMjVRYkdGNVpYSkpaRG9nWW1GelpTNXpaV0Z6YjI1UWJHRjVaWEpKWkN3S0lDQWdJQ0FnSUNBZ0lDQWdJQ0FnSUdkMVpYTjBVR3hoZVdWeVNXUTZJR0poYzJVdVozVmxjM1JRYkdGNVpYSkpaQ3dLSUNBZ0lDQWdJQ0FnSUNBZ0lDQWdJR1JwYzNCc1lYbE9ZVzFsT2lCaVlYTmxMbVJwYzNCc1lYbE9ZVzFsTEFvZ0lDQWdJQ0FnSUNBZ0lDQWdJQ0FnYVhOSGRXVnpkRG9nWW1GelpTNXBjMGQxWlhOMExBb2dJQ0FnSUNBZ0lDQWdJQ0FnSUNBZ2FYTkhiMkZzYTJWbGNHVnlPaUJpWVhObExtbHpSMjloYkd0bFpYQmxjaXdLSUNBZ0lDQWdJQ0FnSUNBZ0lDQWdJSHB2Ym1VNklHSmhjMlV1WTJGdVFtVlRaV3hsWTNSbFpBb2dJQ0FnSUNBZ0lDQWdJQ0FnSUNBZ0lDQWdJRDhnY0hKbGRtbHZkWE11ZW05dVpTQTlQU0JOWVhSamFFTnZiWEJ2YzJsMGFXOXVXbTl1WlM1bWFXVnNaQW9nSUNBZ0lDQWdJQ0FnSUNBZ0lDQWdJQ0FnSUNBZ0lDQS9JRTFoZEdOb1EyOXRjRzl6YVhScGIyNWFiMjVsTG1acFpXeGtDaUFnSUNBZ0lDQWdJQ0FnSUNBZ0lDQWdJQ0FnSUNBZ0lEb2dUV0YwWTJoRGIyMXdiM05wZEdsdmJscHZibVV1WW1WdVkyZ0tJQ0FnSUNBZ0lDQWdJQ0FnSUNBZ0lDQWdJQ0E2SUUxaGRHTm9RMjl0Y0c5emFYUnBiMjVhYjI1bExtNXZkRk5sYkdWamRHVmtMQW9nSUNBZ0lDQWdJQ0FnSUNBZ0lDQWdlRG9nWW1GelpTNWpZVzVDWlZObGJHVmpkR1ZrSUNZbUNpQWdJQ0FnSUNBZ0lDQWdJQ0FnSUNBZ0lDQWdJQ0FnSUhCeVpYWnBiM1Z6TG5wdmJtVWdQVDBnVFdGMFkyaERiMjF3YjNOcGRHbHZibHB2Ym1VdVptbGxiR1FLSUNBZ0lDQWdJQ0FnSUNBZ0lDQWdJQ0FnSUNBL0lIQnlaWFpwYjNWekxuZ0tJQ0FnSUNBZ0lDQWdJQ0FnSUNBZ0lDQWdJQ0E2SUc1MWJHd3NDaUFnSUNBZ0lDQWdJQ0FnSUNBZ0lDQjVPaUJpWVhObExtTmhia0psVTJWc1pXTjBaV1FnSmlZS0lDQWdJQ0FnSUNBZ0lDQWdJQ0FnSUNBZ0lDQWdJQ0FnY0hKbGRtbHZkWE11ZW05dVpTQTlQU0JOWVhSamFFTnZiWEJ2YzJsMGFXOXVXbTl1WlM1bWFXVnNaQW9nSUNBZ0lDQWdJQ0FnSUNBZ0lDQWdJQ0FnSUQ4Z2NISmxkbWx2ZFhNdWVRb2dJQ0FnSUNBZ0lDQWdJQ0FnSUNBZ0lDQWdJRG9nYm5Wc2JDd0tJQ0FnSUNBZ0lDQWdJQ0FnSUNBZ0lITnNiM1JNWVdKbGJEb2djSEpsZG1sdmRYTXVjMnh2ZEV4aFltVnNMQW9nSUNBZ0lDQWdJQ0FnSUNBZ0lDQWdjR2h2ZEc5VmNtdzZJR0poYzJVdWNHaHZkRzlWY213Z1B6OGdjSEpsZG1sdmRYTXVjR2h2ZEc5VmNtd3NDaUFnSUNBZ0lDQWdJQ0FnSUNBZ0lDQm5iMkZzY3pvZ1ltRnpaUzVuYjJGc2N5d0tJQ0FnSUNBZ0lDQWdJQ0FnSUNBZ0lHbHpUVzkwYlRvZ1ltRnpaUzVwYzAxdmRHMHNDaUFnSUNBZ0lDQWdJQ0FnSUNBZ0lDQnpiM0owVDNKa1pYSTZJSEJ5WlhacGIzVnpMbk52Y25SUGNtUmxjaXdLSUNBZ0lDQWdJQ0FnSUNBZ0lDQWdJR0YyWVdsc1lXSnBiR2wwZVZOMFlYUjFjem9nWW1GelpTNWhkbUZwYkdGaWFXeHBkSGxUZEdGMGRYTXNDaUFnSUNBZ0lDQWdJQ0FnSUNBZ0lDQmpiMjUyYjJOaGRHbHZibE4wWVhSMWN6b2dZbUZ6WlM1amIyNTJiMk5oZEdsdmJsTjBZWFIxY3l3S0lDQWdJQ0FnSUNBZ0lDQWdJQ0FnSUhObGJHVmpkR2x2YmxOMFlYUjFjem9nWW1GelpTNWpZVzVDWlZObGJHVmpkR1ZrQ2lBZ0lDQWdJQ0FnSUNBZ0lDQWdJQ0FnSUNBZ1B5QndjbVYyYVc5MWN5NTZiMjVsSUQwOUlFMWhkR05vUTI5dGNHOXphWFJwYjI1YWIyNWxMbVpwWld4a0NpQWdJQ0FnSUNBZ0lDQWdJQ0FnSUNBZ0lDQWdJQ0FnSUQ4Z0ozTjBZWEowWlhJbkNpQWdJQ0FnSUNBZ0lDQWdJQ0FnSUNBZ0lDQWdJQ0FnSURvZ0ozTjFZbk4wYVhSMWRHVW5DaUFnSUNBZ0lDQWdJQ0FnSUNBZ0lDQWdJQ0FnT2lBbmJtOTBYM05sYkdWamRHVmtKeXdLSUNBZ0lDQWdJQ0FnSUNBZ0lDQXBDaUFnSUNBZ0lDQWdJQ0FnSUdWc2MyVUtJQ0FnSUNBZ0lDQWdJQ0FnSUNCaVlYTmxMQW9nSUNBZ0lDQWdJRjBzQ2lBZ0lDQWdJQ2tzQ2lBZ0lDQXBPd29nSUgwS0NpQWdMeTh2SUZMRHFYUmhZbXhwZENCemRYSWdiR1VnZEdWeWNtRnBiaUJzWlhNZ2RHbDBkV3hoYVhKbGN5QmtiMjUwSUd4aElIQnZjMmwwYVc5dUlHNWxJSFJ2YldKbElITjFjaUJoZFdOMWJnb2dJQzh2THlCd2IzTjBaU0JrZFNCa2FYTndiM05wZEdsbUlHTnZkWEpoYm5RZ0tHTnZiWEJ2Y3lCaGJtTnBaVzV1WlhNcExDQnpZVzV6SUdURHFYQnNZV05sY2lCalpYVjRJR1REcVdyRG9Bb2dJQzh2THlCaWFXVnVJSEJzWVdQRHFYTXVJRXhsY3lCMGFYUjFiR0ZwY21WeklHVnVJSE4xY25Cc2RYTWdjR0Z6YzJWdWRDQmhkU0JpWVc1akxnb2dJRTFoZEdOb1EyOXRjRzl6YVhScGIyNGdYM0psYzJOMVpVOXljR2hoYm5Nb1RXRjBZMmhEYjIxd2IzTnBkR2x2YmlCamIyMXdiM05wZEdsdmJpa2dld29nSUNBZ1ptbHVZV3dnWm05eWJXRjBhVzl1SUQwZ1ptOXliV0YwYVc5dVJtOXlRMjlrWlNoamIyMXdiM05wZEdsdmJpNW1iM0p0WVhScGIyNURiMlJsS1RzS0lDQWdJR1pwYm1Gc0lITnNiM1J6SUQwZ1ptOXliV0YwYVc5
Shell: dUxuTnNiM1J6T3dvZ0lDQWdabWx1WVd3Z1ptbGxiR1FnUFNCamIyMXdiM05wZEdsdmJpNWxiblJ5YVdWelJtOXlLRTFoZEdOb1EyOXRjRzl6YVhScGIyNWFiMjVsTG1acFpXeGtLVHNLSUNBZ0lHWnBibUZzSUhWelpXUWdQU0JNYVhOMFBHSnZiMncrTG1acGJHeGxaQ2h6Ykc5MGN5NXNaVzVuZEdnc0lHWmhiSE5sS1RzS0lDQWdJR1pwYm1Gc0lIQnNZV05sYldWdWRDQTlJRHhUZEhKcGJtY3NJRTltWm5ObGRENTdmVHNLSUNBZ0lHWnBibUZzSUc5eWNHaGhibk1nUFNBOFRXRjBZMmhEYjIxd2IzTnBkR2x2YmtWdWRISjVQbHRkT3dvZ0lDQWdabTl5SUNobWFXNWhiQ0JsYm5SeWVTQnBiaUJtYVdWc1pDa2dld29nSUNBZ0lDQm1hVzVoYkNCd2IzTnBkR2x2YmlBOUlFOW1abk5sZENobGJuUnllUzU0SUQ4L0lDNDFMQ0JsYm5SeWVTNTVJRDgvSUM0MUtUc0tJQ0FnSUNBZ2RtRnlJR0psYzNSSmJtUmxlQ0E5SUMweE93b2dJQ0FnSUNCMllYSWdZbVZ6ZEVScGMzUmhibU5sSUQwZ01DNHdPRHNLSUNBZ0lDQWdabTl5SUNoMllYSWdhU0E5SURBN0lHa2dQQ0J6Ykc5MGN5NXNaVzVuZEdnN0lHa2dLejBnTVNrZ2V3b2dJQ0FnSUNBZ0lHbG1JQ2gxYzJWa1cybGRLU0JqYjI1MGFXNTFaVHNLSUNBZ0lDQWdJQ0JtYVc1aGJDQmthWE4wWVc1alpTQTlJQ2h3YjNOcGRHbHZiaUF0SUhOc2IzUnpXMmxkTG5CdmMybDBhVzl1S1M1a2FYTjBZVzVqWlRzS0lDQWdJQ0FnSUNCcFppQW9aR2x6ZEdGdVkyVWdQQ0JpWlhOMFJHbHpkR0Z1WTJVcElIc0tJQ0FnSUNBZ0lDQWdJR0psYzNSRWFYTjBZVzVqWlNBOUlHUnBjM1JoYm1ObE93b2dJQ0FnSUNBZ0lDQWdZbVZ6ZEVsdVpHVjRJRDBnYVRzS0lDQWdJQ0FnSUNCOUNpQWdJQ0FnSUgwS0lDQWdJQ0FnYVdZZ0tHSmxjM1JKYm1SbGVDQStQU0F3S1NCN0NpQWdJQ0FnSUNBZ2RYTmxaRnRpWlhOMFNXNWtaWGhkSUQwZ2RISjFaVHNLSUNBZ0lDQWdJQ0J3YkdGalpXMWxiblJiWlc1MGNua3VjR0Z5ZEdsamFYQmhiblJKWkYwZ1BTQnpiRzkwYzF0aVpYTjBTVzVrWlhoZExuQnZjMmwwYVc5dU93b2dJQ0FnSUNCOUlHVnNjMlVnZXdvZ0lDQWdJQ0FnSUc5eWNHaGhibk11WVdSa0tHVnVkSEo1S1RzS0lDQWdJQ0FnZlFvZ0lDQWdmUW9nSUNBZ2FXWWdLRzl5Y0doaGJuTXVhWE5GYlhCMGVTa2dld29nSUNBZ0lDQnlaWFIxY200Z1kyOXRjRzl6YVhScGIyNHVZMjl3ZVZkcGRHZ29abTl5YldGMGFXOXVRMjlrWlRvZ1ptOXliV0YwYVc5dUxtTnZaR1VwT3dvZ0lDQWdmUW9nSUNBZ1ptbHVZV3dnYjNKa1pYSmxaQ0E5SUZzS0lDQWdJQ0FnTGk0dWIzSndhR0Z1Y3k1M2FHVnlaU2dvWlc1MGNua3BJRDArSUdWdWRISjVMbWx6UjI5aGJHdGxaWEJsY2lrc0NpQWdJQ0FnSUM0dUxtOXljR2hoYm5NdWQyaGxjbVVvS0dWdWRISjVLU0E5UGlBaFpXNTBjbmt1YVhOSGIyRnNhMlZsY0dWeUtTd0tJQ0FnSUYwN0NpQWdJQ0JtYVc1aGJDQm1jbVZsVTJ4dmRITWdQU0JiQ2lBZ0lDQWdJR1p2Y2lBb2RtRnlJR2tnUFNBd095QnBJRHdnYzJ4dmRITXViR1Z1WjNSb095QnBJQ3M5SURFcENpQWdJQ0FnSUNBZ2FXWWdLQ0YxYzJWa1cybGRLU0JwTEFvZ0lDQWdYVHNLSUNBZ0lHWnBibUZzSUc5MlpYSm1iRzkzSUQwZ1BGTjBjbWx1Wno1N2ZUc0tJQ0FnSUhaaGNpQnVaWGgwSUQwZ01Ec0tJQ0FnSUdadmNpQW9abWx1WVd3Z1pXNTBjbmtnYVc0Z2IzSmtaWEpsWkNrZ2V3b2dJQ0FnSUNCcFppQW9ibVY0ZENBOElHWnlaV1ZUYkc5MGN5NXNaVzVuZEdncElIc0tJQ0FnSUNBZ0lDQndiR0ZqWlcxbGJuUmJaVzUwY25rdWNHRnlkR2xqYVhCaGJuUkpaRjBnUFNCemJHOTBjMXRtY21WbFUyeHZkSE5iYm1WNGRGMWRMbkJ2YzJsMGFXOXVPd29nSUNBZ0lDQWdJRzVsZUhRZ0t6MGdNVHNLSUNBZ0lDQWdmU0JsYkhObElIc0tJQ0FnSUNBZ0lDQnZkbVZ5Wm14dmR5NWhaR1FvWlc1MGNua3VjR0Z5ZEdsamFYQmhiblJKWkNrN0NpQWdJQ0FnSUgwS0lDQWdJSDBLSUNBZ0lHWnBibUZzSUdKbGJtTm9RbUZ6WlNBOUlHTnZiWEJ2YzJsMGFXOXVMbVZ1ZEhKcFpYTkdiM0lvVFdGMFkyaERiMjF3YjNOcGRHbHZibHB2Ym1VdVltVnVZMmdwTG14bGJtZDBhRHNLSUNBZ0lIWmhjaUJpWlc1amFFVjRkSEpoSUQwZ01Ec0tJQ0FnSUhKbGRIVnliaUJqYjIxd2IzTnBkR2x2Ymk1amIzQjVWMmwwYUNnS0lDQWdJQ0FnWm05eWJXRjBhVzl1UTI5a1pUb2dabTl5YldGMGFXOXVMbU52WkdVc0NpQWdJQ0FnSUdWdWRISnBaWE02SUZzS0lDQWdJQ0FnSUNCbWIzSWdLR1pwYm1Gc0lHVnVkSEo1SUdsdUlHTnZiWEJ2YzJsMGFXOXVMbVZ1ZEhKcFpYTXBDaUFnSUNBZ0lDQWdJQ0JwWmlBb2NHeGhZMlZ0Wlc1MExtTnZiblJoYVc1elMyVjVLR1Z1ZEhKNUxuQmhjblJwWTJsd1lXNTBTV1FwS1FvZ0lDQWdJQ0FnSUNBZ0lDQmZaVzUwY25sWGFYUm9VM1JoZEhWektBb2dJQ0FnSUNBZ0lDQWdJQ0FnSUdWdWRISjVMQW9nSUNBZ0lDQWdJQ0FnSUNBZ0lFMWhkR05vUTI5dGNHOXphWFJwYjI1YWIyNWxMbVpwWld4a0xBb2dJQ0FnSUNBZ0lDQWdJQ0FnSUhnNklIQnNZV05sYldWdWRGdGxiblJ5ZVM1d1lYSjBhV05wY0dGdWRFbGtYU0V1Wkhnc0NpQWdJQ0FnSUNBZ0lDQWdJQ0FnZVRvZ2NHeGhZMlZ0Wlc1MFcyVnVkSEo1TG5CaGNuUnBZMmx3WVc1MFNXUmRJUzVrZVN3S0lDQWdJQ0FnSUNBZ0lDQWdLUW9nSUNBZ0lDQWdJQ0FnWld4elpTQnBaaUFvYjNabGNtWnNiM2N1WTI5dWRHRnBibk1vWlc1MGNua3VjR0Z5ZEdsamFYQmhiblJKWkNrcENpQWdJQ0FnSUNBZ0lDQWdJRjlsYm5SeWVWZHBkR2hUZEdGMGRYTW9DaUFnSUNBZ0lDQWdJQ0FnSUNBZ1pXNTBjbmtzQ2lBZ0lDQWdJQ0FnSUNBZ0lDQWdUV0YwWTJoRGIyMXdiM05wZEdsdmJscHZibVV1WW1WdVkyZ3NDaUFnSUNBZ0lDQWdJQ0FnSUNBZ2MyOXlkRTl5WkdWeU9pQmlaVzVqYUVKaGMyVWdLeUJpWlc1amFFVjRkSEpoS3lzc0NpQWdJQ0FnSUNBZ0lDQWdJQ2tLSUNBZ0lDQWdJQ0FnSUdWc2MyVUtJQ0FnSUNBZ0lDQWdJQ0FnWlc1MGNua3NDaUFnSUNBZ0lGMHNDaUFnSUNBcE93b2dJSDBLQ2lBZ1ltOXZiQ0JuWlhR
Shell: Z1gyeHZZMnRsWkNCN0NpQWdJQ0JtYVc1aGJDQnJhV05yYjJabUlEMGdYMk52Ym5adlkyRjBhVzl1Y3o4dWEybGphMjltWmtGME93b2dJQ0FnY21WMGRYSnVJR3RwWTJ0dlptWWdJVDBnYm5Wc2JDQW1KaUFoUkdGMFpWUnBiV1V1Ym05M0tDa3VhWE5DWldadmNtVW9hMmxqYTI5bVppazdDaUFnZlFvS0lDQmliMjlzSUdkbGRDQmZZMjl0Y0c5emFYUnBiMjVNYjJOclpXUWdQVDRLSUNBZ0lDQWdYMkoxYzNrZ2ZId2dLRjl3YjNOMFRXRjBZMmdnUHlCZlkyOXRjRzl6YVhScGIyNUZlR2x6ZEdWa0lEb2dYMnh2WTJ0bFpDazdDZ29nSUdKdmIyd2daMlYwSUY5allXNURiMjV6ZFd4MFYyRnBkR3hwYzNRZ2V3b2dJQ0FnWm1sdVlXd2dZMjl1ZG05allYUnBiMjV6SUQwZ1gyTnZiblp2WTJGMGFXOXVjenNLSUNBZ0lHbG1JQ2hqYjI1MmIyTmhkR2x2Ym5NZ1BUMGdiblZzYkNCOGZDQWhZMjl1ZG05allYUnBiMjV6TG1selVIVmliR2x6YUdWa0tTQnlaWFIxY200Z1ptRnNjMlU3Q2lBZ0lDQm1hVzVoYkNCMWJuUnBiRXRwWTJ0dlptWWdQU0JqYjI1MmIyTmhkR2x2Ym5NdWEybGphMjltWmtGMExtUnBabVpsY21WdVkyVW9SR0YwWlZScGJXVXVibTkzS0NrcE93b2dJQ0FnY21WMGRYSnVJQ0YxYm5ScGJFdHBZMnR2Wm1ZdWFYTk9aV2RoZEdsMlpTQW1KaUIxYm5ScGJFdHBZMnR2Wm1ZZ1BEMGdZMjl1YzNRZ1JIVnlZWFJwYjI0b1pHRjVjem9nTmlrN0NpQWdmUW9LSUNCTWFYTjBQRU52Ym5adlkyRjBhVzl1VUd4aGVXVnlQaUJuWlhRZ1gyTnZiblp2YTJWa1VHeGhlV1Z5Y3lCN0NpQWdJQ0JtYVc1aGJDQndiR0Y1WlhKeklEMGdLRjlqYjI1MmIyTmhkR2x2Ym5NL0xuQnNZWGxsY25NZ1B6OGdZMjl1YzNRZ1BFTnZiblp2WTJGMGFXOXVVR3hoZVdWeVBsdGRLUW9nSUNBZ0lDQWdJQzUzYUdWeVpTZ0tJQ0FnSUNBZ0lDQWdJQ2h3YkdGNVpYSXBJRDArSUY5d2IzTjBUV0YwWTJnS0lDQWdJQ0FnSUNBZ0lDQWdJQ0EvSUY5aFkzUjFZV3hRY21WelpXNTBMbU52Ym5SaGFXNXpLSEJzWVhsbGNpNXdZWEowYVdOcGNHRnVkRWxrS1FvZ0lDQWdJQ0FnSUNBZ0lDQWdJRG9nS0hCc1lYbGxjaTVwYzBGMllXbHNZV0pzWlNCOGZDQndiR0Y1WlhJdWFYTkhkV1Z6ZENrZ0ppWUtJQ0FnSUNBZ0lDQWdJQ0FnSUNBZ0lDQWdYMlJsYzJseVpXUkRiMjUyYjJ0bFpDNWpiMjUwWVdsdWN5aHdiR0Y1WlhJdWNHRnlkR2xqYVhCaGJuUkpaQ2tzQ2lBZ0lDQWdJQ0FnS1FvZ0lDQWdJQ0FnSUM1MGIweHBjM1FvS1RzS0lDQWdJSEJzWVhsbGNuTXVjMjl5ZENoZmNHeGhlV1Z5VDNKa1pYSXBPd29nSUNBZ2NtVjBkWEp1SUhCc1lYbGxjbk03Q2lBZ2ZRb0tJQ0JNYVhOMFBFTnZiblp2WTJGMGFXOXVVR3hoZVdWeVBpQm5aWFFnWDNkaGFYUnNhWE4wWldSUWJHRjVaWEp6SUhzS0lDQWdJR1pwYm1Gc0lIQnNZWGxsY25NZ1BTQW9YMk52Ym5adlkyRjBhVzl1Y3o4dWNHeGhlV1Z5Y3lBL1B5QmpiMjV6ZENBOFEyOXVkbTlqWVhScGIyNVFiR0Y1WlhJK1cxMHBDaUFnSUNBZ0lDQWdMbmRvWlhKbEtBb2dJQ0FnSUNBZ0lDQWdLSEJzWVhsbGNpa2dQVDRLSUNBZ0lDQWdJQ0FnSUNBZ0lDQndiR0Y1WlhJdWFYTkJkbUZwYkdGaWJHVWdKaVlLSUNBZ0lDQWdJQ0FnSUNBZ0lDQWhjR3hoZVdWeUxtbHpSM1ZsYzNRZ0ppWUtJQ0FnSUNBZ0lDQWdJQ0FnSUNBaFgyUmxjMmx5WldSRGIyNTJiMnRsWkM1amIyNTBZV2x1Y3lod2JHRjVaWEl1Y0dGeWRHbGphWEJoYm5SSlpDa3NDaUFnSUNBZ0lDQWdLUW9nSUNBZ0lDQWdJQzUwYjB4cGMzUW9LVHNLSUNBZ0lIQnNZWGxsY25NdWMyOXlkQ2hmY0d4aGVXVnlUM0prWlhJcE93b2dJQ0FnY21WMGRYSnVJSEJzWVhsbGNuTTdDaUFnZlFvS0lDQk1hWE4wUEVOdmJuWnZZMkYwYVc5dVVHeGhlV1Z5UGlCblpYUWdYMkZpYzJWdWRGQnNZWGxsY25NZ2V3b2dJQ0FnWm1sdVlXd2djR3hoZVdWeWN5QTlJQ2hmWTI5dWRtOWpZWFJwYjI1elB5NXdiR0Y1WlhKeklEOC9JR052Ym5OMElEeERiMjUyYjJOaGRHbHZibEJzWVhsbGNqNWJYU2tLSUNBZ0lDQWdJQ0F1ZDJobGNtVW9LSEJzWVhsbGNpa2dQVDRnY0d4aGVXVnlMbWx6UVdKelpXNTBLUW9nSUNBZ0lDQWdJQzUwYjB4cGMzUW9LVHNLSUNBZ0lIQnNZWGxsY25NdWMyOXlkQ2hmY0d4aGVXVnlUM0prWlhJcE93b2dJQ0FnY21WMGRYSnVJSEJzWVhsbGNuTTdDaUFnZlFvS0lDQk1hWE4wUEVOdmJuWnZZMkYwYVc5dVVHeGhlV1Z5UGlCblpYUWdYM1Z1WVc1emQyVnlaV1JRYkdGNVpYSnpJSHNLSUNBZ0lHWnBibUZzSUhCc1lYbGxjbk1nUFNBb1gyTnZiblp2WTJGMGFXOXVjejh1Y0d4aGVXVnljeUEvUHlCamIyNXpkQ0E4UTI5dWRtOWpZWFJwYjI1UWJHRjVaWEkrVzEwcENpQWdJQ0FnSUNBZ0xuZG9aWEpsS0Nod2JHRjVaWElwSUQwK0lIQnNZWGxsY2k1aGRtRnBiR0ZpYVd4cGRIbFRkR0YwZFhNZ1BUMGdKMjV2WDNKbGMzQnZibk5sSnlrS0lDQWdJQ0FnSUNBdWRHOU1hWE4wS0NrN0NpQWdJQ0J3YkdGNVpYSnpMbk52Y25Rb1gzQnNZWGxsY2s5eVpHVnlLVHNLSUNBZ0lISmxkSFZ5YmlCd2JHRjVaWEp6T3dvZ0lIMEtDaUFnYVc1MElGOXdiR0Y1WlhKUGNtUmxjaWhEYjI1MmIyTmhkR2x2YmxCc1lYbGxjaUJoTENCRGIyNTJiMk5oZEdsdmJsQnNZWGxsY2lCaUtTQjdDaUFnSUNCbWFXNWhiQ0JpZVZCdmMybDBhVzl1SUQwZ0tHRXVkMkZwZEd4cGMzUlFiM05wZEdsdmJpQS9QeUF4SUR3OElESXdLUzVqYjIxd1lYSmxWRzhvQ2lBZ0lDQWdJR0l1ZDJGcGRHeHBjM1JRYjNOcGRHbHZiaUEvUHlBeElEdzhJREl3TEFvZ0lDQWdLVHNLSUNBZ0lISmxkSFZ5YmlCaWVWQnZjMmwwYVc5dUlDRTlJREFLSUNBZ0lDQWdJQ0EvSUdKNVVHOXphWFJwYjI0S0lDQWdJQ0FnSUNBNklHRXVaR2x6Y0d4aGVVNWhiV1V1ZEc5TWIzZGxja05oYzJVb0tTNWpiMjF3WVhKbFZHOG9ZaTVrYVhOd2JHRjVUbUZ0WlM1MGIweHZkMlZ5UTJGelpTZ3BLVHNLSUNCOUNnb2dJSFp2YVdRZ1gzTmxkRU52Ym5admEyVmtLRU52Ym5adlkyRjBhVzl1VUd4aGVXVnlJSEJzWVhsbGNpd2dZbTl2YkNCMllXeDFaU2tnZXdvZ0lDQWdhV1lnS0Y5
Shell: aWRYTjVJSHg4SUY5c2IyTnJaV1FnZkh3Z2NHeGhlV1Z5TG1selIzVmxjM1FwSUhKbGRIVnlianNLSUNBZ0lITmxkRk4wWVhSbEtDZ3BJSHNLSUNBZ0lDQWdhV1lnS0haaGJIVmxLU0I3Q2lBZ0lDQWdJQ0FnWDJSbGMybHlaV1JEYjI1MmIydGxaQzVoWkdRb2NHeGhlV1Z5TG5CaGNuUnBZMmx3WVc1MFNXUXBPd29nSUNBZ0lDQjlJR1ZzYzJVZ2V3b2dJQ0FnSUNBZ0lGOWtaWE5wY21Wa1EyOXVkbTlyWldRdWNtVnRiM1psS0hCc1lYbGxjaTV3WVhKMGFXTnBjR0Z1ZEVsa0tUc0tJQ0FnSUNBZ2ZRb2dJQ0FnSUNCZlpXWm1aV04wYVdaRWFYSjBlU0E5SUhSeWRXVTdDaUFnSUNCOUtUc0tJQ0I5Q2dvZ0lFWjFkSFZ5WlR4MmIybGtQaUJmYzJGMlpVVm1abVZqZEdsbUtDa2dZWE41Ym1NZ2V3b2dJQ0FnWm1sdVlXd2dZMjl1ZG05allYUnBiMjV6SUQwZ1gyTnZiblp2WTJGMGFXOXVjenNLSUNBZ0lHbG1JQ2hqYjI1MmIyTmhkR2x2Ym5NZ1BUMGdiblZzYkNCOGZDQmZZblZ6ZVNCOGZDQmZiRzlqYTJWa0tTQnlaWFIxY200N0NpQWdJQ0JtYVc1aGJDQnNhVzFwZENBOUlHbHVkQzUwY25sUVlYSnpaU2hmYkdsdGFYUkRiMjUwY205c2JHVnlMblJsZUhRdWRISnBiU2dwS1RzS0lDQWdJR2xtSUNoc2FXMXBkQ0E5UFNCdWRXeHNJSHg4SUd4cGJXbDBJRHdnTVNCOGZDQnNhVzFwZENBK0lETXdLU0I3Q2lBZ0lDQWdJRjl6YUc5M1RXVnpjMkZuWlNnblUyRnBjMmx6SUhWdVpTQnNhVzFwZEdVZ1kyOXRjSEpwYzJVZ1pXNTBjbVVnTVNCbGRDQXpNQzRuS1RzS0lDQWdJQ0FnY21WMGRYSnVPd29nSUNBZ2ZRb2dJQ0FnYzJWMFUzUmhkR1VvS0NrZ1BUNGdYMkoxYzNrZ1BTQjBjblZsS1RzS0lDQWdJSFJ5ZVNCN0NpQWdJQ0FnSUdacGJtRnNJSEpsY0c5emFYUnZjbmtnUFNCeVpXWXVjbVZoWkNoemNHOXlkRmRoYVhSc2FYTjBVbVZ3YjNOcGRHOXllVkJ5YjNacFpHVnlLVHNLSUNBZ0lDQWdZWGRoYVhRZ2NtVndiM05wZEc5eWVTNXpZWFpsUldabVpXTjBhV1lvQ2lBZ0lDQWdJQ0FnYldGMFkyaEpaRG9nWTI5dWRtOWpZWFJwYjI1ekxtMWhkR05vU1dRc0NpQWdJQ0FnSUNBZ2MzRjFZV1JUYVhwbFRHbHRhWFE2SUd4cGJXbDBMQW9nSUNBZ0lDQWdJR1JsWTJsemFXOXVjem9nZXdvZ0lDQWdJQ0FnSUNBZ1ptOXlJQ2htYVc1aGJDQndiR0Y1WlhJZ2FXNGdZMjl1ZG05allYUnBiMjV6TG5Cc1lYbGxjbk1wQ2lBZ0lDQWdJQ0FnSUNBZ0lHbG1JQ2doY0d4aGVXVnlMbWx6UjNWbGMzUWdKaVlLSUNBZ0lDQWdJQ0FnSUNBZ0lDQWdJSEJzWVhsbGNpNXBjMEYyWVdsc1lXSnNaU0FtSmdvZ0lDQWdJQ0FnSUNBZ0lDQWdJQ0FnY0d4aGVXVnlMbk5sWVhOdmJsQnNZWGxsY2tsa0xtbHpUbTkwUlcxd2RIa3BDaUFnSUNBZ0lDQWdJQ0FnSUNBZ2NHeGhlV1Z5TG5ObFlYTnZibEJzWVhsbGNrbGtPZ29nSUNBZ0lDQWdJQ0FnSUNBZ0lDQWdJQ0JmWkdWemFYSmxaRU52Ym5admEyVmtMbU52Ym5SaGFXNXpLSEJzWVhsbGNpNXdZWEowYVdOcGNHRnVkRWxrS1FvZ0lDQWdJQ0FnSUNBZ0lDQWdJQ0FnSUNBZ0lDQWdQeUJEYjI1MmIyTmhkR2x2YmxOMFlYUjFjeTVqYjI1MmIydGxaQW9nSUNBZ0lDQWdJQ0FnSUNBZ0lDQWdJQ0FnSUNBZ09pQkRiMjUyYjJOaGRHbHZibE4wWVhSMWN5NXViM1JEYjI1MmIydGxaQ3dLSUNBZ0lDQWdJQ0I5TEFvZ0lDQWdJQ0FnSUhKbFlYTnZiam9nSjBWbVptVmpkR2xtSUdWdWNtVm5hWE4wY3NPcElHUmxjSFZwY3lCc1pTQnRZWFJqYUNjc0NpQWdJQ0FnSUNrN0NpQWdJQ0FnSUdGM1lXbDBJRjlzYjJGa1YyOXlhM053WVdObEtHTnZiblp2WTJGMGFXOXVjeTV0WVhSamFFbGtLVHNLSUNBZ0lDQWdjbVZtTG1sdWRtRnNhV1JoZEdVb2JXRjBZMmhCZG1GcGJHRmlhV3hwZEhsQ2IyRnlaRkJ5YjNacFpHVnlLR052Ym5adlkyRjBhVzl1Y3k1dFlYUmphRWxrS1NrN0NpQWdJQ0FnSUdsbUlDZ2hiVzkxYm5SbFpDa2djbVYwZFhKdU93b2dJQ0FnSUNCbWFXNWhiQ0JqYjNWdWRDQTlJRjlqYjI1MmIydGxaRkJzWVhsbGNuTXViR1Z1WjNSb093b2dJQ0FnSUNCZmMyaHZkMDFsYzNOaFoyVW9DaUFnSUNBZ0lDQWdZMjkxYm5RZ1BpQnNhVzFwZEFvZ0lDQWdJQ0FnSUNBZ0lDQS9JQ2RGWm1abFkzUnBaaUJsYm5KbFoybHpkSExEcVNBNklDUmpiM1Z1ZENCamIyNTJiM0YxdzZseklIQnZkWElnZFc1bElHeHBiV2wwWlNCcGJtUnBZMkYwYVhabElHUmxJQ1JzYVcxcGRDNG5DaUFnSUNBZ0lDQWdJQ0FnSURvZ0owVm1abVZqZEdsbUlHVnVjbVZuYVhOMGNzT3BMaWNzQ2lBZ0lDQWdJQ2s3Q2lBZ0lDQjlJR05oZEdOb0lDaGxjbkp2Y2lrZ2V3b2dJQ0FnSUNCcFppQW9iVzkxYm5SbFpDa2dYM05vYjNkTlpYTnpZV2RsS0doMWJXRnVhWHBsUlhKeWIzSW9aWEp5YjNJcEtUc0tJQ0FnSUgwZ1ptbHVZV3hzZVNCN0NpQWdJQ0FnSUdsbUlDaHRiM1Z1ZEdWa0tTQnpaWFJUZEdGMFpTZ29LU0E5UGlCZlluVnplU0E5SUdaaGJITmxLVHNLSUNBZ0lIMEtJQ0I5Q2dvZ0lFMWhkR05vUTI5dGNHOXphWFJwYjI1RmJuUnllU0JmWlc1MGNubFhhWFJvVTNSaGRIVnpLQW9nSUNBZ1RXRjBZMmhEYjIxd2IzTnBkR2x2YmtWdWRISjVJR1Z1ZEhKNUxBb2dJQ0FnVFdGMFkyaERiMjF3YjNOcGRHbHZibHB2Ym1VZ2VtOXVaU3dnZXdvZ0lDQWdaRzkxWW14bFB5QjRMQW9nSUNBZ1pHOTFZbXhsUHlCNUxBb2dJQ0FnYVc1MFB5QnpiM0owVDNKa1pYSXNDaUFnZlNrZ2V3b2dJQ0FnY21WMGRYSnVJRTFoZEdOb1EyOXRjRzl6YVhScGIyNUZiblJ5ZVNnS0lDQWdJQ0FnY0dGeWRHbGphWEJoYm5SSlpEb2daVzUwY25rdWNHRnlkR2xqYVhCaGJuUkpaQ3dLSUNBZ0lDQWdjMlZoYzI5dVVHeGhlV1Z5U1dRNklHVnVkSEo1TG5ObFlYTnZibEJzWVhsbGNrbGtMQW9nSUNBZ0lDQm5kV1Z6ZEZCc1lYbGxja2xrT2lCbGJuUnllUzVuZFdWemRGQnNZWGxsY2tsa0xBb2dJQ0FnSUNCa2FYTndiR0Y1VG1GdFpUb2daVzUwY25rdVpHbHpjR3hoZVU1aGJXVXNDaUFnSUNBZ0lHbHpSM1ZsYzNRNklHVnVkSEo1TG1selIzVmxjM1FzQ2lBZ0lDQWdJR2x6UjI5aGJHdGxaWEJsY2pvZ1pXNTBjbmt1YVhO
Shell: SGIyRnNhMlZsY0dWeUxBb2dJQ0FnSUNCNmIyNWxPaUI2YjI1bExBb2dJQ0FnSUNCNE9pQjZiMjVsSUQwOUlFMWhkR05vUTI5dGNHOXphWFJwYjI1YWIyNWxMbVpwWld4a0lEOGdlQ0E2SUc1MWJHd3NDaUFnSUNBZ0lIazZJSHB2Ym1VZ1BUMGdUV0YwWTJoRGIyMXdiM05wZEdsdmJscHZibVV1Wm1sbGJHUWdQeUI1SURvZ2JuVnNiQ3dLSUNBZ0lDQWdjMnh2ZEV4aFltVnNPaUJsYm5SeWVTNXpiRzkwVEdGaVpXd3NDaUFnSUNBZ0lIQm9iM1J2VlhKc09pQmxiblJ5ZVM1d2FHOTBiMVZ5YkN3S0lDQWdJQ0FnWjI5aGJITTZJR1Z1ZEhKNUxtZHZZV3h6TEFvZ0lDQWdJQ0JwYzAxdmRHMDZJR1Z1ZEhKNUxtbHpUVzkwYlN3S0lDQWdJQ0FnYzI5eWRFOXlaR1Z5T2lCemIzSjBUM0prWlhJZ1B6OGdaVzUwY25rdWMyOXlkRTl5WkdWeUxBb2dJQ0FnSUNCaGRtRnBiR0ZpYVd4cGRIbFRkR0YwZFhNNklHVnVkSEo1TG1GMllXbHNZV0pwYkdsMGVWTjBZWFIxY3l3S0lDQWdJQ0FnWTI5dWRtOWpZWFJwYjI1VGRHRjBkWE02SUdWdWRISjVMbU52Ym5adlkyRjBhVzl1VTNSaGRIVnpMQW9nSUNBZ0lDQnpaV3hsWTNScGIyNVRkR0YwZFhNNklITjNhWFJqYUNBb2VtOXVaU2tnZXdvZ0lDQWdJQ0FnSUUxaGRHTm9RMjl0Y0c5emFYUnBiMjVhYjI1bExtWnBaV3hrSUQwK0lDZHpkR0Z5ZEdWeUp5d0tJQ0FnSUNBZ0lDQk5ZWFJqYUVOdmJYQnZjMmwwYVc5dVdtOXVaUzVpWlc1amFDQTlQaUFuYzNWaWMzUnBkSFYwWlNjc0NpQWdJQ0FnSUNBZ1RXRjBZMmhEYjIxd2IzTnBkR2x2YmxwdmJtVXVibTkwVTJWc1pXTjBaV1FnUFQ0Z0oyNXZkRjl6Wld4bFkzUmxaQ2NzQ2lBZ0lDQWdJQ0FnVFdGMFkyaERiMjF3YjNOcGRHbHZibHB2Ym1VdVlYWmhhV3hoWW14bElEMCtJQ2QxYm1SbFkybGtaV1FuTEFvZ0lDQWdJQ0I5TEFvZ0lDQWdLVHNLSUNCOUNnb2dJQzh2THlCRGFHRnVaMlVnYkdVZ1pHbHpjRzl6YVhScFppQmxkQ0J5WlhCdmMybDBhVzl1Ym1VZ2JHVnpJSFJwZEhWc1lXbHlaWE1nYzNWeUlHeGxjeUJ1YjNWMlpXRjFlQW9nSUM4dkx5QndiM04wWlhNZ0tHeGxJR2RoY21ScFpXNGdaQ2RoWW05eVpDd2djM1Z5SUd4bElFZENLUzRnVEdWeklIUnBkSFZzWVdseVpYTWdaVzRnZEhKdmNDQndZWE56Wlc1MElHRjFDaUFnTHk4dklHSmhibU1zSUd4bGN5QndiM04wWlhNZ1pXNGdjM1Z5Y0d4MWN5QnlaWE4wWlc1MElIWnBaR1Z6TGdvZ0lIWnZhV1FnWDJGd2NHeDVSbTl5YldGMGFXOXVLRk4wY21sdVp5QmpiMlJsS1NCN0NpQWdJQ0JtYVc1aGJDQmpiMjF3YjNOcGRHbHZiaUE5SUY5amIyMXdiM05wZEdsdmJqc0tJQ0FnSUdsbUlDaGpiMjF3YjNOcGRHbHZiaUE5UFNCdWRXeHNJSHg4SUY5amIyMXdiM05wZEdsdmJreHZZMnRsWkNrZ2NtVjBkWEp1T3dvZ0lDQWdhV1lnS0dadmNtMWhkR2x2YmtadmNrTnZaR1VvWTI5dGNHOXphWFJwYjI0dVptOXliV0YwYVc5dVEyOWtaU2t1WTI5a1pTQTlQU0JqYjJSbEtTQnlaWFIxY200N0NpQWdJQ0JtYVc1aGJDQnpiRzkwY3lBOUlHWnZjbTFoZEdsdmJrWnZja052WkdVb1kyOWtaU2t1YzJ4dmRITTdDaUFnSUNCbWFXNWhiQ0JtYVdWc1pDQTlJR052YlhCdmMybDBhVzl1TG1WdWRISnBaWE5HYjNJb1RXRjBZMmhEYjIxd2IzTnBkR2x2YmxwdmJtVXVabWxsYkdRcE93b2dJQ0FnWm1sdVlXd2diM0prWlhKbFpDQTlJRnNLSUNBZ0lDQWdMaTR1Wm1sbGJHUXVkMmhsY21Vb0tHVnVkSEo1S1NBOVBpQmxiblJ5ZVM1cGMwZHZZV3hyWldWd1pYSXBMQW9nSUNBZ0lDQXVMaTVtYVdWc1pDNTNhR1Z5WlNnb1pXNTBjbmtwSUQwK0lDRmxiblJ5ZVM1cGMwZHZZV3hyWldWd1pYSXBMQW9nSUNBZ1hUc0tJQ0FnSUdacGJtRnNJSEJzWVdObGJXVnVkQ0E5SUR4VGRISnBibWNzSUU5bVpuTmxkRDU3ZlRzS0lDQWdJR1pwYm1Gc0lHOTJaWEptYkc5M0lEMGdQRk4wY21sdVp6NTdmVHNLSUNBZ0lHWnZjaUFvZG1GeUlHa2dQU0F3T3lCcElEd2diM0prWlhKbFpDNXNaVzVuZEdnN0lHa2dLejBnTVNrZ2V3b2dJQ0FnSUNCcFppQW9hU0E4SUhOc2IzUnpMbXhsYm1kMGFDa2dld29nSUNBZ0lDQWdJSEJzWVdObGJXVnVkRnR2Y21SbGNtVmtXMmxkTG5CaGNuUnBZMmx3WVc1MFNXUmRJRDBnYzJ4dmRITmJhVjB1Y0c5emFYUnBiMjQ3Q2lBZ0lDQWdJSDBnWld4elpTQjdDaUFnSUNBZ0lDQWdiM1psY21ac2IzY3VZV1JrS0c5eVpHVnlaV1JiYVYwdWNHRnlkR2xqYVhCaGJuUkpaQ2s3Q2lBZ0lDQWdJSDBLSUNBZ0lIMEtJQ0FnSUdacGJtRnNJR0psYm1Ob1FtRnpaU0E5SUdOdmJYQnZjMmwwYVc5dUxtVnVkSEpwWlhOR2IzSW9UV0YwWTJoRGIyMXdiM05wZEdsdmJscHZibVV1WW1WdVkyZ3BMbXhsYm1kMGFEc0tJQ0FnSUhaaGNpQmlaVzVqYUVWNGRISmhJRDBnTURzS0lDQWdJSE5sZEZOMFlYUmxLQ2dwSUhzS0lDQWdJQ0FnWDJOdmJYQnZjMmwwYVc5dUlEMGdZMjl0Y0c5emFYUnBiMjR1WTI5d2VWZHBkR2dvQ2lBZ0lDQWdJQ0FnWm05eWJXRjBhVzl1UTI5a1pUb2dZMjlrWlN3S0lDQWdJQ0FnSUNCb1lYTlZibkIxWW14cGMyaGxaRU5vWVc1blpYTTZJSFJ5ZFdVc0NpQWdJQ0FnSUNBZ1pXNTBjbWxsY3pvZ1d3b2dJQ0FnSUNBZ0lDQWdabTl5SUNobWFXNWhiQ0JsYm5SeWVTQnBiaUJqYjIxd2IzTnBkR2x2Ymk1bGJuUnlhV1Z6S1FvZ0lDQWdJQ0FnSUNBZ0lDQnBaaUFvY0d4aFkyVnRaVzUwTG1OdmJuUmhhVzV6UzJWNUtHVnVkSEo1TG5CaGNuUnBZMmx3WVc1MFNXUXBLUW9nSUNBZ0lDQWdJQ0FnSUNBZ0lGOWxiblJ5ZVZkcGRHaFRkR0YwZFhNb0NpQWdJQ0FnSUNBZ0lDQWdJQ0FnSUNCbGJuUnllU3dLSUNBZ0lDQWdJQ0FnSUNBZ0lDQWdJRTFoZEdOb1EyOXRjRzl6YVhScGIyNWFiMjVsTG1acFpXeGtMQW9nSUNBZ0lDQWdJQ0FnSUNBZ0lDQWdlRG9nY0d4aFkyVnRaVzUwVzJWdWRISjVMbkJoY25ScFkybHdZVzUwU1dSZElTNWtlQ3dLSUNBZ0lDQWdJQ0FnSUNBZ0lDQWdJSGs2SUhCc1lXTmxiV1Z1ZEZ0bGJuUnllUzV3WVhKMGFXTnBjR0Z1ZEVsa1hTRXVaSGtzQ2lBZ0lDQWdJQ0FnSUNBZ0lDQWdLUW9nSUNBZ0lDQWdJQ0FnSUNC
Shell: bGJITmxJR2xtSUNodmRtVnlabXh2ZHk1amIyNTBZV2x1Y3lobGJuUnllUzV3WVhKMGFXTnBjR0Z1ZEVsa0tTa0tJQ0FnSUNBZ0lDQWdJQ0FnSUNCZlpXNTBjbmxYYVhSb1UzUmhkSFZ6S0FvZ0lDQWdJQ0FnSUNBZ0lDQWdJQ0FnWlc1MGNua3NDaUFnSUNBZ0lDQWdJQ0FnSUNBZ0lDQk5ZWFJqYUVOdmJYQnZjMmwwYVc5dVdtOXVaUzVpWlc1amFDd0tJQ0FnSUNBZ0lDQWdJQ0FnSUNBZ0lITnZjblJQY21SbGNqb2dZbVZ1WTJoQ1lYTmxJQ3NnWW1WdVkyaEZlSFJ5WVNzckxBb2dJQ0FnSUNBZ0lDQWdJQ0FnSUNrS0lDQWdJQ0FnSUNBZ0lDQWdaV3h6WlFvZ0lDQWdJQ0FnSUNBZ0lDQWdJR1Z1ZEhKNUxBb2dJQ0FnSUNBZ0lGMHNDaUFnSUNBZ0lDazdDaUFnSUNCOUtUc0tJQ0I5Q2dvZ0lIWnZhV1FnWDJSeWIzQlBibE5zYjNRb1RXRjBZMmhEYjIxd2IzTnBkR2x2YmtWdWRISjVJRzF2ZG1sdVp5d2dSbTl2ZEdKaGJHeEdiM0p0WVhScGIyNVRiRzkwSUhOc2IzUXBJSHNLSUNBZ0lHWnBibUZzSUdOdmJYQnZjMmwwYVc5dUlEMGdYMk52YlhCdmMybDBhVzl1T3dvZ0lDQWdhV1lnS0dOdmJYQnZjMmwwYVc5dUlEMDlJRzUxYkd3Z2ZId2dYMk52YlhCdmMybDBhVzl1VEc5amEyVmtLU0J5WlhSMWNtNDdDaUFnSUNCbWFXNWhiQ0JqZFhKeVpXNTBRWFJUYkc5MElEMGdZMjl0Y0c5emFYUnBiMjR1Wlc1MGNtbGxjd29nSUNBZ0lDQWdJQzUzYUdWeVpTZ29aVzUwY25rcElEMCtJR1Z1ZEhKNUxucHZibVVnUFQwZ1RXRjBZMmhEYjIxd2IzTnBkR2x2YmxwdmJtVXVabWxsYkdRcENpQWdJQ0FnSUNBZ0xtTmhjM1E4VFdGMFkyaERiMjF3YjNOcGRHbHZia1Z1ZEhKNVB6NG9LUW9nSUNBZ0lDQWdJQzVtYVhKemRGZG9aWEpsS0FvZ0lDQWdJQ0FnSUNBZ0tHVnVkSEo1S1NBOVBnb2dJQ0FnSUNBZ0lDQWdJQ0FnSUdWdWRISjVJQ0U5SUc1MWJHd2dKaVlLSUNBZ0lDQWdJQ0FnSUNBZ0lDQW9UMlptYzJWMEtHVnVkSEo1TG5nZ1B6OGdMalVzSUdWdWRISjVMbmtnUHo4Z0xqVXBJQzBnYzJ4dmRDNXdiM05wZEdsdmJpa3VaR2x6ZEdGdVkyVWdQQW9nSUNBZ0lDQWdJQ0FnSUNBZ0lDQWdJQ0F1TVRJc0NpQWdJQ0FnSUNBZ0lDQnZja1ZzYzJVNklDZ3BJRDArSUc1MWJHd3NDaUFnSUNBZ0lDQWdLVHNLSUNBZ0lHWnBibUZzSUc5c1pGQnZjMmwwYVc5dUlEMGdiVzkyYVc1bkxucHZibVVnUFQwZ1RXRjBZMmhEYjIxd2IzTnBkR2x2YmxwdmJtVXVabWxsYkdRS0lDQWdJQ0FnSUNBL0lFOW1abk5sZENodGIzWnBibWN1ZUNBL1B5QXVOU3dnYlc5MmFXNW5MbmtnUHo4Z0xqVXBDaUFnSUNBZ0lDQWdPaUJ1ZFd4c093b2dJQ0FnYzJWMFUzUmhkR1VvS0NrZ2V3b2dJQ0FnSUNCZlkyOXRjRzl6YVhScGIyNGdQU0JqYjIxd2IzTnBkR2x2Ymk1amIzQjVWMmwwYUNnS0lDQWdJQ0FnSUNCb1lYTlZibkIxWW14cGMyaGxaRU5vWVc1blpYTTZJSFJ5ZFdVc0NpQWdJQ0FnSUNBZ1pXNTBjbWxsY3pvZ1d3b2dJQ0FnSUNBZ0lDQWdabTl5SUNobWFXNWhiQ0JsYm5SeWVTQnBiaUJqYjIxd2IzTnBkR2x2Ymk1bGJuUnlhV1Z6S1FvZ0lDQWdJQ0FnSUNBZ0lDQnBaaUFvWlc1MGNua3VjR0Z5ZEdsamFYQmhiblJKWkNBOVBTQnRiM1pwYm1jdWNHRnlkR2xqYVhCaGJuUkpaQ2tLSUNBZ0lDQWdJQ0FnSUNBZ0lDQmZaVzUwY25sWGFYUm9VM1JoZEhWektBb2dJQ0FnSUNBZ0lDQWdJQ0FnSUNBZ1pXNTBjbmtzQ2lBZ0lDQWdJQ0FnSUNBZ0lDQWdJQ0JOWVhSamFFTnZiWEJ2YzJsMGFXOXVXbTl1WlM1bWFXVnNaQ3dLSUNBZ0lDQWdJQ0FnSUNBZ0lDQWdJSGc2SUhOc2IzUXVjRzl6YVhScGIyNHVaSGdzQ2lBZ0lDQWdJQ0FnSUNBZ0lDQWdJQ0I1T2lCemJHOTBMbkJ2YzJsMGFXOXVMbVI1TEFvZ0lDQWdJQ0FnSUNBZ0lDQWdJQ2tLSUNBZ0lDQWdJQ0FnSUNBZ1pXeHpaU0JwWmlBb1kzVnljbVZ1ZEVGMFUyeHZkQ0FoUFNCdWRXeHNJQ1ltQ2lBZ0lDQWdJQ0FnSUNBZ0lDQWdJQ0JsYm5SeWVTNXdZWEowYVdOcGNHRnVkRWxrSUQwOUlHTjFjbkpsYm5SQmRGTnNiM1F1Y0dGeWRHbGphWEJoYm5SSlpDa0tJQ0FnSUNBZ0lDQWdJQ0FnSUNCdmJHUlFiM05wZEdsdmJpQTlQU0J1ZFd4c0NpQWdJQ0FnSUNBZ0lDQWdJQ0FnSUNBZ0lEOGdYMlZ1ZEhKNVYybDBhRk4wWVhSMWN5aGxiblJ5ZVN3Z1RXRjBZMmhEYjIxd2IzTnBkR2x2YmxwdmJtVXVZbVZ1WTJncENpQWdJQ0FnSUNBZ0lDQWdJQ0FnSUNBZ0lEb2dYMlZ1ZEhKNVYybDBhRk4wWVhSMWN5Z0tJQ0FnSUNBZ0lDQWdJQ0FnSUNBZ0lDQWdJQ0FnSUdWdWRISjVMQW9nSUNBZ0lDQWdJQ0FnSUNBZ0lDQWdJQ0FnSUNBZ1RXRjBZMmhEYjIxd2IzTnBkR2x2YmxwdmJtVXVabWxsYkdRc0NpQWdJQ0FnSUNBZ0lDQWdJQ0FnSUNBZ0lDQWdJQ0I0T2lCdmJHUlFiM05wZEdsdmJpNWtlQ3dLSUNBZ0lDQWdJQ0FnSUNBZ0lDQWdJQ0FnSUNBZ0lIazZJRzlzWkZCdmMybDBhVzl1TG1SNUxBb2dJQ0FnSUNBZ0lDQWdJQ0FnSUNBZ0lDQWdJQ2tLSUNBZ0lDQWdJQ0FnSUNBZ1pXeHpaUW9nSUNBZ0lDQWdJQ0FnSUNBZ0lHVnVkSEo1TEFvZ0lDQWdJQ0FnSUYwc0NpQWdJQ0FnSUNrN0NpQWdJQ0I5S1RzS0lDQjlDZ29nSUhadmFXUWdYMjF2ZG1WVWIwSmxibU5vS0UxaGRHTm9RMjl0Y0c5emFYUnBiMjVGYm5SeWVTQnRiM1pwYm1jcElIc0tJQ0FnSUdacGJtRnNJR052YlhCdmMybDBhVzl1SUQwZ1gyTnZiWEJ2YzJsMGFXOXVPd29nSUNBZ2FXWWdLR052YlhCdmMybDBhVzl1SUQwOUlHNTFiR3dnZkh3Z1gyTnZiWEJ2YzJsMGFXOXVURzlqYTJWa0tTQnlaWFIxY200N0NpQWdJQ0JtYVc1aGJDQmlaVzVqYUVOdmRXNTBJRDBLSUNBZ0lDQWdJQ0JqYjIxd2IzTnBkR2x2Ymk1bGJuUnlhV1Z6Um05eUtFMWhkR05vUTI5dGNHOXphWFJwYjI1YWIyNWxMbUpsYm1Ob0tTNXNaVzVuZEdnN0NpQWdJQ0J6WlhSVGRHRjBaU2dvS1NCN0NpQWdJQ0FnSUY5amIyMXdiM05wZEdsdmJpQTlJR052YlhCdmMybDBhVzl1TG1OdmNIbFhhWFJvS0FvZ0lDQWdJQ0FnSUdoaGMxVnVjSFZpYkdsemFHVmtRMmhoYm1kbGN6b2dkSEoxWlN3S0lDQWdJQ0FnSUNCbGJuUnlhV1Z6T2lC
Shell: YkNpQWdJQ0FnSUNBZ0lDQm1iM0lnS0dacGJtRnNJR1Z1ZEhKNUlHbHVJR052YlhCdmMybDBhVzl1TG1WdWRISnBaWE1wQ2lBZ0lDQWdJQ0FnSUNBZ0lHbG1JQ2hsYm5SeWVTNXdZWEowYVdOcGNHRnVkRWxrSUQwOUlHMXZkbWx1Wnk1d1lYSjBhV05wY0dGdWRFbGtLUW9nSUNBZ0lDQWdJQ0FnSUNBZ0lGOWxiblJ5ZVZkcGRHaFRkR0YwZFhNb0NpQWdJQ0FnSUNBZ0lDQWdJQ0FnSUNCbGJuUnllU3dLSUNBZ0lDQWdJQ0FnSUNBZ0lDQWdJRTFoZEdOb1EyOXRjRzl6YVhScGIyNWFiMjVsTG1KbGJtTm9MQW9nSUNBZ0lDQWdJQ0FnSUNBZ0lDQWdjMjl5ZEU5eVpHVnlPaUJpWlc1amFFTnZkVzUwTEFvZ0lDQWdJQ0FnSUNBZ0lDQWdJQ2tLSUNBZ0lDQWdJQ0FnSUNBZ1pXeHpaUW9nSUNBZ0lDQWdJQ0FnSUNBZ0lHVnVkSEo1TEFvZ0lDQWdJQ0FnSUYwc0NpQWdJQ0FnSUNrN0NpQWdJQ0I5S1RzS0lDQjlDZ29nSUUxaGRHTm9RMjl0Y0c5emFYUnBiMjRnWDJOdmJYQnZjMmwwYVc5dVVtVmhaSGxVYjFOaGRtVW9LU0I3Q2lBZ0lDQm1hVzVoYkNCamIyMXdiM05wZEdsdmJpQTlJRjlqYjIxd2IzTnBkR2x2YmlFN0NpQWdJQ0JtYVc1aGJDQmpkWEp5Wlc1MFEyOXVkbTlyWldRZ1BTQmZjRzl6ZEUxaGRHTm9DaUFnSUNBZ0lDQWdQeUJmWVdOMGRXRnNVSEpsYzJWdWRBb2dJQ0FnSUNBZ0lEb2dlMlp2Y2lBb1ptbHVZV3dnY0d4aGVXVnlJR2x1SUY5amIyNTJiMnRsWkZCc1lYbGxjbk1wSUhCc1lYbGxjaTV3WVhKMGFXTnBjR0Z1ZEVsa2ZUc0tJQ0FnSUhaaGNpQmlaVzVqYUU5eVpHVnlJRDBnTURzS0lDQWdJSEpsZEhWeWJpQmpiMjF3YjNOcGRHbHZiaTVqYjNCNVYybDBhQ2dLSUNBZ0lDQWdaVzUwY21sbGN6b2dXd29nSUNBZ0lDQWdJR1p2Y2lBb1ptbHVZV3dnWlc1MGNua2dhVzRnWTI5dGNHOXphWFJwYjI0dVpXNTBjbWxsY3lrS0lDQWdJQ0FnSUNBZ0lHbG1JQ2doWTNWeWNtVnVkRU52Ym5admEyVmtMbU52Ym5SaGFXNXpLR1Z1ZEhKNUxuQmhjblJwWTJsd1lXNTBTV1FwS1FvZ0lDQWdJQ0FnSUNBZ0lDQmZaVzUwY25sWGFYUm9VM1JoZEhWektHVnVkSEo1TENCTllYUmphRU52YlhCdmMybDBhVzl1V205dVpTNXViM1JUWld4bFkzUmxaQ2tLSUNBZ0lDQWdJQ0FnSUdWc2MyVWdhV1lnS0dWdWRISjVMbnB2Ym1VZ1BUMGdUV0YwWTJoRGIyMXdiM05wZEdsdmJscHZibVV1Wm1sbGJHUXBDaUFnSUNBZ0lDQWdJQ0FnSUdWdWRISjVDaUFnSUNBZ0lDQWdJQ0JsYkhObENpQWdJQ0FnSUNBZ0lDQWdJRjlsYm5SeWVWZHBkR2hUZEdGMGRYTW9DaUFnSUNBZ0lDQWdJQ0FnSUNBZ1pXNTBjbmtzQ2lBZ0lDQWdJQ0FnSUNBZ0lDQWdUV0YwWTJoRGIyMXdiM05wZEdsdmJscHZibVV1WW1WdVkyZ3NDaUFnSUNBZ0lDQWdJQ0FnSUNBZ2MyOXlkRTl5WkdWeU9pQmlaVzVqYUU5eVpHVnlLeXNzQ2lBZ0lDQWdJQ0FnSUNBZ0lDa3NDaUFnSUNBZ0lGMHNDaUFnSUNBcE93b2dJSDBLQ2lBZ1JuVjBkWEpsUEUxaGRHTm9RMjl0Y0c5emFYUnBiMjQvUGlCZmMyRjJaVU52YlhCdmMybDBhVzl1S0h0eVpYRjFhWEpsWkNCaWIyOXNJSEIxWW14cGMyaDlLU0JoYzNsdVl5QjdDaUFnSUNCcFppQW9YMk52YlhCdmMybDBhVzl1SUQwOUlHNTFiR3dnZkh3Z1gyTnZiWEJ2YzJsMGFXOXVURzlqYTJWa0tTQnlaWFIxY200Z2JuVnNiRHNLSUNBZ0lITmxkRk4wWVhSbEtDZ3BJRDArSUY5aWRYTjVJRDBnZEhKMVpTazdDaUFnSUNCMGNua2dld29nSUNBZ0lDQm1hVzVoYkNCeVpYQnZjMmwwYjNKNUlEMGdjbVZtTG5KbFlXUW9iV0YwWTJoRGIyMXdiM05wZEdsdmJsSmxjRzl6YVhSdmNubFFjbTkyYVdSbGNpazdDaUFnSUNBZ0lHWnBibUZzSUhKbFlXUjVJRDBnWDJOdmJYQnZjMmwwYVc5dVVtVmhaSGxVYjFOaGRtVW9LVHNLSUNBZ0lDQWdiR0YwWlNCbWFXNWhiQ0JOWVhSamFFTnZiWEJ2YzJsMGFXOXVJSEpsYzNWc2REc0tJQ0FnSUNBZ2FXWWdLRjl3YjNOMFRXRjBZMmdwSUhzS0lDQWdJQ0FnSUNCeVpYTjFiSFFnUFNCaGQyRnBkQ0J5WlhCdmMybDBiM0o1TG1OeVpXRjBaVkJ2YzNSTllYUmphRU52YlhCdmMybDBhVzl1S0FvZ0lDQWdJQ0FnSUNBZ1kyOXRjRzl6YVhScGIyNDZJSEpsWVdSNUxBb2dJQ0FnSUNBZ0lDQWdZV3hzYjNkVGNYVmhaRk5wZW1WRmVHTmxjSFJwYjI0NklIUnlkV1VzQ2lBZ0lDQWdJQ0FnSUNCeVpXRnpiMjQ2SUNkRGIyMXdiM05wZEdsdmJpQnl3NmxsYkd4bElIQjFZbXhwdzZsbElHRndjc09vY3lCbWFXNWhiR2x6WVhScGIyNGdaSFVnYldGMFkyZ25MQW9nSUNBZ0lDQWdJQ2s3Q2lBZ0lDQWdJSDBnWld4elpTQjdDaUFnSUNBZ0lDQWdabWx1WVd3Z2MyRjJaV1FnUFNCaGQyRnBkQ0J5WlhCdmMybDBiM0o1TG5OaGRtVkRiMjF3YjNOcGRHbHZiaWdLSUNBZ0lDQWdJQ0FnSUdOdmJYQnZjMmwwYVc5dU9pQnlaV0ZrZVN3S0lDQWdJQ0FnSUNBZ0lHRnNiRzkzVTNGMVlXUlRhWHBsUlhoalpYQjBhVzl1T2lCMGNuVmxMQW9nSUNBZ0lDQWdJQ0FnY21WaGMyOXVPaUJ3ZFdKc2FYTm9DaUFnSUNBZ0lDQWdJQ0FnSUNBZ1B5QW5VSExEcVhCaGNtRjBhVzl1SUdSbElHeGhJSEIxWW14cFkyRjBhVzl1SndvZ0lDQWdJQ0FnSUNBZ0lDQWdJRG9nSjBKeWIzVnBiR3h2YmlCa1pTQmpiMjF3YjNOcGRHbHZiaWNzQ2lBZ0lDQWdJQ0FnS1RzS0lDQWdJQ0FnSUNCcFppQW9jSFZpYkdsemFDa2dld29nSUNBZ0lDQWdJQ0FnWVhkaGFYUWdjbVZtTG5KbFlXUW9jM0J2Y25SWFlXbDBiR2x6ZEZKbGNHOXphWFJ2Y25sUWNtOTJhV1JsY2lrdWNIVmliR2x6YUUxaGRHTm9LQW9nSUNBZ0lDQWdJQ0FnSUNBZ0lDQWdiV0YwWTJoSlpEb2djbVZoWkhrdWJXRjBZMmhKWkN3S0lDQWdJQ0FnSUNBZ0lDQWdJQ0FnSUhKbFlYTnZiam9nSjBWbVptVmpkR2xtSUdOdmJtWnBjbTNEcVNCaGRtRnVkQ0J3ZFdKc2FXTmhkR2x2YmlCa1pTQnNZU0JqYjIxd2IzTnBkR2x2Ymljc0NpQWdJQ0FnSUNBZ0lDQWdJQ0FnS1RzS0lDQWdJQ0FnSUNBZ0lISmxjM1ZzZENBOUlHRjNZV2wwSUhKbGNHOXphWFJ2Y25rdWNIVmliR2x6YUVOdmJYQnZjMmwwYVc5dUtBb2dJQ0FnSUNBZ0lDQWdJQ0J0WVhS
Shell: amFFbGtPaUJ5WldGa2VTNXRZWFJqYUVsa0xBb2dJQ0FnSUNBZ0lDQWdJQ0JoYkd4dmQxTnhkV0ZrVTJsNlpVVjRZMlZ3ZEdsdmJqb2dkSEoxWlN3S0lDQWdJQ0FnSUNBZ0lDQWdjbVZoYzI5dU9pQW5RMjl0Y0c5emFYUnBiMjRnY0hWaWJHbkRxV1VnWkdWd2RXbHpJR3hsSUcxaGRHTm9KeXdLSUNBZ0lDQWdJQ0FnSUNrN0NpQWdJQ0FnSUNBZ2ZTQmxiSE5sSUhzS0lDQWdJQ0FnSUNBZ0lISmxjM1ZzZENBOUlITmhkbVZrT3dvZ0lDQWdJQ0FnSUgwS0lDQWdJQ0FnZlFvZ0lDQWdJQ0JwWmlBb0lXMXZkVzUwWldRcElISmxkSFZ5YmlCeVpYTjFiSFE3Q2lBZ0lDQWdJSE5sZEZOMFlYUmxLQ2dwSUhzS0lDQWdJQ0FnSUNCZlkyOXRjRzl6YVhScGIyNGdQU0J5WlhOMWJIUTdDaUFnSUNBZ0lDQWdhV1lnS0Y5d2IzTjBUV0YwWTJncElGOWpiMjF3YjNOcGRHbHZia1Y0YVhOMFpXUWdQU0IwY25WbE93b2dJQ0FnSUNCOUtUc0tJQ0FnSUNBZ2NtVm1MbWx1ZG1Gc2FXUmhkR1VvY0hWaWJHbHphR1ZrVFdGMFkyaERiMjF3YjNOcGRHbHZibEJ5YjNacFpHVnlLSEpsWVdSNUxtMWhkR05vU1dRcEtUc0tJQ0FnSUNBZ1gzTm9iM2ROWlhOellXZGxLSEIxWW14cGMyZ2dQeUFuUTI5dGNHOXphWFJwYjI0Z2NIVmliR25EcVdVdUp5QTZJQ2RDY205MWFXeHNiMjRnWlc1eVpXZHBjM1J5dzZrdUp5azdDaUFnSUNBZ0lISmxkSFZ5YmlCeVpYTjFiSFE3Q2lBZ0lDQjlJR05oZEdOb0lDaGxjbkp2Y2lrZ2V3b2dJQ0FnSUNCcFppQW9iVzkxYm5SbFpDa2dYM05vYjNkTlpYTnpZV2RsS0doMWJXRnVhWHBsUlhKeWIzSW9aWEp5YjNJcEtUc0tJQ0FnSUNBZ2NtVjBkWEp1SUc1MWJHdzdDaUFnSUNCOUlHWnBibUZzYkhrZ2V3b2dJQ0FnSUNCcFppQW9iVzkxYm5SbFpDa2djMlYwVTNSaGRHVW9LQ2tnUFQ0Z1gySjFjM2tnUFNCbVlXeHpaU2s3Q2lBZ0lDQjlDaUFnZlFvS0lDQkdkWFIxY21VOGRtOXBaRDRnWDJGa1pFZDFaWE4wS0NrZ1lYTjVibU1nZXdvZ0lDQWdabWx1WVd3Z2JXRjBZMmhKWkNBOUlGOXpaV3hsWTNSbFpFMWhkR05vU1dRN0NpQWdJQ0JwWmlBb2JXRjBZMmhKWkNBOVBTQnVkV3hzSUh4OElGOWlkWE41SUh4OElGOXNiMk5yWldRcElISmxkSFZ5YmpzS0lDQWdJR1pwYm1Gc0lHWnBjbk4wVG1GdFpTQTlJRlJsZUhSRlpHbDBhVzVuUTI5dWRISnZiR3hsY2lncE93b2dJQ0FnWm1sdVlXd2diR0Z6ZEU1aGJXVWdQU0JVWlhoMFJXUnBkR2x1WjBOdmJuUnliMnhzWlhJb0tUc0tJQ0FnSUhaaGNpQm5iMkZzYTJWbGNHVnlJRDBnWm1Gc2MyVTdDaUFnSUNCbWFXNWhiQ0JwYm5CMWRDQTlJR0YzWVdsMElITm9iM2RFYVdGc2IyYzhYMGQxWlhOMFNXNXdkWFErS0FvZ0lDQWdJQ0JqYjI1MFpYaDBPaUJqYjI1MFpYaDBMQW9nSUNBZ0lDQmlkV2xzWkdWeU9pQW9aR2xoYkc5blEyOXVkR1Y0ZENrZ1BUNGdVM1JoZEdWbWRXeENkV2xzWkdWeUtBb2dJQ0FnSUNBZ0lHSjFhV3hrWlhJNklDaGpiMjUwWlhoMExDQnpaWFJFYVdGc2IyZFRkR0YwWlNrZ1BUNGdRV3hsY25SRWFXRnNiMmNvQ2lBZ0lDQWdJQ0FnSUNCMGFYUnNaVG9nWTI5dWMzUWdWR1Y0ZENnblFXcHZkWFJsY2lCMWJpQnBiblpwZE1PcEp5a3NDaUFnSUNBZ0lDQWdJQ0JqYjI1MFpXNTBPaUJUYVc1bmJHVkRhR2xzWkZOamNtOXNiRlpwWlhjb0NpQWdJQ0FnSUNBZ0lDQWdJR05vYVd4a09pQkRiMngxYlc0b0NpQWdJQ0FnSUNBZ0lDQWdJQ0FnYldGcGJrRjRhWE5UYVhwbE9pQk5ZV2x1UVhocGMxTnBlbVV1YldsdUxBb2dJQ0FnSUNBZ0lDQWdJQ0FnSUdOb2FXeGtjbVZ1T2lCYkNpQWdJQ0FnSUNBZ0lDQWdJQ0FnSUNCVVpYaDBSbWxsYkdRb0NpQWdJQ0FnSUNBZ0lDQWdJQ0FnSUNBZ0lHTnZiblJ5YjJ4c1pYSTZJR1pwY25OMFRtRnRaU3dLSUNBZ0lDQWdJQ0FnSUNBZ0lDQWdJQ0FnWVhWMGIyWnZZM1Z6T2lCMGNuVmxMQW9nSUNBZ0lDQWdJQ0FnSUNBZ0lDQWdJQ0JrWldOdmNtRjBhVzl1T2lCamIyNXpkQ0JKYm5CMWRFUmxZMjl5WVhScGIyNG9iR0ZpWld4VVpYaDBPaUFuVUhMRHFXNXZiU0FxSnlrc0NpQWdJQ0FnSUNBZ0lDQWdJQ0FnSUNBcExBb2dJQ0FnSUNBZ0lDQWdJQ0FnSUNBZ1ZHVjRkRVpwWld4a0tBb2dJQ0FnSUNBZ0lDQWdJQ0FnSUNBZ0lDQmpiMjUwY205c2JHVnlPaUJzWVhOMFRtRnRaU3dLSUNBZ0lDQWdJQ0FnSUNBZ0lDQWdJQ0FnWkdWamIzSmhkR2x2YmpvZ1kyOXVjM1FnU1c1d2RYUkVaV052Y21GMGFXOXVLQW9nSUNBZ0lDQWdJQ0FnSUNBZ0lDQWdJQ0FnSUd4aFltVnNWR1Y0ZERvZ0owNXZiU0JtWVdOMWJIUmhkR2xtSnl3S0lDQWdJQ0FnSUNBZ0lDQWdJQ0FnSUNBZ0tTd0tJQ0FnSUNBZ0lDQWdJQ0FnSUNBZ0lDa3NDaUFnSUNBZ0lDQWdJQ0FnSUNBZ0lDQlRkMmwwWTJoTWFYTjBWR2xzWlNnS0lDQWdJQ0FnSUNBZ0lDQWdJQ0FnSUNBZ1kyOXVkR1Z1ZEZCaFpHUnBibWM2SUVWa1oyVkpibk5sZEhNdWVtVnlieXdLSUNBZ0lDQWdJQ0FnSUNBZ0lDQWdJQ0FnZG1Gc2RXVTZJR2R2WVd4clpXVndaWElzQ2lBZ0lDQWdJQ0FnSUNBZ0lDQWdJQ0FnSUhScGRHeGxPaUJqYjI1emRDQlVaWGgwS0NkSFlYSmthV1Z1Snlrc0NpQWdJQ0FnSUNBZ0lDQWdJQ0FnSUNBZ0lHOXVRMmhoYm1kbFpEb2dLSFpoYkhWbEtTQTlQZ29nSUNBZ0lDQWdJQ0FnSUNBZ0lDQWdJQ0FnSUNBZ2MyVjBSR2xoYkc5blUzUmhkR1VvS0NrZ1BUNGdaMjloYkd0bFpYQmxjaUE5SUhaaGJIVmxLU3dLSUNBZ0lDQWdJQ0FnSUNBZ0lDQWdJQ2tzQ2lBZ0lDQWdJQ0FnSUNBZ0lDQWdYU3dLSUNBZ0lDQWdJQ0FnSUNBZ0tTd0tJQ0FnSUNBZ0lDQWdJQ2tzQ2lBZ0lDQWdJQ0FnSUNCaFkzUnBiMjV6T2lCYkNpQWdJQ0FnSUNBZ0lDQWdJRlJsZUhSQ2RYUjBiMjRvQ2lBZ0lDQWdJQ0FnSUNBZ0lDQWdiMjVRY21WemMyVmtPaUFvS1NBOVBpQk9ZWFpwWjJGMGIzSXVjRzl3S0dScFlXeHZaME52Ym5SbGVIUXBMQW9nSUNBZ0lDQWdJQ0FnSUNBZ0lHTm9hV3hrT2lCamIyNXpkQ0JVWlhoMEtDZEJibTUxYkdWeUp5a3NDaUFnSUNBZ0lDQWdJQ0FnSUNrc0NpQWdJQ0FnSUNBZ0lDQWdJRVpwYkd4bFpFSjFkSFJ2Ymln
Shell: S0lDQWdJQ0FnSUNBZ0lDQWdJQ0J2YmxCeVpYTnpaV1E2SUNncElIc0tJQ0FnSUNBZ0lDQWdJQ0FnSUNBZ0lHWnBibUZzSUdacGNuTjBJRDBnWm1seWMzUk9ZVzFsTG5SbGVIUXVkSEpwYlNncE93b2dJQ0FnSUNBZ0lDQWdJQ0FnSUNBZ2FXWWdLR1pwY25OMExtbHpSVzF3ZEhrcElISmxkSFZ5YmpzS0lDQWdJQ0FnSUNBZ0lDQWdJQ0FnSUU1aGRtbG5ZWFJ2Y2k1d2IzQW9DaUFnSUNBZ0lDQWdJQ0FnSUNBZ0lDQWdJR1JwWVd4dlowTnZiblJsZUhRc0NpQWdJQ0FnSUNBZ0lDQWdJQ0FnSUNBZ0lGOUhkV1Z6ZEVsdWNIVjBLR1pwY25OMExDQnNZWE4wVG1GdFpTNTBaWGgwTG5SeWFXMG9LU3dnWjI5aGJHdGxaWEJsY2lrc0NpQWdJQ0FnSUNBZ0lDQWdJQ0FnSUNBcE93b2dJQ0FnSUNBZ0lDQWdJQ0FnSUgwc0NpQWdJQ0FnSUNBZ0lDQWdJQ0FnWTJocGJHUTZJR052Ym5OMElGUmxlSFFvSjBGcWIzVjBaWEluS1N3S0lDQWdJQ0FnSUNBZ0lDQWdLU3dLSUNBZ0lDQWdJQ0FnSUYwc0NpQWdJQ0FnSUNBZ0tTd0tJQ0FnSUNBZ0tTd0tJQ0FnSUNrN0NpQWdJQ0JtYVhKemRFNWhiV1V1WkdsemNHOXpaU2dwT3dvZ0lDQWdiR0Z6ZEU1aGJXVXVaR2x6Y0c5elpTZ3BPd29nSUNBZ2FXWWdLR2x1Y0hWMElEMDlJRzUxYkd3cElISmxkSFZ5YmpzS0lDQWdJSE5sZEZOMFlYUmxLQ2dwSUQwK0lGOWlkWE41SUQwZ2RISjFaU2s3Q2lBZ0lDQjBjbmtnZXdvZ0lDQWdJQ0JoZDJGcGRDQnlaV1l1Y21WaFpDaG5kV1Z6ZEZCc1lYbGxjbk5TWlhCdmMybDBiM0o1VUhKdmRtbGtaWElwTG1OeVpXRjBaVUZ1WkVGa1pFZDFaWE4wS0FvZ0lDQWdJQ0FnSUNBZ0lDQnRZWFJqYUVsa09pQnRZWFJqYUVsa0xBb2dJQ0FnSUNBZ0lDQWdJQ0JtYVhKemRFNWhiV1U2SUdsdWNIVjBMbVpwY25OMFRtRnRaU3dLSUNBZ0lDQWdJQ0FnSUNBZ2JHRnpkRTVoYldVNklHbHVjSFYwTG14aGMzUk9ZVzFsTEFvZ0lDQWdJQ0FnSUNBZ0lDQnBjMGR2WVd4clpXVndaWEk2SUdsdWNIVjBMbWR2WVd4clpXVndaWElzQ2lBZ0lDQWdJQ0FnSUNBZ0lISmxZWE52YmpvZ0owRnFiM1YwSUdSbGNIVnBjeUJGWm1abFkzUnBaaWNzQ2lBZ0lDQWdJQ0FnSUNBcE93b2dJQ0FnSUNCaGQyRnBkQ0JmYkc5aFpGZHZjbXR6Y0dGalpTaHRZWFJqYUVsa0tUc0tJQ0FnSUgwZ1kyRjBZMmdnS0dWeWNtOXlLU0I3Q2lBZ0lDQWdJR2xtSUNodGIzVnVkR1ZrS1NCZmMyaHZkMDFsYzNOaFoyVW9hSFZ0WVc1cGVtVkZjbkp2Y2lobGNuSnZjaWtwT3dvZ0lDQWdmU0JtYVc1aGJHeDVJSHNLSUNBZ0lDQWdhV1lnS0cxdmRXNTBaV1FwSUhObGRGTjBZWFJsS0NncElEMCtJRjlpZFhONUlEMGdabUZzYzJVcE93b2dJQ0FnZlFvZ0lIMEtDaUFnUm5WMGRYSmxQSFp2YVdRK0lGOXlaVzF2ZG1WSGRXVnpkRVp5YjIxTllYUmphQ2hEYjI1MmIyTmhkR2x2YmxCc1lYbGxjaUJ3YkdGNVpYSXBJR0Z6ZVc1aklIc0tJQ0FnSUdacGJtRnNJRzFoZEdOb1NXUWdQU0JmYzJWc1pXTjBaV1JOWVhSamFFbGtPd29nSUNBZ2FXWWdLRzFoZEdOb1NXUWdQVDBnYm5Wc2JDQjhmQ0JmWW5WemVTQjhmQ0JmYkc5amEyVmtJSHg4SUNGd2JHRjVaWEl1YVhOSGRXVnpkQ2tnY21WMGRYSnVPd29nSUNBZ1ptbHVZV3dnWTI5dVptbHliV1ZrSUQwZ1lYZGhhWFFnYzJodmQwUnBZV3h2Wnp4aWIyOXNQaWdLSUNBZ0lDQWdZMjl1ZEdWNGREb2dZMjl1ZEdWNGRDd0tJQ0FnSUNBZ1luVnBiR1JsY2pvZ0tHUnBZV3h2WjBOdmJuUmxlSFFwSUQwK0lFRnNaWEowUkdsaGJHOW5LQW9nSUNBZ0lDQWdJSFJwZEd4bE9pQmpiMjV6ZENCVVpYaDBLQ2RTWlhScGNtVnlJR3ppZ0pscGJuWnBkTU9wSUQ4bktTd0tJQ0FnSUNBZ0lDQmpiMjUwWlc1ME9pQlVaWGgwS0Nja2UzQnNZWGxsY2k1a2FYTndiR0Y1VG1GdFpYMGdjMlZ5WVNCeVpYUnBjc09wSUdSbElHTmxJRzFoZEdOb0xpY3BMQW9nSUNBZ0lDQWdJR0ZqZEdsdmJuTTZJRnNLSUNBZ0lDQWdJQ0FnSUZSbGVIUkNkWFIwYjI0b0NpQWdJQ0FnSUNBZ0lDQWdJRzl1VUhKbGMzTmxaRG9nS0NrZ1BUNGdUbUYyYVdkaGRHOXlMbkJ2Y0Noa2FXRnNiMmREYjI1MFpYaDBMQ0JtWVd4elpTa3NDaUFnSUNBZ0lDQWdJQ0FnSUdOb2FXeGtPaUJqYjI1emRDQlVaWGgwS0NkQmJtNTFiR1Z5Snlrc0NpQWdJQ0FnSUNBZ0lDQXBMQW9nSUNBZ0lDQWdJQ0FnUm1sc2JHVmtRblYwZEc5dUtBb2dJQ0FnSUNBZ0lDQWdJQ0J2YmxCeVpYTnpaV1E2SUNncElEMCtJRTVoZG1sbllYUnZjaTV3YjNBb1pHbGhiRzluUTI5dWRHVjRkQ3dnZEhKMVpTa3NDaUFnSUNBZ0lDQWdJQ0FnSUdOb2FXeGtPaUJqYjI1emRDQlVaWGgwS0NkU1pYUnBjbVZ5Snlrc0NpQWdJQ0FnSUNBZ0lDQXBMQW9nSUNBZ0lDQWdJRjBzQ2lBZ0lDQWdJQ2tzQ2lBZ0lDQXBPd29nSUNBZ2FXWWdLR052Ym1acGNtMWxaQ0FoUFNCMGNuVmxLU0J5WlhSMWNtNDdDaUFnSUNCelpYUlRkR0YwWlNnb0tTQTlQaUJmWW5WemVTQTlJSFJ5ZFdVcE93b2dJQ0FnZEhKNUlIc0tJQ0FnSUNBZ1lYZGhhWFFnY21WbUxuSmxZV1FvWjNWbGMzUlFiR0Y1WlhKelVtVndiM05wZEc5eWVWQnliM1pwWkdWeUtTNXlaVzF2ZG1WSGRXVnpkQ2dLSUNBZ0lDQWdJQ0FnSUNBZ2JXRjBZMmhKWkRvZ2JXRjBZMmhKWkN3S0lDQWdJQ0FnSUNBZ0lDQWdjR0Z5ZEdsamFYQmhiblJKWkRvZ2NHeGhlV1Z5TG5CaGNuUnBZMmx3WVc1MFNXUXNDaUFnSUNBZ0lDQWdJQ0FnSUhKbFlYTnZiam9nSjFKbGRISmhhWFFnWkdWd2RXbHpJRVZtWm1WamRHbG1KeXdLSUNBZ0lDQWdJQ0FnSUNrN0NpQWdJQ0FnSUdGM1lXbDBJRjlzYjJGa1YyOXlhM053WVdObEtHMWhkR05vU1dRcE93b2dJQ0FnZlNCallYUmphQ0FvWlhKeWIzSXBJSHNLSUNBZ0lDQWdhV1lnS0cxdmRXNTBaV1FwSUY5emFHOTNUV1Z6YzJGblpTaG9kVzFoYm1sNlpVVnljbTl5S0dWeWNtOXlLU2s3Q2lBZ0lDQjlJR1pwYm1Gc2JIa2dld29nSUNBZ0lDQnBaaUFvYlc5MWJuUmxaQ2tnYzJWMFUzUmhkR1VvS0NrZ1BUNGdYMkoxYzNrZ1BTQm1ZV3h6WlNrN0NpQWdJQ0I5Q2lBZ2ZRb0tJQ0IyYjJsa0lGOXphRzkzVFdWemMyRm5aU2hUZEhK
Shell: cGJtY2diV1Z6YzJGblpTa2dld29nSUNBZ1UyTmhabVp2YkdSTlpYTnpaVzVuWlhJdWIyWW9DaUFnSUNBZ0lHTnZiblJsZUhRc0NpQWdJQ0FwTG5Ob2IzZFRibUZqYTBKaGNpaFRibUZqYTBKaGNpaGpiMjUwWlc1ME9pQlVaWGgwS0cxbGMzTmhaMlVwS1NrN0NpQWdmUW9LSUNCQWIzWmxjbkpwWkdVS0lDQlhhV1JuWlhRZ1luVnBiR1FvUW5WcGJHUkRiMjUwWlhoMElHTnZiblJsZUhRcElIc0tJQ0FnSUhKbGRIVnliaUJUWTJGbVptOXNaQ2dLSUNBZ0lDQWdZWEJ3UW1GeU9pQkhjbWx1ZEdGQmNIQkNZWElvQ2lBZ0lDQWdJQ0FnZEdsMGJHVTZJR052Ym5OMElGUmxlSFFvSjBkbGMzUnBiMjRnWkhVZ2JXRjBZMmduS1N3S0lDQWdJQ0FnSUNCaFpHMXBiam9nZEhKMVpTd0tJQ0FnSUNBZ0lDQmhZM1JwYjI1ek9pQmJDaUFnSUNBZ0lDQWdJQ0JKWTI5dVFuVjBkRzl1S0FvZ0lDQWdJQ0FnSUNBZ0lDQjBiMjlzZEdsd09pQW5RV04wZFdGc2FYTmxjaWNzQ2lBZ0lDQWdJQ0FnSUNBZ0lHOXVVSEpsYzNObFpEb2dYMnh2WVdScGJtY2dmSHdnWDJKMWMza2dQeUJ1ZFd4c0lEb2dYMnh2WVdSTllYUmphR1Z6TEFvZ0lDQWdJQ0FnSUNBZ0lDQnBZMjl1T2lCamIyNXpkQ0JKWTI5dUtFbGpiMjV6TG5KbFpuSmxjMmdwTEFvZ0lDQWdJQ0FnSUNBZ0tTd0tJQ0FnSUNBZ0lDQmRMQW9nSUNBZ0lDQXBMQW9nSUNBZ0lDQmliMlI1T2lCZlluVnBiR1JDYjJSNUtDa3NDaUFnSUNBcE93b2dJSDBLQ2lBZ1YybGtaMlYwSUY5aWRXbHNaRUp2Wkhrb0tTQjdDaUFnSUNCcFppQW9YMnh2WVdScGJtY3BJSEpsZEhWeWJpQmpiMjV6ZENCRFpXNTBaWElvWTJocGJHUTZJRWR5YVc1MFlWQnliMmR5WlhOelNXNWthV05oZEc5eUtDa3BPd29nSUNBZ2FXWWdLRjl0WVhSamFHVnpMbWx6Ulcxd2RIa3BJSHNLSUNBZ0lDQWdjbVYwZFhKdUlHTnZibk4wSUVObGJuUmxjaWdLSUNBZ0lDQWdJQ0JqYUdsc1pEb2dSM0pwYm5SaFJXMXdkSGxUZEdGMFpTZ0tJQ0FnSUNBZ0lDQWdJR2xqYjI0NklFbGpiMjV6TG1WMlpXNTBYMkoxYzNsZmNtOTFibVJsWkN3S0lDQWdJQ0FnSUNBZ0lIUnBkR3hsT2lBblFYVmpkVzRnYldGMFkyZ2daR2x6Y0c5dWFXSnNaU2NzQ2lBZ0lDQWdJQ0FnSUNCdFpYTnpZV2RsT2lBblEzTERxV1VnZFc0Z2JXRjBZMmdnWkdWd2RXbHpJR3ppZ0psdmJtZHNaWFFnVFdGMFkyaHpJSEJ2ZFhJZ2NITERxWEJoY21WeUlDY0tJQ0FnSUNBZ0lDQWdJQ0FnSUNBbmJPS0FtV1ZtWm1WamRHbG1JR1YwSUd4aElHTnZiWEJ2YzJsMGFXOXVMaWNzQ2lBZ0lDQWdJQ0FnS1N3S0lDQWdJQ0FnS1RzS0lDQWdJSDBLSUNBZ0lISmxkSFZ5YmlCU1pXWnlaWE5vU1c1a2FXTmhkRzl5S0FvZ0lDQWdJQ0J2YmxKbFpuSmxjMmc2SUY5c2IyRmtUV0YwWTJobGN5d0tJQ0FnSUNBZ1kyaHBiR1E2SUV4cGMzUldhV1YzS0FvZ0lDQWdJQ0FnSUhCb2VYTnBZM002SUdOdmJuTjBJRUZzZDJGNWMxTmpjbTlzYkdGaWJHVlRZM0p2Ykd4UWFIbHphV056S0Nrc0NpQWdJQ0FnSUNBZ2NHRmtaR2x1WnpvZ1kyOXVjM1FnUldSblpVbHVjMlYwY3k1bWNtOXRURlJTUWlneE5pd2dNVFlzSURFMkxDQTBNQ2tzQ2lBZ0lDQWdJQ0FnWTJocGJHUnlaVzQ2SUZzS0lDQWdJQ0FnSUNBZ0lHbG1JQ2hmYzJWc1pXTjBaV1JOWVhSamFFbGtJQ0U5SUc1MWJHd3BDaUFnSUNBZ0lDQWdJQ0FnSUZWd1kyOXRhVzVuVFdGMFkyaEdhWGgwZFhKbFNHVmhaR1Z5S0cxaGRHTm9TV1E2SUY5elpXeGxZM1JsWkUxaGRHTm9TV1FoS1N3S0lDQWdJQ0FnSUNBZ0lGTmxaMjFsYm5SbFpFSjFkSFJ2Ymp4ZlFXUnRhVzVUZEdWd1BpZ0tJQ0FnSUNBZ0lDQWdJQ0FnYzJodmQxTmxiR1ZqZEdWa1NXTnZiam9nWm1Gc2MyVXNDaUFnSUNBZ0lDQWdJQ0FnSUhObFoyMWxiblJ6T2lCYkNpQWdJQ0FnSUNBZ0lDQWdJQ0FnWTI5dWMzUWdRblYwZEc5dVUyVm5iV1Z1ZENoMllXeDFaVG9nWDBGa2JXbHVVM1JsY0M1cGJtWnZMQ0JzWVdKbGJEb2dWR1Y0ZENnblNXNW1ieWNwS1N3S0lDQWdJQ0FnSUNBZ0lDQWdJQ0JqYjI1emRDQkNkWFIwYjI1VFpXZHRaVzUwS0FvZ0lDQWdJQ0FnSUNBZ0lDQWdJQ0FnZG1Gc2RXVTZJRjlCWkcxcGJsTjBaWEF1WldabVpXTjBhV1lzQ2lBZ0lDQWdJQ0FnSUNBZ0lDQWdJQ0JzWVdKbGJEb2dWR1Y0ZENnblJXWm1aV04wYVdZbktTd0tJQ0FnSUNBZ0lDQWdJQ0FnSUNBcExBb2dJQ0FnSUNBZ0lDQWdJQ0FnSUdOdmJuTjBJRUoxZEhSdmJsTmxaMjFsYm5Rb0NpQWdJQ0FnSUNBZ0lDQWdJQ0FnSUNCMllXeDFaVG9nWDBGa2JXbHVVM1JsY0M1amIyMXdiM05wZEdsdmJpd0tJQ0FnSUNBZ0lDQWdJQ0FnSUNBZ0lHeGhZbVZzT2lCVVpYaDBLQ2REYjIxd2J5Y3BMQW9nSUNBZ0lDQWdJQ0FnSUNBZ0lDa3NDaUFnSUNBZ0lDQWdJQ0FnSUNBZ2FXWWdLSGRwWkdkbGRDNXphRzkzVUhKbFpHbGpkR2x2YmxOMFpYQXBDaUFnSUNBZ0lDQWdJQ0FnSUNBZ0lDQmpiMjV6ZENCQ2RYUjBiMjVUWldkdFpXNTBLQW9nSUNBZ0lDQWdJQ0FnSUNBZ0lDQWdJQ0IyWVd4MVpUb2dYMEZrYldsdVUzUmxjQzV3Y21Wa2FXTjBhVzl1TEFvZ0lDQWdJQ0FnSUNBZ0lDQWdJQ0FnSUNCc1lXSmxiRG9nVkdWNGRDZ25VSEp2Ym04bktTd0tJQ0FnSUNBZ0lDQWdJQ0FnSUNBZ0lDa3NDaUFnSUNBZ0lDQWdJQ0FnSUYwc0NpQWdJQ0FnSUNBZ0lDQWdJSE5sYkdWamRHVmtPaUI3WDNOMFpYQjlMQW9nSUNBZ0lDQWdJQ0FnSUNCdmJsTmxiR1ZqZEdsdmJrTm9ZVzVuWldRNkNpQWdJQ0FnSUNBZ0lDQWdJQ0FnSUNCZlluVnplU0EvSUc1MWJHd2dPaUFvZG1Gc2RXVXBJRDArSUhObGRGTjBZWFJsS0NncElEMCtJRjl6ZEdWd0lEMGdkbUZzZFdVdVptbHljM1FwTEFvZ0lDQWdJQ0FnSUNBZ0tTd0tJQ0FnSUNBZ0lDQWdJR2xtSUNoZlluVnplU2tnTGk0dVd3b2dJQ0FnSUNBZ0lDQWdJQ0JqYjI1emRDQlRhWHBsWkVKdmVDaG9aV2xuYUhRNklERXdLU3dLSUNBZ0lDQWdJQ0FnSUNBZ1kyOXVjM1FnUjNKcGJuUmhUR2x1WldGeVVISnZaM0psYzNOSmJtUnBZMkYwYjNJb0tTd0tJQ0FnSUNBZ0lDQWdJRjBzQ2lBZ0lDQWdJQ0FnSUNCcFppQW9YMlZ5Y205
Shell: eUlDRTlJRzUxYkd3cElDNHVMbHRqYjI1emRDQlRhWHBsWkVKdmVDaG9aV2xuYUhRNklERXlLU3dnVkdWNGRDaGZaWEp5YjNJaEtWMHNDaUFnSUNBZ0lDQWdJQ0JqYjI1emRDQlRhWHBsWkVKdmVDaG9aV2xuYUhRNklERTJLU3dLSUNBZ0lDQWdJQ0FnSUdsbUlDaGZjM1JsY0NBOVBTQmZRV1J0YVc1VGRHVndMbWx1Wm04Z0ppWWdYM05sYkdWamRHVmtUV0YwWTJoSlpDQWhQU0J1ZFd4c0tRb2dJQ0FnSUNBZ0lDQWdJQ0JOWVhSamFFbHVabTlVWVdJb2JXRjBZMmhKWkRvZ1gzTmxiR1ZqZEdWa1RXRjBZMmhKWkNFcENpQWdJQ0FnSUNBZ0lDQmxiSE5sSUdsbUlDaGZjM1JsY0NBOVBTQmZRV1J0YVc1VGRHVndMbkJ5WldScFkzUnBiMjRnSmlZZ1gzTmxiR1ZqZEdWa1RXRjBZMmhKWkNBaFBTQnVkV3hzS1FvZ0lDQWdJQ0FnSUNBZ0lDQkpibXhwYm1WTllYUmphRkJ5WldScFkzUnBiMjVEWVhKa0tHMWhkR05vU1dRNklGOXpaV3hsWTNSbFpFMWhkR05vU1dRaEtRb2dJQ0FnSUNBZ0lDQWdaV3h6WlNCcFppQW9YMk52Ym5adlkyRjBhVzl1Y3lBaFBTQnVkV3hzSUNZbUlGOWpiMjF3YjNOcGRHbHZiaUFoUFNCdWRXeHNLUW9nSUNBZ0lDQWdJQ0FnSUNCZmMzUmxjQ0E5UFNCZlFXUnRhVzVUZEdWd0xtVm1abVZqZEdsbUNpQWdJQ0FnSUNBZ0lDQWdJQ0FnSUNBL0lGOWlkV2xzWkVWbVptVmpkR2xtS0NrS0lDQWdJQ0FnSUNBZ0lDQWdJQ0FnSURvZ1gySjFhV3hrUTI5dGNHOXphWFJwYjI0b0tTd0tJQ0FnSUNBZ0lDQmRMQW9nSUNBZ0lDQXBMQW9nSUNBZ0tUc0tJQ0I5Q2dvZ0lGZHBaR2RsZENCZlluVnBiR1JGWm1abFkzUnBaaWdwSUhzS0lDQWdJR1pwYm1Gc0lHeHBiV2wwSUQwZ2FXNTBMblJ5ZVZCaGNuTmxLRjlzYVcxcGRFTnZiblJ5YjJ4c1pYSXVkR1Y0ZENrZ1B6OGdNVFE3Q2lBZ0lDQm1hVzVoYkNCdmRtVnlJRDBnWDJOdmJuWnZhMlZrVUd4aGVXVnljeTVzWlc1bmRHZ2dQaUJzYVcxcGREc0tJQ0FnSUhKbGRIVnliaUJEYjJ4MWJXNG9DaUFnSUNBZ0lHTnliM056UVhocGMwRnNhV2R1YldWdWREb2dRM0p2YzNOQmVHbHpRV3hwWjI1dFpXNTBMbk4wY21WMFkyZ3NDaUFnSUNBZ0lHTm9hV3hrY21WdU9pQmJDaUFnSUNBZ0lDQWdRMkZ5WkNnS0lDQWdJQ0FnSUNBZ0lHTm9hV3hrT2lCUVlXUmthVzVuS0FvZ0lDQWdJQ0FnSUNBZ0lDQndZV1JrYVc1bk9pQmpiMjV6ZENCRlpHZGxTVzV6WlhSekxtRnNiQ2d4Tmlrc0NpQWdJQ0FnSUNBZ0lDQWdJR05vYVd4a09pQkRiMngxYlc0b0NpQWdJQ0FnSUNBZ0lDQWdJQ0FnWTNKdmMzTkJlR2x6UVd4cFoyNXRaVzUwT2lCRGNtOXpjMEY0YVhOQmJHbG5ibTFsYm5RdWMzUnlaWFJqYUN3S0lDQWdJQ0FnSUNBZ0lDQWdJQ0JqYUdsc1pISmxiam9nV3dvZ0lDQWdJQ0FnSUNBZ0lDQWdJQ0FnVkdWNGRDZ0tJQ0FnSUNBZ0lDQWdJQ0FnSUNBZ0lDQWdKMFZtWm1WamRHbG1KeXdLSUNBZ0lDQWdJQ0FnSUNBZ0lDQWdJQ0FnYzNSNWJHVTZJRlJvWlcxbExtOW1LQW9nSUNBZ0lDQWdJQ0FnSUNBZ0lDQWdJQ0FnSUdOdmJuUmxlSFFzQ2lBZ0lDQWdJQ0FnSUNBZ0lDQWdJQ0FnSUNrdWRHVjRkRlJvWlcxbExuUnBkR3hsVEdGeVoyVS9MbU52Y0hsWGFYUm9LR1p2Ym5SWFpXbG5hSFE2SUVadmJuUlhaV2xuYUhRdWR6a3dNQ2tzQ2lBZ0lDQWdJQ0FnSUNBZ0lDQWdJQ0FwTEFvZ0lDQWdJQ0FnSUNBZ0lDQWdJQ0FnWTI5dWMzUWdVMmw2WldSQ2IzZ29hR1ZwWjJoME9pQTFLU3dLSUNBZ0lDQWdJQ0FnSUNBZ0lDQWdJR052Ym5OMElGUmxlSFFvQ2lBZ0lDQWdJQ0FnSUNBZ0lDQWdJQ0FnSUNkVWIzVmphR1VnZFc0Z2FtOTFaWFZ5SUhCdmRYSWdkbTlwY2lCellTQmthWE53YjI1cFltbHNhWFREcVNCbGRDQnpiMjRnY21GdVp5NGdKd29nSUNBZ0lDQWdJQ0FnSUNBZ0lDQWdJQ0FuUjJ4cGMzTmxMV3hsSUhCdmRYSWdZMmhoYm1kbGNpQmtaU0JqYjJ4dmJtNWxMaUJVWlhNZ1pNT3BjR3hoWTJWdFpXNTBjeUFuQ2lBZ0lDQWdJQ0FnSUNBZ0lDQWdJQ0FnSUNka1pYWnBaVzV1Wlc1MElIQjFZbXhwWTNNZ1lYQnl3Nmh6SUdWdWNtVm5hWE4wY21WdFpXNTBMaWNzQ2lBZ0lDQWdJQ0FnSUNBZ0lDQWdJQ0FwTEFvZ0lDQWdJQ0FnSUNBZ0lDQWdJQ0FnWTI5dWMzUWdVMmw2WldSQ2IzZ29hR1ZwWjJoME9pQXhOQ2tzQ2lBZ0lDQWdJQ0FnSUNBZ0lDQWdJQ0JVWlhoMFJtbGxiR1FvQ2lBZ0lDQWdJQ0FnSUNBZ0lDQWdJQ0FnSUdOdmJuUnliMnhzWlhJNklGOXNhVzFwZEVOdmJuUnliMnhzWlhJc0NpQWdJQ0FnSUNBZ0lDQWdJQ0FnSUNBZ0lHVnVZV0pzWldRNklDRmZZblZ6ZVNBbUppQWhYMnh2WTJ0bFpDd0tJQ0FnSUNBZ0lDQWdJQ0FnSUNBZ0lDQWdhMlY1WW05aGNtUlVlWEJsT2lCVVpYaDBTVzV3ZFhSVWVYQmxMbTUxYldKbGNpd0tJQ0FnSUNBZ0lDQWdJQ0FnSUNBZ0lDQWdaR1ZqYjNKaGRHbHZiam9nWTI5dWMzUWdTVzV3ZFhSRVpXTnZjbUYwYVc5dUtBb2dJQ0FnSUNBZ0lDQWdJQ0FnSUNBZ0lDQWdJR3hoWW1Wc1ZHVjRkRG9nSjA1dmJXSnlaU0JrWlNCcWIzVmxkWEp6SUhOdmRXaGhhWFREcVNjc0NpQWdJQ0FnSUNBZ0lDQWdJQ0FnSUNBZ0lDQWdZbTl5WkdWeU9pQlBkWFJzYVc1bFNXNXdkWFJDYjNKa1pYSW9LU3dLSUNBZ0lDQWdJQ0FnSUNBZ0lDQWdJQ0FnS1N3S0lDQWdJQ0FnSUNBZ0lDQWdJQ0FnSUNBZ2IyNURhR0Z1WjJWa09pQW9YeWtnUFQ0Z2MyVjBVM1JoZEdVb0tDa2dQVDRnWDJWbVptVmpkR2xtUkdseWRIa2dQU0IwY25WbEtTd0tJQ0FnSUNBZ0lDQWdJQ0FnSUNBZ0lDa3NDaUFnSUNBZ0lDQWdJQ0FnSUNBZ0lDQnBaaUFvYjNabGNpa2dMaTR1V3dvZ0lDQWdJQ0FnSUNBZ0lDQWdJQ0FnSUNCamIyNXpkQ0JUYVhwbFpFSnZlQ2hvWldsbmFIUTZJREV3S1N3S0lDQWdJQ0FnSUNBZ0lDQWdJQ0FnSUNBZ1ZHVjRkQ2dLSUNBZ0lDQWdJQ0FnSUNBZ0lDQWdJQ0FnSUNBbkpIdGZZMjl1ZG05clpXUlFiR0Y1WlhKekxteGxibWQwYUgwZ1kyOXVkbTl4ZGNPcGN5QndiM1Z5SUhWdVpTQnNhVzFwZEdVZ2FXNWthV05oZEdsMlpTQmtaU0FrYkdsdGFYUXVJRXppZ0psbGJuSmxaMmx6ZEhKbGJXVnVkQ0J5WlhO
Shell: MFpTQmhkWFJ2Y21senc2a3VKeXdLSUNBZ0lDQWdJQ0FnSUNBZ0lDQWdJQ0FnSUNCemRIbHNaVG9nWTI5dWMzUWdWR1Y0ZEZOMGVXeGxLQW9nSUNBZ0lDQWdJQ0FnSUNBZ0lDQWdJQ0FnSUNBZ1kyOXNiM0k2SUVOdmJHOXljeTV2Y21GdVoyVXNDaUFnSUNBZ0lDQWdJQ0FnSUNBZ0lDQWdJQ0FnSUNCbWIyNTBWMlZwWjJoME9pQkdiMjUwVjJWcFoyaDBMbmM0TURBc0NpQWdJQ0FnSUNBZ0lDQWdJQ0FnSUNBZ0lDQWdLU3dLSUNBZ0lDQWdJQ0FnSUNBZ0lDQWdJQ0FnS1N3S0lDQWdJQ0FnSUNBZ0lDQWdJQ0FnSUYwc0NpQWdJQ0FnSUNBZ0lDQWdJQ0FnSUNCamIyNXpkQ0JUYVhwbFpFSnZlQ2hvWldsbmFIUTZJREV5S1N3S0lDQWdJQ0FnSUNBZ0lDQWdJQ0FnSUU5MWRHeHBibVZrUW5WMGRHOXVMbWxqYjI0b0NpQWdJQ0FnSUNBZ0lDQWdJQ0FnSUNBZ0lHOXVVSEpsYzNObFpEb2dYMkoxYzNrZ2ZId2dYMnh2WTJ0bFpDQS9JRzUxYkd3Z09pQmZZV1JrUjNWbGMzUXNDaUFnSUNBZ0lDQWdJQ0FnSUNBZ0lDQWdJR2xqYjI0NklHTnZibk4wSUVsamIyNG9TV052Ym5NdWNHVnljMjl1WDJGa1pGOWhiSFJmTVY5dmRYUnNhVzVsWkNrc0NpQWdJQ0FnSUNBZ0lDQWdJQ0FnSUNBZ0lHeGhZbVZzT2lCamIyNXpkQ0JVWlhoMEtDZEJhbTkxZEdWeUlIVnVJR2x1ZG1sMHc2a25LU3dLSUNBZ0lDQWdJQ0FnSUNBZ0lDQWdJQ2tzQ2lBZ0lDQWdJQ0FnSUNBZ0lDQWdYU3dLSUNBZ0lDQWdJQ0FnSUNBZ0tTd0tJQ0FnSUNBZ0lDQWdJQ2tzQ2lBZ0lDQWdJQ0FnS1N3S0lDQWdJQ0FnSUNCamIyNXpkQ0JUYVhwbFpFSnZlQ2hvWldsbmFIUTZJREUwS1N3S0lDQWdJQ0FnSUNCcFppQW9YMk5oYmtOdmJuTjFiSFJYWVdsMGJHbHpkQ2tnTGk0dVd3b2dJQ0FnSUNBZ0lDQWdUM1YwYkdsdVpXUkNkWFIwYjI0dWFXTnZiaWdLSUNBZ0lDQWdJQ0FnSUNBZ2IyNVFjbVZ6YzJWa09pQmZZblZ6ZVNBL0lHNTFiR3dnT2lBb0tTQTlQaUJqYjI1MFpYaDBMbkIxYzJnb0p5OWhaRzFwYmk5M1lXbDBiR2x6ZENjcExBb2dJQ0FnSUNBZ0lDQWdJQ0JwWTI5dU9pQmpiMjV6ZENCSlkyOXVLRWxqYjI1ekxtWnZjbTFoZEY5c2FYTjBYMjUxYldKbGNtVmtYM0p2ZFc1a1pXUXBMQW9nSUNBZ0lDQWdJQ0FnSUNCc1lXSmxiRG9nWTI5dWMzUWdWR1Y0ZENnblEyOXVjM1ZzZEdWeUlHeGhJR3hwYzNSbElHVGlnSmxoZEhSbGJuUmxKeWtzQ2lBZ0lDQWdJQ0FnSUNBcExBb2dJQ0FnSUNBZ0lDQWdZMjl1YzNRZ1UybDZaV1JDYjNnb2FHVnBaMmgwT2lBeE5Da3NDaUFnSUNBZ0lDQWdYU3dLSUNBZ0lDQWdJQ0JNWVhsdmRYUkNkV2xzWkdWeUtBb2dJQ0FnSUNBZ0lDQWdZblZwYkdSbGNqb2dLR052Ym5SbGVIUXNJR052Ym5OMGNtRnBiblJ6S1NCN0NpQWdJQ0FnSUNBZ0lDQWdJR1pwYm1Gc0lHTnZiSFZ0Ym5NZ1BTQmJDaUFnSUNBZ0lDQWdJQ0FnSUNBZ1gwVm1abVZqZEdsbVEyOXNkVzF1S0FvZ0lDQWdJQ0FnSUNBZ0lDQWdJQ0FnZEdsMGJHVTZJQ2REYjI1MmIzRjF3Nmx6Snl3S0lDQWdJQ0FnSUNBZ0lDQWdJQ0FnSUdOdmJHOXlPaUJqYjI1emRDQkRiMnh2Y2lnd2VFWkdNVFk0UVRVeUtTd0tJQ0FnSUNBZ0lDQWdJQ0FnSUNBZ0lHbGpiMjQ2SUVsamIyNXpMbU5vWldOclgyTnBjbU5zWlY5dmRYUnNhVzVsTEFvZ0lDQWdJQ0FnSUNBZ0lDQWdJQ0FnY0d4aGVXVnljem9nWDJOdmJuWnZhMlZrVUd4aGVXVnljeXdLSUNBZ0lDQWdJQ0FnSUNBZ0lDQWdJR0ZqWTJWd2RITkVjbTl3Y3pvZ2RISjFaU3dLSUNBZ0lDQWdJQ0FnSUNBZ0lDQWdJRzl1UVdOalpYQjBPaUFvY0d4aGVXVnlLU0E5UGlCZmMyVjBRMjl1ZG05clpXUW9jR3hoZVdWeUxDQjBjblZsS1N3S0lDQWdJQ0FnSUNBZ0lDQWdJQ0FnSUc5dVZHOW5aMnhsT2lBb2NHeGhlV1Z5S1NBOVBpQmZjMlYwUTI5dWRtOXJaV1FvY0d4aGVXVnlMQ0JtWVd4elpTa3NDaUFnSUNBZ0lDQWdJQ0FnSUNBZ0lDQnZibEpsYlc5MlpVZDFaWE4wT2lCZmNtVnRiM1psUjNWbGMzUkdjbTl0VFdGMFkyZ3NDaUFnSUNBZ0lDQWdJQ0FnSUNBZ0lDQnZibE5vYjNkSmJtWnZPaUJmYzJodmQxQnNZWGxsY2tsdVptOHNDaUFnSUNBZ0lDQWdJQ0FnSUNBZ0lDQnNiMk5yWldRNklGOXNiMk5yWldRZ2ZId2dYMkoxYzNrc0NpQWdJQ0FnSUNBZ0lDQWdJQ0FnS1N3S0lDQWdJQ0FnSUNBZ0lDQWdJQ0JmUldabVpXTjBhV1pEYjJ4MWJXNG9DaUFnSUNBZ0lDQWdJQ0FnSUNBZ0lDQjBhWFJzWlRvZ0oweHBjM1JsSUdUaWdKbGhkSFJsYm5SbEp5d0tJQ0FnSUNBZ0lDQWdJQ0FnSUNBZ0lHTnZiRzl5T2lCamIyNXpkQ0JEYjJ4dmNpZ3dlRVpHUlRBNFFUQXdLU3dLSUNBZ0lDQWdJQ0FnSUNBZ0lDQWdJR2xqYjI0NklFbGpiMjV6TG1odmRYSm5iR0Z6YzE5MGIzQmZjbTkxYm1SbFpDd0tJQ0FnSUNBZ0lDQWdJQ0FnSUNBZ0lIQnNZWGxsY25NNklGOTNZV2wwYkdsemRHVmtVR3hoZVdWeWN5d0tJQ0FnSUNBZ0lDQWdJQ0FnSUNBZ0lHRmpZMlZ3ZEhORWNtOXdjem9nZEhKMVpTd0tJQ0FnSUNBZ0lDQWdJQ0FnSUNBZ0lHOXVRV05qWlhCME9pQW9jR3hoZVdWeUtTQTlQaUJmYzJWMFEyOXVkbTlyWldRb2NHeGhlV1Z5TENCbVlXeHpaU2tzQ2lBZ0lDQWdJQ0FnSUNBZ0lDQWdJQ0J2YmxSdloyZHNaVG9nS0hCc1lYbGxjaWtnUFQ0Z1gzTmxkRU52Ym5admEyVmtLSEJzWVhsbGNpd2dkSEoxWlNrc0NpQWdJQ0FnSUNBZ0lDQWdJQ0FnSUNCdmJsTm9iM2RKYm1adk9pQmZjMmh2ZDFCc1lYbGxja2x1Wm04c0NpQWdJQ0FnSUNBZ0lDQWdJQ0FnSUNCc2IyTnJaV1E2SUY5c2IyTnJaV1FnZkh3Z1gySjFjM2tzQ2lBZ0lDQWdJQ0FnSUNBZ0lDQWdLU3dLSUNBZ0lDQWdJQ0FnSUNBZ0lDQmZSV1ptWldOMGFXWkRiMngxYlc0b0NpQWdJQ0FnSUNBZ0lDQWdJQ0FnSUNCMGFYUnNaVG9nSjBGaWMyVnVkSE1uTEFvZ0lDQWdJQ0FnSUNBZ0lDQWdJQ0FnWTI5c2IzSTZJR052Ym5OMElFTnZiRzl5S0RCNFJrWkNNek5CTTBFcExBb2dJQ0FnSUNBZ0lDQWdJQ0FnSUNBZ2FXTnZiam9nU1dOdmJuTXVZMkZ1WTJWc1gyOTFkR3hwYm1Wa0xBb2dJQ0FnSUNBZ0lDQWdJQ0FnSUNBZ2NHeGhlV1Z5Y3pv
Shell: Z1gyRmljMlZ1ZEZCc1lYbGxjbk1zQ2lBZ0lDQWdJQ0FnSUNBZ0lDQWdJQ0J2YmxOb2IzZEpibVp2T2lCZmMyaHZkMUJzWVhsbGNrbHVabThzQ2lBZ0lDQWdJQ0FnSUNBZ0lDQWdJQ0JzYjJOclpXUTZJSFJ5ZFdVc0NpQWdJQ0FnSUNBZ0lDQWdJQ0FnS1N3S0lDQWdJQ0FnSUNBZ0lDQWdJQ0JmUldabVpXTjBhV1pEYjJ4MWJXNG9DaUFnSUNBZ0lDQWdJQ0FnSUNBZ0lDQjBhWFJzWlRvZ0oxTmhibk1nY3NPcGNHOXVjMlVuTEFvZ0lDQWdJQ0FnSUNBZ0lDQWdJQ0FnWTI5c2IzSTZJR052Ym5OMElFTnZiRzl5S0RCNFJrWTJRamN5T0RBcExBb2dJQ0FnSUNBZ0lDQWdJQ0FnSUNBZ2FXTnZiam9nU1dOdmJuTXVjMk5vWldSMWJHVmZiM1YwYkdsdVpXUXNDaUFnSUNBZ0lDQWdJQ0FnSUNBZ0lDQndiR0Y1WlhKek9pQmZkVzVoYm5OM1pYSmxaRkJzWVhsbGNuTXNDaUFnSUNBZ0lDQWdJQ0FnSUNBZ0lDQnNiMk5yWldRNklGOWlkWE41SUh4OElGOXNiMk5yWldRc0NpQWdJQ0FnSUNBZ0lDQWdJQ0FnSUNCdmJsTm9iM2RKYm1adk9pQmZjMmh2ZDFCc1lYbGxja2x1Wm04c0NpQWdJQ0FnSUNBZ0lDQWdJQ0FnSUNCdmJsSmxiR0Z1WTJWQmJHdzZJQ2hmY21WdGFXNWtaWEp6UHk1allXNVNaVzFwYm1RZ1B6OGdabUZzYzJVcENpQWdJQ0FnSUNBZ0lDQWdJQ0FnSUNBZ0lDQWdQeUFvS1NBOVBpQmZjMlZ1WkZKbGJXbHVaR1Z5S0NrS0lDQWdJQ0FnSUNBZ0lDQWdJQ0FnSUNBZ0lDQTZJRzUxYkd3c0NpQWdJQ0FnSUNBZ0lDQWdJQ0FnS1N3S0lDQWdJQ0FnSUNBZ0lDQWdYVHNLSUNBZ0lDQWdJQ0FnSUNBZ2FXWWdLR052Ym5OMGNtRnBiblJ6TG0xaGVGZHBaSFJvSUQ0OUlEa3dNQ2tnZXdvZ0lDQWdJQ0FnSUNBZ0lDQWdJSEpsZEhWeWJpQlNiM2NvQ2lBZ0lDQWdJQ0FnSUNBZ0lDQWdJQ0JqY205emMwRjRhWE5CYkdsbmJtMWxiblE2SUVOeWIzTnpRWGhwYzBGc2FXZHViV1Z1ZEM1emRHRnlkQ3dLSUNBZ0lDQWdJQ0FnSUNBZ0lDQWdJR05vYVd4a2NtVnVPaUJiQ2lBZ0lDQWdJQ0FnSUNBZ0lDQWdJQ0FnSUdadmNpQW9kbUZ5SUdsdVpHVjRJRDBnTURzZ2FXNWtaWGdnUENCamIyeDFiVzV6TG14bGJtZDBhRHNnYVc1a1pYZ2dLejBnTVNrZ0xpNHVXd29nSUNBZ0lDQWdJQ0FnSUNBZ0lDQWdJQ0FnSUVWNGNHRnVaR1ZrS0dOb2FXeGtPaUJqYjJ4MWJXNXpXMmx1WkdWNFhTa3NDaUFnSUNBZ0lDQWdJQ0FnSUNBZ0lDQWdJQ0FnYVdZZ0tHbHVaR1Y0SUR3Z1kyOXNkVzF1Y3k1c1pXNW5kR2dnTFNBeEtTQmpiMjV6ZENCVGFYcGxaRUp2ZUNoM2FXUjBhRG9nTVRBcExBb2dJQ0FnSUNBZ0lDQWdJQ0FnSUNBZ0lDQmRMQW9nSUNBZ0lDQWdJQ0FnSUNBZ0lDQWdYU3dLSUNBZ0lDQWdJQ0FnSUNBZ0lDQXBPd29nSUNBZ0lDQWdJQ0FnSUNCOUNpQWdJQ0FnSUNBZ0lDQWdJSEpsZEhWeWJpQkRiMngxYlc0b0NpQWdJQ0FnSUNBZ0lDQWdJQ0FnWTJocGJHUnlaVzQ2SUZzS0lDQWdJQ0FnSUNBZ0lDQWdJQ0FnSUdadmNpQW9kbUZ5SUdsdVpHVjRJRDBnTURzZ2FXNWtaWGdnUENCamIyeDFiVzV6TG14bGJtZDBhRHNnYVc1a1pYZ2dLejBnTVNrZ0xpNHVXd29nSUNBZ0lDQWdJQ0FnSUNBZ0lDQWdJQ0JqYjJ4MWJXNXpXMmx1WkdWNFhTd0tJQ0FnSUNBZ0lDQWdJQ0FnSUNBZ0lDQWdhV1lnS0dsdVpHVjRJRHdnWTI5c2RXMXVjeTVzWlc1bmRHZ2dMU0F4S1NCamIyNXpkQ0JUYVhwbFpFSnZlQ2hvWldsbmFIUTZJREV5S1N3S0lDQWdJQ0FnSUNBZ0lDQWdJQ0FnSUYwc0NpQWdJQ0FnSUNBZ0lDQWdJQ0FnWFN3S0lDQWdJQ0FnSUNBZ0lDQWdLVHNLSUNBZ0lDQWdJQ0FnSUgwc0NpQWdJQ0FnSUNBZ0tTd0tJQ0FnSUNBZ0lDQmpiMjV6ZENCVGFYcGxaRUp2ZUNob1pXbG5hSFE2SURFMktTd0tJQ0FnSUNBZ0lDQkdhV3hzWldSQ2RYUjBiMjR1YVdOdmJpZ0tJQ0FnSUNBZ0lDQWdJRzl1VUhKbGMzTmxaRG9nWDJKMWMza2dmSHdnWDJ4dlkydGxaQ0EvSUc1MWJHd2dPaUJmYzJGMlpVVm1abVZqZEdsbUxBb2dJQ0FnSUNBZ0lDQWdhV052YmpvZ1kyOXVjM1FnU1dOdmJpaEpZMjl1Y3k1ellYWmxYMjkxZEd4cGJtVmtLU3dLSUNBZ0lDQWdJQ0FnSUd4aFltVnNPaUJVWlhoMEtBb2dJQ0FnSUNBZ0lDQWdJQ0JmWldabVpXTjBhV1pFYVhKMGVTQS9JQ2RGYm5KbFoybHpkSEpsY2lCczRvQ1paV1ptWldOMGFXWW5JRG9nSjBWbVptVmpkR2xtSUdWdWNtVm5hWE4wY3NPcEp5d0tJQ0FnSUNBZ0lDQWdJQ2tzQ2lBZ0lDQWdJQ0FnS1N3S0lDQWdJQ0FnSUNCcFppQW9YMnh2WTJ0bFpDa0tJQ0FnSUNBZ0lDQWdJR052Ym5OMElGQmhaR1JwYm1jb0NpQWdJQ0FnSUNBZ0lDQWdJSEJoWkdScGJtYzZJRVZrWjJWSmJuTmxkSE11YjI1c2VTaDBiM0E2SURFd0tTd0tJQ0FnSUNBZ0lDQWdJQ0FnWTJocGJHUTZJRlJsZUhRb0owVm1abVZqZEdsbUlIWmxjbkp2ZFdsc2JNT3BJR0YxSUdOdmRYQWdaT0tBbVdWdWRtOXBMaWNwTEFvZ0lDQWdJQ0FnSUNBZ0tTd0tJQ0FnSUNBZ1hTd0tJQ0FnSUNrN0NpQWdmUW9LSUNCWGFXUm5aWFFnWDJKMWFXeGtRMjl0Y0c5emFYUnBiMjRvS1NCN0NpQWdJQ0JtYVc1aGJDQmpiMjF3YjNOcGRHbHZiaUE5SUY5amIyMXdiM05wZEdsdmJpRTdDaUFnSUNCbWFXNWhiQ0JtYVdWc1pDQTlJR052YlhCdmMybDBhVzl1TG1WdWRISnBaWE5HYjNJb1RXRjBZMmhEYjIxd2IzTnBkR2x2YmxwdmJtVXVabWxsYkdRcE93b2dJQ0FnWm1sdVlXd2dZbVZ1WTJnZ1BTQmpiMjF3YjNOcGRHbHZiaTVsYm5SeWFXVnpSbTl5S0UxaGRHTm9RMjl0Y0c5emFYUnBiMjVhYjI1bExtSmxibU5vS1FvZ0lDQWdJQ0F1TG5KbGJXOTJaVmRvWlhKbEtDaGxiblJ5ZVNrZ1BUNGdJVjlrWlhOcGNtVmtRMjl1ZG05clpXUXVZMjl1ZEdGcGJuTW9aVzUwY25rdWNHRnlkR2xqYVhCaGJuUkpaQ2twT3dvZ0lDQWdjbVYwZFhKdUlFTnZiSFZ0YmlnS0lDQWdJQ0FnWTNKdmMzTkJlR2x6UVd4cFoyNXRaVzUwT2lCRGNtOXpjMEY0YVhOQmJHbG5ibTFsYm5RdWMzUnlaWFJqYUN3S0lDQWdJQ0FnWTJocGJHUnlaVzQ2SUZzS0lDQWdJQ0FnSUNCRFlYSmtLQW9nSUNBZ0lDQWdJQ0FnWTJocGJHUTZJRkJoWkdS
Shell: cGJtY29DaUFnSUNBZ0lDQWdJQ0FnSUhCaFpHUnBibWM2SUdOdmJuTjBJRVZrWjJWSmJuTmxkSE11WVd4c0tERTJLU3dLSUNBZ0lDQWdJQ0FnSUNBZ1kyaHBiR1E2SUVOdmJIVnRiaWdLSUNBZ0lDQWdJQ0FnSUNBZ0lDQmpjbTl6YzBGNGFYTkJiR2xuYm0xbGJuUTZJRU55YjNOelFYaHBjMEZzYVdkdWJXVnVkQzV6ZEhKbGRHTm9MQW9nSUNBZ0lDQWdJQ0FnSUNBZ0lHTm9hV3hrY21WdU9pQmJDaUFnSUNBZ0lDQWdJQ0FnSUNBZ0lDQlVaWGgwS0FvZ0lDQWdJQ0FnSUNBZ0lDQWdJQ0FnSUNBblEyOXRjRzl6YVhScGIyNG5MQW9nSUNBZ0lDQWdJQ0FnSUNBZ0lDQWdJQ0J6ZEhsc1pUb2dWR2hsYldVdWIyWW9DaUFnSUNBZ0lDQWdJQ0FnSUNBZ0lDQWdJQ0FnWTI5dWRHVjRkQ3dLSUNBZ0lDQWdJQ0FnSUNBZ0lDQWdJQ0FnS1M1MFpYaDBWR2hsYldVdWRHbDBiR1ZNWVhKblpUOHVZMjl3ZVZkcGRHZ29abTl1ZEZkbGFXZG9kRG9nUm05dWRGZGxhV2RvZEM1M09UQXdLU3dLSUNBZ0lDQWdJQ0FnSUNBZ0lDQWdJQ2tzQ2lBZ0lDQWdJQ0FnSUNBZ0lDQWdJQ0JqYjI1emRDQlRhWHBsWkVKdmVDaG9aV2xuYUhRNklEVXBMQW9nSUNBZ0lDQWdJQ0FnSUNBZ0lDQWdWR1Y0ZENnS0lDQWdJQ0FnSUNBZ0lDQWdJQ0FnSUNBZ1gzQnZjM1JOWVhSamFBb2dJQ0FnSUNBZ0lDQWdJQ0FnSUNBZ0lDQWdJQ0FnUHlBblEyaHZhWE5wY3lCMWJpQmthWE53YjNOcGRHbG1MQ0J3ZFdseklHZHNhWE56WlNCc1pYTWdhbTkxWlhWeWN5Qnl3NmxsYkd4bGJXVnVkQ0J3Y3NPcGMyVnVkSE1nYzNWeUlHeGxjeUJ3YjNOMFpYTWdZV1ptYVdOb3c2bHpMaWNLSUNBZ0lDQWdJQ0FnSUNBZ0lDQWdJQ0FnSUNBZ0lEb2dKME5vYjJsemFYTWdkVzRnWkdsemNHOXphWFJwWml3Z2NIVnBjeUJuYkdsemMyVWdiR1Z6SUdOdmJuWnZjWFhEcVhNZ2MzVnlJR3hsY3lCd2IzTjBaWE1nWVdabWFXTm93Nmx6TGljc0NpQWdJQ0FnSUNBZ0lDQWdJQ0FnSUNBcExBb2dJQ0FnSUNBZ0lDQWdJQ0FnSUNBZ1kyOXVjM1FnVTJsNlpXUkNiM2dvYUdWcFoyaDBPaUF4TkNrc0NpQWdJQ0FnSUNBZ0lDQWdJQ0FnSUNCZlJtOXliV0YwYVc5dVJISnZjR1J2ZDI0b0NpQWdJQ0FnSUNBZ0lDQWdJQ0FnSUNBZ0lIWmhiSFZsT2lCbWIzSnRZWFJwYjI1R2IzSkRiMlJsS0dOdmJYQnZjMmwwYVc5dUxtWnZjbTFoZEdsdmJrTnZaR1VwTG1OdlpHVXNDaUFnSUNBZ0lDQWdJQ0FnSUNBZ0lDQWdJRzl1UTJoaGJtZGxaRG9nWDJOdmJYQnZjMmwwYVc5dVRHOWphMlZrSUQ4Z2JuVnNiQ0E2SUY5aGNIQnNlVVp2Y20xaGRHbHZiaXdLSUNBZ0lDQWdJQ0FnSUNBZ0lDQWdJQ2tzQ2lBZ0lDQWdJQ0FnSUNBZ0lDQWdYU3dLSUNBZ0lDQWdJQ0FnSUNBZ0tTd0tJQ0FnSUNBZ0lDQWdJQ2tzQ2lBZ0lDQWdJQ0FnS1N3S0lDQWdJQ0FnSUNCamIyNXpkQ0JUYVhwbFpFSnZlQ2hvWldsbmFIUTZJREUwS1N3S0lDQWdJQ0FnSUNCRFpXNTBaWElvQ2lBZ0lDQWdJQ0FnSUNCamFHbHNaRG9nUm05eWJXRjBhVzl1VUdsMFkyaEZaR2wwYjNJb0NpQWdJQ0FnSUNBZ0lDQWdJSE5zYjNSek9pQm1iM0p0WVhScGIyNUdiM0pEYjJSbEtHTnZiWEJ2YzJsMGFXOXVMbVp2Y20xaGRHbHZia052WkdVcExuTnNiM1J6TEFvZ0lDQWdJQ0FnSUNBZ0lDQmxiblJ5YVdWek9pQm1hV1ZzWkN3S0lDQWdJQ0FnSUNBZ0lDQWdaV1JwZEdGaWJHVTZJQ0ZmWTI5dGNHOXphWFJwYjI1TWIyTnJaV1FzQ2lBZ0lDQWdJQ0FnSUNBZ0lHOXVSSEp2Y0hCbFpFOXVVMnh2ZERvZ1gyUnliM0JQYmxOc2IzUXNDaUFnSUNBZ0lDQWdJQ0FnSUc5dVVtVnRiM1psUm5KdmJVWnBaV3hrT2lCZmJXOTJaVlJ2UW1WdVkyZ3NDaUFnSUNBZ0lDQWdJQ0FwTEFvZ0lDQWdJQ0FnSUNrc0NpQWdJQ0FnSUNBZ1kyOXVjM1FnVTJsNlpXUkNiM2dvYUdWcFoyaDBPaUF4TkNrc0NpQWdJQ0FnSUNBZ1JISmhaMVJoY21kbGREeE5ZWFJqYUVOdmJYQnZjMmwwYVc5dVJXNTBjbmsrS0FvZ0lDQWdJQ0FnSUNBZ2IyNVhhV3hzUVdOalpYQjBWMmwwYUVSbGRHRnBiSE02SUNoa1pYUmhhV3h6S1NBOVBpQWhYMk52YlhCdmMybDBhVzl1VEc5amEyVmtMQW9nSUNBZ0lDQWdJQ0FnYjI1QlkyTmxjSFJYYVhSb1JHVjBZV2xzY3pvZ0tHUmxkR0ZwYkhNcElEMCtJRjl0YjNabFZHOUNaVzVqYUNoa1pYUmhhV3h6TG1SaGRHRXBMQW9nSUNBZ0lDQWdJQ0FnWW5WcGJHUmxjam9nS0dOdmJuUmxlSFFzSUdOaGJtUnBaR0YwWlhNc0lISmxhbVZqZEdWa0tTQTlQaUJEWVhKa0tBb2dJQ0FnSUNBZ0lDQWdJQ0JqYjJ4dmNqb2dZMkZ1Wkdsa1lYUmxjeTVwYzA1dmRFVnRjSFI1Q2lBZ0lDQWdJQ0FnSUNBZ0lDQWdJQ0EvSUZSb1pXMWxMbTltS0dOdmJuUmxlSFFwTG1OdmJHOXlVMk5vWlcxbExuQnlhVzFoY25sRGIyNTBZV2x1WlhJS0lDQWdJQ0FnSUNBZ0lDQWdJQ0FnSURvZ2JuVnNiQ3dLSUNBZ0lDQWdJQ0FnSUNBZ1kyaHBiR1E2SUZCaFpHUnBibWNvQ2lBZ0lDQWdJQ0FnSUNBZ0lDQWdjR0ZrWkdsdVp6b2dZMjl1YzNRZ1JXUm5aVWx1YzJWMGN5NWhiR3dvTVRZcExBb2dJQ0FnSUNBZ0lDQWdJQ0FnSUdOb2FXeGtPaUJEYjJ4MWJXNG9DaUFnSUNBZ0lDQWdJQ0FnSUNBZ0lDQmpjbTl6YzBGNGFYTkJiR2xuYm0xbGJuUTZJRU55YjNOelFYaHBjMEZzYVdkdWJXVnVkQzV6ZEhKbGRHTm9MQW9nSUNBZ0lDQWdJQ0FnSUNBZ0lDQWdZMmhwYkdSeVpXNDZJRnNLSUNBZ0lDQWdJQ0FnSUNBZ0lDQWdJQ0FnVkdWNGRDZ0tJQ0FnSUNBZ0lDQWdJQ0FnSUNBZ0lDQWdJQ0FuVW1WdGNHeGh3NmRoYm5SeklDZ2tlMkpsYm1Ob0xteGxibWQwYUgwcEp5d0tJQ0FnSUNBZ0lDQWdJQ0FnSUNBZ0lDQWdJQ0J6ZEhsc1pUb2dWR2hsYldVdWIyWW9ZMjl1ZEdWNGRDa3VkR1Y0ZEZSb1pXMWxMblJwZEd4bFRXVmthWFZ0UHk1amIzQjVWMmwwYUNnS0lDQWdJQ0FnSUNBZ0lDQWdJQ0FnSUNBZ0lDQWdJQ0FnSUNCbWIyNTBWMlZwWjJoME9pQkdiMjUwVjJWcFoyaDBMbmM1TURBc0NpQWdJQ0FnSUNBZ0lDQWdJQ0FnSUNBZ0lDQWdJQ0FnSUNrc0NpQWdJQ0FnSUNBZ0lDQWdJQ0FnSUNBZ0lDa3NDaUFnSUNBZ0lDQWdJQ0FnSUNB
Shell: Z0lDQWdJR052Ym5OMElGTnBlbVZrUW05NEtHaGxhV2RvZERvZ09Da3NDaUFnSUNBZ0lDQWdJQ0FnSUNBZ0lDQWdJR2xtSUNoaVpXNWphQzVwYzBWdGNIUjVLUW9nSUNBZ0lDQWdJQ0FnSUNBZ0lDQWdJQ0FnSUdOdmJuTjBJRlJsZUhRb0owRjFZM1Z1SUhKbGJYQnNZY09uWVc1MExpY3BDaUFnSUNBZ0lDQWdJQ0FnSUNBZ0lDQWdJR1ZzYzJVS0lDQWdJQ0FnSUNBZ0lDQWdJQ0FnSUNBZ0lDQlhjbUZ3S0FvZ0lDQWdJQ0FnSUNBZ0lDQWdJQ0FnSUNBZ0lDQWdjM0JoWTJsdVp6b2dNVElzQ2lBZ0lDQWdJQ0FnSUNBZ0lDQWdJQ0FnSUNBZ0lDQnlkVzVUY0dGamFXNW5PaUF4TkN3S0lDQWdJQ0FnSUNBZ0lDQWdJQ0FnSUNBZ0lDQWdJR05vYVd4a2NtVnVPaUJiQ2lBZ0lDQWdJQ0FnSUNBZ0lDQWdJQ0FnSUNBZ0lDQWdJR1p2Y2lBb1ptbHVZV3dnWlc1MGNua2dhVzRnWW1WdVkyZ3BDaUFnSUNBZ0lDQWdJQ0FnSUNBZ0lDQWdJQ0FnSUNBZ0lDQWdYMEpsYm1Ob1FtOTRLQW9nSUNBZ0lDQWdJQ0FnSUNBZ0lDQWdJQ0FnSUNBZ0lDQWdJQ0FnWlc1MGNuazZJR1Z1ZEhKNUxBb2dJQ0FnSUNBZ0lDQWdJQ0FnSUNBZ0lDQWdJQ0FnSUNBZ0lDQWdaSEpoWjJkaFlteGxPaUFoWDJOdmJYQnZjMmwwYVc5dVRHOWphMlZrTEFvZ0lDQWdJQ0FnSUNBZ0lDQWdJQ0FnSUNBZ0lDQWdJQ0FnSUNrc0NpQWdJQ0FnSUNBZ0lDQWdJQ0FnSUNBZ0lDQWdJQ0JkTEFvZ0lDQWdJQ0FnSUNBZ0lDQWdJQ0FnSUNBZ0lDa3NDaUFnSUNBZ0lDQWdJQ0FnSUNBZ0lDQmRMQW9nSUNBZ0lDQWdJQ0FnSUNBZ0lDa3NDaUFnSUNBZ0lDQWdJQ0FnSUNrc0NpQWdJQ0FnSUNBZ0lDQXBMQW9nSUNBZ0lDQWdJQ2tzQ2lBZ0lDQWdJQ0FnWTI5dWMzUWdVMmw2WldSQ2IzZ29hR1ZwWjJoME9pQXhOaWtzQ2lBZ0lDQWdJQ0FnUm1sc2JHVmtRblYwZEc5dUxtbGpiMjRvQ2lBZ0lDQWdJQ0FnSUNCdmJsQnlaWE56WldRNkNpQWdJQ0FnSUNBZ0lDQWdJQ0FnWDJOdmJYQnZjMmwwYVc5dVRHOWphMlZrSUQ4Z2JuVnNiQ0E2SUNncElEMCtJRjl6WVhabFEyOXRjRzl6YVhScGIyNG9jSFZpYkdsemFEb2dkSEoxWlNrc0NpQWdJQ0FnSUNBZ0lDQnBZMjl1T2lCamIyNXpkQ0JKWTI5dUtFbGpiMjV6TG1OaGJYQmhhV2R1WDI5MWRHeHBibVZrS1N3S0lDQWdJQ0FnSUNBZ0lHeGhZbVZzT2lCVVpYaDBLQW9nSUNBZ0lDQWdJQ0FnSUNCZmNHOXpkRTFoZEdOb0lDWW1JRjlqYjIxd2IzTnBkR2x2YmtWNGFYTjBaV1FLSUNBZ0lDQWdJQ0FnSUNBZ0lDQWdJRDhnSjBOdmJYQnZjMmwwYVc5dUlIQjFZbXhwdzZsbEp3b2dJQ0FnSUNBZ0lDQWdJQ0FnSUNBZ09pQmpiMjF3YjNOcGRHbHZiaTVwYzFCMVlteHBjMmhsWkFvZ0lDQWdJQ0FnSUNBZ0lDQWdJQ0FnSUNBZ0lEOGdKMDFsZEhSeVpTRERvQ0JxYjNWeUp3b2dJQ0FnSUNBZ0lDQWdJQ0FnSUNBZ0lDQWdJRG9nSjFCMVlteHBaWEluTEFvZ0lDQWdJQ0FnSUNBZ0tTd0tJQ0FnSUNBZ0lDQXBMQW9nSUNBZ0lDQWdJR2xtSUNoZmNHOXpkRTFoZEdOb0lDWW1JRjlqYjIxd2IzTnBkR2x2YmtWNGFYTjBaV1FwQ2lBZ0lDQWdJQ0FnSUNCamIyNXpkQ0JRWVdSa2FXNW5LQW9nSUNBZ0lDQWdJQ0FnSUNCd1lXUmthVzVuT2lCRlpHZGxTVzV6WlhSekxtOXViSGtvZEc5d09pQXhNQ2tzQ2lBZ0lDQWdJQ0FnSUNBZ0lHTm9hV3hrT2lCVVpYaDBLQW9nSUNBZ0lDQWdJQ0FnSUNBZ0lDZERiMjF3YjNOcGRHbHZiaUIyWlhKeWIzVnBiR3pEcVdVZ09pQjFibVVnWTI5dGNHOXphWFJwYjI0Z1pYaHBjM1JsSUdURHFXckRvQ0J3YjNWeUlHTmxJRzFoZEdOb0xpY3NDaUFnSUNBZ0lDQWdJQ0FnSUNrc0NpQWdJQ0FnSUNBZ0lDQXBDaUFnSUNBZ0lDQWdaV3h6WlNCcFppQW9YMnh2WTJ0bFpDQW1KaUFoWDNCdmMzUk5ZWFJqYUNrS0lDQWdJQ0FnSUNBZ0lHTnZibk4wSUZCaFpHUnBibWNvQ2lBZ0lDQWdJQ0FnSUNBZ0lIQmhaR1JwYm1jNklFVmtaMlZKYm5ObGRITXViMjVzZVNoMGIzQTZJREV3S1N3S0lDQWdJQ0FnSUNBZ0lDQWdZMmhwYkdRNklGUmxlSFFvQ2lBZ0lDQWdJQ0FnSUNBZ0lDQWdKMFpwYm1Gc2FYTmxJR1RpZ0psaFltOXlaQ0JzWlNCdFlYUmphQ0J3YjNWeUlIVjBhV3hwYzJWeUlHeGxjeUJxYjNWbGRYSnpJSExEcVdWc2JHVnRaVzUwSUhCeXc2bHpaVzUwY3k0bkxBb2dJQ0FnSUNBZ0lDQWdJQ0FwTEFvZ0lDQWdJQ0FnSUNBZ0tTd0tJQ0FnSUNBZ1hTd0tJQ0FnSUNrN0NpQWdmUXA5Q2dwamJHRnpjeUJmUldabVpXTjBhV1pEYjJ4MWJXNGdaWGgwWlc1a2N5QlRkR0YwWld4bGMzTlhhV1JuWlhRZ2V3b2dJR052Ym5OMElGOUZabVpsWTNScFprTnZiSFZ0YmloN0NpQWdJQ0J5WlhGMWFYSmxaQ0IwYUdsekxuUnBkR3hsTEFvZ0lDQWdjbVZ4ZFdseVpXUWdkR2hwY3k1amIyeHZjaXdLSUNBZ0lISmxjWFZwY21Wa0lIUm9hWE11YVdOdmJpd0tJQ0FnSUhKbGNYVnBjbVZrSUhSb2FYTXVjR3hoZVdWeWN5d0tJQ0FnSUhKbGNYVnBjbVZrSUhSb2FYTXViRzlqYTJWa0xBb2dJQ0FnZEdocGN5NWhZMk5sY0hSelJISnZjSE1nUFNCbVlXeHpaU3dLSUNBZ0lIUm9hWE11YjI1QlkyTmxjSFFzQ2lBZ0lDQjBhR2x6TG05dVZHOW5aMnhsTEFvZ0lDQWdkR2hwY3k1dmJsSmxiVzkyWlVkMVpYTjBMQW9nSUNBZ2RHaHBjeTV2YmxOb2IzZEpibVp2TEFvZ0lDQWdkR2hwY3k1dmJsSmxiR0Z1WTJWQmJHd3NDaUFnZlNrN0Nnb2dJR1pwYm1Gc0lGTjBjbWx1WnlCMGFYUnNaVHNLSUNCbWFXNWhiQ0JEYjJ4dmNpQmpiMnh2Y2pzS0lDQm1hVzVoYkNCSlkyOXVSR0YwWVNCcFkyOXVPd29nSUdacGJtRnNJRXhwYzNROFEyOXVkbTlqWVhScGIyNVFiR0Y1WlhJK0lIQnNZWGxsY25NN0NpQWdabWx1WVd3Z1ltOXZiQ0JzYjJOclpXUTdDaUFnWm1sdVlXd2dZbTl2YkNCaFkyTmxjSFJ6UkhKdmNITTdDaUFnWm1sdVlXd2dWbUZzZFdWRGFHRnVaMlZrUEVOdmJuWnZZMkYwYVc5dVVHeGhlV1Z5UGo4Z2IyNUJZMk5sY0hRN0NpQWdabWx1WVd3Z1ZtRnNkV1ZEYUdGdVoyVmtQRU52Ym5adlkyRjBhVzl1VUd4aGVXVnlQajhnYjI1VWIyZG5iR1U3Q2lBZ1ptbHVZV3dnVm1Gc2RXVkRhR0Z1WjJW
Shell: a1BFTnZiblp2WTJGMGFXOXVVR3hoZVdWeVBqOGdiMjVTWlcxdmRtVkhkV1Z6ZERzS0NpQWdMeTh2SUU5MWRuSmxJR3hoSUdabGRXbHNiR1VnWkNkcGJtWnZjeUJrZFNCcWIzVmxkWElnS0dScGMzQnZibWxpYVd4cGRNT3BJQ3NnY21GdVp5a2dZWFVnZEc5MVkyaGxjaTRLSUNCbWFXNWhiQ0JXWVd4MVpVTm9ZVzVuWldROFEyOXVkbTlqWVhScGIyNVFiR0Y1WlhJK1B5QnZibE5vYjNkSmJtWnZPd29LSUNBdkx5OGdVbVZzWVc1alpTQmpiMnhzWldOMGFYWmxJR1JsSUdScGMzQnZibWxpYVd4cGRNT3BJQ2hpYjNWMGIyNGdaQ2RsYmkxMHc2cDBaU0RDcXlCVFlXNXpJSExEcVhCdmJuTmxJTUs3S1M0S0lDQm1hVzVoYkNCV2IybGtRMkZzYkdKaFkycy9JRzl1VW1Wc1lXNWpaVUZzYkRzS0NpQWdRRzkyWlhKeWFXUmxDaUFnVjJsa1oyVjBJR0oxYVd4a0tFSjFhV3hrUTI5dWRHVjRkQ0JqYjI1MFpYaDBLU0I3Q2lBZ0lDQnlaWFIxY200Z1JISmhaMVJoY21kbGREeERiMjUyYjJOaGRHbHZibEJzWVhsbGNqNG9DaUFnSUNBZ0lHOXVWMmxzYkVGalkyVndkRmRwZEdoRVpYUmhhV3h6T2lBb1pHVjBZV2xzY3lrZ1BUNEtJQ0FnSUNBZ0lDQWdJR0ZqWTJWd2RITkVjbTl3Y3lBbUppQWhiRzlqYTJWa0lDWW1JQ0ZrWlhSaGFXeHpMbVJoZEdFdWFYTkhkV1Z6ZEN3S0lDQWdJQ0FnYjI1QlkyTmxjSFJYYVhSb1JHVjBZV2xzY3pvZ0tHUmxkR0ZwYkhNcElEMCtJRzl1UVdOalpYQjBQeTVqWVd4c0tHUmxkR0ZwYkhNdVpHRjBZU2tzQ2lBZ0lDQWdJR0oxYVd4a1pYSTZJQ2hqYjI1MFpYaDBMQ0JqWVc1a2FXUmhkR1Z6TENCeVpXcGxZM1JsWkNrZ1BUNGdRVzVwYldGMFpXUkRiMjUwWVdsdVpYSW9DaUFnSUNBZ0lDQWdaSFZ5WVhScGIyNDZJR052Ym5OMElFUjFjbUYwYVc5dUtHMXBiR3hwYzJWamIyNWtjem9nTVRRd0tTd0tJQ0FnSUNBZ0lDQndZV1JrYVc1bk9pQmpiMjV6ZENCRlpHZGxTVzV6WlhSekxtRnNiQ2d4TWlrc0NpQWdJQ0FnSUNBZ1pHVmpiM0poZEdsdmJqb2dRbTk0UkdWamIzSmhkR2x2YmlnS0lDQWdJQ0FnSUNBZ0lHTnZiRzl5T2lCallXNWthV1JoZEdWekxtbHpUbTkwUlcxd2RIa0tJQ0FnSUNBZ0lDQWdJQ0FnSUNBL0lHTnZiRzl5TG5kcGRHaFdZV3gxWlhNb1lXeHdhR0U2SUM0eE9Da0tJQ0FnSUNBZ0lDQWdJQ0FnSUNBNklHTnZiRzl5TG5kcGRHaFdZV3gxWlhNb1lXeHdhR0U2SUM0d055a3NDaUFnSUNBZ0lDQWdJQ0JpYjNKa1pYSlNZV1JwZFhNNklFSnZjbVJsY2xKaFpHbDFjeTVqYVhKamRXeGhjaWd4T0Nrc0NpQWdJQ0FnSUNBZ0lDQmliM0prWlhJNklFSnZjbVJsY2k1aGJHd29DaUFnSUNBZ0lDQWdJQ0FnSUdOdmJHOXlPaUJqWVc1a2FXUmhkR1Z6TG1selRtOTBSVzF3ZEhrZ1B5QmpiMnh2Y2lBNklHTnZiRzl5TG5kcGRHaFdZV3gxWlhNb1lXeHdhR0U2SUM0ek5Ta3NDaUFnSUNBZ0lDQWdJQ0FnSUhkcFpIUm9PaUJqWVc1a2FXUmhkR1Z6TG1selRtOTBSVzF3ZEhrZ1B5QXlJRG9nTVN3S0lDQWdJQ0FnSUNBZ0lDa3NDaUFnSUNBZ0lDQWdLU3dLSUNBZ0lDQWdJQ0JqYUdsc1pEb2dRMjlzZFcxdUtBb2dJQ0FnSUNBZ0lDQWdZM0p2YzNOQmVHbHpRV3hwWjI1dFpXNTBPaUJEY205emMwRjRhWE5CYkdsbmJtMWxiblF1YzNSaGNuUXNDaUFnSUNBZ0lDQWdJQ0JqYUdsc1pISmxiam9nV3dvZ0lDQWdJQ0FnSUNBZ0lDQlNiM2NvQ2lBZ0lDQWdJQ0FnSUNBZ0lDQWdZMmhwYkdSeVpXNDZJRnNLSUNBZ0lDQWdJQ0FnSUNBZ0lDQWdJRWxqYjI0b2FXTnZiaXdnYzJsNlpUb2dNVGdzSUdOdmJHOXlPaUJqYjJ4dmNpa3NDaUFnSUNBZ0lDQWdJQ0FnSUNBZ0lDQmpiMjV6ZENCVGFYcGxaRUp2ZUNoM2FXUjBhRG9nTnlrc0NpQWdJQ0FnSUNBZ0lDQWdJQ0FnSUNCRmVIQmhibVJsWkNnS0lDQWdJQ0FnSUNBZ0lDQWdJQ0FnSUNBZ1kyaHBiR1E2SUZSbGVIUW9DaUFnSUNBZ0lDQWdJQ0FnSUNBZ0lDQWdJQ0FnSnlSMGFYUnNaU0FvSkh0d2JHRjVaWEp6TG14bGJtZDBhSDBwSnl3S0lDQWdJQ0FnSUNBZ0lDQWdJQ0FnSUNBZ0lDQnpkSGxzWlRvZ1ZHaGxiV1V1YjJZb1kyOXVkR1Y0ZENrdWRHVjRkRlJvWlcxbExuUnBkR3hsVTIxaGJHdy9MbU52Y0hsWGFYUm9LQW9nSUNBZ0lDQWdJQ0FnSUNBZ0lDQWdJQ0FnSUNBZ0lDQWdJR052Ykc5eU9pQmpiMnh2Y2l3S0lDQWdJQ0FnSUNBZ0lDQWdJQ0FnSUNBZ0lDQWdJQ0FnSUNCbWIyNTBWMlZwWjJoME9pQkdiMjUwVjJWcFoyaDBMbmM1TURBc0NpQWdJQ0FnSUNBZ0lDQWdJQ0FnSUNBZ0lDQWdJQ0FnSUNrc0NpQWdJQ0FnSUNBZ0lDQWdJQ0FnSUNBZ0lDa3NDaUFnSUNBZ0lDQWdJQ0FnSUNBZ0lDQXBMQW9nSUNBZ0lDQWdJQ0FnSUNBZ0lDQWdhV1lnS0c5dVVtVnNZVzVqWlVGc2JDQWhQU0J1ZFd4c0lDWW1JSEJzWVhsbGNuTXVhWE5PYjNSRmJYQjBlU2tLSUNBZ0lDQWdJQ0FnSUNBZ0lDQWdJQ0FnVkdWNGRFSjFkSFJ2Ymk1cFkyOXVLQW9nSUNBZ0lDQWdJQ0FnSUNBZ0lDQWdJQ0FnSUc5dVVISmxjM05sWkRvZ2JHOWphMlZrSUQ4Z2JuVnNiQ0E2SUc5dVVtVnNZVzVqWlVGc2JDd0tJQ0FnSUNBZ0lDQWdJQ0FnSUNBZ0lDQWdJQ0J6ZEhsc1pUb2dWR1Y0ZEVKMWRIUnZiaTV6ZEhsc1pVWnliMjBvQ2lBZ0lDQWdJQ0FnSUNBZ0lDQWdJQ0FnSUNBZ0lDQjJhWE4xWVd4RVpXNXphWFI1T2lCV2FYTjFZV3hFWlc1emFYUjVMbU52YlhCaFkzUXNDaUFnSUNBZ0lDQWdJQ0FnSUNBZ0lDQWdJQ0FnSUNCd1lXUmthVzVuT2lCamIyNXpkQ0JGWkdkbFNXNXpaWFJ6TG5ONWJXMWxkSEpwWXlob2IzSnBlbTl1ZEdGc09pQTRLU3dLSUNBZ0lDQWdJQ0FnSUNBZ0lDQWdJQ0FnSUNBcExBb2dJQ0FnSUNBZ0lDQWdJQ0FnSUNBZ0lDQWdJR2xqYjI0NklHTnZibk4wSUVsamIyNG9DaUFnSUNBZ0lDQWdJQ0FnSUNBZ0lDQWdJQ0FnSUNCSlkyOXVjeTV1YjNScFptbGpZWFJwYjI1elgyRmpkR2wyWlY5dmRYUnNhVzVsWkN3S0lDQWdJQ0FnSUNBZ0lDQWdJQ0FnSUNBZ0lDQWdJSE5wZW1VNklERTJMQW9nSUNBZ0lDQWdJQ0FnSUNBZ0lDQWdJQ0FnSUNrc0NpQWdJQ0FnSUNBZ0lDQWdJQ0FnSUNBZ0lDQWdiR0ZpWld3
Shell: NklHTnZibk4wSUZSbGVIUW9KMUpsYkdGdVkyVnlJSFJ2ZFhNbktTd0tJQ0FnSUNBZ0lDQWdJQ0FnSUNBZ0lDQWdLU3dLSUNBZ0lDQWdJQ0FnSUNBZ0lDQmRMQW9nSUNBZ0lDQWdJQ0FnSUNBcExBb2dJQ0FnSUNBZ0lDQWdJQ0JqYjI1emRDQlRhWHBsWkVKdmVDaG9aV2xuYUhRNklEa3BMQW9nSUNBZ0lDQWdJQ0FnSUNCcFppQW9jR3hoZVdWeWN5NXBjMFZ0Y0hSNUtRb2dJQ0FnSUNBZ0lDQWdJQ0FnSUZSbGVIUW9DaUFnSUNBZ0lDQWdJQ0FnSUNBZ0lDQW5RWFZqZFc0Z2FtOTFaWFZ5TGljc0NpQWdJQ0FnSUNBZ0lDQWdJQ0FnSUNCemRIbHNaVG9nVkdobGJXVXViMllvWTI5dWRHVjRkQ2t1ZEdWNGRGUm9aVzFsTG1KdlpIbFRiV0ZzYkN3S0lDQWdJQ0FnSUNBZ0lDQWdJQ0FwQ2lBZ0lDQWdJQ0FnSUNBZ0lHVnNjMlVLSUNBZ0lDQWdJQ0FnSUNBZ0lDQlhjbUZ3S0FvZ0lDQWdJQ0FnSUNBZ0lDQWdJQ0FnYzNCaFkybHVaem9nTnl3S0lDQWdJQ0FnSUNBZ0lDQWdJQ0FnSUhKMWJsTndZV05wYm1jNklEY3NDaUFnSUNBZ0lDQWdJQ0FnSUNBZ0lDQmphR2xzWkhKbGJqb2dXd29nSUNBZ0lDQWdJQ0FnSUNBZ0lDQWdJQ0JtYjNJZ0tHWnBibUZzSUhCc1lYbGxjaUJwYmlCd2JHRjVaWEp6S1FvZ0lDQWdJQ0FnSUNBZ0lDQWdJQ0FnSUNBZ0lGOUZabVpsWTNScFpsQnNZWGxsY2tOb2FYQW9DaUFnSUNBZ0lDQWdJQ0FnSUNBZ0lDQWdJQ0FnSUNCd2JHRjVaWEk2SUhCc1lYbGxjaXdLSUNBZ0lDQWdJQ0FnSUNBZ0lDQWdJQ0FnSUNBZ0lHTnZiRzl5T2lCamIyeHZjaXdLSUNBZ0lDQWdJQ0FnSUNBZ0lDQWdJQ0FnSUNBZ0lHUnlZV2RuWVdKc1pUb2dJV3h2WTJ0bFpDQW1KaUJ2YmxSdloyZHNaU0FoUFNCdWRXeHNJQ1ltSUNGd2JHRjVaWEl1YVhOSGRXVnpkQ3dLSUNBZ0lDQWdJQ0FnSUNBZ0lDQWdJQ0FnSUNBZ0lHOXVWR0Z3T2lCd2JHRjVaWEl1YVhOSGRXVnpkQW9nSUNBZ0lDQWdJQ0FnSUNBZ0lDQWdJQ0FnSUNBZ0lDQWdJRDhnS0c5dVVtVnRiM1psUjNWbGMzUWdQVDBnYm5Wc2JBb2dJQ0FnSUNBZ0lDQWdJQ0FnSUNBZ0lDQWdJQ0FnSUNBZ0lDQWdJQ0EvSUc1MWJHd0tJQ0FnSUNBZ0lDQWdJQ0FnSUNBZ0lDQWdJQ0FnSUNBZ0lDQWdJQ0FnT2lBb0tTQTlQaUJ2YmxKbGJXOTJaVWQxWlhOMElTaHdiR0Y1WlhJcEtRb2dJQ0FnSUNBZ0lDQWdJQ0FnSUNBZ0lDQWdJQ0FnSUNBZ0lEb2dLRzl1VTJodmQwbHVabThnUFQwZ2JuVnNiQW9nSUNBZ0lDQWdJQ0FnSUNBZ0lDQWdJQ0FnSUNBZ0lDQWdJQ0FnSUNBL0lHNTFiR3dLSUNBZ0lDQWdJQ0FnSUNBZ0lDQWdJQ0FnSUNBZ0lDQWdJQ0FnSUNBZ09pQW9LU0E5UGlCdmJsTm9iM2RKYm1adklTaHdiR0Y1WlhJcEtTd0tJQ0FnSUNBZ0lDQWdJQ0FnSUNBZ0lDQWdJQ0FwTEFvZ0lDQWdJQ0FnSUNBZ0lDQWdJQ0FnWFN3S0lDQWdJQ0FnSUNBZ0lDQWdJQ0FwTEFvZ0lDQWdJQ0FnSUNBZ1hTd0tJQ0FnSUNBZ0lDQXBMQW9nSUNBZ0lDQXBMQW9nSUNBZ0tUc0tJQ0I5Q24wS0NtTnNZWE56SUY5RlptWmxZM1JwWmxCc1lYbGxja05vYVhBZ1pYaDBaVzVrY3lCVGRHRjBaV3hsYzNOWGFXUm5aWFFnZXdvZ0lHTnZibk4wSUY5RlptWmxZM1JwWmxCc1lYbGxja05vYVhBb2V3b2dJQ0FnY21WeGRXbHlaV1FnZEdocGN5NXdiR0Y1WlhJc0NpQWdJQ0J5WlhGMWFYSmxaQ0IwYUdsekxtTnZiRzl5TEFvZ0lDQWdjbVZ4ZFdseVpXUWdkR2hwY3k1a2NtRm5aMkZpYkdVc0NpQWdJQ0IwYUdsekxtOXVWR0Z3TEFvZ0lIMHBPd29LSUNCbWFXNWhiQ0JEYjI1MmIyTmhkR2x2YmxCc1lYbGxjaUJ3YkdGNVpYSTdDaUFnWm1sdVlXd2dRMjlzYjNJZ1kyOXNiM0k3Q2lBZ1ptbHVZV3dnWW05dmJDQmtjbUZuWjJGaWJHVTdDaUFnWm1sdVlXd2dWbTlwWkVOaGJHeGlZV05yUHlCdmJsUmhjRHNLQ2lBZ1FHOTJaWEp5YVdSbENpQWdWMmxrWjJWMElHSjFhV3hrS0VKMWFXeGtRMjl1ZEdWNGRDQmpiMjUwWlhoMEtTQjdDaUFnSUNCbWFXNWhiQ0JqYUdsd0lEMGdRV04wYVc5dVEyaHBjQ2dLSUNBZ0lDQWdZWFpoZEdGeU9pQndiR0Y1WlhJdWFYTkhkV1Z6ZEFvZ0lDQWdJQ0FnSUNBZ1B5QmpiMjV6ZENCSlkyOXVLRWxqYjI1ekxuQmxjbk52Ymw5aFpHUmZZV3gwWHpGZmIzVjBiR2x1WldRc0lITnBlbVU2SURFMktRb2dJQ0FnSUNBZ0lDQWdPaUJ1ZFd4c0xBb2dJQ0FnSUNCc1lXSmxiRG9nVW05M0tBb2dJQ0FnSUNBZ0lHMWhhVzVCZUdselUybDZaVG9nVFdGcGJrRjRhWE5UYVhwbExtMXBiaXdLSUNBZ0lDQWdJQ0JqYUdsc1pISmxiam9nV3dvZ0lDQWdJQ0FnSUNBZ1ZHVjRkQ2dLSUNBZ0lDQWdJQ0FnSUNBZ2NHeGhlV1Z5TG1acGNuTjBUbUZ0WlM1MGNtbHRLQ2t1YVhORmJYQjBlUW9nSUNBZ0lDQWdJQ0FnSUNBZ0lDQWdQeUJ3YkdGNVpYSXVaR2x6Y0d4aGVVNWhiV1VLSUNBZ0lDQWdJQ0FnSUNBZ0lDQWdJRG9nY0d4aGVXVnlMbVpwY25OMFRtRnRaUzUwY21sdEtDa3NDaUFnSUNBZ0lDQWdJQ0FwTEFvZ0lDQWdJQ0FnSUNBZ2FXWWdLSEJzWVhsbGNpNXBjMGQxWlhOMElDWW1JRzl1VkdGd0lDRTlJRzUxYkd3cElDNHVMbHNLSUNBZ0lDQWdJQ0FnSUNBZ1kyOXVjM1FnVTJsNlpXUkNiM2dvZDJsa2RHZzZJRFFwTEFvZ0lDQWdJQ0FnSUNBZ0lDQkpZMjl1S0VsamIyNXpMbU5zYjNObExDQnphWHBsT2lBeE5Td2dZMjlzYjNJNklHTnZiRzl5TG5kcGRHaFdZV3gxWlhNb1lXeHdhR0U2SUM0NEtTa3NDaUFnSUNBZ0lDQWdJQ0JkTEFvZ0lDQWdJQ0FnSUYwc0NpQWdJQ0FnSUNrc0NpQWdJQ0FnSUc5dVVISmxjM05sWkRvZ2IyNVVZWEFzQ2lBZ0lDQWdJSE5wWkdVNklFSnZjbVJsY2xOcFpHVW9ZMjlzYjNJNklHTnZiRzl5TG5kcGRHaFdZV3gxWlhNb1lXeHdhR0U2SUM0MU5Ta3BMQW9nSUNBZ0lDQmlZV05yWjNKdmRXNWtRMjlzYjNJNklHTnZiRzl5TG5kcGRHaFdZV3gxWlhNb1lXeHdhR0U2SUM0eE1Da3NDaUFnSUNBcE93b2dJQ0FnYVdZZ0tDRmtjbUZuWjJGaWJHVXBJSEpsZEhWeWJpQmphR2x3T3dvZ0lDQWdjbVYwZFhKdUlFeHZibWRRY21WemMwUnlZV2RuWVdKc1pUeERiMjUyYjJOaGRHbHZibEJzWVhsbGNqNG9DaUFnSUNB
Shell: Z0lHUmhkR0U2SUhCc1lYbGxjaXdLSUNBZ0lDQWdabVZsWkdKaFkyczZJRTFoZEdWeWFXRnNLSFI1Y0dVNklFMWhkR1Z5YVdGc1ZIbHdaUzUwY21GdWMzQmhjbVZ1WTNrc0lHTm9hV3hrT2lCamFHbHdLU3dLSUNBZ0lDQWdZMmhwYkdSWGFHVnVSSEpoWjJkcGJtYzZJRTl3WVdOcGRIa29iM0JoWTJsMGVUb2dMak1zSUdOb2FXeGtPaUJqYUdsd0tTd0tJQ0FnSUNBZ1kyaHBiR1E2SUdOb2FYQXNDaUFnSUNBcE93b2dJSDBLZlFvS1kyeGhjM01nWDBkMVpYTjBTVzV3ZFhRZ2V3b2dJR052Ym5OMElGOUhkV1Z6ZEVsdWNIVjBLSFJvYVhNdVptbHljM1JPWVcxbExDQjBhR2x6TG14aGMzUk9ZVzFsTENCMGFHbHpMbWR2WVd4clpXVndaWElwT3dvZ0lHWnBibUZzSUZOMGNtbHVaeUJtYVhKemRFNWhiV1U3Q2lBZ1ptbHVZV3dnVTNSeWFXNW5JR3hoYzNST1lXMWxPd29nSUdacGJtRnNJR0p2YjJ3Z1oyOWhiR3RsWlhCbGNqc0tmUW9LTHk4dklFTmhjMlVnWkNkMWJpQnlaVzF3YkdIRHAyRnVkQ0E2SUczRHFtMWxJR1p2Y20xaGRDQnhkV1VnYkdWeklIUnBkSFZzWVdseVpYTWdLSEJvYjNSdkwybHVhWFJwWVd4bGN5QXJDaTh2THlCdWIyMGdaR1Z6YzI5MWN5a3NJR1JwYzNCdmM4T3BaWE1nWThPMGRHVWd3NkFnWThPMGRHVXVJRVREcVhCc1ljT25ZV0pzWlNCMlpYSnpJR3hsSUhSbGNuSmhhVzR1Q21Oc1lYTnpJRjlDWlc1amFFSnZlQ0JsZUhSbGJtUnpJRk4wWVhSbGJHVnpjMWRwWkdkbGRDQjdDaUFnWTI5dWMzUWdYMEpsYm1Ob1FtOTRLSHR5WlhGMWFYSmxaQ0IwYUdsekxtVnVkSEo1TENCeVpYRjFhWEpsWkNCMGFHbHpMbVJ5WVdkbllXSnNaWDBwT3dvS0lDQm1hVzVoYkNCTllYUmphRU52YlhCdmMybDBhVzl1Ulc1MGNua2daVzUwY25rN0NpQWdabWx1WVd3Z1ltOXZiQ0JrY21GbloyRmliR1U3Q2dvZ0lFQnZkbVZ5Y21sa1pRb2dJRmRwWkdkbGRDQmlkV2xzWkNoQ2RXbHNaRU52Ym5SbGVIUWdZMjl1ZEdWNGRDa2dld29nSUNBZ1ptbHVZV3dnWW05NElEMGdVMmw2WldSQ2IzZ29DaUFnSUNBZ0lIZHBaSFJvT2lBMk5Dd0tJQ0FnSUNBZ1kyaHBiR1E2SUVOdmJIVnRiaWdLSUNBZ0lDQWdJQ0J0WVdsdVFYaHBjMU5wZW1VNklFMWhhVzVCZUdselUybDZaUzV0YVc0c0NpQWdJQ0FnSUNBZ1kyaHBiR1J5Wlc0NklGc0tJQ0FnSUNBZ0lDQWdJRkJzWVhsbGNrRjJZWFJoY2lnS0lDQWdJQ0FnSUNBZ0lDQWdjR2h2ZEc5VmNtdzZJR1Z1ZEhKNUxuQm9iM1J2VlhKc0xBb2dJQ0FnSUNBZ0lDQWdJQ0J1WVcxbE9pQmxiblJ5ZVM1a2FYTndiR0Y1VG1GdFpTd0tJQ0FnSUNBZ0lDQWdJQ0FnYVhOSGIyRnNhMlZsY0dWeU9pQmxiblJ5ZVM1cGMwZHZZV3hyWldWd1pYSXNDaUFnSUNBZ0lDQWdJQ0FnSUhOcGVtVTZJRFU0TEFvZ0lDQWdJQ0FnSUNBZ0tTd0tJQ0FnSUNBZ0lDQWdJR052Ym5OMElGTnBlbVZrUW05NEtHaGxhV2RvZERvZ05Da3NDaUFnSUNBZ0lDQWdJQ0JVWlhoMEtBb2dJQ0FnSUNBZ0lDQWdJQ0JsYm5SeWVTNWthWE53YkdGNVRtRnRaU3dLSUNBZ0lDQWdJQ0FnSUNBZ2JXRjRUR2x1WlhNNklERXNDaUFnSUNBZ0lDQWdJQ0FnSUc5MlpYSm1iRzkzT2lCVVpYaDBUM1psY21ac2IzY3VaV3hzYVhCemFYTXNDaUFnSUNBZ0lDQWdJQ0FnSUhSbGVIUkJiR2xuYmpvZ1ZHVjRkRUZzYVdkdUxtTmxiblJsY2l3S0lDQWdJQ0FnSUNBZ0lDQWdjM1I1YkdVNklHTnZibk4wSUZSbGVIUlRkSGxzWlNobWIyNTBVMmw2WlRvZ01USXNJR1p2Ym5SWFpXbG5hSFE2SUVadmJuUlhaV2xuYUhRdWR6Y3dNQ2tzQ2lBZ0lDQWdJQ0FnSUNBcExBb2dJQ0FnSUNBZ0lGMHNDaUFnSUNBZ0lDa3NDaUFnSUNBcE93b2dJQ0FnYVdZZ0tDRmtjbUZuWjJGaWJHVXBJSEpsZEhWeWJpQmliM2c3Q2lBZ0lDQnlaWFIxY200Z1RHOXVaMUJ5WlhOelJISmhaMmRoWW14bFBFMWhkR05vUTI5dGNHOXphWFJwYjI1RmJuUnllVDRvQ2lBZ0lDQWdJR1JoZEdFNklHVnVkSEo1TEFvZ0lDQWdJQ0JtWldWa1ltRmphem9nVFdGMFpYSnBZV3dvWTI5c2IzSTZJRU52Ykc5eWN5NTBjbUZ1YzNCaGNtVnVkQ3dnWTJocGJHUTZJR0p2ZUNrc0NpQWdJQ0FnSUdOb2FXeGtWMmhsYmtSeVlXZG5hVzVuT2lCUGNHRmphWFI1S0c5d1lXTnBkSGs2SUM0ekxDQmphR2xzWkRvZ1ltOTRLU3dLSUNBZ0lDQWdZMmhwYkdRNklHSnZlQ3dLSUNBZ0lDazdDaUFnZlFwOUNnb3ZMeThnVFdWdWRTQmt3Nmx5YjNWc1lXNTBJR1JsY3lCa2FYTndiM05wZEdsbWN5d2djbVZuY205MWNNT3BjeUJ3WVhJZ2JHbG5ibVVnWk1PcFptVnVjMmwyWlM0S1kyeGhjM01nWDBadmNtMWhkR2x2YmtSeWIzQmtiM2R1SUdWNGRHVnVaSE1nVTNSaGRHVnNaWE56VjJsa1oyVjBJSHNLSUNCamIyNXpkQ0JmUm05eWJXRjBhVzl1UkhKdmNHUnZkMjRvZTNKbGNYVnBjbVZrSUhSb2FYTXVkbUZzZFdVc0lISmxjWFZwY21Wa0lIUm9hWE11YjI1RGFHRnVaMlZrZlNrN0Nnb2dJR1pwYm1Gc0lGTjBjbWx1WnlCMllXeDFaVHNLSUNCbWFXNWhiQ0JXWVd4MVpVTm9ZVzVuWldROFUzUnlhVzVuUGo4Z2IyNURhR0Z1WjJWa093b0tJQ0JBYjNabGNuSnBaR1VLSUNCWGFXUm5aWFFnWW5WcGJHUW9RblZwYkdSRGIyNTBaWGgwSUdOdmJuUmxlSFFwSUhzS0lDQWdJR1pwYm1Gc0lHaGxZV1JsY2xOMGVXeGxJRDBnVkdobGJXVXViMllvWTI5dWRHVjRkQ2t1ZEdWNGRGUm9aVzFsTG14aFltVnNVMjFoYkd3L0xtTnZjSGxYYVhSb0tBb2dJQ0FnSUNBZ0lDQWdZMjlzYjNJNklFTnZiRzl5Y3k1M2FHbDBaVFUwTEFvZ0lDQWdJQ0FnSUNBZ1ptOXVkRmRsYVdkb2REb2dSbTl1ZEZkbGFXZG9kQzUzT1RBd0xBb2dJQ0FnSUNBZ0lDQWdiR1YwZEdWeVUzQmhZMmx1WnpvZ0xqUXNDaUFnSUNBZ0lDQWdLVHNLSUNBZ0lHWnBibUZzSUdsMFpXMXpJRDBnUEVSeWIzQmtiM2R1VFdWdWRVbDBaVzA4VTNSeWFXNW5QajViWFRzS0lDQWdJR2x1ZEQ4Z2JHRnpkRXhwYm1VN0NpQWdJQ0JtYjNJZ0tHWnBibUZzSUdadmNtMWhkR2x2YmlCcGJpQm1iMjkwWW1Gc2JFWnZjbTFoZEdsdmJuTXBJSHNLSUNBZ0lDQWdhV1lnS0dadmNtMWhkR2x2Ymk1a1pXWmxibVJsY2t4
Shell: cGJtVWdJVDBnYkdGemRFeHBibVVwSUhzS0lDQWdJQ0FnSUNCc1lYTjBUR2x1WlNBOUlHWnZjbTFoZEdsdmJpNWtaV1psYm1SbGNreHBibVU3Q2lBZ0lDQWdJQ0FnYVhSbGJYTXVZV1JrS0FvZ0lDQWdJQ0FnSUNBZ1JISnZjR1J2ZDI1TlpXNTFTWFJsYlR4VGRISnBibWMrS0FvZ0lDQWdJQ0FnSUNBZ0lDQmxibUZpYkdWa09pQm1ZV3h6WlN3S0lDQWdJQ0FnSUNBZ0lDQWdkbUZzZFdVNklDZGZYMmhrY2w4a2UyWnZjbTFoZEdsdmJpNWtaV1psYm1SbGNreHBibVY5Snl3S0lDQWdJQ0FnSUNBZ0lDQWdZMmhwYkdRNklGUmxlSFFvQ2lBZ0lDQWdJQ0FnSUNBZ0lDQWdKeVI3Wm05eWJXRjBhVzl1TG1SbFptVnVaR1Z5VEdsdVpYMGdSTU9KUmtWT1UwVlZVbE1uTEFvZ0lDQWdJQ0FnSUNBZ0lDQWdJSE4wZVd4bE9pQm9aV0ZrWlhKVGRIbHNaU3dLSUNBZ0lDQWdJQ0FnSUNBZ0tTd0tJQ0FnSUNBZ0lDQWdJQ2tzQ2lBZ0lDQWdJQ0FnS1RzS0lDQWdJQ0FnZlFvZ0lDQWdJQ0JwZEdWdGN5NWhaR1FvQ2lBZ0lDQWdJQ0FnUkhKdmNHUnZkMjVOWlc1MVNYUmxiVHhUZEhKcGJtYytLQW9nSUNBZ0lDQWdJQ0FnZG1Gc2RXVTZJR1p2Y20xaGRHbHZiaTVqYjJSbExBb2dJQ0FnSUNBZ0lDQWdZMmhwYkdRNklGUmxlSFFvWm05eWJXRjBhVzl1TG1OdlpHVXBMQW9nSUNBZ0lDQWdJQ2tzQ2lBZ0lDQWdJQ2s3Q2lBZ0lDQjlDaUFnSUNCeVpYUjFjbTRnUkhKdmNHUnZkMjVDZFhSMGIyNUdiM0p0Um1sbGJHUThVM1J5YVc1blBpZ0tJQ0FnSUNBZ2FXNXBkR2xoYkZaaGJIVmxPaUIyWVd4MVpTd0tJQ0FnSUNBZ2FYTkZlSEJoYm1SbFpEb2dkSEoxWlN3S0lDQWdJQ0FnWkdWamIzSmhkR2x2YmpvZ1kyOXVjM1FnU1c1d2RYUkVaV052Y21GMGFXOXVLQW9nSUNBZ0lDQWdJR3hoWW1Wc1ZHVjRkRG9nSjBScGMzQnZjMmwwYVdZbkxBb2dJQ0FnSUNBZ0lIQnlaV1pwZUVsamIyNDZJRWxqYjI0b1NXTnZibk11WjNKcFpGOTJhV1YzWDNKdmRXNWtaV1FwTEFvZ0lDQWdJQ0FnSUdKdmNtUmxjam9nVDNWMGJHbHVaVWx1Y0hWMFFtOXlaR1Z5S0Nrc0NpQWdJQ0FnSUNrc0NpQWdJQ0FnSUdsMFpXMXpPaUJwZEdWdGN5d0tJQ0FnSUNBZ2IyNURhR0Z1WjJWa09pQnZia05vWVc1blpXUWdQVDBnYm5Wc2JBb2dJQ0FnSUNBZ0lDQWdQeUJ1ZFd4c0NpQWdJQ0FnSUNBZ0lDQTZJQ2h6Wld4bFkzUmxaQ2tnZXdvZ0lDQWdJQ0FnSUNBZ0lDQWdJR2xtSUNoelpXeGxZM1JsWkNBOVBTQnVkV3hzSUh4OElITmxiR1ZqZEdWa0xuTjBZWEowYzFkcGRHZ29KMTlmYUdSeVh5Y3BLU0J5WlhSMWNtNDdDaUFnSUNBZ0lDQWdJQ0FnSUNBZ2IyNURhR0Z1WjJWa0lTaHpaV3hsWTNSbFpDazdDaUFnSUNBZ0lDQWdJQ0FnSUgwc0NpQWdJQ0FwT3dvZ0lIMEtmUW9LTHk4dklFeHBaMjVsSUdRbmFXNW1iM0p0WVhScGIyNGdaR1VnYkdFZ1ptVjFhV3hzWlNCa0ozVnVJR3B2ZFdWMWNpQTZJR2xqdzdSdVpTQmpiMnh2Y3NPcFpTd2dhVzUwYVhSMWJNT3BDaTh2THlCbGRDQmt3NmwwWVdsc0lDaGxlQzRnd3FzZ1JHbHpjRzl1YVdKc1pTREN1eUFySU1LcklFbHVaR2x4ZGNPcFpTQnNaU0F5TVM4d055OHlOaURpZ0tJZ01UaG9NekFnd3JzcExncGpiR0Z6Y3lCZlVHeGhlV1Z5U1c1bWIxSnZkeUJsZUhSbGJtUnpJRk4wWVhSbGJHVnpjMWRwWkdkbGRDQjdDaUFnWTI5dWMzUWdYMUJzWVhsbGNrbHVabTlTYjNjb2V3b2dJQ0FnY21WeGRXbHlaV1FnZEdocGN5NXBZMjl1TEFvZ0lDQWdjbVZ4ZFdseVpXUWdkR2hwY3k1amIyeHZjaXdLSUNBZ0lISmxjWFZwY21Wa0lIUm9hWE11ZEdsMGJHVXNDaUFnSUNCeVpYRjFhWEpsWkNCMGFHbHpMbVJsZEdGcGJDd0tJQ0I5S1RzS0NpQWdabWx1WVd3Z1NXTnZia1JoZEdFZ2FXTnZianNLSUNCbWFXNWhiQ0JEYjJ4dmNpQmpiMnh2Y2pzS0lDQm1hVzVoYkNCVGRISnBibWNnZEdsMGJHVTdDaUFnWm1sdVlXd2dVM1J5YVc1bklHUmxkR0ZwYkRzS0NpQWdRRzkyWlhKeWFXUmxDaUFnVjJsa1oyVjBJR0oxYVd4a0tFSjFhV3hrUTI5dWRHVjRkQ0JqYjI1MFpYaDBLU0I3Q2lBZ0lDQnlaWFIxY200Z1VtOTNLQW9nSUNBZ0lDQmpjbTl6YzBGNGFYTkJiR2xuYm0xbGJuUTZJRU55YjNOelFYaHBjMEZzYVdkdWJXVnVkQzV6ZEdGeWRDd0tJQ0FnSUNBZ1kyaHBiR1J5Wlc0NklGc0tJQ0FnSUNBZ0lDQkpZMjl1S0dsamIyNHNJR052Ykc5eU9pQmpiMnh2Y2l3Z2MybDZaVG9nTWpJcExBb2dJQ0FnSUNBZ0lHTnZibk4wSUZOcGVtVmtRbTk0S0hkcFpIUm9PaUF4TWlrc0NpQWdJQ0FnSUNBZ1JYaHdZVzVrWldRb0NpQWdJQ0FnSUNBZ0lDQmphR2xzWkRvZ1EyOXNkVzF1S0FvZ0lDQWdJQ0FnSUNBZ0lDQmpjbTl6YzBGNGFYTkJiR2xuYm0xbGJuUTZJRU55YjNOelFYaHBjMEZzYVdkdWJXVnVkQzV6ZEdGeWRDd0tJQ0FnSUNBZ0lDQWdJQ0FnWTJocGJHUnlaVzQ2SUZzS0lDQWdJQ0FnSUNBZ0lDQWdJQ0JVWlhoMEtBb2dJQ0FnSUNBZ0lDQWdJQ0FnSUNBZ2RHbDBiR1VzQ2lBZ0lDQWdJQ0FnSUNBZ0lDQWdJQ0J6ZEhsc1pUb2dWR2hsYldVdWIyWW9DaUFnSUNBZ0lDQWdJQ0FnSUNBZ0lDQWdJR052Ym5SbGVIUXNDaUFnSUNBZ0lDQWdJQ0FnSUNBZ0lDQXBMblJsZUhSVWFHVnRaUzUwYVhSc1pWTnRZV3hzUHk1amIzQjVWMmwwYUNobWIyNTBWMlZwWjJoME9pQkdiMjUwVjJWcFoyaDBMbmM0TURBcExBb2dJQ0FnSUNBZ0lDQWdJQ0FnSUNrc0NpQWdJQ0FnSUNBZ0lDQWdJQ0FnWTI5dWMzUWdVMmw2WldSQ2IzZ29hR1ZwWjJoME9pQXlLU3dLSUNBZ0lDQWdJQ0FnSUNBZ0lDQlVaWGgwS0dSbGRHRnBiQ3dnYzNSNWJHVTZJRlJvWlcxbExtOW1LR052Ym5SbGVIUXBMblJsZUhSVWFHVnRaUzVpYjJSNVRXVmthWFZ0S1N3S0lDQWdJQ0FnSUNBZ0lDQWdYU3dLSUNBZ0lDQWdJQ0FnSUNrc0NpQWdJQ0FnSUNBZ0tTd0tJQ0FnSUNBZ1hTd0tJQ0FnSUNrN0NpQWdmUXA5Q2c9PSIsImxpYi9mZWF0dXJlcy9zcG9ydHNfbWFuYWdlbWVudC9wcmVzZW50YXRpb24vYWRtaW5fd2FpdGxpc3RfcGFnZS5kYXJ0IjoiYVcxd2IzSjBJQ2R3WVdOcllXZGxPbUZ6WDJkeWFXNTBZUzlqYjNKbEwzVjBh
Shell: V3h6TDJGd2NGOWxjbkp2Y25NdVpHRnlkQ2M3Q21sdGNHOXlkQ0FuY0dGamEyRm5aVHBoYzE5bmNtbHVkR0V2WTI5eVpTOTNhV1JuWlhSekwyZHlhVzUwWVY5aGNIQmZZbUZ5TG1SaGNuUW5Pd3BwYlhCdmNuUWdKM0JoWTJ0aFoyVTZZWE5mWjNKcGJuUmhMMk52Y21VdmQybGtaMlYwY3k5bmNtbHVkR0ZmWlcxd2RIbGZjM1JoZEdVdVpHRnlkQ2M3Q21sdGNHOXlkQ0FuY0dGamEyRm5aVHBoYzE5bmNtbHVkR0V2Wm1WaGRIVnlaWE12YzNCdmNuUnpYMjFoYm1GblpXMWxiblF2WkdGMFlTOXpjRzl5ZEY5M1lXbDBiR2x6ZEY5eVpYQnZjMmwwYjNKNUxtUmhjblFuT3dwcGJYQnZjblFnSjNCaFkydGhaMlU2WVhOZlozSnBiblJoTDJabFlYUjFjbVZ6TDNOd2IzSjBjMTl0WVc1aFoyVnRaVzUwTDJSdmJXRnBiaTl6Y0c5eWRGOTNZV2wwYkdsemRGOXRiMlJsYkhNdVpHRnlkQ2M3Q21sdGNHOXlkQ0FuY0dGamEyRm5aVHBtYkhWMGRHVnlMMjFoZEdWeWFXRnNMbVJoY25Rbk93cHBiWEJ2Y25RZ0ozQmhZMnRoWjJVNlpteDFkSFJsY2w5eWFYWmxjbkJ2WkM5bWJIVjBkR1Z5WDNKcGRtVnljRzlrTG1SaGNuUW5Pd3BwYlhCdmNuUWdKM0JoWTJ0aFoyVTZZWE5mWjNKcGJuUmhMMk52Y21VdmQybGtaMlYwY3k5bmNtbHVkR0ZmYkc5aFpHVnlMbVJoY25Rbk93b0tZMnhoYzNNZ1FXUnRhVzVYWVdsMGJHbHpkRkJoWjJVZ1pYaDBaVzVrY3lCRGIyNXpkVzFsY2xOMFlYUmxablZzVjJsa1oyVjBJSHNLSUNCamIyNXpkQ0JCWkcxcGJsZGhhWFJzYVhOMFVHRm5aU2g3YzNWd1pYSXVhMlY1ZlNrN0Nnb2dJRUJ2ZG1WeWNtbGtaUW9nSUVOdmJuTjFiV1Z5VTNSaGRHVThRV1J0YVc1WFlXbDBiR2x6ZEZCaFoyVStJR055WldGMFpWTjBZWFJsS0NrZ1BUNGdYMEZrYldsdVYyRnBkR3hwYzNSUVlXZGxVM1JoZEdVb0tUc0tmUW9LWTJ4aGMzTWdYMEZrYldsdVYyRnBkR3hwYzNSUVlXZGxVM1JoZEdVZ1pYaDBaVzVrY3lCRGIyNXpkVzFsY2xOMFlYUmxQRUZrYldsdVYyRnBkR3hwYzNSUVlXZGxQaUI3Q2lBZ1UzQnZjblJYWVdsMGJHbHpkRDhnWDNkaGFYUnNhWE4wT3dvZ0lFeHBjM1E4VTNCdmNuUlhZV2wwYkdsemRFVnVkSEo1UGlCZlpXNTBjbWxsY3lBOUlHTnZibk4wSUZ0ZE93b2dJR0p2YjJ3Z1gyeHZZV1JwYm1jZ1BTQjBjblZsT3dvZ0lHSnZiMndnWDNOaGRtbHVaeUE5SUdaaGJITmxPd29nSUZOMGNtbHVaejhnWDJWeWNtOXlPd29nSUdKdmIyd2dYMlJwY25SNUlEMGdabUZzYzJVN0Nnb2dJRUJ2ZG1WeWNtbGtaUW9nSUhadmFXUWdhVzVwZEZOMFlYUmxLQ2tnZXdvZ0lDQWdjM1Z3WlhJdWFXNXBkRk4wWVhSbEtDazdDaUFnSUNCR2RYUjFjbVV1YldsamNtOTBZWE5yS0Y5c2IyRmtLVHNLSUNCOUNnb2dJRVoxZEhWeVpUeDJiMmxrUGlCZmJHOWhaQ2dwSUdGemVXNWpJSHNLSUNBZ0lITmxkRk4wWVhSbEtDZ3BJSHNLSUNBZ0lDQWdYMnh2WVdScGJtY2dQU0IwY25WbE93b2dJQ0FnSUNCZlpYSnliM0lnUFNCdWRXeHNPd29nSUNBZ2ZTazdDaUFnSUNCMGNua2dld29nSUNBZ0lDQm1hVzVoYkNCMllXeDFaU0E5Q2lBZ0lDQWdJQ0FnSUNCaGQyRnBkQ0J5WldZdWNtVmhaQ2h6Y0c5eWRGZGhhWFJzYVhOMFVtVndiM05wZEc5eWVWQnliM1pwWkdWeUtTNW1aWFJqYUZkaGFYUnNhWE4wS0NrN0NpQWdJQ0FnSUdsbUlDZ2hiVzkxYm5SbFpDa2djbVYwZFhKdU93b2dJQ0FnSUNCelpYUlRkR0YwWlNnb0tTQjdDaUFnSUNBZ0lDQWdYM2RoYVhSc2FYTjBJRDBnZG1Gc2RXVTdDaUFnSUNBZ0lDQWdYMlZ1ZEhKcFpYTWdQU0JNYVhOMExtOW1LSFpoYkhWbExtVnVkSEpwWlhNcE93b2dJQ0FnSUNBZ0lGOWthWEowZVNBOUlHWmhiSE5sT3dvZ0lDQWdJQ0FnSUY5c2IyRmthVzVuSUQwZ1ptRnNjMlU3Q2lBZ0lDQWdJSDBwT3dvZ0lDQWdmU0JqWVhSamFDQW9aWEp5YjNJcElIc0tJQ0FnSUNBZ2FXWWdLQ0Z0YjNWdWRHVmtLU0J5WlhSMWNtNDdDaUFnSUNBZ0lITmxkRk4wWVhSbEtDZ3BJSHNLSUNBZ0lDQWdJQ0JmWlhKeWIzSWdQU0JvZFcxaGJtbDZaVVZ5Y205eUtHVnljbTl5S1RzS0lDQWdJQ0FnSUNCZmJHOWhaR2x1WnlBOUlHWmhiSE5sT3dvZ0lDQWdJQ0I5S1RzS0lDQWdJSDBLSUNCOUNnb2dJSFp2YVdRZ1gyMXZkbVVvYVc1MElHbHVaR1Y0TENCcGJuUWdaR1ZzZEdFcElIc0tJQ0FnSUdacGJtRnNJRzVsZUhRZ1BTQnBibVJsZUNBcklHUmxiSFJoT3dvZ0lDQWdhV1lnS0c1bGVIUWdQQ0F3SUh4OElHNWxlSFFnUGowZ1gyVnVkSEpwWlhNdWJHVnVaM1JvS1NCeVpYUjFjbTQ3Q2lBZ0lDQnpaWFJUZEdGMFpTZ29LU0I3Q2lBZ0lDQWdJR1pwYm1Gc0lHVnVkSEpwWlhNZ1BTQk1hWE4wUEZOd2IzSjBWMkZwZEd4cGMzUkZiblJ5ZVQ0dWIyWW9YMlZ1ZEhKcFpYTXBPd29nSUNBZ0lDQm1hVzVoYkNCcGRHVnRJRDBnWlc1MGNtbGxjeTV5WlcxdmRtVkJkQ2hwYm1SbGVDazdDaUFnSUNBZ0lHVnVkSEpwWlhNdWFXNXpaWEowS0c1bGVIUXNJR2wwWlcwcE93b2dJQ0FnSUNCZlpXNTBjbWxsY3lBOUlHVnVkSEpwWlhNN0NpQWdJQ0FnSUY5a2FYSjBlU0E5SUhSeWRXVTdDaUFnSUNCOUtUc0tJQ0I5Q2dvZ0lFWjFkSFZ5WlR4MmIybGtQaUJmYzJGMlpTZ3BJR0Z6ZVc1aklIc0tJQ0FnSUdacGJtRnNJSGRoYVhSc2FYTjBJRDBnWDNkaGFYUnNhWE4wT3dvZ0lDQWdhV1lnS0hkaGFYUnNhWE4wSUQwOUlHNTFiR3dnZkh3Z0lWOWthWEowZVNrZ2NtVjBkWEp1T3dvZ0lDQWdjMlYwVTNSaGRHVW9LQ2tnUFQ0Z1gzTmhkbWx1WnlBOUlIUnlkV1VwT3dvZ0lDQWdkSEo1SUhzS0lDQWdJQ0FnWm1sdVlXd2djMkYyWldRZ1BRb2dJQ0FnSUNBZ0lDQWdZWGRoYVhRZ2NtVm1MbkpsWVdRb2MzQnZjblJYWVdsMGJHbHpkRkpsY0c5emFYUnZjbmxRY205MmFXUmxjaWt1Y21WdmNtUmxjbGRoYVhSc2FYTjBLQW9nSUNBZ0lDQWdJQ0FnSUNBZ0lDQWdjMlZoYzI5dVNXUTZJSGRoYVhSc2FYTjBMbk5sWVhOdmJrbGtMQW9nSUNBZ0lDQWdJQ0FnSUNBZ0lDQWdiM0prWlhKbFpGQnNZWGxsY2tsa2N6b0tJQ0FnSUNBZ0lDQWdJQ0FnSUNBZ0lDQWdJQ0JmWlc1MGNtbGxjeTV0WVhBb0tHVnVk
Shell: SEo1S1NBOVBpQmxiblJ5ZVM1elpXRnpiMjVRYkdGNVpYSkpaQ2t1ZEc5TWFYTjBLQ2tzQ2lBZ0lDQWdJQ0FnSUNBZ0lDQWdJQ0J5WldGemIyNDZJQ2RQY21SeVpTQnRiMlJwWm1uRHFTQmtaWEIxYVhNZ2JHVnpJSEJoY21GdHc2aDBjbVZ6Snl3S0lDQWdJQ0FnSUNBZ0lDQWdJQ0FwT3dvZ0lDQWdJQ0JwWmlBb0lXMXZkVzUwWldRcElISmxkSFZ5YmpzS0lDQWdJQ0FnYzJWMFUzUmhkR1VvS0NrZ2V3b2dJQ0FnSUNBZ0lGOTNZV2wwYkdsemRDQTlJSE5oZG1Wa093b2dJQ0FnSUNBZ0lGOWxiblJ5YVdWeklEMGdUR2x6ZEM1dlppaHpZWFpsWkM1bGJuUnlhV1Z6S1RzS0lDQWdJQ0FnSUNCZlpHbHlkSGtnUFNCbVlXeHpaVHNLSUNBZ0lDQWdmU2s3Q2lBZ0lDQWdJRk5qWVdabWIyeGtUV1Z6YzJWdVoyVnlMbTltS0dOdmJuUmxlSFFwTG5Ob2IzZFRibUZqYTBKaGNpZ0tJQ0FnSUNBZ0lDQmpiMjV6ZENCVGJtRmphMEpoY2loamIyNTBaVzUwT2lCVVpYaDBLQ2RNYVhOMFpTQms0b0NaWVhSMFpXNTBaU0JsYm5KbFoybHpkSExEcVdVdUp5a3BMQW9nSUNBZ0lDQXBPd29nSUNBZ2ZTQmpZWFJqYUNBb1pYSnliM0lwSUhzS0lDQWdJQ0FnYVdZZ0tDRnRiM1Z1ZEdWa0tTQnlaWFIxY200N0NpQWdJQ0FnSUZOallXWm1iMnhrVFdWemMyVnVaMlZ5TG05bUtBb2dJQ0FnSUNBZ0lHTnZiblJsZUhRc0NpQWdJQ0FnSUNrdWMyaHZkMU51WVdOclFtRnlLRk51WVdOclFtRnlLR052Ym5SbGJuUTZJRlJsZUhRb2FIVnRZVzVwZW1WRmNuSnZjaWhsY25KdmNpa3BLU2s3Q2lBZ0lDQjlJR1pwYm1Gc2JIa2dld29nSUNBZ0lDQnBaaUFvYlc5MWJuUmxaQ2tnYzJWMFUzUmhkR1VvS0NrZ1BUNGdYM05oZG1sdVp5QTlJR1poYkhObEtUc0tJQ0FnSUgwS0lDQjlDZ29nSUVCdmRtVnljbWxrWlFvZ0lGZHBaR2RsZENCaWRXbHNaQ2hDZFdsc1pFTnZiblJsZUhRZ1kyOXVkR1Y0ZENrZ2V3b2dJQ0FnY21WMGRYSnVJRk5qWVdabWIyeGtLQW9nSUNBZ0lDQmhjSEJDWVhJNklFZHlhVzUwWVVGd2NFSmhjaWdLSUNBZ0lDQWdJQ0IwYVhSc1pUb2dZMjl1YzNRZ1ZHVjRkQ2duVEdsemRHVWdaT0tBbVdGMGRHVnVkR1VuS1N3S0lDQWdJQ0FnSUNCaFpHMXBiam9nZEhKMVpTd0tJQ0FnSUNBZ0lDQmhZM1JwYjI1ek9pQmJDaUFnSUNBZ0lDQWdJQ0JKWTI5dVFuVjBkRzl1S0FvZ0lDQWdJQ0FnSUNBZ0lDQjBiMjlzZEdsd09pQW5RV04wZFdGc2FYTmxjaWNzQ2lBZ0lDQWdJQ0FnSUNBZ0lHOXVVSEpsYzNObFpEb2dYMnh2WVdScGJtY2dmSHdnWDNOaGRtbHVaeUEvSUc1MWJHd2dPaUJmYkc5aFpDd0tJQ0FnSUNBZ0lDQWdJQ0FnYVdOdmJqb2dZMjl1YzNRZ1NXTnZiaWhKWTI5dWN5NXlaV1p5WlhOb0tTd0tJQ0FnSUNBZ0lDQWdJQ2tzQ2lBZ0lDQWdJQ0FnWFN3S0lDQWdJQ0FnS1N3S0lDQWdJQ0FnWW05a2VUb2dYMkp2Wkhrb1kyOXVkR1Y0ZENrc0NpQWdJQ0FnSUdKdmRIUnZiVTVoZG1sbllYUnBiMjVDWVhJNklGTmhabVZCY21WaEtBb2dJQ0FnSUNBZ0lHMXBibWx0ZFcwNklHTnZibk4wSUVWa1oyVkpibk5sZEhNdVpuSnZiVXhVVWtJb01UWXNJRGdzSURFMkxDQXhOaWtzQ2lBZ0lDQWdJQ0FnWTJocGJHUTZJRVpwYkd4bFpFSjFkSFJ2Ymk1cFkyOXVLQW9nSUNBZ0lDQWdJQ0FnYjI1UWNtVnpjMlZrT2lCZlpHbHlkSGtnSmlZZ0lWOXpZWFpwYm1jZ1B5QmZjMkYyWlNBNklHNTFiR3dzQ2lBZ0lDQWdJQ0FnSUNCcFkyOXVPaUJmYzJGMmFXNW5DaUFnSUNBZ0lDQWdJQ0FnSUNBZ1B5QmpiMjV6ZENCVGFYcGxaRUp2ZUNnS0lDQWdJQ0FnSUNBZ0lDQWdJQ0FnSUNBZ2QybGtkR2c2SURFNExBb2dJQ0FnSUNBZ0lDQWdJQ0FnSUNBZ0lDQm9aV2xuYUhRNklERTRMQW9nSUNBZ0lDQWdJQ0FnSUNBZ0lDQWdJQ0JqYUdsc1pEb2dSM0pwYm5SaFVISnZaM0psYzNOSmJtUnBZMkYwYjNJb2MzUnliMnRsVjJsa2RHZzZJRElwTEFvZ0lDQWdJQ0FnSUNBZ0lDQWdJQ0FnS1FvZ0lDQWdJQ0FnSUNBZ0lDQWdJRG9nWTI5dWMzUWdTV052YmloSlkyOXVjeTV6WVhabFgyOTFkR3hwYm1Wa0tTd0tJQ0FnSUNBZ0lDQWdJR3hoWW1Wc09pQmpiMjV6ZENCVVpYaDBLQ2RGYm5KbFoybHpkSEpsY2lCczRvQ1piM0prY21VbktTd0tJQ0FnSUNBZ0lDQXBMQW9nSUNBZ0lDQXBMQW9nSUNBZ0tUc0tJQ0I5Q2dvZ0lGZHBaR2RsZENCZlltOWtlU2hDZFdsc1pFTnZiblJsZUhRZ1kyOXVkR1Y0ZENrZ2V3b2dJQ0FnYVdZZ0tGOXNiMkZrYVc1bktTQjdDaUFnSUNBZ0lISmxkSFZ5YmlCamIyNXpkQ0JEWlc1MFpYSW9ZMmhwYkdRNklFZHlhVzUwWVZCeWIyZHlaWE56U1c1a2FXTmhkRzl5S0NrcE93b2dJQ0FnZlFvZ0lDQWdhV1lnS0Y5bGNuSnZjaUFoUFNCdWRXeHNLU0I3Q2lBZ0lDQWdJSEpsZEhWeWJpQk1hWE4wVm1sbGR5Z0tJQ0FnSUNBZ0lDQndZV1JrYVc1bk9pQmpiMjV6ZENCRlpHZGxTVzV6WlhSekxtRnNiQ2d5TUNrc0NpQWdJQ0FnSUNBZ1kyaHBiR1J5Wlc0NklGc0tJQ0FnSUNBZ0lDQWdJRlJsZUhRb1gyVnljbTl5SVNrc0NpQWdJQ0FnSUNBZ0lDQmpiMjV6ZENCVGFYcGxaRUp2ZUNob1pXbG5hSFE2SURFeUtTd0tJQ0FnSUNBZ0lDQWdJRVpwYkd4bFpFSjFkSFJ2YmlodmJsQnlaWE56WldRNklGOXNiMkZrTENCamFHbHNaRG9nWTI5dWMzUWdWR1Y0ZENnblVzT3BaWE56WVhsbGNpY3BLU3dLSUNBZ0lDQWdJQ0JkTEFvZ0lDQWdJQ0FwT3dvZ0lDQWdmUW9LSUNBZ0lHWnBibUZzSUhkaGFYUnNhWE4wSUQwZ1gzZGhhWFJzYVhOME93b2dJQ0FnYVdZZ0tIZGhhWFJzYVhOMElEMDlJRzUxYkd3Z2ZId2dYMlZ1ZEhKcFpYTXVhWE5GYlhCMGVTa2dld29nSUNBZ0lDQnlaWFIxY200Z1kyOXVjM1FnUTJWdWRHVnlLQW9nSUNBZ0lDQWdJR05vYVd4a09pQkhjbWx1ZEdGRmJYQjBlVk4wWVhSbEtBb2dJQ0FnSUNBZ0lDQWdhV052YmpvZ1NXTnZibk11Wm05eWJXRjBYMnhwYzNSZmJuVnRZbVZ5WldSZmNtOTFibVJsWkN3S0lDQWdJQ0FnSUNBZ0lIUnBkR3hsT2lBblFYVmpkVzRnYW05MVpYVnlJR1JoYm5NZ2JHRWdjMkZwYzI5dUp5d0tJQ0FnSUNBZ0lDQWdJRzFsYzNOaFoyVTZJQ2RCYW05MWRHVWda
Shell: R1Z6SUdwdmRXVjFjbk1ndzZBZ2JPS0FtV1ZtWm1WamRHbG1JSEJ2ZFhJZ1kyOXVjM1J5ZFdseVpTQnM0b0NaYjNKa2NtVWdKd29nSUNBZ0lDQWdJQ0FnSUNBZ0lDZGtaU0JzWVNCc2FYTjBaU0JrNG9DWllYUjBaVzUwWlM0bkxBb2dJQ0FnSUNBZ0lDa3NDaUFnSUNBZ0lDazdDaUFnSUNCOUNnb2dJQ0FnY21WMGRYSnVJRXhwYzNSV2FXVjNLQW9nSUNBZ0lDQndZV1JrYVc1bk9pQmpiMjV6ZENCRlpHZGxTVzV6WlhSekxtWnliMjFNVkZKQ0tERTJMQ0F4Tml3Z01UWXNJREV5TUNrc0NpQWdJQ0FnSUdOb2FXeGtjbVZ1T2lCYkNpQWdJQ0FnSUNBZ1EyRnlaQ2dLSUNBZ0lDQWdJQ0FnSUdOb2FXeGtPaUJRWVdSa2FXNW5LQW9nSUNBZ0lDQWdJQ0FnSUNCd1lXUmthVzVuT2lCamIyNXpkQ0JGWkdkbFNXNXpaWFJ6TG1Gc2JDZ3hOaWtzQ2lBZ0lDQWdJQ0FnSUNBZ0lHTm9hV3hrT2lCRGIyeDFiVzRvQ2lBZ0lDQWdJQ0FnSUNBZ0lDQWdZM0p2YzNOQmVHbHpRV3hwWjI1dFpXNTBPaUJEY205emMwRjRhWE5CYkdsbmJtMWxiblF1YzNSaGNuUXNDaUFnSUNBZ0lDQWdJQ0FnSUNBZ1kyaHBiR1J5Wlc0NklGc0tJQ0FnSUNBZ0lDQWdJQ0FnSUNBZ0lGUmxlSFFvQ2lBZ0lDQWdJQ0FnSUNBZ0lDQWdJQ0FnSUNkVFlXbHpiMjRnSkh0M1lXbDBiR2x6ZEM1elpXRnpiMjVPWVcxbGZTY3NDaUFnSUNBZ0lDQWdJQ0FnSUNBZ0lDQWdJSE4wZVd4bE9pQlVhR1Z0WlM1dlppaGpiMjUwWlhoMEtTNTBaWGgwVkdobGJXVXVkR2wwYkdWTlpXUnBkVzAvTG1OdmNIbFhhWFJvS0FvZ0lDQWdJQ0FnSUNBZ0lDQWdJQ0FnSUNBZ0lDQWdJQ0JtYjI1MFYyVnBaMmgwT2lCR2IyNTBWMlZwWjJoMExuYzRNREFzQ2lBZ0lDQWdJQ0FnSUNBZ0lDQWdJQ0FnSUNBZ0lDQXBMQW9nSUNBZ0lDQWdJQ0FnSUNBZ0lDQWdLU3dLSUNBZ0lDQWdJQ0FnSUNBZ0lDQWdJR052Ym5OMElGTnBlbVZrUW05NEtHaGxhV2RvZERvZ09Da3NDaUFnSUNBZ0lDQWdJQ0FnSUNBZ0lDQmpiMjV6ZENCVVpYaDBLQW9nSUNBZ0lDQWdJQ0FnSUNBZ0lDQWdJQ0FuVE9LQW1XRndjR3hwWTJGMGFXOXVJR052YlcxbGJtTmxJSEJoY2lCc1pTQm9ZWFYwSUdSbElHTmxkSFJsSUd4cGMzUmxJR3h2Y25OeGRlS0FtV2xzSUNjS0lDQWdJQ0FnSUNBZ0lDQWdJQ0FnSUNBZ0oyWmhkWFFnY0hKdmNHOXpaWElnZFc0Z2FtOTFaWFZ5SUc1dmJpQmpiMjUyYjNGMXc2a3VJRU5sZEhSbElIQnliM0J2YzJsMGFXOXVJQ2NLSUNBZ0lDQWdJQ0FnSUNBZ0lDQWdJQ0FnSjNKbGMzUmxJR1Z1ZEduRHFISmxiV1Z1ZENCdGIyUnBabWxoWW14bElIQnZkWElnWTJoaGNYVmxJRzFoZEdOb0xpY3NDaUFnSUNBZ0lDQWdJQ0FnSUNBZ0lDQXBMQW9nSUNBZ0lDQWdJQ0FnSUNBZ0lDQWdZMjl1YzNRZ1UybDZaV1JDYjNnb2FHVnBaMmgwT2lBNEtTd0tJQ0FnSUNBZ0lDQWdJQ0FnSUNBZ0lGUmxlSFFvQ2lBZ0lDQWdJQ0FnSUNBZ0lDQWdJQ0FnSUNkTTRvQ1piM0prY21VZ2FXNXBkR2xoYkNCMWRHbHNhWE5sSUd4bGN5Qndjc09wYzJWdVkyVnpJR1JsSUd4aElITmhhWE52YmlBbkNpQWdJQ0FnSUNBZ0lDQWdJQ0FnSUNBZ0lDZHdjc09wWThPcFpHVnVkR1V1SUZObGRXd2dkVzRnWVdSdGFXNXBjM1J5WVhSbGRYSWdjR1YxZENCc1pTQnRiMlJwWm1sbGNpNG5MQW9nSUNBZ0lDQWdJQ0FnSUNBZ0lDQWdJQ0J6ZEhsc1pUb2dWR2hsYldVdWIyWW9ZMjl1ZEdWNGRDa3VkR1Y0ZEZSb1pXMWxMbUp2WkhsVGJXRnNiQ3dLSUNBZ0lDQWdJQ0FnSUNBZ0lDQWdJQ2tzQ2lBZ0lDQWdJQ0FnSUNBZ0lDQWdYU3dLSUNBZ0lDQWdJQ0FnSUNBZ0tTd0tJQ0FnSUNBZ0lDQWdJQ2tzQ2lBZ0lDQWdJQ0FnS1N3S0lDQWdJQ0FnSUNCamIyNXpkQ0JUYVhwbFpFSnZlQ2hvWldsbmFIUTZJREV5S1N3S0lDQWdJQ0FnSUNCbWIzSWdLSFpoY2lCcGJtUmxlQ0E5SURBN0lHbHVaR1Y0SUR3Z1gyVnVkSEpwWlhNdWJHVnVaM1JvT3lCcGJtUmxlQ3NyS1FvZ0lDQWdJQ0FnSUNBZ1gxZGhhWFJzYVhOMFZHbHNaU2dLSUNBZ0lDQWdJQ0FnSUNBZ2FXNWtaWGc2SUdsdVpHVjRMQW9nSUNBZ0lDQWdJQ0FnSUNCbGJuUnllVG9nWDJWdWRISnBaWE5iYVc1a1pYaGRMQW9nSUNBZ0lDQWdJQ0FnSUNCallXNU5iM1psVlhBNklHbHVaR1Y0SUQ0Z01Dd0tJQ0FnSUNBZ0lDQWdJQ0FnWTJGdVRXOTJaVVJ2ZDI0NklHbHVaR1Y0SUR3Z1gyVnVkSEpwWlhNdWJHVnVaM1JvSUMwZ01Td0tJQ0FnSUNBZ0lDQWdJQ0FnYjI1TmIzWmxWWEE2SUNncElEMCtJRjl0YjNabEtHbHVaR1Y0TENBdE1Ta3NDaUFnSUNBZ0lDQWdJQ0FnSUc5dVRXOTJaVVJ2ZDI0NklDZ3BJRDArSUY5dGIzWmxLR2x1WkdWNExDQXhLU3dLSUNBZ0lDQWdJQ0FnSUNrc0NpQWdJQ0FnSUYwc0NpQWdJQ0FwT3dvZ0lIMEtmUW9LWTJ4aGMzTWdYMWRoYVhSc2FYTjBWR2xzWlNCbGVIUmxibVJ6SUZOMFlYUmxiR1Z6YzFkcFpHZGxkQ0I3Q2lBZ1kyOXVjM1FnWDFkaGFYUnNhWE4wVkdsc1pTaDdDaUFnSUNCeVpYRjFhWEpsWkNCMGFHbHpMbWx1WkdWNExBb2dJQ0FnY21WeGRXbHlaV1FnZEdocGN5NWxiblJ5ZVN3S0lDQWdJSEpsY1hWcGNtVmtJSFJvYVhNdVkyRnVUVzkyWlZWd0xBb2dJQ0FnY21WeGRXbHlaV1FnZEdocGN5NWpZVzVOYjNabFJHOTNiaXdLSUNBZ0lISmxjWFZwY21Wa0lIUm9hWE11YjI1TmIzWmxWWEFzQ2lBZ0lDQnlaWEYxYVhKbFpDQjBhR2x6TG05dVRXOTJaVVJ2ZDI0c0NpQWdmU2s3Q2dvZ0lHWnBibUZzSUdsdWRDQnBibVJsZURzS0lDQm1hVzVoYkNCVGNHOXlkRmRoYVhSc2FYTjBSVzUwY25rZ1pXNTBjbms3Q2lBZ1ptbHVZV3dnWW05dmJDQmpZVzVOYjNabFZYQTdDaUFnWm1sdVlXd2dZbTl2YkNCallXNU5iM1psUkc5M2Jqc0tJQ0JtYVc1aGJDQldiMmxrUTJGc2JHSmhZMnNnYjI1TmIzWmxWWEE3Q2lBZ1ptbHVZV3dnVm05cFpFTmhiR3hpWVdOcklHOXVUVzkyWlVSdmQyNDdDZ29nSUVCdmRtVnljbWxrWlFvZ0lGZHBaR2RsZENCaWRXbHNaQ2hDZFdsc1pFTnZiblJsZUhRZ1kyOXVkR1Y0ZENrZ2V3b2dJQ0FnWm1sdVlXd2dkRzkwWVd3Z1BTQmxiblJ5ZVM1d2NtVjJhVzkxYzFObFlYTnZi
Shell: azFoZEdOb1EyOTFiblE3Q2lBZ0lDQm1hVzVoYkNCaGRIUmxibVJoYm1ObElEMGdaVzUwY25rdWNISmxkbWx2ZFhOVFpXRnpiMjVCZEhSbGJtUmhibU5sUTI5MWJuUTdDaUFnSUNCeVpYUjFjbTRnUTJGeVpDZ0tJQ0FnSUNBZ2EyVjVPaUJXWVd4MVpVdGxlU2hsYm5SeWVTNXpaV0Z6YjI1UWJHRjVaWEpKWkNrc0NpQWdJQ0FnSUcxaGNtZHBiam9nWTI5dWMzUWdSV1JuWlVsdWMyVjBjeTV2Ym14NUtHSnZkSFJ2YlRvZ09Da3NDaUFnSUNBZ0lHTm9hV3hrT2lCTWFYTjBWR2xzWlNnS0lDQWdJQ0FnSUNCc1pXRmthVzVuT2lCRGFYSmpiR1ZCZG1GMFlYSW9ZMmhwYkdRNklGUmxlSFFvSnlSN2FXNWtaWGdnS3lBeGZTY3BLU3dLSUNBZ0lDQWdJQ0IwYVhSc1pUb2dWR1Y0ZENnS0lDQWdJQ0FnSUNBZ0lHVnVkSEo1TG1ScGMzQnNZWGxPWVcxbExBb2dJQ0FnSUNBZ0lDQWdjM1I1YkdVNklHTnZibk4wSUZSbGVIUlRkSGxzWlNobWIyNTBWMlZwWjJoME9pQkdiMjUwVjJWcFoyaDBMbmM0TURBcExBb2dJQ0FnSUNBZ0lDa3NDaUFnSUNBZ0lDQWdjM1ZpZEdsMGJHVTZJRlJsZUhRb0NpQWdJQ0FnSUNBZ0lDQjBiM1JoYkNBK0lEQUtJQ0FnSUNBZ0lDQWdJQ0FnSUNBL0lDY2tZWFIwWlc1a1lXNWpaU0J3Y3NPcGMyVnVZMlVrZTJGMGRHVnVaR0Z1WTJVZ1BpQXhJRDhnSjNNbklEb2dKeWQ5SUhOMWNpQW5DaUFnSUNBZ0lDQWdJQ0FnSUNBZ0lDQWdJQ2NrZEc5MFlXd2diV0YwWTJna2UzUnZkR0ZzSUQ0Z01TQS9JQ2R6SnlBNklDY25mU0JzWVNCellXbHpiMjRnWkdWeWJtbkRxSEpsSndvZ0lDQWdJQ0FnSUNBZ0lDQWdJRG9nSjBGMVkzVnVaU0J5dzZsbXc2bHlaVzVqWlNCa1pTQndjc09wYzJWdVkyVWdiR0VnYzJGcGMyOXVJR1JsY201cHc2aHlaU2NzQ2lBZ0lDQWdJQ0FnS1N3S0lDQWdJQ0FnSUNCMGNtRnBiR2x1WnpvZ1EyOXNkVzF1S0FvZ0lDQWdJQ0FnSUNBZ2JXRnBia0Y0YVhOQmJHbG5ibTFsYm5RNklFMWhhVzVCZUdselFXeHBaMjV0Wlc1MExtTmxiblJsY2l3S0lDQWdJQ0FnSUNBZ0lHTm9hV3hrY21WdU9pQmJDaUFnSUNBZ0lDQWdJQ0FnSUVsdWExZGxiR3dvQ2lBZ0lDQWdJQ0FnSUNBZ0lDQWdiMjVVWVhBNklHTmhiazF2ZG1WVmNDQS9JRzl1VFc5MlpWVndJRG9nYm5Wc2JDd0tJQ0FnSUNBZ0lDQWdJQ0FnSUNCamFHbHNaRG9nU1dOdmJpZ0tJQ0FnSUNBZ0lDQWdJQ0FnSUNBZ0lFbGpiMjV6TG10bGVXSnZZWEprWDJGeWNtOTNYM1Z3TEFvZ0lDQWdJQ0FnSUNBZ0lDQWdJQ0FnWTI5c2IzSTZJR05oYmsxdmRtVlZjQ0EvSUc1MWJHd2dPaUJVYUdWdFpTNXZaaWhqYjI1MFpYaDBLUzVrYVhOaFlteGxaRU52Ykc5eUxBb2dJQ0FnSUNBZ0lDQWdJQ0FnSUNrc0NpQWdJQ0FnSUNBZ0lDQWdJQ2tzQ2lBZ0lDQWdJQ0FnSUNBZ0lFbHVhMWRsYkd3b0NpQWdJQ0FnSUNBZ0lDQWdJQ0FnYjI1VVlYQTZJR05oYmsxdmRtVkViM2R1SUQ4Z2IyNU5iM1psUkc5M2JpQTZJRzUxYkd3c0NpQWdJQ0FnSUNBZ0lDQWdJQ0FnWTJocGJHUTZJRWxqYjI0b0NpQWdJQ0FnSUNBZ0lDQWdJQ0FnSUNCSlkyOXVjeTVyWlhsaWIyRnlaRjloY25KdmQxOWtiM2R1TEFvZ0lDQWdJQ0FnSUNBZ0lDQWdJQ0FnWTI5c2IzSTZJR05oYmsxdmRtVkViM2R1SUQ4Z2JuVnNiQ0E2SUZSb1pXMWxMbTltS0dOdmJuUmxlSFFwTG1ScGMyRmliR1ZrUTI5c2IzSXNDaUFnSUNBZ0lDQWdJQ0FnSUNBZ0tTd0tJQ0FnSUNBZ0lDQWdJQ0FnS1N3S0lDQWdJQ0FnSUNBZ0lGMHNDaUFnSUNBZ0lDQWdLU3dLSUNBZ0lDQWdLU3dLSUNBZ0lDazdDaUFnZlFwOUNnPT0iLCJsaWIvZmVhdHVyZXMvc3BvcnRzX21hbmFnZW1lbnQvcHJlc2VudGF0aW9uL3Nwb3J0X21hdGNoX2ZpbmFsaXphdGlvbl9wYWdlLmRhcnQiOiJhVzF3YjNKMElDZHdZV05yWVdkbE9tRnpYMmR5YVc1MFlTOWpiM0psTDNWMGFXeHpMMkZ3Y0Y5bGNuSnZjbk11WkdGeWRDYzdDbWx0Y0c5eWRDQW5jR0ZqYTJGblpUcGhjMTluY21sdWRHRXZZMjl5WlM5M2FXUm5aWFJ6TDJkeWFXNTBZVjloY0hCZlltRnlMbVJoY25Rbk93cHBiWEJ2Y25RZ0ozQmhZMnRoWjJVNllYTmZaM0pwYm5SaEwyTnZjbVV2ZDJsa1oyVjBjeTl0WVhSamFGOW1hWGgwZFhKbExtUmhjblFuT3dwcGJYQnZjblFnSjNCaFkydGhaMlU2WVhOZlozSnBiblJoTDJabFlYUjFjbVZ6TDJodmJXVXZaR0YwWVM5b2IyMWxYM0psY0c5emFYUnZjbmt1WkdGeWRDYzdDbWx0Y0c5eWRDQW5jR0ZqYTJGblpUcGhjMTluY21sdWRHRXZabVZoZEhWeVpYTXZiV0YwWTJobGN5OWtZWFJoTDIxaGRHTm9YMlJsZEdGcGJITmZjbVZ3YjNOcGRHOXllUzVrWVhKMEp6c0thVzF3YjNKMElDZHdZV05yWVdkbE9tRnpYMmR5YVc1MFlTOW1aV0YwZFhKbGN5OXpjRzl5ZEhOZmJXRnVZV2RsYldWdWRDOWtZWFJoTDNOd2IzSjBYMjFoZEdOb1gyWnBibUZzYVhwaGRHbHZibDl5WlhCdmMybDBiM0o1TG1SaGNuUW5Pd3BwYlhCdmNuUWdKM0JoWTJ0aFoyVTZZWE5mWjNKcGJuUmhMMlpsWVhSMWNtVnpMM053YjNKMGMxOXRZVzVoWjJWdFpXNTBMMlJ2YldGcGJpOXpjRzl5ZEY5dFlYUmphRjltYVc1aGJHbDZZWFJwYjI0dVpHRnlkQ2M3Q21sdGNHOXlkQ0FuY0dGamEyRm5aVHBtYkhWMGRHVnlMMjFoZEdWeWFXRnNMbVJoY25Rbk93cHBiWEJ2Y25RZ0ozQmhZMnRoWjJVNlpteDFkSFJsY2w5eWFYWmxjbkJ2WkM5bWJIVjBkR1Z5WDNKcGRtVnljRzlrTG1SaGNuUW5Pd3BwYlhCdmNuUWdKM0JoWTJ0aFoyVTZZWE5mWjNKcGJuUmhMMk52Y21VdmQybGtaMlYwY3k5bmNtbHVkR0ZmYkc5aFpHVnlMbVJoY25Rbk93b0tZMnhoYzNNZ1UzQnZjblJOWVhSamFFWnBibUZzYVhwaGRHbHZibEJoWjJVZ1pYaDBaVzVrY3lCRGIyNXpkVzFsY2xOMFlYUmxablZzVjJsa1oyVjBJSHNLSUNCamIyNXpkQ0JUY0c5eWRFMWhkR05vUm1sdVlXeHBlbUYwYVc5dVVHRm5aU2g3YzNWd1pYSXVhMlY1TENCeVpYRjFhWEpsWkNCMGFHbHpMbTFoZEdOb1NXUjlLVHNLQ2lBZ1ptbHVZV3dnVTNSeWFXNW5JRzFoZEdOb1NXUTdDZ29nSUVCdmRtVnljbWxrWlFvZ0lFTnZibk4xYldWeVUzUmhkR1U4VTNCdmNuUk5Z
Shell: WFJqYUVacGJtRnNhWHBoZEdsdmJsQmhaMlUrSUdOeVpXRjBaVk4wWVhSbEtDa2dQVDRLSUNBZ0lDQWdYMU53YjNKMFRXRjBZMmhHYVc1aGJHbDZZWFJwYjI1UVlXZGxVM1JoZEdVb0tUc0tmUW9LWTJ4aGMzTWdYMU53YjNKMFRXRjBZMmhHYVc1aGJHbDZZWFJwYjI1UVlXZGxVM1JoZEdVS0lDQWdJR1Y0ZEdWdVpITWdRMjl1YzNWdFpYSlRkR0YwWlR4VGNHOXlkRTFoZEdOb1JtbHVZV3hwZW1GMGFXOXVVR0ZuWlQ0Z2V3b2dJRk53YjNKMFRXRjBZMmhHYVc1aGJHbDZZWFJwYjI0L0lGOW1hVzVoYkdsNllYUnBiMjQ3Q2lBZ1ltOXZiQ0JmYkc5aFpHbHVaeUE5SUhSeWRXVTdDaUFnWW05dmJDQmZjMkYyYVc1bklEMGdabUZzYzJVN0NpQWdVM1J5YVc1blB5QmZaWEp5YjNJN0Nnb2dJRUJ2ZG1WeWNtbGtaUW9nSUhadmFXUWdhVzVwZEZOMFlYUmxLQ2tnZXdvZ0lDQWdjM1Z3WlhJdWFXNXBkRk4wWVhSbEtDazdDaUFnSUNCR2RYUjFjbVV1YldsamNtOTBZWE5yS0Y5c2IyRmtLVHNLSUNCOUNnb2dJRVoxZEhWeVpUeDJiMmxrUGlCZmJHOWhaQ2dwSUdGemVXNWpJSHNLSUNBZ0lITmxkRk4wWVhSbEtDZ3BJSHNLSUNBZ0lDQWdYMnh2WVdScGJtY2dQU0IwY25WbE93b2dJQ0FnSUNCZlpYSnliM0lnUFNCdWRXeHNPd29nSUNBZ2ZTazdDaUFnSUNCMGNua2dld29nSUNBZ0lDQm1hVzVoYkNCMllXeDFaU0E5SUdGM1lXbDBJSEpsWmdvZ0lDQWdJQ0FnSUNBZ0xuSmxZV1FvYzNCdmNuUk5ZWFJqYUVacGJtRnNhWHBoZEdsdmJsSmxjRzl6YVhSdmNubFFjbTkyYVdSbGNpa0tJQ0FnSUNBZ0lDQWdJQzVtWlhSamFFRmtiV2x1UTI5dWRHVjRkQ2gzYVdSblpYUXViV0YwWTJoSlpDazdDaUFnSUNBZ0lHbG1JQ2doYlc5MWJuUmxaQ2tnY21WMGRYSnVPd29nSUNBZ0lDQnpaWFJUZEdGMFpTZ29LU0E5UGlCZlptbHVZV3hwZW1GMGFXOXVJRDBnZG1Gc2RXVXBPd29nSUNBZ2ZTQmpZWFJqYUNBb1pYSnliM0lwSUhzS0lDQWdJQ0FnYVdZZ0tHMXZkVzUwWldRcElITmxkRk4wWVhSbEtDZ3BJRDArSUY5bGNuSnZjaUE5SUdoMWJXRnVhWHBsUlhKeWIzSW9aWEp5YjNJcEtUc0tJQ0FnSUgwZ1ptbHVZV3hzZVNCN0NpQWdJQ0FnSUdsbUlDaHRiM1Z1ZEdWa0tTQnpaWFJUZEdGMFpTZ29LU0E5UGlCZmJHOWhaR2x1WnlBOUlHWmhiSE5sS1RzS0lDQWdJSDBLSUNCOUNnb2dJSFp2YVdRZ1gzVndaR0YwWlZCaGNuUnBZMmx3WVc1MEtBb2dJQ0FnVTNCdmNuUkdhVzVoYkZCaGNuUnBZMmx3WVc1MElIQmhjblJwWTJsd1lXNTBMQW9nSUNBZ1UzQnZjblJHYVc1aGJGQmhjblJwWTJsd1lXNTBJRzVsZUhRc0NpQWdLU0I3Q2lBZ0lDQm1hVzVoYkNCamRYSnlaVzUwSUQwZ1gyWnBibUZzYVhwaGRHbHZianNLSUNBZ0lHbG1JQ2hqZFhKeVpXNTBJRDA5SUc1MWJHd2dmSHdnWDNOaGRtbHVaeWtnY21WMGRYSnVPd29nSUNBZ2MyVjBVM1JoZEdVb0tDa2dld29nSUNBZ0lDQmZabWx1WVd4cGVtRjBhVzl1SUQwZ1kzVnljbVZ1ZEM1amIzQjVWMmwwYUNnS0lDQWdJQ0FnSUNCd1lYSjBhV05wY0dGdWRITTZJRnNLSUNBZ0lDQWdJQ0FnSUdadmNpQW9abWx1WVd3Z2FYUmxiU0JwYmlCamRYSnlaVzUwTG5CaGNuUnBZMmx3WVc1MGN5a0tJQ0FnSUNBZ0lDQWdJQ0FnYVdZZ0tHbDBaVzB1Y0dGeWRHbGphWEJoYm5SSlpDQTlQU0J3WVhKMGFXTnBjR0Z1ZEM1d1lYSjBhV05wY0dGdWRFbGtLU0J1WlhoMElHVnNjMlVnYVhSbGJTd0tJQ0FnSUNBZ0lDQmRMQW9nSUNBZ0lDQXBPd29nSUNBZ2ZTazdDaUFnZlFvS0lDQjJiMmxrSUY5elpYUkJiR3hRY21WelpXNTBLQ2tnZXdvZ0lDQWdabWx1WVd3Z1kzVnljbVZ1ZENBOUlGOW1hVzVoYkdsNllYUnBiMjQ3Q2lBZ0lDQnBaaUFvWTNWeWNtVnVkQ0E5UFNCdWRXeHNJSHg4SUY5ellYWnBibWNwSUhKbGRIVnlianNLSUNBZ0lITmxkRk4wWVhSbEtDZ3BJSHNLSUNBZ0lDQWdYMlpwYm1Gc2FYcGhkR2x2YmlBOUlHTjFjbkpsYm5RdVkyOXdlVmRwZEdnb0NpQWdJQ0FnSUNBZ2NHRnlkR2xqYVhCaGJuUnpPaUJiQ2lBZ0lDQWdJQ0FnSUNCbWIzSWdLR1pwYm1Gc0lHbDBaVzBnYVc0Z1kzVnljbVZ1ZEM1d1lYSjBhV05wY0dGdWRITXBDaUFnSUNBZ0lDQWdJQ0FnSUdsMFpXMHVjSEpsYzJWdWRBb2dJQ0FnSUNBZ0lDQWdJQ0FnSUNBZ1B5QnBkR1Z0Q2lBZ0lDQWdJQ0FnSUNBZ0lDQWdJQ0E2SUdsMFpXMHVZMjl3ZVZkcGRHZ29DaUFnSUNBZ0lDQWdJQ0FnSUNBZ0lDQWdJQ0FnY0hKbGMyVnVkRG9nZEhKMVpTd0tJQ0FnSUNBZ0lDQWdJQ0FnSUNBZ0lDQWdJQ0J6Wld4bFkzUnBiMjVUZEdGMGRYTTZJRjlrWldaaGRXeDBVbTlzWlNocGRHVnRLU3dLSUNBZ0lDQWdJQ0FnSUNBZ0lDQWdJQ0FnS1N3S0lDQWdJQ0FnSUNCZExBb2dJQ0FnSUNBcE93b2dJQ0FnZlNrN0NpQWdmUW9LSUNCMmIybGtJRjl6WlhSUWNtVnpaVzUwS0ZOd2IzSjBSbWx1WVd4UVlYSjBhV05wY0dGdWRDQndZWEowYVdOcGNHRnVkQ3dnWW05dmJDQndjbVZ6Wlc1MEtTQjdDaUFnSUNCbWFXNWhiQ0J1WlhoMFVtOXNaU0E5SUhCeVpYTmxiblFLSUNBZ0lDQWdJQ0EvSUY5a1pXWmhkV3gwVW05c1pTaHdZWEowYVdOcGNHRnVkQ2tLSUNBZ0lDQWdJQ0E2SUZOd2IzSjBSbWx1WVd4VFpXeGxZM1JwYjI1VGRHRjBkWE11Ym05MFUyVnNaV04wWldRN0NpQWdJQ0JmZFhCa1lYUmxVR0Z5ZEdsamFYQmhiblFvQ2lBZ0lDQWdJSEJoY25ScFkybHdZVzUwTEFvZ0lDQWdJQ0J3WVhKMGFXTnBjR0Z1ZEM1amIzQjVWMmwwYUNnS0lDQWdJQ0FnSUNCd2NtVnpaVzUwT2lCd2NtVnpaVzUwTEFvZ0lDQWdJQ0FnSUhObGJHVmpkR2x2YmxOMFlYUjFjem9nYm1WNGRGSnZiR1VzQ2lBZ0lDQWdJQ0FnWjI5aGJITTZJSEJ5WlhObGJuUWdQeUJ3WVhKMGFXTnBjR0Z1ZEM1bmIyRnNjeUE2SURBc0NpQWdJQ0FnSUNBZ1kyeGxZVzVUYUdWbGREb2djSEpsYzJWdWRDQS9JSEJoY25ScFkybHdZVzUwTG1Oc1pXRnVVMmhsWlhRZ09pQm1ZV3h6WlN3S0lDQWdJQ0FnS1N3S0lDQWdJQ2s3Q2lBZ2ZRb0tJQ0JUY0c5eWRFWnBibUZzVTJWc1pXTjBhVzl1VTNSaGRIVnpJRjlrWldaaGRXeDBVbTlzWlNoVGNHOXlk
Shell: RVpwYm1Gc1VHRnlkR2xqYVhCaGJuUWdjR0Z5ZEdsamFYQmhiblFwSUhzS0lDQWdJR2xtSUNod1lYSjBhV05wY0dGdWRDNXdjbVZ6Wlc1MEtTQnlaWFIxY200Z2NHRnlkR2xqYVhCaGJuUXVjMlZzWldOMGFXOXVVM1JoZEhWek93b2dJQ0FnY21WMGRYSnVJSE4zYVhSamFDQW9jR0Z5ZEdsamFYQmhiblF1Y0d4aGJtNWxaRnB2Ym1VcElIc0tJQ0FnSUNBZ0oyWnBaV3hrSnlBOVBpQlRjRzl5ZEVacGJtRnNVMlZzWldOMGFXOXVVM1JoZEhWekxuTjBZWEowWlhJc0NpQWdJQ0FnSUNkaVpXNWphQ2NnUFQ0Z1UzQnZjblJHYVc1aGJGTmxiR1ZqZEdsdmJsTjBZWFIxY3k1emRXSnpkR2wwZFhSbExBb2dJQ0FnSUNCZklEMCtJRk53YjNKMFJtbHVZV3hUWld4bFkzUnBiMjVUZEdGMGRYTXVibTkwVTJWc1pXTjBaV1FzQ2lBZ0lDQjlPd29nSUgwS0NpQWdkbTlwWkNCZmMyVjBRMnhsWVc1VGFHVmxkQ2hUY0c5eWRFWnBibUZzVUdGeWRHbGphWEJoYm5RZ2NHRnlkR2xqYVhCaGJuUXNJR0p2YjJ3Z1pXNWhZbXhsWkNrZ2V3b2dJQ0FnWm1sdVlXd2dZM1Z5Y21WdWRDQTlJRjltYVc1aGJHbDZZWFJwYjI0N0NpQWdJQ0JwWmlBb1kzVnljbVZ1ZENBOVBTQnVkV3hzSUh4OElDRndZWEowYVdOcGNHRnVkQzVwYzBkdllXeHJaV1Z3WlhJZ2ZId2dJWEJoY25ScFkybHdZVzUwTG5CeVpYTmxiblFwSUhzS0lDQWdJQ0FnY21WMGRYSnVPd29nSUNBZ2ZRb2dJQ0FnYzJWMFUzUmhkR1VvS0NrZ2V3b2dJQ0FnSUNCZlptbHVZV3hwZW1GMGFXOXVJRDBnWTNWeWNtVnVkQzVqYjNCNVYybDBhQ2dLSUNBZ0lDQWdJQ0J3WVhKMGFXTnBjR0Z1ZEhNNklGc0tJQ0FnSUNBZ0lDQWdJR1p2Y2lBb1ptbHVZV3dnYVhSbGJTQnBiaUJqZFhKeVpXNTBMbkJoY25ScFkybHdZVzUwY3lrS0lDQWdJQ0FnSUNBZ0lDQWdhV1lnS0dsMFpXMHVjR0Z5ZEdsamFYQmhiblJKWkNBOVBTQndZWEowYVdOcGNHRnVkQzV3WVhKMGFXTnBjR0Z1ZEVsa0tRb2dJQ0FnSUNBZ0lDQWdJQ0FnSUdsMFpXMHVZMjl3ZVZkcGRHZ29ZMnhsWVc1VGFHVmxkRG9nWlc1aFlteGxaQ2tLSUNBZ0lDQWdJQ0FnSUNBZ1pXeHpaU0JwWmlBb1pXNWhZbXhsWkNBbUppQnBkR1Z0TG1Oc1pXRnVVMmhsWlhRcENpQWdJQ0FnSUNBZ0lDQWdJQ0FnYVhSbGJTNWpiM0I1VjJsMGFDaGpiR1ZoYmxOb1pXVjBPaUJtWVd4elpTa0tJQ0FnSUNBZ0lDQWdJQ0FnWld4elpRb2dJQ0FnSUNBZ0lDQWdJQ0FnSUdsMFpXMHNDaUFnSUNBZ0lDQWdYU3dLSUNBZ0lDQWdLVHNLSUNBZ0lIMHBPd29nSUgwS0NpQWdVM1J5YVc1blB5QmZkbUZzYVdSaGRHVW9VM0J2Y25STllYUmphRVpwYm1Gc2FYcGhkR2x2YmlCMllXeDFaU2tnZXdvZ0lDQWdhV1lnS0VSaGRHVlVhVzFsTG01dmR5Z3BMbWx6UW1WbWIzSmxLSFpoYkhWbExtdHBZMnR2Wm1aQmRDa3BJSHNLSUNBZ0lDQWdjbVYwZFhKdUlDZE1aU0J0WVhSamFDQnVaU0J3WlhWMElIQmhjeUREcW5SeVpTQjJZV3hwWk1PcElHRjJZVzUwSUd4bElHTnZkWEFnWk9LQW1XVnVkbTlwTGljN0NpQWdJQ0I5Q2lBZ0lDQnBaaUFvZG1Gc2RXVXVjSEpsYzJWdWRFTnZkVzUwSUQwOUlEQXBJSHNLSUNBZ0lDQWdjbVYwZFhKdUlDZFR3NmxzWldOMGFXOXVibVVnWVhVZ2JXOXBibk1nZFc1bElIQmxjbk52Ym01bElITERxV1ZzYkdWdFpXNTBJSEJ5dzZselpXNTBaUzRuT3dvZ0lDQWdmUW9nSUNBZ2FXWWdLSFpoYkhWbExuTjBZWEowWlhKRGIzVnVkQ0ErSURFeEtTQjdDaUFnSUNBZ0lISmxkSFZ5YmlBblNXd2dibVVnY0dWMWRDQndZWE1nZVNCaGRtOXBjaUJ3YkhWeklHUmxJREV4SUhScGRIVnNZV2x5WlhNZ2NzT3BaV3h6TGljN0NpQWdJQ0I5Q2lBZ0lDQnBaaUFvZG1Gc2RXVXVZWFIwY21saWRYUmxaRWR2WVd4eklENGdkbUZzZFdVdWMyTnZjbVZCYzBkeWFXNTBZU2tnZXdvZ0lDQWdJQ0J5WlhSMWNtNGdKMHhsY3lCaWRYUnpJR0YwZEhKcFluWERxWE1nWk1PcGNHRnpjMlZ1ZENCc1pTQnpZMjl5WlNCazRvQ1pRVk1nUjNKcGJuUmhMaWM3Q2lBZ0lDQjlDaUFnSUNCcFppQW9kbUZzZFdVdWMyTnZjbVZCWkhabGNuTmxJRDRnTUNBbUpnb2dJQ0FnSUNBZ0lIWmhiSFZsTG5CaGNuUnBZMmx3WVc1MGN5NWhibmtvS0hCaGNuUnBZMmx3WVc1MEtTQTlQaUJ3WVhKMGFXTnBjR0Z1ZEM1amJHVmhibE5vWldWMEtTa2dld29nSUNBZ0lDQnlaWFIxY200Z0oxVnVJR05zWldGdUlITm9aV1YwSUdWemRDQnBiWEJ2YzNOcFlteGxJR3h2Y25OeGRXVWdiT0tBbVdGa2RtVnljMkZwY21VZ1lTQnRZWEp4ZGNPcExpYzdDaUFnSUNCOUNpQWdJQ0J5WlhSMWNtNGdiblZzYkRzS0lDQjlDZ29nSUVaMWRIVnlaVHgyYjJsa1BpQmZjM1ZpYldsMEtDa2dZWE41Ym1NZ2V3b2dJQ0FnWm1sdVlXd2dkbUZzZFdVZ1BTQmZabWx1WVd4cGVtRjBhVzl1T3dvZ0lDQWdhV1lnS0haaGJIVmxJRDA5SUc1MWJHd2dmSHdnWDNOaGRtbHVaeWtnY21WMGRYSnVPd29nSUNBZ1ptbHVZV3dnZG1Gc2FXUmhkR2x2YmtWeWNtOXlJRDBnWDNaaGJHbGtZWFJsS0haaGJIVmxLVHNLSUNBZ0lHbG1JQ2gyWVd4cFpHRjBhVzl1UlhKeWIzSWdJVDBnYm5Wc2JDa2dld29nSUNBZ0lDQmZjMmh2ZDAxbGMzTmhaMlVvZG1Gc2FXUmhkR2x2YmtWeWNtOXlLVHNLSUNBZ0lDQWdjbVYwZFhKdU93b2dJQ0FnZlFvS0lDQWdJR1pwYm1Gc0lHTnZibVpwY20xbFpDQTlJR0YzWVdsMElITm9iM2RFYVdGc2IyYzhZbTl2YkQ0b0NpQWdJQ0FnSUNBZ0lDQmpiMjUwWlhoME9pQmpiMjUwWlhoMExBb2dJQ0FnSUNBZ0lDQWdZblZwYkdSbGNqb2dLR1JwWVd4dlowTnZiblJsZUhRcElEMCtJRUZzWlhKMFJHbGhiRzluS0FvZ0lDQWdJQ0FnSUNBZ0lDQjBhWFJzWlRvZ1ZHVjRkQ2dLSUNBZ0lDQWdJQ0FnSUNBZ0lDQjJZV3gxWlM1cGMxWmhiR2xrWVhSbFpBb2dJQ0FnSUNBZ0lDQWdJQ0FnSUNBZ0lDQS9JQ2REYjNKeWFXZGxjaUJzWlhNZ2MzUmhkR2x6ZEdseGRXVnpJR1IxSUcxaGRHTm9JRDhuQ2lBZ0lDQWdJQ0FnSUNBZ0lDQWdJQ0FnSURvZ0oxWmhiR2xrWlhJZ2JHVWdiV0YwWTJnZ1pYUWdiR1Z6SUhOMFlYUnBjM1JwY1hWbGN5QS9KeXdLSUNBZ0lDQWdJ
Shell: Q0FnSUNBZ0tTd0tJQ0FnSUNBZ0lDQWdJQ0FnWTI5dWRHVnVkRG9nVTJsdVoyeGxRMmhwYkdSVFkzSnZiR3hXYVdWM0tBb2dJQ0FnSUNBZ0lDQWdJQ0FnSUdOb2FXeGtPaUJEYjJ4MWJXNG9DaUFnSUNBZ0lDQWdJQ0FnSUNBZ0lDQnRZV2x1UVhocGMxTnBlbVU2SUUxaGFXNUJlR2x6VTJsNlpTNXRhVzRzQ2lBZ0lDQWdJQ0FnSUNBZ0lDQWdJQ0JqY205emMwRjRhWE5CYkdsbmJtMWxiblE2SUVOeWIzTnpRWGhwYzBGc2FXZHViV1Z1ZEM1emRHRnlkQ3dLSUNBZ0lDQWdJQ0FnSUNBZ0lDQWdJR05vYVd4a2NtVnVPaUJiQ2lBZ0lDQWdJQ0FnSUNBZ0lDQWdJQ0FnSUZSbGVIUW9DaUFnSUNBZ0lDQWdJQ0FnSUNBZ0lDQWdJQ0FnSnlSN2RtRnNkV1V1Y0hKbGMyVnVkRU52ZFc1MGZTQndjc09wYzJWdWRITWd3cmNnSkh0MllXeDFaUzV6ZEdGeWRHVnlRMjkxYm5SOUlIUnBkSFZzWVdseVpYTWd3cmNnSndvZ0lDQWdJQ0FnSUNBZ0lDQWdJQ0FnSUNBZ0lDY2tlM1poYkhWbExuTjFZbk4wYVhSMWRHVkRiM1Z1ZEgwZ2NtVnRjR3hodzZkaGJuUnpJTUszSUNSN2RtRnNkV1V1WVhSMGNtbGlkWFJsWkVkdllXeHpmU0JpZFhSeklHRjBkSEpwWW5YRHFYTXVKeXdLSUNBZ0lDQWdJQ0FnSUNBZ0lDQWdJQ0FnS1N3S0lDQWdJQ0FnSUNBZ0lDQWdJQ0FnSUNBZ1kyOXVjM1FnVTJsNlpXUkNiM2dvYUdWcFoyaDBPaUF4TUNrc0NpQWdJQ0FnSUNBZ0lDQWdJQ0FnSUNBZ0lHTnZibk4wSUZSbGVIUW9DaUFnSUNBZ0lDQWdJQ0FnSUNBZ0lDQWdJQ0FnSjB4bGN5QnFiM1ZsZFhKeklIQmxjbTFoYm1WdWRITWdZV3hwYldWdWRHVnliMjUwSUdsdGJjT3BaR2xoZEdWdFpXNTBJR3hsY3lCemRHRjBhWE4wYVhGMVpYTXNJQ2NLSUNBZ0lDQWdJQ0FnSUNBZ0lDQWdJQ0FnSUNBbmJHVnpJR0poWkdkbGN5QmxkQ0JzWlhNZ1kyeGhjM05sYldWdWRITXVJRXhsY3lCcGJuWnBkTU9wY3lCeVpYTjBaWEp2Ym5RZ2JHbkRxWE1nWVhVZ2NzT3BjM1ZzZEdGMExpY3NDaUFnSUNBZ0lDQWdJQ0FnSUNBZ0lDQWdJQ2tzQ2lBZ0lDQWdJQ0FnSUNBZ0lDQWdJQ0JkTEFvZ0lDQWdJQ0FnSUNBZ0lDQWdJQ2tzQ2lBZ0lDQWdJQ0FnSUNBZ0lDa3NDaUFnSUNBZ0lDQWdJQ0FnSUdGamRHbHZibk02SUZzS0lDQWdJQ0FnSUNBZ0lDQWdJQ0JVWlhoMFFuVjBkRzl1S0FvZ0lDQWdJQ0FnSUNBZ0lDQWdJQ0FnYjI1UWNtVnpjMlZrT2lBb0tTQTlQaUJPWVhacFoyRjBiM0l1Y0c5d0tHUnBZV3h2WjBOdmJuUmxlSFFzSUdaaGJITmxLU3dLSUNBZ0lDQWdJQ0FnSUNBZ0lDQWdJR05vYVd4a09pQmpiMjV6ZENCVVpYaDBLQ2RCYm01MWJHVnlKeWtzQ2lBZ0lDQWdJQ0FnSUNBZ0lDQWdLU3dLSUNBZ0lDQWdJQ0FnSUNBZ0lDQkdhV3hzWldSQ2RYUjBiMjR1YVdOdmJpZ0tJQ0FnSUNBZ0lDQWdJQ0FnSUNBZ0lHOXVVSEpsYzNObFpEb2dLQ2tnUFQ0Z1RtRjJhV2RoZEc5eUxuQnZjQ2hrYVdGc2IyZERiMjUwWlhoMExDQjBjblZsS1N3S0lDQWdJQ0FnSUNBZ0lDQWdJQ0FnSUdsamIyNDZJR052Ym5OMElFbGpiMjRvU1dOdmJuTXVkbVZ5YVdacFpXUmZiM1YwYkdsdVpXUXBMQW9nSUNBZ0lDQWdJQ0FnSUNBZ0lDQWdiR0ZpWld3NklGUmxlSFFvZG1Gc2RXVXVhWE5XWVd4cFpHRjBaV1FnUHlBblEyOXljbWxuWlhJbklEb2dKMVpoYkdsa1pYSW5LU3dLSUNBZ0lDQWdJQ0FnSUNBZ0lDQXBMQW9nSUNBZ0lDQWdJQ0FnSUNCZExBb2dJQ0FnSUNBZ0lDQWdLU3dLSUNBZ0lDQWdJQ0FwSUQ4L0NpQWdJQ0FnSUNBZ1ptRnNjMlU3Q2lBZ0lDQnBaaUFvSVdOdmJtWnBjbTFsWkNrZ2NtVjBkWEp1T3dvS0lDQWdJSE5sZEZOMFlYUmxLQ2dwSUQwK0lGOXpZWFpwYm1jZ1BTQjBjblZsS1RzS0lDQWdJSFJ5ZVNCN0NpQWdJQ0FnSUdacGJtRnNJSE5oZG1Wa0lEMEtJQ0FnSUNBZ0lDQWdJR0YzWVdsMElISmxaaTV5WldGa0tITndiM0owVFdGMFkyaEdhVzVoYkdsNllYUnBiMjVTWlhCdmMybDBiM0o1VUhKdmRtbGtaWElwTG1acGJtRnNhWHBsS0FvZ0lDQWdJQ0FnSUNBZ0lDQWdJQ0FnWm1sdVlXeHBlbUYwYVc5dU9pQjJZV3gxWlN3S0lDQWdJQ0FnSUNBZ0lDQWdJQ0FnSUhKbFlYTnZiam9nZG1Gc2RXVXVhWE5XWVd4cFpHRjBaV1FLSUNBZ0lDQWdJQ0FnSUNBZ0lDQWdJQ0FnSUNBL0lDZERiM0p5WldOMGFXOXVJR1JsY0hWcGN5QkdiSFYwZEdWeUp3b2dJQ0FnSUNBZ0lDQWdJQ0FnSUNBZ0lDQWdJRG9nSjFaaGJHbGtZWFJwYjI0Z2MzQnZjblJwZG1VZ1pHVndkV2x6SUVac2RYUjBaWEluTEFvZ0lDQWdJQ0FnSUNBZ0lDQWdJQ2s3Q2lBZ0lDQWdJR2xtSUNnaGJXOTFiblJsWkNrZ2NtVjBkWEp1T3dvZ0lDQWdJQ0J6WlhSVGRHRjBaU2dvS1NBOVBpQmZabWx1WVd4cGVtRjBhVzl1SUQwZ2MyRjJaV1FwT3dvZ0lDQWdJQ0J5WldZdWFXNTJZV3hwWkdGMFpTaHRZWFJqYUVSbGRHRnBiSE5RY205MmFXUmxjaWgzYVdSblpYUXViV0YwWTJoSlpDa3BPd29nSUNBZ0lDQnlaV1l1YVc1MllXeHBaR0YwWlNob2IyMWxSR0Z6YUdKdllYSmtVSEp2ZG1sa1pYSXBPd29nSUNBZ0lDQnlaV1l1YVc1MllXeHBaR0YwWlNod2RXSnNhWE5vWldSVGNHOXlkRTFoZEdOb1VtVnpkV3gwVUhKdmRtbGtaWElvZDJsa1oyVjBMbTFoZEdOb1NXUXBLVHNLSUNBZ0lDQWdYM05vYjNkTlpYTnpZV2RsS0FvZ0lDQWdJQ0FnSUhOaGRtVmtMblpsY25OcGIyNGdQVDBnTVFvZ0lDQWdJQ0FnSUNBZ0lDQS9JQ2ROWVhSamFDQjJZV3hwWk1PcElHVjBJSE4wWVhScGMzUnBjWFZsY3lCemVXNWphSEp2Ym1senc2bGxjeTRuQ2lBZ0lDQWdJQ0FnSUNBZ0lEb2dKME52Y25KbFkzUnBiMjRnWlc1eVpXZHBjM1J5dzZsbElNSzNJSFpsY25OcGIyNGdKSHR6WVhabFpDNTJaWEp6YVc5dWZTNG5MQW9nSUNBZ0lDQXBPd29nSUNBZ2ZTQmpZWFJqYUNBb1pYSnliM0lwSUhzS0lDQWdJQ0FnYVdZZ0tHMXZkVzUwWldRcElGOXphRzkzVFdWemMyRm5aU2hvZFcxaGJtbDZaVVZ5Y205eUtHVnljbTl5S1NrN0NpQWdJQ0I5SUdacGJtRnNiSGtnZXdvZ0lDQWdJQ0JwWmlBb2JXOTFiblJsWkNrZ2MyVjBVM1JoZEdVb0tDa2dQVDRnWDNOaGRtbHVaeUE5SUdaaGJITmxL
Shell: VHNLSUNBZ0lIMEtJQ0I5Q2dvZ0lIWnZhV1FnWDNOb2IzZE5aWE56WVdkbEtGTjBjbWx1WnlCdFpYTnpZV2RsS1NCN0NpQWdJQ0JUWTJGbVptOXNaRTFsYzNObGJtZGxjaTV2WmlnS0lDQWdJQ0FnWTI5dWRHVjRkQ3dLSUNBZ0lDa3VjMmh2ZDFOdVlXTnJRbUZ5S0ZOdVlXTnJRbUZ5S0dOdmJuUmxiblE2SUZSbGVIUW9iV1Z6YzJGblpTa3BLVHNLSUNCOUNnb2dJRUJ2ZG1WeWNtbGtaUW9nSUZkcFpHZGxkQ0JpZFdsc1pDaENkV2xzWkVOdmJuUmxlSFFnWTI5dWRHVjRkQ2tnZXdvZ0lDQWdjbVYwZFhKdUlGTmpZV1ptYjJ4a0tBb2dJQ0FnSUNCaGNIQkNZWEk2SUVkeWFXNTBZVUZ3Y0VKaGNpZ0tJQ0FnSUNBZ0lDQjBhWFJzWlRvZ1kyOXVjM1FnVkdWNGRDZ25WbUZzYVdSaGRHbHZiaUJrZFNCdFlYUmphQ2NwTEFvZ0lDQWdJQ0FnSUdGa2JXbHVPaUIwY25WbExBb2dJQ0FnSUNBZ0lHRmpkR2x2Ym5NNklGc0tJQ0FnSUNBZ0lDQWdJRWxqYjI1Q2RYUjBiMjRvQ2lBZ0lDQWdJQ0FnSUNBZ0lIUnZiMngwYVhBNklDZEJZM1IxWVd4cGMyVnlKeXdLSUNBZ0lDQWdJQ0FnSUNBZ2IyNVFjbVZ6YzJWa09pQmZiRzloWkdsdVp5QjhmQ0JmYzJGMmFXNW5JRDhnYm5Wc2JDQTZJRjlzYjJGa0xBb2dJQ0FnSUNBZ0lDQWdJQ0JwWTI5dU9pQmpiMjV6ZENCSlkyOXVLRWxqYjI1ekxuSmxabkpsYzJncExBb2dJQ0FnSUNBZ0lDQWdLU3dLSUNBZ0lDQWdJQ0JkTEFvZ0lDQWdJQ0FwTEFvZ0lDQWdJQ0JpYjJSNU9pQmZZblZwYkdSQ2IyUjVLQ2tzQ2lBZ0lDQXBPd29nSUgwS0NpQWdWMmxrWjJWMElGOWlkV2xzWkVKdlpIa29LU0I3Q2lBZ0lDQnBaaUFvWDJ4dllXUnBibWNwSUhKbGRIVnliaUJqYjI1emRDQkRaVzUwWlhJb1kyaHBiR1E2SUVkeWFXNTBZVkJ5YjJkeVpYTnpTVzVrYVdOaGRHOXlLQ2twT3dvZ0lDQWdhV1lnS0Y5bGNuSnZjaUFoUFNCdWRXeHNJQ1ltSUY5bWFXNWhiR2w2WVhScGIyNGdQVDBnYm5Wc2JDa2dld29nSUNBZ0lDQnlaWFIxY200Z1EyVnVkR1Z5S0FvZ0lDQWdJQ0FnSUdOb2FXeGtPaUJRWVdSa2FXNW5LQW9nSUNBZ0lDQWdJQ0FnY0dGa1pHbHVaem9nWTI5dWMzUWdSV1JuWlVsdWMyVjBjeTVoYkd3b01qUXBMQW9nSUNBZ0lDQWdJQ0FnWTJocGJHUTZJRU52YkhWdGJpZ0tJQ0FnSUNBZ0lDQWdJQ0FnYldGcGJrRjRhWE5UYVhwbE9pQk5ZV2x1UVhocGMxTnBlbVV1YldsdUxBb2dJQ0FnSUNBZ0lDQWdJQ0JqYUdsc1pISmxiam9nV3dvZ0lDQWdJQ0FnSUNBZ0lDQWdJRlJsZUhRb1gyVnljbTl5SVN3Z2RHVjRkRUZzYVdkdU9pQlVaWGgwUVd4cFoyNHVZMlZ1ZEdWeUtTd0tJQ0FnSUNBZ0lDQWdJQ0FnSUNCamIyNXpkQ0JUYVhwbFpFSnZlQ2hvWldsbmFIUTZJREV5S1N3S0lDQWdJQ0FnSUNBZ0lDQWdJQ0JHYVd4c1pXUkNkWFIwYjI0b2IyNVFjbVZ6YzJWa09pQmZiRzloWkN3Z1kyaHBiR1E2SUdOdmJuTjBJRlJsZUhRb0oxTERxV1Z6YzJGNVpYSW5LU2tzQ2lBZ0lDQWdJQ0FnSUNBZ0lGMHNDaUFnSUNBZ0lDQWdJQ0FwTEFvZ0lDQWdJQ0FnSUNrc0NpQWdJQ0FnSUNrN0NpQWdJQ0I5Q2lBZ0lDQm1hVzVoYkNCMllXeDFaU0E5SUY5bWFXNWhiR2w2WVhScGIyNDdDaUFnSUNCcFppQW9kbUZzZFdVZ1BUMGdiblZzYkNrZ2NtVjBkWEp1SUdOdmJuTjBJRk5wZW1Wa1FtOTRMbk5vY21sdWF5Z3BPd29LSUNBZ0lISmxkSFZ5YmlCTWFYTjBWbWxsZHlnS0lDQWdJQ0FnY0dGa1pHbHVaem9nWTI5dWMzUWdSV1JuWlVsdWMyVjBjeTVtY205dFRGUlNRaWd4Tml3Z01UWXNJREUyTENBME1Da3NDaUFnSUNBZ0lHTm9hV3hrY21WdU9pQmJDaUFnSUNBZ0lDQWdYMU4xYlcxaGNubERZWEprS0FvZ0lDQWdJQ0FnSUNBZ2RtRnNkV1U2SUhaaGJIVmxMQW9nSUNBZ0lDQWdJQ0FnYzJGMmFXNW5PaUJmYzJGMmFXNW5MQW9nSUNBZ0lDQWdJQ0FnYjI1VFkyOXlaVUZ6UjNKcGJuUmhRMmhoYm1kbFpEb2dLSE5qYjNKbEtTQTlQaUJ6WlhSVGRHRjBaU2dLSUNBZ0lDQWdJQ0FnSUNBZ0tDa2dQVDRnWDJacGJtRnNhWHBoZEdsdmJpQTlJSFpoYkhWbExtTnZjSGxYYVhSb0tITmpiM0psUVhOSGNtbHVkR0U2SUhOamIzSmxLU3dLSUNBZ0lDQWdJQ0FnSUNrc0NpQWdJQ0FnSUNBZ0lDQnZibE5qYjNKbFFXUjJaWEp6WlVOb1lXNW5aV1E2SUNoelkyOXlaU2tnZXdvZ0lDQWdJQ0FnSUNBZ0lDQnpaWFJUZEdGMFpTZ29LU0I3Q2lBZ0lDQWdJQ0FnSUNBZ0lDQWdkbUZ5SUhCaGNuUnBZMmx3WVc1MGN5QTlJSFpoYkhWbExuQmhjblJwWTJsd1lXNTBjenNLSUNBZ0lDQWdJQ0FnSUNBZ0lDQnBaaUFvYzJOdmNtVWdQaUF3S1NCN0NpQWdJQ0FnSUNBZ0lDQWdJQ0FnSUNCd1lYSjBhV05wY0dGdWRITWdQU0JiQ2lBZ0lDQWdJQ0FnSUNBZ0lDQWdJQ0FnSUdadmNpQW9abWx1WVd3Z2NHRnlkR2xqYVhCaGJuUWdhVzRnY0dGeWRHbGphWEJoYm5SektRb2dJQ0FnSUNBZ0lDQWdJQ0FnSUNBZ0lDQWdJSEJoY25ScFkybHdZVzUwTG1Oc1pXRnVVMmhsWlhRS0lDQWdJQ0FnSUNBZ0lDQWdJQ0FnSUNBZ0lDQWdJQ0FnUHlCd1lYSjBhV05wY0dGdWRDNWpiM0I1VjJsMGFDaGpiR1ZoYmxOb1pXVjBPaUJtWVd4elpTa0tJQ0FnSUNBZ0lDQWdJQ0FnSUNBZ0lDQWdJQ0FnSUNBZ09pQndZWEowYVdOcGNHRnVkQ3dLSUNBZ0lDQWdJQ0FnSUNBZ0lDQWdJRjA3Q2lBZ0lDQWdJQ0FnSUNBZ0lDQWdmUW9nSUNBZ0lDQWdJQ0FnSUNBZ0lGOW1hVzVoYkdsNllYUnBiMjRnUFNCMllXeDFaUzVqYjNCNVYybDBhQ2dLSUNBZ0lDQWdJQ0FnSUNBZ0lDQWdJSE5qYjNKbFFXUjJaWEp6WlRvZ2MyTnZjbVVzQ2lBZ0lDQWdJQ0FnSUNBZ0lDQWdJQ0J3WVhKMGFXTnBjR0Z1ZEhNNklIQmhjblJwWTJsd1lXNTBjeXdLSUNBZ0lDQWdJQ0FnSUNBZ0lDQXBPd29nSUNBZ0lDQWdJQ0FnSUNCOUtUc0tJQ0FnSUNBZ0lDQWdJSDBzQ2lBZ0lDQWdJQ0FnS1N3S0lDQWdJQ0FnSUNCamIyNXpkQ0JUYVhwbFpFSnZlQ2hvWldsbmFIUTZJREUyS1N3S0lDQWdJQ0FnSUNCVVpYaDBLQW9nSUNBZ0lDQWdJQ0FnSjFCeXc2bHpaVzVqWlNCeXc2bGxiR3hsSUdWMElITjBZWFJwYzNScGNYVmxjeWNzQ2lBZ0lDQWdJ
Shell: Q0FnSUNCemRIbHNaVG9nVkdobGJXVXViMllvWTI5dWRHVjRkQ2t1ZEdWNGRGUm9aVzFsTG5ScGRHeGxUR0Z5WjJVc0NpQWdJQ0FnSUNBZ0tTd0tJQ0FnSUNBZ0lDQmpiMjV6ZENCVGFYcGxaRUp2ZUNob1pXbG5hSFE2SURZcExBb2dJQ0FnSUNBZ0lGUmxlSFFvQ2lBZ0lDQWdJQ0FnSUNBblRHRWdZMjl0Y0c5emFYUnBiMjRnY0hWaWJHbkRxV1VnYzJWeWRDQjFibWx4ZFdWdFpXNTBJR1JsSUhCeXc2bHlaVzF3YkdsemMyRm5aUzRnUTI5eWNtbG5aU0JwWTJrZ0p3b2dJQ0FnSUNBZ0lDQWdKMk5sSUhGMWFTQno0b0NaWlhOMElITERxV1ZzYkdWdFpXNTBJSEJoYzNQRHFTNG5MQW9nSUNBZ0lDQWdJQ0FnYzNSNWJHVTZJRlJvWlcxbExtOW1LR052Ym5SbGVIUXBMblJsZUhSVWFHVnRaUzVpYjJSNVUyMWhiR3dzQ2lBZ0lDQWdJQ0FnS1N3S0lDQWdJQ0FnSUNCamIyNXpkQ0JUYVhwbFpFSnZlQ2hvWldsbmFIUTZJREV5S1N3S0lDQWdJQ0FnSUNCQmJHbG5iaWdLSUNBZ0lDQWdJQ0FnSUdGc2FXZHViV1Z1ZERvZ1FXeHBaMjV0Wlc1MExtTmxiblJsY2t4bFpuUXNDaUFnSUNBZ0lDQWdJQ0JqYUdsc1pEb2dUM1YwYkdsdVpXUkNkWFIwYjI0dWFXTnZiaWdLSUNBZ0lDQWdJQ0FnSUNBZ2IyNVFjbVZ6YzJWa09pQmZjMkYyYVc1bklEOGdiblZzYkNBNklGOXpaWFJCYkd4UWNtVnpaVzUwTEFvZ0lDQWdJQ0FnSUNBZ0lDQnBZMjl1T2lCamIyNXpkQ0JKWTI5dUtFbGpiMjV6TG1SdmJtVmZZV3hzWDNKdmRXNWtaV1FzSUhOcGVtVTZJREU0S1N3S0lDQWdJQ0FnSUNBZ0lDQWdiR0ZpWld3NklHTnZibk4wSUZSbGVIUW9KMVJ2ZFhRZ2JXRnljWFZsY2lCd2NzT3BjMlZ1ZEhNbktTd0tJQ0FnSUNBZ0lDQWdJQ2tzQ2lBZ0lDQWdJQ0FnS1N3S0lDQWdJQ0FnSUNCamIyNXpkQ0JUYVhwbFpFSnZlQ2hvWldsbmFIUTZJREV5S1N3S0lDQWdJQ0FnSUNCbWIzSWdLR1pwYm1Gc0lIQmhjblJwWTJsd1lXNTBJR2x1SUhaaGJIVmxMbkJoY25ScFkybHdZVzUwY3lrS0lDQWdJQ0FnSUNBZ0lGOVFZWEowYVdOcGNHRnVkRU5oY21Rb0NpQWdJQ0FnSUNBZ0lDQWdJSEJoY25ScFkybHdZVzUwT2lCd1lYSjBhV05wY0dGdWRDd0tJQ0FnSUNBZ0lDQWdJQ0FnYjNCd2IyNWxiblJUWTI5eVpUb2dkbUZzZFdVdWMyTnZjbVZCWkhabGNuTmxMQW9nSUNBZ0lDQWdJQ0FnSUNCellYWnBibWM2SUY5ellYWnBibWNzQ2lBZ0lDQWdJQ0FnSUNBZ0lHOXVVSEpsYzJWdWRFTm9ZVzVuWldRNklDaHdjbVZ6Wlc1MEtTQTlQaUJmYzJWMFVISmxjMlZ1ZENod1lYSjBhV05wY0dGdWRDd2djSEpsYzJWdWRDa3NDaUFnSUNBZ0lDQWdJQ0FnSUc5dVIyOWhiSE5EYUdGdVoyVmtPaUFvWjI5aGJITXBJRDArSUY5MWNHUmhkR1ZRWVhKMGFXTnBjR0Z1ZENnS0lDQWdJQ0FnSUNBZ0lDQWdJQ0J3WVhKMGFXTnBjR0Z1ZEN3S0lDQWdJQ0FnSUNBZ0lDQWdJQ0J3WVhKMGFXTnBjR0Z1ZEM1amIzQjVWMmwwYUNobmIyRnNjem9nWjI5aGJITXBMQW9nSUNBZ0lDQWdJQ0FnSUNBcExBb2dJQ0FnSUNBZ0lDQWdJQ0J2YmtOc1pXRnVVMmhsWlhSRGFHRnVaMlZrT2lBb1pXNWhZbXhsWkNrZ1BUNEtJQ0FnSUNBZ0lDQWdJQ0FnSUNBZ0lGOXpaWFJEYkdWaGJsTm9aV1YwS0hCaGNuUnBZMmx3WVc1MExDQmxibUZpYkdWa0tTd0tJQ0FnSUNBZ0lDQWdJQ2tzQ2lBZ0lDQWdJQ0FnWTI5dWMzUWdVMmw2WldSQ2IzZ29hR1ZwWjJoME9pQXhOaWtzQ2lBZ0lDQWdJQ0FnUm1sc2JHVmtRblYwZEc5dUxtbGpiMjRvQ2lBZ0lDQWdJQ0FnSUNCdmJsQnlaWE56WldRNklGOXpZWFpwYm1jZ1B5QnVkV3hzSURvZ1gzTjFZbTFwZEN3S0lDQWdJQ0FnSUNBZ0lHbGpiMjQ2SUY5ellYWnBibWNLSUNBZ0lDQWdJQ0FnSUNBZ0lDQS9JR052Ym5OMElGTnBlbVZrUW05NEtBb2dJQ0FnSUNBZ0lDQWdJQ0FnSUNBZ0lDQjNhV1IwYURvZ01UZ3NDaUFnSUNBZ0lDQWdJQ0FnSUNBZ0lDQWdJR2hsYVdkb2REb2dNVGdzQ2lBZ0lDQWdJQ0FnSUNBZ0lDQWdJQ0FnSUdOb2FXeGtPaUJIY21sdWRHRlFjbTluY21WemMwbHVaR2xqWVhSdmNpaHpkSEp2YTJWWGFXUjBhRG9nTWlrc0NpQWdJQ0FnSUNBZ0lDQWdJQ0FnSUNBcENpQWdJQ0FnSUNBZ0lDQWdJQ0FnT2lCamIyNXpkQ0JKWTI5dUtFbGpiMjV6TG5abGNtbG1hV1ZrWDI5MWRHeHBibVZrS1N3S0lDQWdJQ0FnSUNBZ0lHeGhZbVZzT2lCVVpYaDBLQW9nSUNBZ0lDQWdJQ0FnSUNCMllXeDFaUzVwYzFaaGJHbGtZWFJsWkFvZ0lDQWdJQ0FnSUNBZ0lDQWdJQ0FnUHlBblEyOXljbWxuWlhJZ2JHVWdiV0YwWTJnZ1pYUWdjbVZqWVd4amRXeGxjaUJzWlhNZ2MzUmhkR2x6ZEdseGRXVnpKd29nSUNBZ0lDQWdJQ0FnSUNBZ0lDQWdPaUFuVm1Gc2FXUmxjaUJzWlNCdFlYUmphQ0JsZENCaGJHbHRaVzUwWlhJZ2JHVnpJSE4wWVhScGMzUnBjWFZsY3ljc0NpQWdJQ0FnSUNBZ0lDQXBMQW9nSUNBZ0lDQWdJQ2tzQ2lBZ0lDQWdJQ0FnWTI5dWMzUWdVMmw2WldSQ2IzZ29hR1ZwWjJoME9pQXhNQ2tzQ2lBZ0lDQWdJQ0FnWTI5dWMzUWdWR1Y0ZENnS0lDQWdJQ0FnSUNBZ0lDZEJjSExEcUhNZ2RtRnNhV1JoZEdsdmJpd2dZMlYwZEdVZ2JHbHpkR1VnYzJWeWRtbHlZU0JrWlNCaVlYTmxJR0YxSUhOamNuVjBhVzRnU0c5dGJXVWdaSFVnYldGMFkyZ3VKeXdLSUNBZ0lDQWdJQ0FnSUhSbGVIUkJiR2xuYmpvZ1ZHVjRkRUZzYVdkdUxtTmxiblJsY2l3S0lDQWdJQ0FnSUNBcExBb2dJQ0FnSUNCZExBb2dJQ0FnS1RzS0lDQjlDbjBLQ21Oc1lYTnpJRjlUZFcxdFlYSjVRMkZ5WkNCbGVIUmxibVJ6SUZOMFlYUmxiR1Z6YzFkcFpHZGxkQ0I3Q2lBZ1kyOXVjM1FnWDFOMWJXMWhjbmxEWVhKa0tIc0tJQ0FnSUhKbGNYVnBjbVZrSUhSb2FYTXVkbUZzZFdVc0NpQWdJQ0J5WlhGMWFYSmxaQ0IwYUdsekxuTmhkbWx1Wnl3S0lDQWdJSEpsY1hWcGNtVmtJSFJvYVhNdWIyNVRZMjl5WlVGelIzSnBiblJoUTJoaGJtZGxaQ3dLSUNBZ0lISmxjWFZwY21Wa0lIUm9hWE11YjI1VFkyOXlaVUZrZG1WeWMyVkRhR0Z1WjJWa0xBb2dJSDBwT3dvS0lDQm1hVzVoYkNCVGNHOXlkRTFoZEdOb1JtbHVZV3hwZW1GMGFXOXVJ
Shell: SFpoYkhWbE93b2dJR1pwYm1Gc0lHSnZiMndnYzJGMmFXNW5Pd29nSUdacGJtRnNJRlpoYkhWbFEyaGhibWRsWkR4cGJuUStJRzl1VTJOdmNtVkJjMGR5YVc1MFlVTm9ZVzVuWldRN0NpQWdabWx1WVd3Z1ZtRnNkV1ZEYUdGdVoyVmtQR2x1ZEQ0Z2IyNVRZMjl5WlVGa2RtVnljMlZEYUdGdVoyVmtPd29LSUNCRGIyeHZjaUJuWlhRZ1gzTmpiM0psUTI5c2IzSWdQVDRLSUNBZ0lDQWdUV0YwWTJoR2FYaDBkWEpsTG5KbGMzVnNkRU52Ykc5eUtIWmhiSFZsTG5OamIzSmxRWE5IY21sdWRHRXNJSFpoYkhWbExuTmpiM0psUVdSMlpYSnpaU2s3Q2dvZ0lFQnZkbVZ5Y21sa1pRb2dJRmRwWkdkbGRDQmlkV2xzWkNoQ2RXbHNaRU52Ym5SbGVIUWdZMjl1ZEdWNGRDa2dld29nSUNBZ2NtVjBkWEp1SUVOaGNtUW9DaUFnSUNBZ0lHTm9hV3hrT2lCUVlXUmthVzVuS0FvZ0lDQWdJQ0FnSUhCaFpHUnBibWM2SUdOdmJuTjBJRVZrWjJWSmJuTmxkSE11WVd4c0tERTJLU3dLSUNBZ0lDQWdJQ0JqYUdsc1pEb2dRMjlzZFcxdUtBb2dJQ0FnSUNBZ0lDQWdZM0p2YzNOQmVHbHpRV3hwWjI1dFpXNTBPaUJEY205emMwRjRhWE5CYkdsbmJtMWxiblF1YzNSaGNuUXNDaUFnSUNBZ0lDQWdJQ0JqYUdsc1pISmxiam9nV3dvZ0lDQWdJQ0FnSUNBZ0lDQlVaWGgwS0FvZ0lDQWdJQ0FnSUNBZ0lDQWdJQ2RUWTI5eVpTQm1hVzVoYkNjc0NpQWdJQ0FnSUNBZ0lDQWdJQ0FnYzNSNWJHVTZJRlJvWlcxbExtOW1LR052Ym5SbGVIUXBDaUFnSUNBZ0lDQWdJQ0FnSUNBZ0lDQWdJQzUwWlhoMFZHaGxiV1VLSUNBZ0lDQWdJQ0FnSUNBZ0lDQWdJQ0FnTG5ScGRHeGxUV1ZrYVhWdENpQWdJQ0FnSUNBZ0lDQWdJQ0FnSUNBZ0lEOHVZMjl3ZVZkcGRHZ29abTl1ZEZkbGFXZG9kRG9nUm05dWRGZGxhV2RvZEM1M09UQXdLU3dLSUNBZ0lDQWdJQ0FnSUNBZ0tTd0tJQ0FnSUNBZ0lDQWdJQ0FnWTI5dWMzUWdVMmw2WldSQ2IzZ29hR1ZwWjJoME9pQXhNaWtzQ2lBZ0lDQWdJQ0FnSUNBZ0lGOVRZMjl5WlV4cGJtVW9DaUFnSUNBZ0lDQWdJQ0FnSUNBZ2JtRnRaVG9nZG1Gc2RXVXVhWE5JYjIxbElEOGdKMEZUSUVkeWFXNTBZU2NnT2lCMllXeDFaUzV2Y0hCdmJtVnVkRTVoYldVc0NpQWdJQ0FnSUNBZ0lDQWdJQ0FnYzJOdmNtVTZJSFpoYkhWbExtbHpTRzl0WlNBL0lIWmhiSFZsTG5OamIzSmxRWE5IY21sdWRHRWdPaUIyWVd4MVpTNXpZMjl5WlVGa2RtVnljMlVzQ2lBZ0lDQWdJQ0FnSUNBZ0lDQWdZMjlzYjNJNklGOXpZMjl5WlVOdmJHOXlMQW9nSUNBZ0lDQWdJQ0FnSUNBZ0lHVnVZV0pzWldRNklDRnpZWFpwYm1jc0NpQWdJQ0FnSUNBZ0lDQWdJQ0FnYjI1RGFHRnVaMlZrT2dvZ0lDQWdJQ0FnSUNBZ0lDQWdJQ0FnSUNCMllXeDFaUzVwYzBodmJXVWdQeUJ2YmxOamIzSmxRWE5IY21sdWRHRkRhR0Z1WjJWa0lEb2diMjVUWTI5eVpVRmtkbVZ5YzJWRGFHRnVaMlZrTEFvZ0lDQWdJQ0FnSUNBZ0lDQXBMQW9nSUNBZ0lDQWdJQ0FnSUNCamIyNXpkQ0JUYVhwbFpFSnZlQ2hvWldsbmFIUTZJRGdwTEFvZ0lDQWdJQ0FnSUNBZ0lDQmZVMk52Y21WTWFXNWxLQW9nSUNBZ0lDQWdJQ0FnSUNBZ0lHNWhiV1U2SUhaaGJIVmxMbWx6U0c5dFpTQS9JSFpoYkhWbExtOXdjRzl1Wlc1MFRtRnRaU0E2SUNkQlV5QkhjbWx1ZEdFbkxBb2dJQ0FnSUNBZ0lDQWdJQ0FnSUhOamIzSmxPaUIyWVd4MVpTNXBjMGh2YldVZ1B5QjJZV3gxWlM1elkyOXlaVUZrZG1WeWMyVWdPaUIyWVd4MVpTNXpZMjl5WlVGelIzSnBiblJoTEFvZ0lDQWdJQ0FnSUNBZ0lDQWdJR052Ykc5eU9pQmZjMk52Y21WRGIyeHZjaXdLSUNBZ0lDQWdJQ0FnSUNBZ0lDQmxibUZpYkdWa09pQWhjMkYyYVc1bkxBb2dJQ0FnSUNBZ0lDQWdJQ0FnSUc5dVEyaGhibWRsWkRvS0lDQWdJQ0FnSUNBZ0lDQWdJQ0FnSUNBZ2RtRnNkV1V1YVhOSWIyMWxJRDhnYjI1VFkyOXlaVUZrZG1WeWMyVkRhR0Z1WjJWa0lEb2diMjVUWTI5eVpVRnpSM0pwYm5SaFEyaGhibWRsWkN3S0lDQWdJQ0FnSUNBZ0lDQWdLU3dLSUNBZ0lDQWdJQ0FnSUNBZ1kyOXVjM1FnVTJsNlpXUkNiM2dvYUdWcFoyaDBPaUF4TkNrc0NpQWdJQ0FnSUNBZ0lDQWdJRmR5WVhBb0NpQWdJQ0FnSUNBZ0lDQWdJQ0FnYzNCaFkybHVaem9nT0N3S0lDQWdJQ0FnSUNBZ0lDQWdJQ0J5ZFc1VGNHRmphVzVuT2lBNExBb2dJQ0FnSUNBZ0lDQWdJQ0FnSUdOb2FXeGtjbVZ1T2lCYkNpQWdJQ0FnSUNBZ0lDQWdJQ0FnSUNCRGFHbHdLR3hoWW1Wc09pQlVaWGgwS0Nja2UzWmhiSFZsTG5CeVpYTmxiblJEYjNWdWRIMGdjSExEcVhObGJuUnpKeWtwTEFvZ0lDQWdJQ0FnSUNBZ0lDQWdJQ0FnUTJocGNDaHNZV0psYkRvZ1ZHVjRkQ2duSkh0MllXeDFaUzV6ZEdGeWRHVnlRMjkxYm5SOUx6RXhJSFJwZEhWc1lXbHlaWE1uS1Nrc0NpQWdJQ0FnSUNBZ0lDQWdJQ0FnSUNCRGFHbHdLR3hoWW1Wc09pQlVaWGgwS0Nja2UzWmhiSFZsTG5OMVluTjBhWFIxZEdWRGIzVnVkSDBnY21WdGNHeGh3NmRoYm5Sekp5a3BMQW9nSUNBZ0lDQWdJQ0FnSUNBZ0lDQWdhV1lnS0haaGJIVmxMbWQxWlhOMFVISmxjMlZ1ZEVOdmRXNTBJRDRnTUNrS0lDQWdJQ0FnSUNBZ0lDQWdJQ0FnSUNBZ1EyaHBjQ2hzWVdKbGJEb2dWR1Y0ZENnbkpIdDJZV3gxWlM1bmRXVnpkRkJ5WlhObGJuUkRiM1Z1ZEgwZ2FXNTJhWFREcVhNbktTa3NDaUFnSUNBZ0lDQWdJQ0FnSUNBZ0lDQkRhR2x3S0FvZ0lDQWdJQ0FnSUNBZ0lDQWdJQ0FnSUNCc1lXSmxiRG9nVkdWNGRDZ0tJQ0FnSUNBZ0lDQWdJQ0FnSUNBZ0lDQWdJQ0FuSkh0MllXeDFaUzVoZEhSeWFXSjFkR1ZrUjI5aGJITjlMeVI3ZG1Gc2RXVXVjMk52Y21WQmMwZHlhVzUwWVgwZ1luVjBjeUJoZEhSeWFXSjF3Nmx6Snl3S0lDQWdJQ0FnSUNBZ0lDQWdJQ0FnSUNBZ0tTd0tJQ0FnSUNBZ0lDQWdJQ0FnSUNBZ0lDa3NDaUFnSUNBZ0lDQWdJQ0FnSUNBZ1hTd0tJQ0FnSUNBZ0lDQWdJQ0FnS1N3S0lDQWdJQ0FnSUNBZ0lGMHNDaUFnSUNBZ0lDQWdLU3dLSUNBZ0lDQWdLU3dLSUNBZ0lDazdDaUFnZlFwOUNnb3ZMeThnVlc1bElHeHBaMjVsSUdSbElITmpiM0psSU1PcFpHbDBZ
Shell: V0pzWlNBNklHNXZiU0JrWlNCc0o4T3BjWFZwY0dVZ3c2QWdaMkYxWTJobExDQmliM1YwYjI1eklPS0lraUF2SUNzZ1pYUWdiR1VLTHk4dklITmpiM0psSUNoamIyeHZjc09wSUhObGJHOXVJR3hsSUhMRHFYTjFiSFJoZENCa0owRlRJRWR5YVc1MFlTa2d3NkFnWkhKdmFYUmxMZ3BqYkdGemN5QmZVMk52Y21WTWFXNWxJR1Y0ZEdWdVpITWdVM1JoZEdWc1pYTnpWMmxrWjJWMElIc0tJQ0JqYjI1emRDQmZVMk52Y21WTWFXNWxLSHNLSUNBZ0lISmxjWFZwY21Wa0lIUm9hWE11Ym1GdFpTd0tJQ0FnSUhKbGNYVnBjbVZrSUhSb2FYTXVjMk52Y21Vc0NpQWdJQ0J5WlhGMWFYSmxaQ0IwYUdsekxtTnZiRzl5TEFvZ0lDQWdjbVZ4ZFdseVpXUWdkR2hwY3k1bGJtRmliR1ZrTEFvZ0lDQWdjbVZ4ZFdseVpXUWdkR2hwY3k1dmJrTm9ZVzVuWldRc0NpQWdmU2s3Q2dvZ0lHWnBibUZzSUZOMGNtbHVaeUJ1WVcxbE93b2dJR1pwYm1Gc0lHbHVkQ0J6WTI5eVpUc0tJQ0JtYVc1aGJDQkRiMnh2Y2lCamIyeHZjanNLSUNCbWFXNWhiQ0JpYjI5c0lHVnVZV0pzWldRN0NpQWdabWx1WVd3Z1ZtRnNkV1ZEYUdGdVoyVmtQR2x1ZEQ0Z2IyNURhR0Z1WjJWa093b0tJQ0JBYjNabGNuSnBaR1VLSUNCWGFXUm5aWFFnWW5WcGJHUW9RblZwYkdSRGIyNTBaWGgwSUdOdmJuUmxlSFFwSUhzS0lDQWdJSEpsZEhWeWJpQlNiM2NvQ2lBZ0lDQWdJR05vYVd4a2NtVnVPaUJiQ2lBZ0lDQWdJQ0FnUlhod1lXNWtaV1FvQ2lBZ0lDQWdJQ0FnSUNCamFHbHNaRG9nVkdWNGRDZ0tJQ0FnSUNBZ0lDQWdJQ0FnYm1GdFpTd0tJQ0FnSUNBZ0lDQWdJQ0FnYldGNFRHbHVaWE02SURFc0NpQWdJQ0FnSUNBZ0lDQWdJRzkyWlhKbWJHOTNPaUJVWlhoMFQzWmxjbVpzYjNjdVpXeHNhWEJ6YVhNc0NpQWdJQ0FnSUNBZ0lDQWdJSE4wZVd4bE9pQlVhR1Z0WlM1dlppaGpiMjUwWlhoMEtRb2dJQ0FnSUNBZ0lDQWdJQ0FnSUNBZ0xuUmxlSFJVYUdWdFpRb2dJQ0FnSUNBZ0lDQWdJQ0FnSUNBZ0xuUnBkR3hsVFdWa2FYVnRDaUFnSUNBZ0lDQWdJQ0FnSUNBZ0lDQS9MbU52Y0hsWGFYUm9LR1p2Ym5SWFpXbG5hSFE2SUVadmJuUlhaV2xuYUhRdWR6Z3dNQ2tzQ2lBZ0lDQWdJQ0FnSUNBcExBb2dJQ0FnSUNBZ0lDa3NDaUFnSUNBZ0lDQWdTV052YmtKMWRIUnZiaTVtYVd4c1pXUlViMjVoYkNnS0lDQWdJQ0FnSUNBZ0lHOXVVSEpsYzNObFpEb2daVzVoWW14bFpDQW1KaUJ6WTI5eVpTQStJREFnUHlBb0tTQTlQaUJ2YmtOb1lXNW5aV1FvYzJOdmNtVWdMU0F4S1NBNklHNTFiR3dzQ2lBZ0lDQWdJQ0FnSUNCcFkyOXVPaUJqYjI1emRDQkpZMjl1S0VsamIyNXpMbkpsYlc5MlpTa3NDaUFnSUNBZ0lDQWdLU3dLSUNBZ0lDQWdJQ0JUYVhwbFpFSnZlQ2dLSUNBZ0lDQWdJQ0FnSUhkcFpIUm9PaUEwTUN3S0lDQWdJQ0FnSUNBZ0lHTm9hV3hrT2lCVVpYaDBLQW9nSUNBZ0lDQWdJQ0FnSUNBbkpITmpiM0psSnl3S0lDQWdJQ0FnSUNBZ0lDQWdkR1Y0ZEVGc2FXZHVPaUJVWlhoMFFXeHBaMjR1WTJWdWRHVnlMQW9nSUNBZ0lDQWdJQ0FnSUNCemRIbHNaVG9nVkdobGJXVXViMllvWTI5dWRHVjRkQ2t1ZEdWNGRGUm9aVzFsTG1obFlXUnNhVzVsVTIxaGJHdy9MbU52Y0hsWGFYUm9LQW9nSUNBZ0lDQWdJQ0FnSUNBZ0lDQWdJQ0JqYjJ4dmNqb2dZMjlzYjNJc0NpQWdJQ0FnSUNBZ0lDQWdJQ0FnSUNBZ0lHWnZiblJYWldsbmFIUTZJRVp2Ym5SWFpXbG5hSFF1ZHprd01Dd0tJQ0FnSUNBZ0lDQWdJQ0FnSUNBZ0lDa3NDaUFnSUNBZ0lDQWdJQ0FwTEFvZ0lDQWdJQ0FnSUNrc0NpQWdJQ0FnSUNBZ1NXTnZia0oxZEhSdmJpNW1hV3hzWldSVWIyNWhiQ2dLSUNBZ0lDQWdJQ0FnSUc5dVVISmxjM05sWkRvZ1pXNWhZbXhsWkNBbUppQnpZMjl5WlNBOElETXdJRDhnS0NrZ1BUNGdiMjVEYUdGdVoyVmtLSE5qYjNKbElDc2dNU2tnT2lCdWRXeHNMQW9nSUNBZ0lDQWdJQ0FnYVdOdmJqb2dZMjl1YzNRZ1NXTnZiaWhKWTI5dWN5NWhaR1FwTEFvZ0lDQWdJQ0FnSUNrc0NpQWdJQ0FnSUYwc0NpQWdJQ0FwT3dvZ0lIMEtmUW9LWTJ4aGMzTWdYMUJoY25ScFkybHdZVzUwUTJGeVpDQmxlSFJsYm1SeklGTjBZWFJsYkdWemMxZHBaR2RsZENCN0NpQWdZMjl1YzNRZ1gxQmhjblJwWTJsd1lXNTBRMkZ5WkNoN0NpQWdJQ0J5WlhGMWFYSmxaQ0IwYUdsekxuQmhjblJwWTJsd1lXNTBMQW9nSUNBZ2NtVnhkV2x5WldRZ2RHaHBjeTV2Y0hCdmJtVnVkRk5qYjNKbExBb2dJQ0FnY21WeGRXbHlaV1FnZEdocGN5NXpZWFpwYm1jc0NpQWdJQ0J5WlhGMWFYSmxaQ0IwYUdsekxtOXVVSEpsYzJWdWRFTm9ZVzVuWldRc0NpQWdJQ0J5WlhGMWFYSmxaQ0IwYUdsekxtOXVSMjloYkhORGFHRnVaMlZrTEFvZ0lDQWdjbVZ4ZFdseVpXUWdkR2hwY3k1dmJrTnNaV0Z1VTJobFpYUkRhR0Z1WjJWa0xBb2dJSDBwT3dvS0lDQm1hVzVoYkNCVGNHOXlkRVpwYm1Gc1VHRnlkR2xqYVhCaGJuUWdjR0Z5ZEdsamFYQmhiblE3Q2lBZ1ptbHVZV3dnYVc1MElHOXdjRzl1Wlc1MFUyTnZjbVU3Q2lBZ1ptbHVZV3dnWW05dmJDQnpZWFpwYm1jN0NpQWdabWx1WVd3Z1ZtRnNkV1ZEYUdGdVoyVmtQR0p2YjJ3K0lHOXVVSEpsYzJWdWRFTm9ZVzVuWldRN0NpQWdabWx1WVd3Z1ZtRnNkV1ZEYUdGdVoyVmtQR2x1ZEQ0Z2IyNUhiMkZzYzBOb1lXNW5aV1E3Q2lBZ1ptbHVZV3dnVm1Gc2RXVkRhR0Z1WjJWa1BHSnZiMncrSUc5dVEyeGxZVzVUYUdWbGRFTm9ZVzVuWldRN0Nnb2dJRUJ2ZG1WeWNtbGtaUW9nSUZkcFpHZGxkQ0JpZFdsc1pDaENkV2xzWkVOdmJuUmxlSFFnWTI5dWRHVjRkQ2tnZXdvZ0lDQWdjbVYwZFhKdUlFTmhjbVFvQ2lBZ0lDQWdJRzFoY21kcGJqb2dZMjl1YzNRZ1JXUm5aVWx1YzJWMGN5NXZibXg1S0dKdmRIUnZiVG9nTVRBcExBb2dJQ0FnSUNCamFHbHNaRG9nVUdGa1pHbHVaeWdLSUNBZ0lDQWdJQ0J3WVdSa2FXNW5PaUJqYjI1emRDQkZaR2RsU1c1elpYUnpMbVp5YjIxTVZGSkNLREV5TENBNExDQXhNaXdnTVRJcExBb2dJQ0FnSUNBZ0lHTm9hV3hrT2lCRGIyeDFiVzRvQ2lBZ0lDQWdJQ0FnSUNCamFHbHNaSEpsYmpvZ1d3b2dJ
Shell: Q0FnSUNBZ0lDQWdJQ0JUZDJsMFkyaE1hWE4wVkdsc1pTZ0tJQ0FnSUNBZ0lDQWdJQ0FnSUNCamIyNTBaVzUwVUdGa1pHbHVaem9nUldSblpVbHVjMlYwY3k1NlpYSnZMQW9nSUNBZ0lDQWdJQ0FnSUNBZ0lIWmhiSFZsT2lCd1lYSjBhV05wY0dGdWRDNXdjbVZ6Wlc1MExBb2dJQ0FnSUNBZ0lDQWdJQ0FnSUc5dVEyaGhibWRsWkRvZ2MyRjJhVzVuSUQ4Z2JuVnNiQ0E2SUc5dVVISmxjMlZ1ZEVOb1lXNW5aV1FzQ2lBZ0lDQWdJQ0FnSUNBZ0lDQWdjMlZqYjI1a1lYSjVPaUJEYVhKamJHVkJkbUYwWVhJb0NpQWdJQ0FnSUNBZ0lDQWdJQ0FnSUNCamFHbHNaRG9nVkdWNGRDaHdZWEowYVdOcGNHRnVkQzVwYzBkdllXeHJaV1Z3WlhJZ1B5QW44SitucENjZ09pQW40cHE5Snlrc0NpQWdJQ0FnSUNBZ0lDQWdJQ0FnS1N3S0lDQWdJQ0FnSUNBZ0lDQWdJQ0IwYVhSc1pUb2dWR1Y0ZENnS0lDQWdJQ0FnSUNBZ0lDQWdJQ0FnSUhCaGNuUnBZMmx3WVc1MExtUnBjM0JzWVhsT1lXMWxMblJ5YVcwb0tTd0tJQ0FnSUNBZ0lDQWdJQ0FnSUNBZ0lITjBlV3hsT2lCamIyNXpkQ0JVWlhoMFUzUjViR1VvWm05dWRGZGxhV2RvZERvZ1JtOXVkRmRsYVdkb2RDNTNPREF3S1N3S0lDQWdJQ0FnSUNBZ0lDQWdJQ0FwTEFvZ0lDQWdJQ0FnSUNBZ0lDQWdJSE4xWW5ScGRHeGxPaUJVWlhoMEtBb2dJQ0FnSUNBZ0lDQWdJQ0FnSUNBZ0p5UjdjR0Z5ZEdsamFYQmhiblF1YVhOSGRXVnpkQ0EvSUNkSmJuWnBkTU9wSnlBNklDZEZabVpsWTNScFppZDlJTUszSUNjS0lDQWdJQ0FnSUNBZ0lDQWdJQ0FnSUNkd2NzT3BkblVnSkh0ZmNHeGhibTVsWkV4aFltVnNLSEJoY25ScFkybHdZVzUwTG5Cc1lXNXVaV1JhYjI1bEtYMG5MQW9nSUNBZ0lDQWdJQ0FnSUNBZ0lDa3NDaUFnSUNBZ0lDQWdJQ0FnSUNrc0NpQWdJQ0FnSUNBZ0lDQWdJR2xtSUNod1lYSjBhV05wY0dGdWRDNXdjbVZ6Wlc1MEtTQXVMaTViQ2lBZ0lDQWdJQ0FnSUNBZ0lDQWdZMjl1YzNRZ1JHbDJhV1JsY2lncExBb2dJQ0FnSUNBZ0lDQWdJQ0FnSUZKdmR5Z0tJQ0FnSUNBZ0lDQWdJQ0FnSUNBZ0lHTm9hV3hrY21WdU9pQmJDaUFnSUNBZ0lDQWdJQ0FnSUNBZ0lDQWdJR052Ym5OMElFVjRjR0Z1WkdWa0tHTm9hV3hrT2lCVVpYaDBLQ2RDZFhSeklHbHVjMk55YVhSekp5a3BMQW9nSUNBZ0lDQWdJQ0FnSUNBZ0lDQWdJQ0JKWTI5dVFuVjBkRzl1TG1acGJHeGxaRlJ2Ym1Gc0tBb2dJQ0FnSUNBZ0lDQWdJQ0FnSUNBZ0lDQWdJRzl1VUhKbGMzTmxaRG9nYzJGMmFXNW5JSHg4SUhCaGNuUnBZMmx3WVc1MExtZHZZV3h6SUQwOUlEQUtJQ0FnSUNBZ0lDQWdJQ0FnSUNBZ0lDQWdJQ0FnSUNBZ1B5QnVkV3hzQ2lBZ0lDQWdJQ0FnSUNBZ0lDQWdJQ0FnSUNBZ0lDQWdJRG9nS0NrZ1BUNGdiMjVIYjJGc2MwTm9ZVzVuWldRb2NHRnlkR2xqYVhCaGJuUXVaMjloYkhNZ0xTQXhLU3dLSUNBZ0lDQWdJQ0FnSUNBZ0lDQWdJQ0FnSUNCcFkyOXVPaUJqYjI1emRDQkpZMjl1S0VsamIyNXpMbkpsYlc5MlpTa3NDaUFnSUNBZ0lDQWdJQ0FnSUNBZ0lDQWdJQ2tzQ2lBZ0lDQWdJQ0FnSUNBZ0lDQWdJQ0FnSUZOcGVtVmtRbTk0S0FvZ0lDQWdJQ0FnSUNBZ0lDQWdJQ0FnSUNBZ0lIZHBaSFJvT2lBek9Dd0tJQ0FnSUNBZ0lDQWdJQ0FnSUNBZ0lDQWdJQ0JqYUdsc1pEb2dWR1Y0ZENnS0lDQWdJQ0FnSUNBZ0lDQWdJQ0FnSUNBZ0lDQWdJQ2NrZTNCaGNuUnBZMmx3WVc1MExtZHZZV3h6ZlNjc0NpQWdJQ0FnSUNBZ0lDQWdJQ0FnSUNBZ0lDQWdJQ0IwWlhoMFFXeHBaMjQ2SUZSbGVIUkJiR2xuYmk1alpXNTBaWElzQ2lBZ0lDQWdJQ0FnSUNBZ0lDQWdJQ0FnSUNBZ0lDQnpkSGxzWlRvZ1ZHaGxiV1V1YjJZb1kyOXVkR1Y0ZENrdWRHVjRkRlJvWlcxbExuUnBkR3hsVEdGeVoyVXNDaUFnSUNBZ0lDQWdJQ0FnSUNBZ0lDQWdJQ0FnS1N3S0lDQWdJQ0FnSUNBZ0lDQWdJQ0FnSUNBZ0tTd0tJQ0FnSUNBZ0lDQWdJQ0FnSUNBZ0lDQWdTV052YmtKMWRIUnZiaTVtYVd4c1pXUlViMjVoYkNnS0lDQWdJQ0FnSUNBZ0lDQWdJQ0FnSUNBZ0lDQnZibEJ5WlhOelpXUTZJSE5oZG1sdVp5QjhmQ0J3WVhKMGFXTnBjR0Z1ZEM1bmIyRnNjeUErUFNBek1Bb2dJQ0FnSUNBZ0lDQWdJQ0FnSUNBZ0lDQWdJQ0FnSUNBL0lHNTFiR3dLSUNBZ0lDQWdJQ0FnSUNBZ0lDQWdJQ0FnSUNBZ0lDQWdPaUFvS1NBOVBpQnZia2R2WVd4elEyaGhibWRsWkNod1lYSjBhV05wY0dGdWRDNW5iMkZzY3lBcklERXBMQW9nSUNBZ0lDQWdJQ0FnSUNBZ0lDQWdJQ0FnSUdsamIyNDZJR052Ym5OMElFbGpiMjRvU1dOdmJuTXVZV1JrS1N3S0lDQWdJQ0FnSUNBZ0lDQWdJQ0FnSUNBZ0tTd0tJQ0FnSUNBZ0lDQWdJQ0FnSUNBZ0lGMHNDaUFnSUNBZ0lDQWdJQ0FnSUNBZ0tTd0tJQ0FnSUNBZ0lDQWdJQ0FnSUNCcFppQW9jR0Z5ZEdsamFYQmhiblF1YVhOSGIyRnNhMlZsY0dWeUtRb2dJQ0FnSUNBZ0lDQWdJQ0FnSUNBZ1EyaGxZMnRpYjNoTWFYTjBWR2xzWlNnS0lDQWdJQ0FnSUNBZ0lDQWdJQ0FnSUNBZ1kyOXVkR1Z1ZEZCaFpHUnBibWM2SUVWa1oyVkpibk5sZEhNdWVtVnlieXdLSUNBZ0lDQWdJQ0FnSUNBZ0lDQWdJQ0FnZG1Gc2RXVTZJSEJoY25ScFkybHdZVzUwTG1Oc1pXRnVVMmhsWlhRc0NpQWdJQ0FnSUNBZ0lDQWdJQ0FnSUNBZ0lHOXVRMmhoYm1kbFpEb2djMkYyYVc1bklIeDhJRzl3Y0c5dVpXNTBVMk52Y21VZ1BpQXdDaUFnSUNBZ0lDQWdJQ0FnSUNBZ0lDQWdJQ0FnSUNBL0lHNTFiR3dLSUNBZ0lDQWdJQ0FnSUNBZ0lDQWdJQ0FnSUNBZ0lEb2dLSFpoYkhWbEtTQTlQaUJ2YmtOc1pXRnVVMmhsWlhSRGFHRnVaMlZrS0haaGJIVmxJRDA5SUhSeWRXVXBMQW9nSUNBZ0lDQWdJQ0FnSUNBZ0lDQWdJQ0IwYVhSc1pUb2dZMjl1YzNRZ1ZHVjRkQ2duUTJ4bFlXNGdjMmhsWlhRbktTd0tJQ0FnSUNBZ0lDQWdJQ0FnSUNBZ0lDQWdjM1ZpZEdsMGJHVTZJRzl3Y0c5dVpXNTBVMk52Y21VZ1BpQXdDaUFnSUNBZ0lDQWdJQ0FnSUNBZ0lDQWdJQ0FnSUNBL0lHTnZibk4wSUZSbGVIUW9KMGx0Y0c5emMybGliR1VnT2lCczRvQ1pZV1IyWlhKellXbHlaU0JoSUcxaGNuRjF3
Shell: Nmt1SnlrS0lDQWdJQ0FnSUNBZ0lDQWdJQ0FnSUNBZ0lDQWdJRG9nWTI5dWMzUWdWR1Y0ZENnblZXNGdjMlYxYkNCbllYSmthV1Z1SUhCbGRYUWd3NnAwY21VZ1kzTERxV1JwZE1PcExpY3BMQW9nSUNBZ0lDQWdJQ0FnSUNBZ0lDQWdLU3dLSUNBZ0lDQWdJQ0FnSUNBZ1hTd0tJQ0FnSUNBZ0lDQWdJRjBzQ2lBZ0lDQWdJQ0FnS1N3S0lDQWdJQ0FnS1N3S0lDQWdJQ2s3Q2lBZ2ZRcDlDZ3BUZEhKcGJtY2dYM0JzWVc1dVpXUk1ZV0psYkNoVGRISnBibWNnZW05dVpTa2dld29nSUhKbGRIVnliaUJ6ZDJsMFkyZ2dLSHB2Ym1VcElIc0tJQ0FnSUNkbWFXVnNaQ2NnUFQ0Z0ozUnBkSFZzWVdseVpTY3NDaUFnSUNBblltVnVZMmduSUQwK0lDZHpkWElnYkdVZ1ltRnVZeWNzQ2lBZ0lDQW5ibTkwWDNObGJHVmpkR1ZrSnlBOVBpQW5ibTl1SUdOdmJuWnZjWFhEcVNjc0NpQWdJQ0JmSUQwK0lDZHpZVzV6SUhMRHRHeGxKeXdLSUNCOU93cDlDZz09IiwibGliL2ZlYXR1cmVzL3Nwb3J0c19tYW5hZ2VtZW50L3ByZXNlbnRhdGlvbi9zcG9ydF9tb3RtX3ZvdGVfcGFnZS5kYXJ0IjoiYVcxd2IzSjBJQ2R3WVdOcllXZGxPbUZ6WDJkeWFXNTBZUzlqYjNKbEwzVjBhV3h6TDJGd2NGOWxjbkp2Y25NdVpHRnlkQ2M3Q21sdGNHOXlkQ0FuY0dGamEyRm5aVHBoYzE5bmNtbHVkR0V2WTI5eVpTOTFkR2xzY3k5aGNIQmZabTl5YldGMGN5NWtZWEowSnpzS2FXMXdiM0owSUNkd1lXTnJZV2RsT21GelgyZHlhVzUwWVM5amIzSmxMM2RwWkdkbGRITXZaM0pwYm5SaFgyRndjRjlpWVhJdVpHRnlkQ2M3Q21sdGNHOXlkQ0FuY0dGamEyRm5aVHBoYzE5bmNtbHVkR0V2WTI5eVpTOTNhV1JuWlhSekwyMWhkR05vWDJacGVIUjFjbVV1WkdGeWRDYzdDbWx0Y0c5eWRDQW5jR0ZqYTJGblpUcGhjMTluY21sdWRHRXZabVZoZEhWeVpYTXZjM0J2Y25SelgyMWhibUZuWlcxbGJuUXZaR0YwWVM5emNHOXlkRjl0YjNSdFgzWnZkR1ZmY21Wd2IzTnBkRzl5ZVM1a1lYSjBKenNLYVcxd2IzSjBJQ2R3WVdOcllXZGxPbUZ6WDJkeWFXNTBZUzltWldGMGRYSmxjeTl6Y0c5eWRITmZiV0Z1WVdkbGJXVnVkQzlrYjIxaGFXNHZjM0J2Y25SZmJXOTBiVjkyYjNSbExtUmhjblFuT3dwcGJYQnZjblFnSjNCaFkydGhaMlU2Wm14MWRIUmxjaTl0WVhSbGNtbGhiQzVrWVhKMEp6c0thVzF3YjNKMElDZHdZV05yWVdkbE9tWnNkWFIwWlhKZmNtbDJaWEp3YjJRdlpteDFkSFJsY2w5eWFYWmxjbkJ2WkM1a1lYSjBKenNLYVcxd2IzSjBJQ2R3WVdOcllXZGxPbWR2WDNKdmRYUmxjaTluYjE5eWIzVjBaWEl1WkdGeWRDYzdDbWx0Y0c5eWRDQW5jR0ZqYTJGblpUcGhjMTluY21sdWRHRXZZMjl5WlM5M2FXUm5aWFJ6TDJkeWFXNTBZVjlzYjJGa1pYSXVaR0Z5ZENjN0NncGpiR0Z6Y3lCVGNHOXlkRTF2ZEcxV2IzUmxVR0ZuWlNCbGVIUmxibVJ6SUVOdmJuTjFiV1Z5VTNSaGRHVm1kV3hYYVdSblpYUWdld29nSUdOdmJuTjBJRk53YjNKMFRXOTBiVlp2ZEdWUVlXZGxLSHR6ZFhCbGNpNXJaWGtzSUhKbGNYVnBjbVZrSUhSb2FYTXViV0YwWTJoSlpIMHBPd29LSUNCbWFXNWhiQ0JUZEhKcGJtY2diV0YwWTJoSlpEc0tDaUFnUUc5MlpYSnlhV1JsQ2lBZ1EyOXVjM1Z0WlhKVGRHRjBaVHhUY0c5eWRFMXZkRzFXYjNSbFVHRm5aVDRnWTNKbFlYUmxVM1JoZEdVb0tTQTlQaUJmVTNCdmNuUk5iM1J0Vm05MFpWQmhaMlZUZEdGMFpTZ3BPd3A5Q2dwamJHRnpjeUJmVTNCdmNuUk5iM1J0Vm05MFpWQmhaMlZUZEdGMFpTQmxlSFJsYm1SeklFTnZibk4xYldWeVUzUmhkR1U4VTNCdmNuUk5iM1J0Vm05MFpWQmhaMlUrSUhzS0lDQlRkSEpwYm1jL0lGOXpaV3hsWTNSbFpFTmhibVJwWkdGMFpVbGtPd29nSUdKdmIyd2dYMmx6VTNWaWJXbDBkR2x1WnlBOUlHWmhiSE5sT3dvZ0lGTjBjbWx1Wno4Z1gyVnljbTl5T3dvS0lDQkdkWFIxY21VOGRtOXBaRDRnWDJOaGMzUW9VM0J2Y25STmIzUnRWbTkwWlNCMmIzUmxLU0JoYzNsdVl5QjdDaUFnSUNCbWFXNWhiQ0JqWVc1a2FXUmhkR1ZKWkNBOUlGOXpaV3hsWTNSbFpFTmhibVJwWkdGMFpVbGtPd29nSUNBZ2FXWWdLR05oYm1ScFpHRjBaVWxrSUQwOUlHNTFiR3dwSUhKbGRIVnlianNLSUNBZ0lHRjNZV2wwSUY5allYTjBRMkZ1Wkdsa1lYUmxTV1FvZG05MFpTd2dZMkZ1Wkdsa1lYUmxTV1FwT3dvZ0lIMEtDaUFnUm5WMGRYSmxQSFp2YVdRK0lGOWpZWE4wUTJGdVpHbGtZWFJsU1dRb1UzQnZjblJOYjNSdFZtOTBaU0IyYjNSbExDQlRkSEpwYm1jZ1kyRnVaR2xrWVhSbFNXUXBJR0Z6ZVc1aklIc0tJQ0FnSUdsbUlDaGZhWE5UZFdKdGFYUjBhVzVuS1NCeVpYUjFjbTQ3Q2lBZ0lDQm1hVzVoYkNCallXNWthV1JoZEdVZ1BTQjJiM1JsTG1OaGJtUnBaR0YwWlhNS0lDQWdJQ0FnSUNBdWQyaGxjbVVvS0dsMFpXMHBJRDArSUdsMFpXMHVjR0Z5ZEdsamFYQmhiblJKWkNBOVBTQmpZVzVrYVdSaGRHVkpaQ2tLSUNBZ0lDQWdJQ0F1Wm1seWMzUlBjazUxYkd3N0NpQWdJQ0JwWmlBb1kyRnVaR2xrWVhSbElEMDlJRzUxYkd3cElISmxkSFZ5YmpzS0NpQWdJQ0JtYVc1aGJDQmpiMjVtYVhKdFpXUWdQU0JoZDJGcGRDQnphRzkzUkdsaGJHOW5QR0p2YjJ3K0tBb2dJQ0FnSUNCamIyNTBaWGgwT2lCamIyNTBaWGgwTEFvZ0lDQWdJQ0JpZFdsc1pHVnlPaUFvWTI5dWRHVjRkQ2tnUFQ0Z1FXeGxjblJFYVdGc2IyY29DaUFnSUNBZ0lDQWdkR2wwYkdVNklHTnZibk4wSUZSbGVIUW9KME52Ym1acGNtMWxjaUIwYjI0Z2RtOTBaU0EvSnlrc0NpQWdJQ0FnSUNBZ1kyOXVkR1Z1ZERvZ1ZHVjRkQ2dLSUNBZ0lDQWdJQ0FnSUNkVWRTQjJiM1JsY3lCd2IzVnlJQ1I3WTJGdVpHbGtZWFJsTG1ScGMzQnNZWGxPWVcxbGZTNGdRMlVnWTJodmFYZ2daWE4wSUhObFkzSmxkQ0JsZENBbkNpQWdJQ0FnSUNBZ0lDQW5aTU9wWm1sdWFYUnBaaUE2SUdsc0lHNWxJSEJ2ZFhKeVlTQndiSFZ6SU1PcWRISmxJRzF2WkdsbWFjT3BMaWNzQ2lBZ0lDQWdJQ0FnS1N3S0lDQWdJQ0FnSUNCaFkzUnBiMjV6T2lCYkNpQWdJQ0FnSUNBZ0lDQlVaWGgwUW5WMGRHOXVLQW9nSUNBZ0lDQWdJQ0FnSUNCdmJs
Shell: QnlaWE56WldRNklDZ3BJRDArSUU1aGRtbG5ZWFJ2Y2k1d2IzQW9ZMjl1ZEdWNGRDd2dabUZzYzJVcExBb2dJQ0FnSUNBZ0lDQWdJQ0JqYUdsc1pEb2dZMjl1YzNRZ1ZHVjRkQ2duUVc1dWRXeGxjaWNwTEFvZ0lDQWdJQ0FnSUNBZ0tTd0tJQ0FnSUNBZ0lDQWdJRVpwYkd4bFpFSjFkSFJ2YmlnS0lDQWdJQ0FnSUNBZ0lDQWdiMjVRY21WemMyVmtPaUFvS1NBOVBpQk9ZWFpwWjJGMGIzSXVjRzl3S0dOdmJuUmxlSFFzSUhSeWRXVXBMQW9nSUNBZ0lDQWdJQ0FnSUNCamFHbHNaRG9nWTI5dWMzUWdWR1Y0ZENnblEyOXVabWx5YldWeUp5a3NDaUFnSUNBZ0lDQWdJQ0FwTEFvZ0lDQWdJQ0FnSUYwc0NpQWdJQ0FnSUNrc0NpQWdJQ0FwT3dvZ0lDQWdhV1lnS0dOdmJtWnBjbTFsWkNBaFBTQjBjblZsSUh4OElDRnRiM1Z1ZEdWa0tTQnlaWFIxY200N0Nnb2dJQ0FnYzJWMFUzUmhkR1VvS0NrZ2V3b2dJQ0FnSUNCZmFYTlRkV0p0YVhSMGFXNW5JRDBnZEhKMVpUc0tJQ0FnSUNBZ1gyVnljbTl5SUQwZ2JuVnNiRHNLSUNBZ0lIMHBPd29nSUNBZ2RISjVJSHNLSUNBZ0lDQWdZWGRoYVhRZ2NtVm1MbkpsWVdRb2MzQnZjblJOYjNSdFZtOTBaVkpsY0c5emFYUnZjbmxRY205MmFXUmxjaWt1WTJGemRGWnZkR1VvQ2lBZ0lDQWdJQ0FnSUNBZ0lHMWhkR05vU1dRNklIZHBaR2RsZEM1dFlYUmphRWxrTEFvZ0lDQWdJQ0FnSUNBZ0lDQmpZVzVrYVdSaGRHVlFZWEowYVdOcGNHRnVkRWxrT2lCallXNWthV1JoZEdWSlpDd0tJQ0FnSUNBZ0lDQWdJQ2s3Q2lBZ0lDQWdJSEpsWmk1cGJuWmhiR2xrWVhSbEtITndiM0owVFc5MGJWWnZkR1ZRY205MmFXUmxjaWgzYVdSblpYUXViV0YwWTJoSlpDa3BPd29nSUNBZ0lDQnBaaUFvYlc5MWJuUmxaQ2tnZXdvZ0lDQWdJQ0FnSUhObGRGTjBZWFJsS0NncElEMCtJRjl6Wld4bFkzUmxaRU5oYm1ScFpHRjBaVWxrSUQwZ2JuVnNiQ2s3Q2lBZ0lDQWdJQ0FnVTJOaFptWnZiR1JOWlhOelpXNW5aWEl1YjJZb1kyOXVkR1Y0ZENrdWMyaHZkMU51WVdOclFtRnlLQW9nSUNBZ0lDQWdJQ0FnWTI5dWMzUWdVMjVoWTJ0Q1lYSW9ZMjl1ZEdWdWREb2dWR1Y0ZENnblZtOTBaU0JsYm5KbFoybHpkSExEcVNCa3c2bG1hVzVwZEdsMlpXMWxiblF1SnlrcExBb2dJQ0FnSUNBZ0lDazdDaUFnSUNBZ0lIMEtJQ0FnSUgwZ1kyRjBZMmdnS0dWeWNtOXlLU0I3Q2lBZ0lDQWdJR2xtSUNodGIzVnVkR1ZrS1NCelpYUlRkR0YwWlNnb0tTQTlQaUJmWlhKeWIzSWdQU0JvZFcxaGJtbDZaVVZ5Y205eUtHVnljbTl5S1NrN0NpQWdJQ0I5SUdacGJtRnNiSGtnZXdvZ0lDQWdJQ0JwWmlBb2JXOTFiblJsWkNrZ2MyVjBVM1JoZEdVb0tDa2dQVDRnWDJselUzVmliV2wwZEdsdVp5QTlJR1poYkhObEtUc0tJQ0FnSUgwS0lDQjlDZ29nSUVCdmRtVnljbWxrWlFvZ0lGZHBaR2RsZENCaWRXbHNaQ2hDZFdsc1pFTnZiblJsZUhRZ1kyOXVkR1Y0ZENrZ2V3b2dJQ0FnWm1sdVlXd2dkbTkwWlVGemVXNWpJRDBnY21WbUxuZGhkR05vS0hOd2IzSjBUVzkwYlZadmRHVlFjbTkyYVdSbGNpaDNhV1JuWlhRdWJXRjBZMmhKWkNrcE93b0tJQ0FnSUhKbGRIVnliaUJUWTJGbVptOXNaQ2dLSUNBZ0lDQWdZWEJ3UW1GeU9pQkhjbWx1ZEdGQmNIQkNZWElvZEdsMGJHVTZJR052Ym5OMElGUmxlSFFvSjBodmJXMWxJR1IxSUcxaGRHTm9KeWtwTEFvZ0lDQWdJQ0JpYjJSNU9pQlNaV1p5WlhOb1NXNWthV05oZEc5eUtBb2dJQ0FnSUNBZ0lHOXVVbVZtY21WemFEb2dLQ2tnWVhONWJtTWdld29nSUNBZ0lDQWdJQ0FnY21WbUxtbHVkbUZzYVdSaGRHVW9jM0J2Y25STmIzUnRWbTkwWlZCeWIzWnBaR1Z5S0hkcFpHZGxkQzV0WVhSamFFbGtLU2s3Q2lBZ0lDQWdJQ0FnSUNCaGQyRnBkQ0J5WldZdWNtVmhaQ2h6Y0c5eWRFMXZkRzFXYjNSbFVISnZkbWxrWlhJb2QybGtaMlYwTG0xaGRHTm9TV1FwTG1aMWRIVnlaU2s3Q2lBZ0lDQWdJQ0FnZlN3S0lDQWdJQ0FnSUNCamFHbHNaRG9nZG05MFpVRnplVzVqTG5kb1pXNG9DaUFnSUNBZ0lDQWdJQ0JzYjJGa2FXNW5PaUFvS1NBOVBpQk1hWE4wVm1sbGR5Z0tJQ0FnSUNBZ0lDQWdJQ0FnWTJocGJHUnlaVzQ2SUdOdmJuTjBJRnNLSUNBZ0lDQWdJQ0FnSUNBZ0lDQlRhWHBsWkVKdmVDaG9aV2xuYUhRNklESTBNQ2tzQ2lBZ0lDQWdJQ0FnSUNBZ0lDQWdRMlZ1ZEdWeUtHTm9hV3hrT2lCSGNtbHVkR0ZRY205bmNtVnpjMGx1WkdsallYUnZjaWdwS1N3S0lDQWdJQ0FnSUNBZ0lDQWdYU3dLSUNBZ0lDQWdJQ0FnSUNrc0NpQWdJQ0FnSUNBZ0lDQmxjbkp2Y2pvZ0tHVnljbTl5TENCZktTQTlQaUJNYVhOMFZtbGxkeWdLSUNBZ0lDQWdJQ0FnSUNBZ2NHRmtaR2x1WnpvZ1kyOXVjM1FnUldSblpVbHVjMlYwY3k1aGJHd29NVFlwTEFvZ0lDQWdJQ0FnSUNBZ0lDQmphR2xzWkhKbGJqb2dXd29nSUNBZ0lDQWdJQ0FnSUNBZ0lFTmhjbVFvQ2lBZ0lDQWdJQ0FnSUNBZ0lDQWdJQ0JqYUdsc1pEb2dVR0ZrWkdsdVp5Z0tJQ0FnSUNBZ0lDQWdJQ0FnSUNBZ0lDQWdjR0ZrWkdsdVp6b2dZMjl1YzNRZ1JXUm5aVWx1YzJWMGN5NWhiR3dvTWpBcExBb2dJQ0FnSUNBZ0lDQWdJQ0FnSUNBZ0lDQmphR2xzWkRvZ1ZHVjRkQ2hvZFcxaGJtbDZaVVZ5Y205eUtHVnljbTl5S1Nrc0NpQWdJQ0FnSUNBZ0lDQWdJQ0FnSUNBcExBb2dJQ0FnSUNBZ0lDQWdJQ0FnSUNrc0NpQWdJQ0FnSUNBZ0lDQWdJRjBzQ2lBZ0lDQWdJQ0FnSUNBcExBb2dJQ0FnSUNBZ0lDQWdaR0YwWVRvZ0tIWnZkR1VwSUhzS0lDQWdJQ0FnSUNBZ0lDQWdhV1lnS0hadmRHVWdQVDBnYm5Wc2JDa2dld29nSUNBZ0lDQWdJQ0FnSUNBZ0lISmxkSFZ5YmlCTWFYTjBWbWxsZHlnS0lDQWdJQ0FnSUNBZ0lDQWdJQ0FnSUhCaFpHUnBibWM2SUdOdmJuTjBJRVZrWjJWSmJuTmxkSE11WVd4c0tERTJLU3dLSUNBZ0lDQWdJQ0FnSUNBZ0lDQWdJR05vYVd4a2NtVnVPaUJqYjI1emRDQmJDaUFnSUNBZ0lDQWdJQ0FnSUNBZ0lDQWdJRU5oY21Rb0NpQWdJQ0FnSUNBZ0lDQWdJQ0FnSUNBZ0lDQWdZMmhwYkdRNklGQmhaR1JwYm1jb0NpQWdJQ0FnSUNBZ0lDQWdJQ0FnSUNBZ0lDQWdJQ0J3WVdSa2FX
Shell: NW5PaUJGWkdkbFNXNXpaWFJ6TG1Gc2JDZ3lNQ2tzQ2lBZ0lDQWdJQ0FnSUNBZ0lDQWdJQ0FnSUNBZ0lDQmphR2xzWkRvZ1ZHVjRkQ2dLSUNBZ0lDQWdJQ0FnSUNBZ0lDQWdJQ0FnSUNBZ0lDQWdKMHhsSUhMRHFYTjFiSFJoZENCbGRDQnNaWE1nY0hMRHFYTmxibU5sY3lCa2IybDJaVzUwSU1PcWRISmxJSFpoYkdsa3c2bHpJQ2NLSUNBZ0lDQWdJQ0FnSUNBZ0lDQWdJQ0FnSUNBZ0lDQWdKMkYyWVc1MElHemlnSmx2ZFhabGNuUjFjbVVnWkhVZ2RtOTBaUzRuTEFvZ0lDQWdJQ0FnSUNBZ0lDQWdJQ0FnSUNBZ0lDQWdLU3dLSUNBZ0lDQWdJQ0FnSUNBZ0lDQWdJQ0FnSUNBcExBb2dJQ0FnSUNBZ0lDQWdJQ0FnSUNBZ0lDQXBMQW9nSUNBZ0lDQWdJQ0FnSUNBZ0lDQWdYU3dLSUNBZ0lDQWdJQ0FnSUNBZ0lDQXBPd29nSUNBZ0lDQWdJQ0FnSUNCOUNpQWdJQ0FnSUNBZ0lDQWdJSEpsZEhWeWJpQmZZblZwYkdSV2IzUmxLR052Ym5SbGVIUXNJSFp2ZEdVcE93b2dJQ0FnSUNBZ0lDQWdmU3dLSUNBZ0lDQWdJQ0FwTEFvZ0lDQWdJQ0FwTEFvZ0lDQWdLVHNLSUNCOUNnb2dJRmRwWkdkbGRDQmZZblZwYkdSV2IzUmxLRUoxYVd4a1EyOXVkR1Y0ZENCamIyNTBaWGgwTENCVGNHOXlkRTF2ZEcxV2IzUmxJSFp2ZEdVcElIc0tJQ0FnSUdacGJtRnNJR05vYjI5ellXSnNaU0E5SUhadmRHVXVZMkZ1Wkdsa1lYUmxjeTUzYUdWeVpTZ29hWFJsYlNrZ1BUNGdhWFJsYlM1allXNURhRzl2YzJVcExuUnZUR2x6ZENncE93b2dJQ0FnY21WMGRYSnVJRXhwYzNSV2FXVjNLQW9nSUNBZ0lDQndZV1JrYVc1bk9pQmpiMjV6ZENCRlpHZGxTVzV6WlhSekxtWnliMjFNVkZKQ0tERTJMQ0F4Tml3Z01UWXNJRFF3S1N3S0lDQWdJQ0FnWTJocGJHUnlaVzQ2SUZzS0lDQWdJQ0FnSUNCcFppQW9JWFp2ZEdVdWFYTkRiRzl6WldRcElDNHVMbHNLSUNBZ0lDQWdJQ0FnSUY5V2IzUmxTR1ZoWkdWeUtIWnZkR1U2SUhadmRHVXBMQW9nSUNBZ0lDQWdJQ0FnWTI5dWMzUWdVMmw2WldSQ2IzZ29hR1ZwWjJoME9pQXhOaWtzQ2lBZ0lDQWdJQ0FnWFN3S0lDQWdJQ0FnSUNCcFppQW9kbTkwWlM1cGMwOXdaVzRwSUM0dUxsc0tJQ0FnSUNBZ0lDQWdJR2xtSUNoMmIzUmxMbWhoYzFadmRHVmtLUW9nSUNBZ0lDQWdJQ0FnSUNCamIyNXpkQ0JmVFdWemMyRm5aVU5oY21Rb0NpQWdJQ0FnSUNBZ0lDQWdJQ0FnYVdOdmJqb2dTV052Ym5NdWJHOWphMTl2ZFhSc2FXNWxMQW9nSUNBZ0lDQWdJQ0FnSUNBZ0lIUnBkR3hsT2lBblZtOTBaU0JsYm5KbFoybHpkSExEcVNjc0NpQWdJQ0FnSUNBZ0lDQWdJQ0FnYldWemMyRm5aVG9LSUNBZ0lDQWdJQ0FnSUNBZ0lDQWdJQ0FnSjFSdmJpQmphRzlwZUNCbGMzUWdjMlZqY21WMElHVjBJR2x5Y3NPcGRtVnljMmxpYkdVdUlFeGxjeUJ5dzZsemRXeDBZWFJ6SUhObGNtOXVkQ0FuQ2lBZ0lDQWdJQ0FnSUNBZ0lDQWdJQ0FnSUNkeXc2bDJ3NmxzdzZseklIVnVhWEYxWlcxbGJuUWdZWEJ5dzZoeklHeGhJR05zdzdSMGRYSmxMaWNzQ2lBZ0lDQWdJQ0FnSUNBZ0lDa0tJQ0FnSUNBZ0lDQWdJR1ZzYzJVZ2FXWWdLQ0YyYjNSbExtbHpSV3hwWjJsaWJHVldiM1JsY2lrS0lDQWdJQ0FnSUNBZ0lDQWdZMjl1YzNRZ1gwMWxjM05oWjJWRFlYSmtLQW9nSUNBZ0lDQWdJQ0FnSUNBZ0lHbGpiMjQ2SUVsamIyNXpMblpwYzJsaWFXeHBkSGxmYjNWMGJHbHVaV1FzQ2lBZ0lDQWdJQ0FnSUNBZ0lDQWdkR2wwYkdVNklDZERiMjV6ZFd4MFlYUnBiMjRnZFc1cGNYVmxiV1Z1ZENjc0NpQWdJQ0FnSUNBZ0lDQWdJQ0FnYldWemMyRm5aVG9LSUNBZ0lDQWdJQ0FnSUNBZ0lDQWdJQ0FnSjFObGRXeHpJR3hsY3lCcWIzVmxkWEp6SUhCbGNtMWhibVZ1ZEhNZ2NzT3BaV3hzWlcxbGJuUWdjSExEcVhObGJuUnpJSEJsZFhabGJuUWdKd29nSUNBZ0lDQWdJQ0FnSUNBZ0lDQWdJQ0FuZG05MFpYSXVJRXhsY3lCcGJuWnBkTU9wY3lCd1pYVjJaVzUwSU1PcWRISmxJTU9wYkhWekxDQnRZV2x6SUc1bElIWnZkR1Z1ZENCd1lYTXVKeXdLSUNBZ0lDQWdJQ0FnSUNBZ0tRb2dJQ0FnSUNBZ0lDQWdaV3h6WlNCcFppQW9ZMmh2YjNOaFlteGxMbWx6Ulcxd2RIa3BDaUFnSUNBZ0lDQWdJQ0FnSUdOdmJuTjBJRjlOWlhOellXZGxRMkZ5WkNnS0lDQWdJQ0FnSUNBZ0lDQWdJQ0JwWTI5dU9pQkpZMjl1Y3k1aWJHOWphMTl2ZFhSc2FXNWxaQ3dLSUNBZ0lDQWdJQ0FnSUNBZ0lDQjBhWFJzWlRvZ0owRjFZM1Z1SUhadmRHVWdjRzl6YzJsaWJHVW5MQW9nSUNBZ0lDQWdJQ0FnSUNBZ0lHMWxjM05oWjJVNklDZEJkV04xYmlCaGRYUnlaU0J3WVhKMGFXTnBjR0Z1ZENERHFXeHBaMmxpYkdVZ2JtVWdjR1YxZENERHFuUnlaU0JqYUc5cGMya3VKeXdLSUNBZ0lDQWdJQ0FnSUNBZ0tRb2dJQ0FnSUNBZ0lDQWdaV3h6WlNBdUxpNWJDaUFnSUNBZ0lDQWdJQ0FnSUZSbGVIUW9DaUFnSUNBZ0lDQWdJQ0FnSUNBZ0owTm9iMmx6YVhNZ2JPS0FtVWh2YlcxbElHUjFJRzFoZEdOb0p5d0tJQ0FnSUNBZ0lDQWdJQ0FnSUNCemRIbHNaVG9nVkdobGJXVXViMllvWTI5dWRHVjRkQ2t1ZEdWNGRGUm9aVzFsTG5ScGRHeGxUR0Z5WjJVc0NpQWdJQ0FnSUNBZ0lDQWdJQ2tzQ2lBZ0lDQWdJQ0FnSUNBZ0lHTnZibk4wSUZOcGVtVmtRbTk0S0dobGFXZG9kRG9nTmlrc0NpQWdJQ0FnSUNBZ0lDQWdJR052Ym5OMElGUmxlSFFvQ2lBZ0lDQWdJQ0FnSUNBZ0lDQWdKME52WTJobElIVnVJR3B2ZFdWMWNpQndZWEp0YVNCc1pYTWdjSExEcVhObGJuUnpMaUFuQ2lBZ0lDQWdJQ0FnSUNBZ0lDQWdKMVZ1SUhObGRXd2dZMmh2YVhnc0lHVERxV1pwYm1sMGFXWWdaWFFnYzJWamNtVjBMaWNzQ2lBZ0lDQWdJQ0FnSUNBZ0lDa3NDaUFnSUNBZ0lDQWdJQ0FnSUdOdmJuTjBJRk5wZW1Wa1FtOTRLR2hsYVdkb2REb2dNVElwTEFvZ0lDQWdJQ0FnSUNBZ0lDQm1iM0lnS0dacGJtRnNJR05oYm1ScFpHRjBaU0JwYmlCamFHOXZjMkZpYkdVcENpQWdJQ0FnSUNBZ0lDQWdJQ0FnUTJGeVpDZ0tJQ0FnSUNBZ0lDQWdJQ0FnSUNBZ0lHTm9hV3hrT2lCTWFYTjBWR2xzWlNnS0lDQWdJQ0FnSUNBZ0lDQWdJQ0FnSUNBZ1pXNWhZbXhsWkRvZ0lW
Shell: OXBjMU4xWW0xcGRIUnBibWNzQ2lBZ0lDQWdJQ0FnSUNBZ0lDQWdJQ0FnSUc5dVZHRndPaUJmYVhOVGRXSnRhWFIwYVc1bkNpQWdJQ0FnSUNBZ0lDQWdJQ0FnSUNBZ0lDQWdJQ0EvSUc1MWJHd0tJQ0FnSUNBZ0lDQWdJQ0FnSUNBZ0lDQWdJQ0FnSURvZ0tDa2dQVDRnYzJWMFUzUmhkR1VvQ2lBZ0lDQWdJQ0FnSUNBZ0lDQWdJQ0FnSUNBZ0lDQWdJQ0FnSUNBb0tTQTlQZ29nSUNBZ0lDQWdJQ0FnSUNBZ0lDQWdJQ0FnSUNBZ0lDQWdJQ0FnSUNBZ0lGOXpaV3hsWTNSbFpFTmhibVJwWkdGMFpVbGtJRDBnWTJGdVpHbGtZWFJsTG5CaGNuUnBZMmx3WVc1MFNXUXNDaUFnSUNBZ0lDQWdJQ0FnSUNBZ0lDQWdJQ0FnSUNBZ0lDQWdLU3dLSUNBZ0lDQWdJQ0FnSUNBZ0lDQWdJQ0FnYkdWaFpHbHVaem9nU1dOdmJpZ0tJQ0FnSUNBZ0lDQWdJQ0FnSUNBZ0lDQWdJQ0JmYzJWc1pXTjBaV1JEWVc1a2FXUmhkR1ZKWkNBOVBTQmpZVzVrYVdSaGRHVXVjR0Z5ZEdsamFYQmhiblJKWkFvZ0lDQWdJQ0FnSUNBZ0lDQWdJQ0FnSUNBZ0lDQWdJQ0EvSUVsamIyNXpMbU5vWldOclgyTnBjbU5zWlFvZ0lDQWdJQ0FnSUNBZ0lDQWdJQ0FnSUNBZ0lDQWdJQ0E2SUVsamIyNXpMbkpoWkdsdlgySjFkSFJ2Ymw5MWJtTm9aV05yWldRc0NpQWdJQ0FnSUNBZ0lDQWdJQ0FnSUNBZ0lDQWdZMjlzYjNJNklGOXpaV3hsWTNSbFpFTmhibVJwWkdGMFpVbGtJRDA5SUdOaGJtUnBaR0YwWlM1d1lYSjBhV05wY0dGdWRFbGtDaUFnSUNBZ0lDQWdJQ0FnSUNBZ0lDQWdJQ0FnSUNBZ0lEOGdWR2hsYldVdWIyWW9ZMjl1ZEdWNGRDa3VZMjlzYjNKVFkyaGxiV1V1Y0hKcGJXRnllUW9nSUNBZ0lDQWdJQ0FnSUNBZ0lDQWdJQ0FnSUNBZ0lDQTZJRzUxYkd3c0NpQWdJQ0FnSUNBZ0lDQWdJQ0FnSUNBZ0lDa3NDaUFnSUNBZ0lDQWdJQ0FnSUNBZ0lDQWdJSFJwZEd4bE9pQlVaWGgwS0dOaGJtUnBaR0YwWlM1a2FYTndiR0Y1VG1GdFpTa3NDaUFnSUNBZ0lDQWdJQ0FnSUNBZ0lDQWdJSE4xWW5ScGRHeGxPaUJqWVc1a2FXUmhkR1V1YVhOSGRXVnpkQW9nSUNBZ0lDQWdJQ0FnSUNBZ0lDQWdJQ0FnSUNBZ1B5QmpiMjV6ZENCVVpYaDBLQ2RKYm5acGRNT3BJTUszSUdOaGJtUnBaR0YwSUhWdWFYRjFaVzFsYm5RbktRb2dJQ0FnSUNBZ0lDQWdJQ0FnSUNBZ0lDQWdJQ0FnT2lCdWRXeHNMQW9nSUNBZ0lDQWdJQ0FnSUNBZ0lDQWdJQ0IwY21GcGJHbHVaem9nWDBOaGJtUnBaR0YwWlVWNGNHeHZhWFFvWTJGdVpHbGtZWFJsT2lCallXNWthV1JoZEdVcExBb2dJQ0FnSUNBZ0lDQWdJQ0FnSUNBZ0tTd0tJQ0FnSUNBZ0lDQWdJQ0FnSUNBcExBb2dJQ0FnSUNBZ0lDQWdJQ0JqYjI1emRDQlRhWHBsWkVKdmVDaG9aV2xuYUhRNklERXlLU3dLSUNBZ0lDQWdJQ0FnSUNBZ1JtbHNiR1ZrUW5WMGRHOXVMbWxqYjI0b0NpQWdJQ0FnSUNBZ0lDQWdJQ0FnYjI1UWNtVnpjMlZrT2lCZmMyVnNaV04wWldSRFlXNWthV1JoZEdWSlpDQTlQU0J1ZFd4c0lIeDhJRjlwYzFOMVltMXBkSFJwYm1jS0lDQWdJQ0FnSUNBZ0lDQWdJQ0FnSUNBZ1B5QnVkV3hzQ2lBZ0lDQWdJQ0FnSUNBZ0lDQWdJQ0FnSURvZ0tDa2dQVDRnWDJOaGMzUW9kbTkwWlNrc0NpQWdJQ0FnSUNBZ0lDQWdJQ0FnYVdOdmJqb2dYMmx6VTNWaWJXbDBkR2x1WndvZ0lDQWdJQ0FnSUNBZ0lDQWdJQ0FnSUNBL0lHTnZibk4wSUZOcGVtVmtRbTk0S0FvZ0lDQWdJQ0FnSUNBZ0lDQWdJQ0FnSUNBZ0lDQWdkMmxrZEdnNklERTRMQW9nSUNBZ0lDQWdJQ0FnSUNBZ0lDQWdJQ0FnSUNBZ2FHVnBaMmgwT2lBeE9Dd0tJQ0FnSUNBZ0lDQWdJQ0FnSUNBZ0lDQWdJQ0FnSUdOb2FXeGtPaUJIY21sdWRHRlFjbTluY21WemMwbHVaR2xqWVhSdmNpaHpkSEp2YTJWWGFXUjBhRG9nTWlrc0NpQWdJQ0FnSUNBZ0lDQWdJQ0FnSUNBZ0lDQWdLUW9nSUNBZ0lDQWdJQ0FnSUNBZ0lDQWdJQ0E2SUdOdmJuTjBJRWxqYjI0b1NXTnZibk11YUc5M1gzUnZYM1p2ZEdWZmIzVjBiR2x1WldRcExBb2dJQ0FnSUNBZ0lDQWdJQ0FnSUd4aFltVnNPaUJqYjI1emRDQlVaWGgwS0NkV1lXeHBaR1Z5SUdURHFXWnBibWwwYVhabGJXVnVkQ0J0YjI0Z2RtOTBaU2NwTEFvZ0lDQWdJQ0FnSUNBZ0lDQXBMQW9nSUNBZ0lDQWdJQ0FnWFN3S0lDQWdJQ0FnSUNCZElHVnNjMlVnYVdZZ0tIWnZkR1V1YVhORGJHOXpaV1FwSUM0dUxsc0tJQ0FnSUNBZ0lDQWdJRjlTWlhOMWJIUnpLSFp2ZEdVNklIWnZkR1VwTEFvZ0lDQWdJQ0FnSUYwZ1pXeHpaU0JwWmlBb2RtOTBaUzV6ZEdGMFpTQTlQU0JUY0c5eWRFMXZkRzFXYjNSbFUzUmhkR1V1WTJGdVkyVnNiR1ZrS1NBdUxpNWJDaUFnSUNBZ0lDQWdJQ0JqYjI1emRDQmZUV1Z6YzJGblpVTmhjbVFvQ2lBZ0lDQWdJQ0FnSUNBZ0lHbGpiMjQ2SUVsamIyNXpMbU5oYm1ObGJGOXZkWFJzYVc1bFpDd0tJQ0FnSUNBZ0lDQWdJQ0FnZEdsMGJHVTZJQ2RUWTNKMWRHbHVJR0Z1Ym5Wc3c2a25MQW9nSUNBZ0lDQWdJQ0FnSUNCdFpYTnpZV2RsT2dvZ0lDQWdJQ0FnSUNBZ0lDQWdJQ0FnSjBGMVkzVnVJRWh2YlcxbElHUjFJRzFoZEdOb0lHTnZiR3hsWTNScFppQnU0b0NaWlhOMElHRjBkSEpwWW5YRHFTQndiM1Z5SUd4bElHMXZiV1Z1ZEM0bkxBb2dJQ0FnSUNBZ0lDQWdLUW9nSUNBZ0lDQWdJRjBnWld4elpTQXVMaTViQ2lBZ0lDQWdJQ0FnSUNCamIyNXpkQ0JmVFdWemMyRm5aVU5oY21Rb0NpQWdJQ0FnSUNBZ0lDQWdJR2xqYjI0NklFbGpiMjV6TG5OamFHVmtkV3hsWDI5MWRHeHBibVZrTEFvZ0lDQWdJQ0FnSUNBZ0lDQjBhWFJzWlRvZ0oxTmpjblYwYVc0Z1ltbGxiblREdEhRZ2IzVjJaWEowSnl3S0lDQWdJQ0FnSUNBZ0lDQWdiV1Z6YzJGblpUb2dKMHhsSUhadmRHVWdjK0tBbVc5MWRuSmxJREVnYUNBME5TQmhjSExEcUhNZ2JHVWdZMjkxY0NCazRvQ1paVzUyYjJrZ0p3b2dJQ0FnSUNBZ0lDQWdJQ0FnSUNBZ0p5aHZkU0JrdzZoeklHeGhJSFpoYkdsa1lYUnBiMjRnWkhVZ2NzT3BjM1ZzZEdGMEtTNG5MQW9nSUNBZ0lDQWdJQ0FnS1FvZ0lDQWdJQ0FnSUYwc0NpQWdJQ0FnSUNBZ2FXWWdLRjlsY25KdmNpQWhQU0J1ZFd4c0tTQXVMaTViQ2lBZ0lD
Shell: QWdJQ0FnSUNCamIyNXpkQ0JUYVhwbFpFSnZlQ2hvWldsbmFIUTZJREV5S1N3S0lDQWdJQ0FnSUNBZ0lGUmxlSFFvQ2lBZ0lDQWdJQ0FnSUNBZ0lGOWxjbkp2Y2lFc0NpQWdJQ0FnSUNBZ0lDQWdJSE4wZVd4bE9pQlVaWGgwVTNSNWJHVW9ZMjlzYjNJNklGUm9aVzFsTG05bUtHTnZiblJsZUhRcExtTnZiRzl5VTJOb1pXMWxMbVZ5Y205eUtTd0tJQ0FnSUNBZ0lDQWdJQ2tzQ2lBZ0lDQWdJQ0FnWFN3S0lDQWdJQ0FnWFN3S0lDQWdJQ2s3Q2lBZ2ZRcDlDZ3BqYkdGemN5Qk5ZWFJqYUUxdmRHMVdiM1JsUTJGeVpDQmxlSFJsYm1SeklFTnZibk4xYldWeVYybGtaMlYwSUhzS0lDQmpiMjV6ZENCTllYUmphRTF2ZEcxV2IzUmxRMkZ5WkNoN0NpQWdJQ0J6ZFhCbGNpNXJaWGtzQ2lBZ0lDQnlaWEYxYVhKbFpDQjBhR2x6TG0xaGRHTm9TV1FzQ2lBZ0lDQjBhR2x6TG1KdmRIUnZiVk53WVdOcGJtY2dQU0F3TEFvZ0lIMHBPd29LSUNCbWFXNWhiQ0JUZEhKcGJtY2diV0YwWTJoSlpEc0tJQ0JtYVc1aGJDQmtiM1ZpYkdVZ1ltOTBkRzl0VTNCaFkybHVaenNLQ2lBZ1FHOTJaWEp5YVdSbENpQWdWMmxrWjJWMElHSjFhV3hrS0VKMWFXeGtRMjl1ZEdWNGRDQmpiMjUwWlhoMExDQlhhV1JuWlhSU1pXWWdjbVZtS1NCN0NpQWdJQ0JtYVc1aGJDQmhjM2x1WTFadmRHVWdQU0J5WldZdWQyRjBZMmdvYzNCdmNuUk5iM1J0Vm05MFpWQnliM1pwWkdWeUtHMWhkR05vU1dRcEtUc0tJQ0FnSUhKbGRIVnliaUJoYzNsdVkxWnZkR1V1ZDJobGJpZ0tJQ0FnSUNBZ2JHOWhaR2x1WnpvZ0tDa2dQVDRnWTI5dWMzUWdVMmw2WldSQ2IzZ3VjMmh5YVc1cktDa3NDaUFnSUNBZ0lHVnljbTl5T2lBb1h5d2dYMThwSUQwK0lHTnZibk4wSUZOcGVtVmtRbTk0TG5Ob2NtbHVheWdwTEFvZ0lDQWdJQ0JrWVhSaE9pQW9kbTkwWlNrZ2V3b2dJQ0FnSUNBZ0lHbG1JQ2gyYjNSbElEMDlJRzUxYkd3cElISmxkSFZ5YmlCamIyNXpkQ0JUYVhwbFpFSnZlQzV6YUhKcGJtc29LVHNLSUNBZ0lDQWdJQ0F2THlCRFpYVjRJSEYxYVNCdUo4T3BkR0ZwWlc1MElIQmhjeUJoZFNCdFlYUmphQ0J1WlNCMmIybGxiblFnY21sbGJpQndaVzVrWVc1MElHeGxJSE5qY25WMGFXNGdPZ29nSUNBZ0lDQWdJQzh2SUhWdWFYRjFaVzFsYm5RZ2JHVWdjc09wYzNWc2RHRjBJSFZ1WlNCbWIybHpJR05zYjNNdUNpQWdJQ0FnSUNBZ2FXWWdLSFp2ZEdVdWFYTlBjR1Z1SUNZbUlDRjJiM1JsTG1selJXeHBaMmxpYkdWV2IzUmxjaWtnZXdvZ0lDQWdJQ0FnSUNBZ2NtVjBkWEp1SUdOdmJuTjBJRk5wZW1Wa1FtOTRMbk5vY21sdWF5Z3BPd29nSUNBZ0lDQWdJSDBLSUNBZ0lDQWdJQ0JtYVc1aGJDQW9hV052Yml3Z2RHbDBiR1VzSUhOMVluUnBkR3hsS1NBOUlITjNhWFJqYUNBb2RtOTBaUzV6ZEdGMFpTa2dld29nSUNBZ0lDQWdJQ0FnVTNCdmNuUk5iM1J0Vm05MFpWTjBZWFJsTG05d1pXNGdkMmhsYmlCMmIzUmxMbWhoYzFadmRHVmtJRDArSUNnS0lDQWdJQ0FnSUNBZ0lDQWdJQ0JKWTI5dWN5NXNiMk5yWDI5MWRHeHBibVVzQ2lBZ0lDQWdJQ0FnSUNBZ0lDQWdKMVp2ZEdVZ1NFUk5JR1Z1Y21WbmFYTjBjc09wSnl3S0lDQWdJQ0FnSUNBZ0lDQWdJQ0FuVXNPcGMzVnNkR0YwY3lCeXc2bDJ3NmxzdzZseklHRndjc09vY3lCc1lTQmpiTU8wZEhWeVpTNG5MQW9nSUNBZ0lDQWdJQ0FnSUNBcExBb2dJQ0FnSUNBZ0lDQWdVM0J2Y25STmIzUnRWbTkwWlZOMFlYUmxMbTl3Wlc0Z1BUNGdLQW9nSUNBZ0lDQWdJQ0FnSUNBZ0lFbGpiMjV6TG1odmQxOTBiMTkyYjNSbFgyOTFkR3hwYm1Wa0xBb2dJQ0FnSUNBZ0lDQWdJQ0FnSUNkV2IzUmxJRWh2YlcxbElHUjFJRzFoZEdOb0lHOTFkbVZ5ZENjc0NpQWdJQ0FnSUNBZ0lDQWdJQ0FnZG05MFpTNWpZVzVXYjNSbENpQWdJQ0FnSUNBZ0lDQWdJQ0FnSUNBZ0lEOGdKMVJ2YmlCMmIzUmxJR1Z6ZENCaGRIUmxibVIxSUdGMllXNTBJR3hoSUdOc3c3UjBkWEpsTGljS0lDQWdJQ0FnSUNBZ0lDQWdJQ0FnSUNBZ09pQW5RMjl1YzNWc2RHVWdiR1VnYzJOeWRYUnBiaUJsYmlCamIzVnljeTRuTEFvZ0lDQWdJQ0FnSUNBZ0lDQXBMQW9nSUNBZ0lDQWdJQ0FnVTNCdmNuUk5iM1J0Vm05MFpWTjBZWFJsTG1Oc2IzTmxaQ0E5UGlBb0NpQWdJQ0FnSUNBZ0lDQWdJQ0FnU1dOdmJuTXVaVzF2YW1sZlpYWmxiblJ6WDI5MWRHeHBibVZrTEFvZ0lDQWdJQ0FnSUNBZ0lDQWdJSFp2ZEdVdWQybHVibVZ5Y3k1c1pXNW5kR2dnUGlBeElEOGdKME52TFVodmJXMWxjeUJrZFNCdFlYUmphQ2NnT2lBblNHOXRiV1VnWkhVZ2JXRjBZMmduTEFvZ0lDQWdJQ0FnSUNBZ0lDQWdJSFp2ZEdVdWQybHVibVZ5Y3k1cGMwVnRjSFI1Q2lBZ0lDQWdJQ0FnSUNBZ0lDQWdJQ0FnSUQ4Z0owRjFZM1Z1SUhadmRHVWdaWGh3Y21sdHc2a3VKd29nSUNBZ0lDQWdJQ0FnSUNBZ0lDQWdJQ0E2SUhadmRHVXVkMmx1Ym1WeWN3b2dJQ0FnSUNBZ0lDQWdJQ0FnSUNBZ0lDQWdJQ0FnTG0xaGNDZ29kMmx1Ym1WeUtTQTlQaUIzYVc1dVpYSXVaR2x6Y0d4aGVVNWhiV1VwQ2lBZ0lDQWdJQ0FnSUNBZ0lDQWdJQ0FnSUNBZ0lDQXVhbTlwYmlnbklNSzNJQ2NwTEFvZ0lDQWdJQ0FnSUNBZ0lDQXBMQW9nSUNBZ0lDQWdJQ0FnVTNCdmNuUk5iM1J0Vm05MFpWTjBZWFJsTG1OaGJtTmxiR3hsWkNBOVBpQW9DaUFnSUNBZ0lDQWdJQ0FnSUNBZ1NXTnZibk11WTJGdVkyVnNYMjkxZEd4cGJtVmtMQW9nSUNBZ0lDQWdJQ0FnSUNBZ0lDZFdiM1JsSUVoRVRTQmhibTUxYk1PcEp5d0tJQ0FnSUNBZ0lDQWdJQ0FnSUNBblFYVmpkVzRnY3NPcGMzVnNkR0YwSUdOdmJHeGxZM1JwWmk0bkxBb2dJQ0FnSUNBZ0lDQWdJQ0FwTEFvZ0lDQWdJQ0FnSUNBZ1h5QTlQaUFvQ2lBZ0lDQWdJQ0FnSUNBZ0lDQWdTV052Ym5NdWMyTm9aV1IxYkdWZmIzVjBiR2x1WldRc0NpQWdJQ0FnSUNBZ0lDQWdJQ0FnSjFadmRHVWdTRVJOSUdWdUlIQnl3Nmx3WVhKaGRHbHZiaWNzQ2lBZ0lDQWdJQ0FnSUNBZ0lDQWdKMHhsSUhOamNuVjBhVzRnYzJWeVlTQmthWE53YjI1cFlteGxJSEJ5YjJOb1lXbHVaVzFsYm5RdUp5d0tJQ0FnSUNBZ0lDQWdJQ0FnS1N3S0lD
Shell: QWdJQ0FnSUNCOU93b2dJQ0FnSUNBZ0lISmxkSFZ5YmlCUVlXUmthVzVuS0FvZ0lDQWdJQ0FnSUNBZ2NHRmtaR2x1WnpvZ1JXUm5aVWx1YzJWMGN5NXZibXg1S0dKdmRIUnZiVG9nWW05MGRHOXRVM0JoWTJsdVp5a3NDaUFnSUNBZ0lDQWdJQ0JqYUdsc1pEb2dRMkZ5WkNnS0lDQWdJQ0FnSUNBZ0lDQWdZMmhwYkdRNklFeHBjM1JVYVd4bEtBb2dJQ0FnSUNBZ0lDQWdJQ0FnSUd4bFlXUnBibWM2SUVsamIyNG9hV052Ymlrc0NpQWdJQ0FnSUNBZ0lDQWdJQ0FnZEdsMGJHVTZJRlJsZUhRb2RHbDBiR1VwTEFvZ0lDQWdJQ0FnSUNBZ0lDQWdJSE4xWW5ScGRHeGxPaUJVWlhoMEtITjFZblJwZEd4bEtTd0tJQ0FnSUNBZ0lDQWdJQ0FnSUNCMGNtRnBiR2x1WnpvZ1kyOXVjM1FnU1dOdmJpaEpZMjl1Y3k1amFHVjJjbTl1WDNKcFoyaDBLU3dLSUNBZ0lDQWdJQ0FnSUNBZ0lDQnZibFJoY0RvZ0tDa2dQVDRnWTI5dWRHVjRkQzV3ZFhOb0tDY3ZiV0YwWTJobGN5OGtiV0YwWTJoSlpDOTJiM1JsSnlrc0NpQWdJQ0FnSUNBZ0lDQWdJQ2tzQ2lBZ0lDQWdJQ0FnSUNBcExBb2dJQ0FnSUNBZ0lDazdDaUFnSUNBZ0lIMHNDaUFnSUNBcE93b2dJSDBLZlFvS1kyeGhjM01nWDFadmRHVklaV0ZrWlhJZ1pYaDBaVzVrY3lCVGRHRjBaV3hsYzNOWGFXUm5aWFFnZXdvZ0lHTnZibk4wSUY5V2IzUmxTR1ZoWkdWeUtIdHlaWEYxYVhKbFpDQjBhR2x6TG5admRHVjlLVHNLQ2lBZ1ptbHVZV3dnVTNCdmNuUk5iM1J0Vm05MFpTQjJiM1JsT3dvS0lDQkFiM1psY25KcFpHVUtJQ0JYYVdSblpYUWdZblZwYkdRb1FuVnBiR1JEYjI1MFpYaDBJR052Ym5SbGVIUXBJSHNLSUNBZ0lHWnBibUZzSUhOMFlYUjFjeUE5SUhOM2FYUmphQ0FvZG05MFpTNXpkR0YwWlNrZ2V3b2dJQ0FnSUNCVGNHOXlkRTF2ZEcxV2IzUmxVM1JoZEdVdWIzQmxiaUE5UGlBblZtOTBaU0J2ZFhabGNuUW5MQW9nSUNBZ0lDQlRjRzl5ZEUxdmRHMVdiM1JsVTNSaGRHVXVZMnh2YzJWa0lEMCtJQ2RTdzZsemRXeDBZWFJ6SUdURHFXWnBibWwwYVdaekp5d0tJQ0FnSUNBZ1UzQnZjblJOYjNSdFZtOTBaVk4wWVhSbExtTmhibU5sYkd4bFpDQTlQaUFuVTJOeWRYUnBiaUJoYm01MWJNT3BKeXdLSUNBZ0lDQWdYeUE5UGlBblJXNGdjSExEcVhCaGNtRjBhVzl1Snl3S0lDQWdJSDA3Q2lBZ0lDQm1hVzVoYkNCa1lYUmxJRDBnYzNkcGRHTm9JQ2gyYjNSbExuTjBZWFJsS1NCN0NpQWdJQ0FnSUZOd2IzSjBUVzkwYlZadmRHVlRkR0YwWlM1dmNHVnVJSGRvWlc0Z2RtOTBaUzVqYkc5elpYTkJkQ0FoUFNCdWRXeHNJRDArQ2lBZ0lDQWdJQ0FnSjBOc3c3UjBkWEpsSUNSN1FYQndSbTl5YldGMGN5NWtZWFJsVkdsdFpTaDJiM1JsTG1Oc2IzTmxjMEYwSVM1MGIweHZZMkZzS0NrcGZTY3NDaUFnSUNBZ0lGTndiM0owVFc5MGJWWnZkR1ZUZEdGMFpTNWpiRzl6WldRZ2QyaGxiaUIyYjNSbExtTnNiM05sWkVGMElDRTlJRzUxYkd3Z1BUNEtJQ0FnSUNBZ0lDQW5RMnpEdEhSMWNzT3BJQ1I3UVhCd1JtOXliV0YwY3k1a1lYUmxWR2x0WlNoMmIzUmxMbU5zYjNObFpFRjBJUzUwYjB4dlkyRnNLQ2twZlNjc0NpQWdJQ0FnSUY4Z1BUNGdiblZzYkN3S0lDQWdJSDA3Q2dvZ0lDQWdjbVYwZFhKdUlFTmhjbVFvQ2lBZ0lDQWdJR05vYVd4a09pQlFZV1JrYVc1bktBb2dJQ0FnSUNBZ0lIQmhaR1JwYm1jNklHTnZibk4wSUVWa1oyVkpibk5sZEhNdVlXeHNLREU0S1N3S0lDQWdJQ0FnSUNCamFHbHNaRG9nUTI5c2RXMXVLQW9nSUNBZ0lDQWdJQ0FnWTJocGJHUnlaVzQ2SUZzS0lDQWdJQ0FnSUNBZ0lDQWdZMjl1YzNRZ1ZHVjRkQ2duOEorUmtTY3NJSE4wZVd4bE9pQlVaWGgwVTNSNWJHVW9abTl1ZEZOcGVtVTZJRFF5S1Nrc0NpQWdJQ0FnSUNBZ0lDQWdJR052Ym5OMElGTnBlbVZrUW05NEtHaGxhV2RvZERvZ09Da3NDaUFnSUNBZ0lDQWdJQ0FnSUUxaGRHTm9SbWw0ZEhWeVpTZ0tJQ0FnSUNBZ0lDQWdJQ0FnSUNCb2IyMWxUbUZ0WlRvZ2RtOTBaUzVwYzBodmJXVWdQeUFuUVZNZ1IzSnBiblJoSnlBNklIWnZkR1V1YjNCd2IyNWxiblJPWVcxbExBb2dJQ0FnSUNBZ0lDQWdJQ0FnSUdGM1lYbE9ZVzFsT2lCMmIzUmxMbWx6U0c5dFpTQS9JSFp2ZEdVdWIzQndiMjVsYm5ST1lXMWxJRG9nSjBGVElFZHlhVzUwWVNjc0NpQWdJQ0FnSUNBZ0lDQWdJQ0FnWjNKcGJuUmhTWE5JYjIxbE9pQjJiM1JsTG1selNHOXRaU3dLSUNBZ0lDQWdJQ0FnSUNBZ0lDQm9iMjFsVTJOdmNtVTZJSFp2ZEdVdWFYTkliMjFsSUQ4Z2RtOTBaUzV6WTI5eVpVRnpSM0pwYm5SaElEb2dkbTkwWlM1elkyOXlaVUZrZG1WeWMyVXNDaUFnSUNBZ0lDQWdJQ0FnSUNBZ1lYZGhlVk5qYjNKbE9pQjJiM1JsTG1selNHOXRaU0EvSUhadmRHVXVjMk52Y21WQlpIWmxjbk5sSURvZ2RtOTBaUzV6WTI5eVpVRnpSM0pwYm5SaExBb2dJQ0FnSUNBZ0lDQWdJQ0FnSUdacGJtbHphR1ZrT2lCMmIzUmxMbWhoYzFOamIzSmxMQW9nSUNBZ0lDQWdJQ0FnSUNBZ0lHNWhiV1ZUZEhsc1pUb2dWR2hsYldVdWIyWW9ZMjl1ZEdWNGRDa3VkR1Y0ZEZSb1pXMWxMblJwZEd4bFRHRnlaMlVzQ2lBZ0lDQWdJQ0FnSUNBZ0lDa3NDaUFnSUNBZ0lDQWdJQ0FnSUM4dklGVnVaU0JtYjJseklHeGxJSE5qY25WMGFXNGdZMnh2Y3l3Z2JHRWdZMjkxY205dWJtVXNJR3hsSUhOamIzSmxJR1YwSUd4bElIWmhhVzV4ZFdWMWNnb2dJQ0FnSUNBZ0lDQWdJQ0F2THlCemRXWm1hWE5sYm5RZ09pQnZiaUJ1SjJGbVptbGphR1Vnd3FzZ1VzT3BjM1ZzZEdGMGN5Qmt3NmxtYVc1cGRHbG1jeURDdHlCRGJNTzBkSFZ5dzZrZzRvQ21JTUs3Q2lBZ0lDQWdJQ0FnSUNBZ0lDOHZJSEYxWlNCMFlXNTBJSEYxWlNCc1pTQjJiM1JsSUc0blpYTjBJSEJoY3lCMFpYSnRhVzdEcVM0S0lDQWdJQ0FnSUNBZ0lDQWdhV1lnS0hadmRHVXVjM1JoZEdVZ0lUMGdVM0J2Y25STmIzUnRWbTkwWlZOMFlYUmxMbU5zYjNObFpDa2dMaTR1V3dvZ0lDQWdJQ0FnSUNBZ0lDQWdJR052Ym5OMElGTnBlbVZrUW05NEtHaGxhV2RvZERvZ09Da3NDaUFnSUNBZ0lDQWdJQ0FnSUNBZ1ZHVjRkQ2h6ZEdGMGRYTXBMQW9nSUNBZ0lD
Shell: QWdJQ0FnSUNBZ0lHbG1JQ2hrWVhSbElDRTlJRzUxYkd3cElDNHVMbHNLSUNBZ0lDQWdJQ0FnSUNBZ0lDQWdJR052Ym5OMElGTnBlbVZrUW05NEtHaGxhV2RvZERvZ05Da3NDaUFnSUNBZ0lDQWdJQ0FnSUNBZ0lDQlVaWGgwS0dSaGRHVXNJSE4wZVd4bE9pQlVhR1Z0WlM1dlppaGpiMjUwWlhoMEtTNTBaWGgwVkdobGJXVXVZbTlrZVZOdFlXeHNLU3dLSUNBZ0lDQWdJQ0FnSUNBZ0lDQmRMQW9nSUNBZ0lDQWdJQ0FnSUNCZExBb2dJQ0FnSUNBZ0lDQWdYU3dLSUNBZ0lDQWdJQ0FwTEFvZ0lDQWdJQ0FwTEFvZ0lDQWdLVHNLSUNCOUNuMEtDbU5zWVhOeklGOVNaWE4xYkhSeklHVjRkR1Z1WkhNZ1UzUmhkR1ZzWlhOelYybGtaMlYwSUhzS0lDQmpiMjV6ZENCZlVtVnpkV3gwY3loN2NtVnhkV2x5WldRZ2RHaHBjeTUyYjNSbGZTazdDZ29nSUdacGJtRnNJRk53YjNKMFRXOTBiVlp2ZEdVZ2RtOTBaVHNLQ2lBZ1FHOTJaWEp5YVdSbENpQWdWMmxrWjJWMElHSjFhV3hrS0VKMWFXeGtRMjl1ZEdWNGRDQmpiMjUwWlhoMEtTQjdDaUFnSUNCeVpYUjFjbTRnUTI5c2RXMXVLQW9nSUNBZ0lDQmpjbTl6YzBGNGFYTkJiR2xuYm0xbGJuUTZJRU55YjNOelFYaHBjMEZzYVdkdWJXVnVkQzV6ZEdGeWRDd0tJQ0FnSUNBZ1kyaHBiR1J5Wlc0NklGc0tJQ0FnSUNBZ0lDQlVaWGgwS0NkU3c2bHpkV3gwWVhSekp5d2djM1I1YkdVNklGUm9aVzFsTG05bUtHTnZiblJsZUhRcExuUmxlSFJVYUdWdFpTNTBhWFJzWlV4aGNtZGxLU3dLSUNBZ0lDQWdJQ0JqYjI1emRDQlRhWHBsWkVKdmVDaG9aV2xuYUhRNklEZ3BMQW9nSUNBZ0lDQWdJR1p2Y2lBb1ptbHVZV3dnWTJGdVpHbGtZWFJsQ2lBZ0lDQWdJQ0FnSUNBZ0lHbHVJSFp2ZEdVdVkyRnVaR2xrWVhSbGN5NTNhR1Z5WlNnb1l5a2dQVDRnS0dNdWRtOTBaWE5EYjNWdWRDQS9QeUF3S1NBK0lEQXBLUW9nSUNBZ0lDQWdJQ0FnUTJGeVpDZ0tJQ0FnSUNBZ0lDQWdJQ0FnWTJocGJHUTZJRXhwYzNSVWFXeGxLQW9nSUNBZ0lDQWdJQ0FnSUNBZ0lHeGxZV1JwYm1jNklHTmhibVJwWkdGMFpTNXBjMWRwYm01bGNnb2dJQ0FnSUNBZ0lDQWdJQ0FnSUNBZ0lDQS9JR052Ym5OMElGUmxlSFFvSi9DZmtaRW5MQ0J6ZEhsc1pUb2dWR1Y0ZEZOMGVXeGxLR1p2Ym5SVGFYcGxPaUF5TWlrcENpQWdJQ0FnSUNBZ0lDQWdJQ0FnSUNBZ0lEb2diblZzYkN3S0lDQWdJQ0FnSUNBZ0lDQWdJQ0IwYVhSc1pUb2dWR1Y0ZENoallXNWthV1JoZEdVdVpHbHpjR3hoZVU1aGJXVXBMQW9nSUNBZ0lDQWdJQ0FnSUNBZ0lIUnlZV2xzYVc1bk9pQlVaWGgwS0FvZ0lDQWdJQ0FnSUNBZ0lDQWdJQ0FnSnlSN1kyRnVaR2xrWVhSbExuWnZkR1Z6UTI5MWJuUWdQejhnTUgwbkxBb2dJQ0FnSUNBZ0lDQWdJQ0FnSUNBZ2MzUjViR1U2SUZSb1pXMWxMbTltS0dOdmJuUmxlSFFwTG5SbGVIUlVhR1Z0WlM1MGFYUnNaVTFsWkdsMWJTd0tJQ0FnSUNBZ0lDQWdJQ0FnSUNBcExBb2dJQ0FnSUNBZ0lDQWdJQ0FwTEFvZ0lDQWdJQ0FnSUNBZ0tTd0tJQ0FnSUNBZ1hTd0tJQ0FnSUNrN0NpQWdmUXA5Q2dwamJHRnpjeUJmVFdWemMyRm5aVU5oY21RZ1pYaDBaVzVrY3lCVGRHRjBaV3hsYzNOWGFXUm5aWFFnZXdvZ0lHTnZibk4wSUY5TlpYTnpZV2RsUTJGeVpDaDdDaUFnSUNCeVpYRjFhWEpsWkNCMGFHbHpMbWxqYjI0c0NpQWdJQ0J5WlhGMWFYSmxaQ0IwYUdsekxuUnBkR3hsTEFvZ0lDQWdjbVZ4ZFdseVpXUWdkR2hwY3k1dFpYTnpZV2RsTEFvZ0lIMHBPd29LSUNCbWFXNWhiQ0JKWTI5dVJHRjBZU0JwWTI5dU93b2dJR1pwYm1Gc0lGTjBjbWx1WnlCMGFYUnNaVHNLSUNCbWFXNWhiQ0JUZEhKcGJtY2diV1Z6YzJGblpUc0tDaUFnUUc5MlpYSnlhV1JsQ2lBZ1YybGtaMlYwSUdKMWFXeGtLRUoxYVd4a1EyOXVkR1Y0ZENCamIyNTBaWGgwS1NCN0NpQWdJQ0J5WlhSMWNtNGdRMkZ5WkNnS0lDQWdJQ0FnWTJocGJHUTZJRkJoWkdScGJtY29DaUFnSUNBZ0lDQWdjR0ZrWkdsdVp6b2dZMjl1YzNRZ1JXUm5aVWx1YzJWMGN5NWhiR3dvTVRncExBb2dJQ0FnSUNBZ0lHTm9hV3hrT2lCU2IzY29DaUFnSUNBZ0lDQWdJQ0JqY205emMwRjRhWE5CYkdsbmJtMWxiblE2SUVOeWIzTnpRWGhwYzBGc2FXZHViV1Z1ZEM1emRHRnlkQ3dLSUNBZ0lDQWdJQ0FnSUdOb2FXeGtjbVZ1T2lCYkNpQWdJQ0FnSUNBZ0lDQWdJRWxqYjI0b2FXTnZiaWtzQ2lBZ0lDQWdJQ0FnSUNBZ0lHTnZibk4wSUZOcGVtVmtRbTk0S0hkcFpIUm9PaUF4TkNrc0NpQWdJQ0FnSUNBZ0lDQWdJRVY0Y0dGdVpHVmtLQW9nSUNBZ0lDQWdJQ0FnSUNBZ0lHTm9hV3hrT2lCRGIyeDFiVzRvQ2lBZ0lDQWdJQ0FnSUNBZ0lDQWdJQ0JqY205emMwRjRhWE5CYkdsbmJtMWxiblE2SUVOeWIzTnpRWGhwYzBGc2FXZHViV1Z1ZEM1emRHRnlkQ3dLSUNBZ0lDQWdJQ0FnSUNBZ0lDQWdJR05vYVd4a2NtVnVPaUJiQ2lBZ0lDQWdJQ0FnSUNBZ0lDQWdJQ0FnSUZSbGVIUW9DaUFnSUNBZ0lDQWdJQ0FnSUNBZ0lDQWdJQ0FnZEdsMGJHVXNDaUFnSUNBZ0lDQWdJQ0FnSUNBZ0lDQWdJQ0FnYzNSNWJHVTZJRlJvWlcxbExtOW1LR052Ym5SbGVIUXBMblJsZUhSVWFHVnRaUzUwYVhSc1pVMWxaR2wxYlQ4dVkyOXdlVmRwZEdnb0NpQWdJQ0FnSUNBZ0lDQWdJQ0FnSUNBZ0lDQWdJQ0FnSUNBZ1ptOXVkRmRsYVdkb2REb2dSbTl1ZEZkbGFXZG9kQzUzT0RBd0xBb2dJQ0FnSUNBZ0lDQWdJQ0FnSUNBZ0lDQWdJQ0FnSUNBcExBb2dJQ0FnSUNBZ0lDQWdJQ0FnSUNBZ0lDQXBMQW9nSUNBZ0lDQWdJQ0FnSUNBZ0lDQWdJQ0JqYjI1emRDQlRhWHBsWkVKdmVDaG9aV2xuYUhRNklEUXBMQW9nSUNBZ0lDQWdJQ0FnSUNBZ0lDQWdJQ0JVWlhoMEtHMWxjM05oWjJVcExBb2dJQ0FnSUNBZ0lDQWdJQ0FnSUNBZ1hTd0tJQ0FnSUNBZ0lDQWdJQ0FnSUNBcExBb2dJQ0FnSUNBZ0lDQWdJQ0FwTEFvZ0lDQWdJQ0FnSUNBZ1hTd0tJQ0FnSUNBZ0lDQXBMQW9nSUNBZ0lDQXBMQW9nSUNBZ0tUc0tJQ0I5Q24wS0NpOHZMeUJGZUhCc2IybDBJR1IxSUdwdmRXVjFjaUJoWm1acFkyakRxU0JrWVc1eklHeGhJR3hwYzNSbElHUmxJSFp2ZEdVZ09p
Shell: QmlkWFJ6SUhCdmRYSWdiR1Z6SUdwdmRXVjFjbk1nWkdVS0x5OHZJR05vWVcxd0xDQmpiR1ZoYmlCemFHVmxkQ0J2ZFNCdWIyNGdjRzkxY2lCc1pTQm5ZWEprYVdWdUxncGpiR0Z6Y3lCZlEyRnVaR2xrWVhSbFJYaHdiRzlwZENCbGVIUmxibVJ6SUZOMFlYUmxiR1Z6YzFkcFpHZGxkQ0I3Q2lBZ1kyOXVjM1FnWDBOaGJtUnBaR0YwWlVWNGNHeHZhWFFvZTNKbGNYVnBjbVZrSUhSb2FYTXVZMkZ1Wkdsa1lYUmxmU2s3Q2dvZ0lHWnBibUZzSUZOd2IzSjBUVzkwYlVOaGJtUnBaR0YwWlNCallXNWthV1JoZEdVN0Nnb2dJRUJ2ZG1WeWNtbGtaUW9nSUZkcFpHZGxkQ0JpZFdsc1pDaENkV2xzWkVOdmJuUmxlSFFnWTI5dWRHVjRkQ2tnZXdvZ0lDQWdhV1lnS0dOaGJtUnBaR0YwWlM1cGMwZHZZV3hyWldWd1pYSXBJSHNLSUNBZ0lDQWdabWx1WVd3Z1kyeGxZVzVUYUdWbGRDQTlJR05oYm1ScFpHRjBaUzVqYkdWaGJsTm9aV1YwT3dvZ0lDQWdJQ0JwWmlBb1kyeGxZVzVUYUdWbGRDQTlQU0J1ZFd4c0tTQnlaWFIxY200Z1kyOXVjM1FnVTJsNlpXUkNiM2d1YzJoeWFXNXJLQ2s3Q2lBZ0lDQWdJSEpsZEhWeWJpQlVaWGgwS0FvZ0lDQWdJQ0FnSUdOc1pXRnVVMmhsWlhRZ1B5QW5RMnhsWVc0Z2MyaGxaWFFuSURvZ0owRWdaVzVqWVdsemM4T3BKeXdLSUNBZ0lDQWdJQ0J6ZEhsc1pUb2dWR1Y0ZEZOMGVXeGxLQW9nSUNBZ0lDQWdJQ0FnWTI5c2IzSTZJR05zWldGdVUyaGxaWFFnUHlCamIyNXpkQ0JEYjJ4dmNpZ3dlRVpHTlRKRU1EaEJLU0E2SUVOdmJHOXljeTUzYUdsMFpUVTBMQW9nSUNBZ0lDQWdJQ0FnWm05dWRGZGxhV2RvZERvZ1JtOXVkRmRsYVdkb2RDNTNPREF3TEFvZ0lDQWdJQ0FnSUNBZ1ptOXVkRk5wZW1VNklERXpMQW9nSUNBZ0lDQWdJQ2tzQ2lBZ0lDQWdJQ2s3Q2lBZ0lDQjlDaUFnSUNCbWFXNWhiQ0JuYjJGc2N5QTlJR05oYm1ScFpHRjBaUzVuYjJGc2N6c0tJQ0FnSUhKbGRIVnliaUJVWlhoMEtBb2dJQ0FnSUNCbmIyRnNjeUE4UFNBeElEOGdKeVJuYjJGc2N5QmlkWFFuSURvZ0p5Um5iMkZzY3lCaWRYUnpKeXdLSUNBZ0lDQWdjM1I1YkdVNklGUmxlSFJUZEhsc1pTZ0tJQ0FnSUNBZ0lDQmpiMnh2Y2pvZ1oyOWhiSE1nUGlBd0lEOGdZMjl1YzNRZ1EyOXNiM0lvTUhoR1JrTkJRalZHUmlrZ09pQkRiMnh2Y25NdWQyaHBkR1UxTkN3S0lDQWdJQ0FnSUNCbWIyNTBWMlZwWjJoME9pQkdiMjUwVjJWcFoyaDBMbmM0TURBc0NpQWdJQ0FnSUNBZ1ptOXVkRk5wZW1VNklERXpMQW9nSUNBZ0lDQXBMQW9nSUNBZ0tUc0tJQ0I5Q24wSyIsImxpYi9mZWF0dXJlcy9zcG9ydHNfbWFuYWdlbWVudC9wcmVzZW50YXRpb24vd2lkZ2V0cy9tYXRjaF9hdmFpbGFiaWxpdHlfc2VsZWN0b3IuZGFydCI6ImFXMXdiM0owSUNkd1lXTnJZV2RsT21GelgyZHlhVzUwWVM5amIzSmxMM1JvWlcxbEwyRndjRjkwYUdWdFpTNWtZWEowSnpzS2FXMXdiM0owSUNkd1lXTnJZV2RsT21GelgyZHlhVzUwWVM5amIzSmxMM2RwWkdkbGRITXZZV1J0YVc1ZlltRmtaMlV1WkdGeWRDYzdDbWx0Y0c5eWRDQW5jR0ZqYTJGblpUcGhjMTluY21sdWRHRXZabVZoZEhWeVpYTXZabVZoZEhWeVpWOW1iR0ZuY3k5d2NtVnpaVzUwWVhScGIyNHZabVZoZEhWeVpWOW1iR0ZuYzE5amIyNTBjbTlzYkdWeUxtUmhjblFuT3dwcGJYQnZjblFnSjNCaFkydGhaMlU2WVhOZlozSnBiblJoTDJabFlYUjFjbVZ6TDNOd2IzSjBjMTl0WVc1aFoyVnRaVzUwTDJSaGRHRXZiV0YwWTJoZllYWmhhV3hoWW1sc2FYUjVYMkp2WVhKa1gzSmxjRzl6YVhSdmNua3VaR0Z5ZENjN0NtbHRjRzl5ZENBbmNHRmphMkZuWlRwaGMxOW5jbWx1ZEdFdlptVmhkSFZ5WlhNdmMzQnZjblJ6WDIxaGJtRm5aVzFsYm5RdlpHRjBZUzl0WVhSamFGOWhkbUZwYkdGaWFXeHBkSGxmY21Wd2IzTnBkRzl5ZVM1a1lYSjBKenNLYVcxd2IzSjBJQ2R3WVdOcllXZGxPbUZ6WDJkeWFXNTBZUzltWldGMGRYSmxjeTl6Y0c5eWRITmZiV0Z1WVdkbGJXVnVkQzlrYjIxaGFXNHZiV0YwWTJoZllYWmhhV3hoWW1sc2FYUjVMbVJoY25Rbk93cHBiWEJ2Y25RZ0ozQmhZMnRoWjJVNllYTmZaM0pwYm5SaEwyWmxZWFIxY21WekwzTndiM0owYzE5dFlXNWhaMlZ0Wlc1MEwzQnlaWE5sYm5SaGRHbHZiaTl0WVhSamFGOWhkbUZwYkdGaWFXeHBkSGxmY0hKdmRtbGtaWEl1WkdGeWRDYzdDbWx0Y0c5eWRDQW5jR0ZqYTJGblpUcG1iSFYwZEdWeUwyMWhkR1Z5YVdGc0xtUmhjblFuT3dwcGJYQnZjblFnSjNCaFkydGhaMlU2Wm14MWRIUmxjbDl5YVhabGNuQnZaQzltYkhWMGRHVnlYM0pwZG1WeWNHOWtMbVJoY25Rbk93cHBiWEJ2Y25RZ0ozQmhZMnRoWjJVNloyOWZjbTkxZEdWeUwyZHZYM0p2ZFhSbGNpNWtZWEowSnpzS2FXMXdiM0owSUNkd1lXTnJZV2RsT21GelgyZHlhVzUwWVM5amIzSmxMM2RwWkdkbGRITXZaM0pwYm5SaFgyeHZZV1JsY2k1a1lYSjBKenNLQ21Oc1lYTnpJRTFoZEdOb1FYWmhhV3hoWW1sc2FYUjVVMlZzWldOMGIzSWdaWGgwWlc1a2N5QkRiMjV6ZFcxbGNsTjBZWFJsWm5Wc1YybGtaMlYwSUhzS0lDQmpiMjV6ZENCTllYUmphRUYyWVdsc1lXSnBiR2wwZVZObGJHVmpkRzl5S0hzS0lDQWdJSE4xY0dWeUxtdGxlU3dLSUNBZ0lISmxjWFZwY21Wa0lIUm9hWE11YldGMFkyaEpaQ3dLSUNBZ0lIUm9hWE11WlcxaVpXUmtaV1JQYmtSaGNtc2dQU0JtWVd4elpTd0tJQ0FnSUhSb2FYTXVkRzl3VTNCaFkybHVaeUE5SURBc0NpQWdJQ0IwYUdsekxtSnZkSFJ2YlZOd1lXTnBibWNnUFNBd0xBb2dJQ0FnZEdocGN5NXphRzkzVFdGdVlXZGxVMmh2Y25SamRYUWdQU0JtWVd4elpTd0tJQ0I5S1RzS0NpQWdabWx1WVd3Z1UzUnlhVzVuSUcxaGRHTm9TV1E3Q2lBZ1ptbHVZV3dnWW05dmJDQmxiV0psWkdSbFpFOXVSR0Z5YXpzS0lDQm1hVzVoYkNCa2IzVmliR1VnZEc5d1UzQmhZMmx1WnpzS0lDQm1hVzVoYkNCa2IzVmliR1VnWW05MGRHOXRVM0JoWTJsdVp6c0tDaUFnTHk4dklFRm1abWxqYUdVc0lITnZkWE1nYkdWeklHSnZkWFJ2Ym5NZ1pHVWdaR2x6Y0c5dWFXSnBiR2wwdzZrc0lIVnVJSEpoWTJOdmRYSmphU0RD
Shell: cXlCRlptWmxZM1JwWmlCbGRBb2dJQzh2THlCamIyMXdiM05wZEdsdmJpREN1eUIyWlhKeklHeGhJR2RsYzNScGIyNGdaSFVnYldGMFkyZ3VJRkxEcVhObGNuYkRxU0REb0NCc0oyRmtiV2x1SURvZ1l5ZGxjM1FLSUNBdkx5OGdiQ2RoY0hCbGJHRnVkQ0FvY1hWcElHTnZibTVodzY1MElHeGxJSExEdEd4bEtTQnhkV2tnYkNkaFkzUnBkbVV1Q2lBZ1ptbHVZV3dnWW05dmJDQnphRzkzVFdGdVlXZGxVMmh2Y25SamRYUTdDZ29nSUVCdmRtVnljbWxrWlFvZ0lFTnZibk4xYldWeVUzUmhkR1U4VFdGMFkyaEJkbUZwYkdGaWFXeHBkSGxUWld4bFkzUnZjajRnWTNKbFlYUmxVM1JoZEdVb0tTQTlQZ29nSUNBZ0lDQmZUV0YwWTJoQmRtRnBiR0ZpYVd4cGRIbFRaV3hsWTNSdmNsTjBZWFJsS0NrN0NuMEtDbU5zWVhOeklGOU5ZWFJqYUVGMllXbHNZV0pwYkdsMGVWTmxiR1ZqZEc5eVUzUmhkR1VLSUNBZ0lHVjRkR1Z1WkhNZ1EyOXVjM1Z0WlhKVGRHRjBaVHhOWVhSamFFRjJZV2xzWVdKcGJHbDBlVk5sYkdWamRHOXlQaUI3Q2lBZ1ltOXZiQ0JmYzJGMmFXNW5JRDBnWm1Gc2MyVTdDZ29nSUVCdmRtVnljbWxrWlFvZ0lGZHBaR2RsZENCaWRXbHNaQ2hDZFdsc1pFTnZiblJsZUhRZ1kyOXVkR1Y0ZENrZ2V3b2dJQ0FnYVdZZ0tDRnlaV1l1ZDJGMFkyZ29jM0J2Y25SelRXRnVZV2RsYldWdWRFVnVZV0pzWldSUWNtOTJhV1JsY2lrZ2ZId0tJQ0FnSUNBZ0lDQmZhWE5RY21Wa2FXTjBhVzl1VW05MWRHVW9ZMjl1ZEdWNGRDa3BJSHNLSUNBZ0lDQWdjbVYwZFhKdUlHTnZibk4wSUZOcGVtVmtRbTk0TG5Ob2NtbHVheWdwT3dvZ0lDQWdmUW9LSUNBZ0lHWnBibUZzSUdGMllXbHNZV0pwYkdsMGVTQTlJSEpsWmk1M1lYUmphQ2h0ZVUxaGRHTm9RWFpoYVd4aFltbHNhWFI1VUhKdmRtbGtaWElvZDJsa1oyVjBMbTFoZEdOb1NXUXBLVHNLSUNBZ0lISmxkSFZ5YmlCaGRtRnBiR0ZpYVd4cGRIa3VkMmhsYmlnS0lDQWdJQ0FnYkc5aFpHbHVaem9nS0NrZ1BUNGdZMjl1YzNRZ1UybDZaV1JDYjNndWMyaHlhVzVyS0Nrc0NpQWdJQ0FnSUdWeWNtOXlPaUFvWHl3Z1gxOHBJRDArSUdOdmJuTjBJRk5wZW1Wa1FtOTRMbk5vY21sdWF5Z3BMQW9nSUNBZ0lDQmtZWFJoT2lBb2RtRnNkV1VwSUhzS0lDQWdJQ0FnSUNCcFppQW9kbUZzZFdVZ1BUMGdiblZzYkNCOGZDQWhkbUZzZFdVdVkyRnVVbVZ6Y0c5dVpDa2dld29nSUNBZ0lDQWdJQ0FnY21WMGRYSnVJR052Ym5OMElGTnBlbVZrUW05NExuTm9jbWx1YXlncE93b2dJQ0FnSUNBZ0lIMEtDaUFnSUNBZ0lDQWdjbVYwZFhKdUlGQmhaR1JwYm1jb0NpQWdJQ0FnSUNBZ0lDQndZV1JrYVc1bk9pQkZaR2RsU1c1elpYUnpMbTl1Ykhrb0NpQWdJQ0FnSUNBZ0lDQWdJSFJ2Y0RvZ2QybGtaMlYwTG5SdmNGTndZV05wYm1jc0NpQWdJQ0FnSUNBZ0lDQWdJR0p2ZEhSdmJUb2dkMmxrWjJWMExtSnZkSFJ2YlZOd1lXTnBibWNzQ2lBZ0lDQWdJQ0FnSUNBcExBb2dJQ0FnSUNBZ0lDQWdZMmhwYkdRNklGOUJkbUZwYkdGaWFXeHBkSGxRWVc1bGJDZ0tJQ0FnSUNBZ0lDQWdJQ0FnWVhaaGFXeGhZbWxzYVhSNU9pQjJZV3gxWlN3S0lDQWdJQ0FnSUNBZ0lDQWdjMkYyYVc1bk9pQmZjMkYyYVc1bkxBb2dJQ0FnSUNBZ0lDQWdJQ0JsYldKbFpHUmxaRTl1UkdGeWF6b2dkMmxrWjJWMExtVnRZbVZrWkdWa1QyNUVZWEpyTEFvZ0lDQWdJQ0FnSUNBZ0lDQnZia0YyWVdsc1lXSnNaVG9nS0NrZ1BUNGdYM05oZG1Vb2RtRnNkV1VzSUUxaGRHTm9RWFpoYVd4aFltbHNhWFI1VTNSaGRIVnpMbUYyWVdsc1lXSnNaU2tzQ2lBZ0lDQWdJQ0FnSUNBZ0lHOXVRV0p6Wlc1ME9pQW9LU0E5UGlCZmMyRjJaU2gyWVd4MVpTd2dUV0YwWTJoQmRtRnBiR0ZpYVd4cGRIbFRkR0YwZFhNdVlXSnpaVzUwS1N3S0lDQWdJQ0FnSUNBZ0lDQWdjMmh2ZDAxaGJtRm5aVk5vYjNKMFkzVjBPaUIzYVdSblpYUXVjMmh2ZDAxaGJtRm5aVk5vYjNKMFkzVjBMQW9nSUNBZ0lDQWdJQ0FnSUNCdmJrOXdaVzVGWm1abFkzUnBaam9nS0NrZ1BUNGdZMjl1ZEdWNGRDNXdkWE5vS0FvZ0lDQWdJQ0FnSUNBZ0lDQWdJQ2N2YldGMFkyaGxjeThrZTNkcFpHZGxkQzV0WVhSamFFbGtmUzlzYVc1bGRYQS9jMlZqZEdsdmJqMWxabVpsWTNScFppY3NDaUFnSUNBZ0lDQWdJQ0FnSUNrc0NpQWdJQ0FnSUNBZ0lDQWdJRzl1VDNCbGJrTnZiWEJ2YzJsMGFXOXVPaUFvS1NBOVBpQmpiMjUwWlhoMExuQjFjMmdvQ2lBZ0lDQWdJQ0FnSUNBZ0lDQWdKeTl0WVhSamFHVnpMeVI3ZDJsa1oyVjBMbTFoZEdOb1NXUjlMMnhwYm1WMWNEOXpaV04wYVc5dVBXTnZiWEJ2YzJsMGFXOXVKeXdLSUNBZ0lDQWdJQ0FnSUNBZ0tTd0tJQ0FnSUNBZ0lDQWdJQ2tzQ2lBZ0lDQWdJQ0FnS1RzS0lDQWdJQ0FnZlN3S0lDQWdJQ2s3Q2lBZ2ZRb0tJQ0JpYjI5c0lGOXBjMUJ5WldScFkzUnBiMjVTYjNWMFpTaENkV2xzWkVOdmJuUmxlSFFnWTI5dWRHVjRkQ2tnZXdvZ0lDQWdkSEo1SUhzS0lDQWdJQ0FnY21WMGRYSnVJRWR2VW05MWRHVnlVM1JoZEdVdWIyWW9ZMjl1ZEdWNGRDa3VkWEpwTG5CaGRHZ3VaVzVrYzFkcGRHZ29KeTl3Y21Wa2FXTjBhVzl1SnlrN0NpQWdJQ0I5SUdOaGRHTm9JQ2hmS1NCN0NpQWdJQ0FnSUhKbGRIVnliaUJtWVd4elpUc0tJQ0FnSUgwS0lDQjlDZ29nSUVaMWRIVnlaVHgyYjJsa1BpQmZjMkYyWlNnS0lDQWdJRTFoZEdOb1FYWmhhV3hoWW1sc2FYUjVJR0YyWVdsc1lXSnBiR2wwZVN3S0lDQWdJRTFoZEdOb1FYWmhhV3hoWW1sc2FYUjVVM1JoZEhWeklITjBZWFIxY3l3Z2V3b2dJQ0FnVTNSeWFXNW5QeUJ3Y21sMllYUmxRMjl0YldWdWRDd0tJQ0I5S1NCaGMzbHVZeUI3Q2lBZ0lDQnBaaUFvWDNOaGRtbHVaeWtnY21WMGRYSnVPd29nSUNBZ2MyVjBVM1JoZEdVb0tDa2dQVDRnWDNOaGRtbHVaeUE5SUhSeWRXVXBPd29LSUNBZ0lIUnllU0I3Q2lBZ0lDQWdJR0YzWVdsMElISmxaaTV5WldGa0tHMWhkR05vUVhaaGFXeGhZbWxzYVhSNVVtVndiM05wZEc5eWVWQnliM1pwWkdWeUtTNXpaWFJOZVVGMllXbHNZV0pwYkdsMGVTZ0tJQ0FnSUNBZ0lDQWdJQ0FnYldGMFkyaEpaRG9n
Shell: WVhaaGFXeGhZbWxzYVhSNUxtMWhkR05vU1dRc0NpQWdJQ0FnSUNBZ0lDQWdJSE4wWVhSMWN6b2djM1JoZEhWekxBb2dJQ0FnSUNBZ0lDQWdJQ0J3Y21sMllYUmxRMjl0YldWdWREb2djSEpwZG1GMFpVTnZiVzFsYm5Rc0NpQWdJQ0FnSUNBZ0lDQXBPd29nSUNBZ0lDQnlaV1lLSUNBZ0lDQWdJQ0F1TG1sdWRtRnNhV1JoZEdVb2JYbE5ZWFJqYUVGMllXbHNZV0pwYkdsMGVWQnliM1pwWkdWeUtIZHBaR2RsZEM1dFlYUmphRWxrS1NrS0lDQWdJQ0FnSUNBdUxtbHVkbUZzYVdSaGRHVW9iV0YwWTJoQmRtRnBiR0ZpYVd4cGRIbENiMkZ5WkZCeWIzWnBaR1Z5S0hkcFpHZGxkQzV0WVhSamFFbGtLU2s3Q2lBZ0lDQWdJR0YzWVdsMElISmxaaTV5WldGa0tHMTVUV0YwWTJoQmRtRnBiR0ZpYVd4cGRIbFFjbTkyYVdSbGNpaDNhV1JuWlhRdWJXRjBZMmhKWkNrdVpuVjBkWEpsS1RzS0NpQWdJQ0FnSUdsbUlDZ2hiVzkxYm5SbFpDa2djbVYwZFhKdU93b2dJQ0FnSUNCbWFXNWhiQ0JzWVdKbGJDQTlJSE4wWVhSMWN5QTlQU0JOWVhSamFFRjJZV2xzWVdKcGJHbDBlVk4wWVhSMWN5NWhkbUZwYkdGaWJHVUtJQ0FnSUNBZ0lDQWdJRDhnSjFCeXc2bHpaVzUwSndvZ0lDQWdJQ0FnSUNBZ09pQnpkR0YwZFhNdWJHRmlaV3c3Q2lBZ0lDQWdJRk5qWVdabWIyeGtUV1Z6YzJWdVoyVnlMbTltS0FvZ0lDQWdJQ0FnSUdOdmJuUmxlSFFzQ2lBZ0lDQWdJQ2t1YzJodmQxTnVZV05yUW1GeUtGTnVZV05yUW1GeUtHTnZiblJsYm5RNklGUmxlSFFvSnlSc1lXSmxiQ0JsYm5KbFoybHpkSExEcVM0bktTa3BPd29nSUNBZ2ZTQmpZWFJqYUNBb1h5a2dld29nSUNBZ0lDQnBaaUFvSVcxdmRXNTBaV1FwSUhKbGRIVnlianNLSUNBZ0lDQWdVMk5oWm1admJHUk5aWE56Wlc1blpYSXViMllvWTI5dWRHVjRkQ2t1YzJodmQxTnVZV05yUW1GeUtBb2dJQ0FnSUNBZ0lHTnZibk4wSUZOdVlXTnJRbUZ5S0FvZ0lDQWdJQ0FnSUNBZ1kyOXVkR1Z1ZERvZ1ZHVjRkQ2dLSUNBZ0lDQWdJQ0FnSUNBZ0owbHRjRzl6YzJsaWJHVWdaT0tBbVdWdWNtVm5hWE4wY21WeUlIUmhJR1JwYzNCdmJtbGlhV3hwZE1PcElIQnZkWElnYkdVZ2JXOXRaVzUwTGljc0NpQWdJQ0FnSUNBZ0lDQXBMQW9nSUNBZ0lDQWdJQ2tzQ2lBZ0lDQWdJQ2s3Q2lBZ0lDQjlJR1pwYm1Gc2JIa2dld29nSUNBZ0lDQnBaaUFvYlc5MWJuUmxaQ2tnYzJWMFUzUmhkR1VvS0NrZ1BUNGdYM05oZG1sdVp5QTlJR1poYkhObEtUc0tJQ0FnSUgwS0lDQjlDbjBLQ21Oc1lYTnpJRjlCZG1GcGJHRmlhV3hwZEhsUVlXNWxiQ0JsZUhSbGJtUnpJRk4wWVhSbGJHVnpjMWRwWkdkbGRDQjdDaUFnWTI5dWMzUWdYMEYyWVdsc1lXSnBiR2wwZVZCaGJtVnNLSHNLSUNBZ0lISmxjWFZwY21Wa0lIUm9hWE11WVhaaGFXeGhZbWxzYVhSNUxBb2dJQ0FnY21WeGRXbHlaV1FnZEdocGN5NXpZWFpwYm1jc0NpQWdJQ0J5WlhGMWFYSmxaQ0IwYUdsekxtVnRZbVZrWkdWa1QyNUVZWEpyTEFvZ0lDQWdjbVZ4ZFdseVpXUWdkR2hwY3k1dmJrRjJZV2xzWVdKc1pTd0tJQ0FnSUhKbGNYVnBjbVZrSUhSb2FYTXViMjVCWW5ObGJuUXNDaUFnSUNCMGFHbHpMbk5vYjNkTllXNWhaMlZUYUc5eWRHTjFkQ0E5SUdaaGJITmxMQW9nSUNBZ2RHaHBjeTV2Yms5d1pXNUZabVpsWTNScFppd0tJQ0FnSUhSb2FYTXViMjVQY0dWdVEyOXRjRzl6YVhScGIyNHNDaUFnZlNrN0Nnb2dJR1pwYm1Gc0lFMWhkR05vUVhaaGFXeGhZbWxzYVhSNUlHRjJZV2xzWVdKcGJHbDBlVHNLSUNCbWFXNWhiQ0JpYjI5c0lITmhkbWx1WnpzS0lDQm1hVzVoYkNCaWIyOXNJR1Z0WW1Wa1pHVmtUMjVFWVhKck93b2dJR1pwYm1Gc0lGWnZhV1JEWVd4c1ltRmpheUJ2YmtGMllXbHNZV0pzWlRzS0lDQm1hVzVoYkNCV2IybGtRMkZzYkdKaFkyc2diMjVCWW5ObGJuUTdDaUFnWm1sdVlXd2dZbTl2YkNCemFHOTNUV0Z1WVdkbFUyaHZjblJqZFhRN0NpQWdabWx1WVd3Z1ZtOXBaRU5oYkd4aVlXTnJQeUJ2Yms5d1pXNUZabVpsWTNScFpqc0tJQ0JtYVc1aGJDQldiMmxrUTJGc2JHSmhZMnMvSUc5dVQzQmxia052YlhCdmMybDBhVzl1T3dvS0lDQkFiM1psY25KcFpHVUtJQ0JYYVdSblpYUWdZblZwYkdRb1FuVnBiR1JEYjI1MFpYaDBJR052Ym5SbGVIUXBJSHNLSUNBZ0lHWnBibUZzSUhSb1pXMWxJRDBnVkdobGJXVXViMllvWTI5dWRHVjRkQ2s3Q2lBZ0lDQm1hVzVoYkNCelpXeGxZM1JsWkVGMllXbHNZV0pzWlNBOUNpQWdJQ0FnSUNBZ1lYWmhhV3hoWW1sc2FYUjVMbk4wWVhSMWN5QTlQU0JOWVhSamFFRjJZV2xzWVdKcGJHbDBlVk4wWVhSMWN5NWhkbUZwYkdGaWJHVTdDaUFnSUNCbWFXNWhiQ0J6Wld4bFkzUmxaRUZpYzJWdWRDQTlDaUFnSUNBZ0lDQWdZWFpoYVd4aFltbHNhWFI1TG5OMFlYUjFjeUE5UFNCTllYUmphRUYyWVdsc1lXSnBiR2wwZVZOMFlYUjFjeTVoWW5ObGJuUTdDaUFnSUNCbWFXNWhiQ0J6WldOdmJtUmhjbmtnUFFvZ0lDQWdJQ0FnSUdWdFltVmtaR1ZrVDI1RVlYSnJJRDhnWTI5dWMzUWdRMjlzYjNJb01IaEdSa1EzUXpoR1Jpa2dPaUJCY0hCVWFHVnRaUzUwWlhoMFUyVmpiMjVrWVhKNU93b0tJQ0FnSUhKbGRIVnliaUJEYjI1MFlXbHVaWElvQ2lBZ0lDQWdJSEJoWkdScGJtYzZJR052Ym5OMElFVmtaMlZKYm5ObGRITXVZV3hzS0RFeUtTd0tJQ0FnSUNBZ1pHVmpiM0poZEdsdmJqb2dRbTk0UkdWamIzSmhkR2x2YmlnS0lDQWdJQ0FnSUNCamIyeHZjam9nWlcxaVpXUmtaV1JQYmtSaGNtc0tJQ0FnSUNBZ0lDQWdJQ0FnUHlCRGIyeHZjbk11ZDJocGRHVXVkMmwwYUZaaGJIVmxjeWhoYkhCb1lUb2dMakEzS1FvZ0lDQWdJQ0FnSUNBZ0lDQTZJRUZ3Y0ZSb1pXMWxMbkJ5YVcxaGNua3VkMmwwYUZaaGJIVmxjeWhoYkhCb1lUb2dMakE0S1N3S0lDQWdJQ0FnSUNCaWIzSmtaWEpTWVdScGRYTTZJRUp2Y21SbGNsSmhaR2wxY3k1amFYSmpkV3hoY2lneE5pa3NDaUFnSUNBZ0lDQWdZbTl5WkdWeU9pQkNiM0prWlhJdVlXeHNLQW9nSUNBZ0lDQWdJQ0FnWTI5c2IzSTZJR1Z0WW1Wa1pHVmtUMjVFWVhKckNpQWdJQ0FnSUNBZ0lDQWdJQ0FnUHlCamIyNXpkQ0JE
Shell: YjJ4dmNpZ3dlRVpHT1VJMlEwWkdLUzUzYVhSb1ZtRnNkV1Z6S0dGc2NHaGhPaUF1TnlrS0lDQWdJQ0FnSUNBZ0lDQWdJQ0E2SUVGd2NGUm9aVzFsTG5CeWFXMWhjbmt1ZDJsMGFGWmhiSFZsY3loaGJIQm9ZVG9nTGpNMUtTd0tJQ0FnSUNBZ0lDQXBMQW9nSUNBZ0lDQXBMQW9nSUNBZ0lDQmphR2xzWkRvZ1EyOXNkVzF1S0FvZ0lDQWdJQ0FnSUdOeWIzTnpRWGhwYzBGc2FXZHViV1Z1ZERvZ1EzSnZjM05CZUdselFXeHBaMjV0Wlc1MExuTjBZWEowTEFvZ0lDQWdJQ0FnSUdOb2FXeGtjbVZ1T2lCYkNpQWdJQ0FnSUNBZ0lDQlNiM2NvQ2lBZ0lDQWdJQ0FnSUNBZ0lHTm9hV3hrY21WdU9pQmJDaUFnSUNBZ0lDQWdJQ0FnSUNBZ1JYaHdZVzVrWldRb0NpQWdJQ0FnSUNBZ0lDQWdJQ0FnSUNCamFHbHNaRG9nYzJWc1pXTjBaV1JCZG1GcGJHRmliR1VLSUNBZ0lDQWdJQ0FnSUNBZ0lDQWdJQ0FnSUNBL0lFWnBiR3hsWkVKMWRIUnZiaTVwWTI5dUtBb2dJQ0FnSUNBZ0lDQWdJQ0FnSUNBZ0lDQWdJQ0FnSUNCdmJsQnlaWE56WldRNklITmhkbWx1WnlBL0lHNTFiR3dnT2lCdmJrRjJZV2xzWVdKc1pTd0tJQ0FnSUNBZ0lDQWdJQ0FnSUNBZ0lDQWdJQ0FnSUNBZ2FXTnZiam9nWTI5dWMzUWdTV052YmloSlkyOXVjeTVqYUdWamExOWphWEpqYkdWZmIzVjBiR2x1WlNrc0NpQWdJQ0FnSUNBZ0lDQWdJQ0FnSUNBZ0lDQWdJQ0FnSUd4aFltVnNPaUJqYjI1emRDQlVaWGgwS0NkUWNzT3BjMlZ1ZENjcExBb2dJQ0FnSUNBZ0lDQWdJQ0FnSUNBZ0lDQWdJQ0FnSUNCemRIbHNaVG9nUm1sc2JHVmtRblYwZEc5dUxuTjBlV3hsUm5KdmJTZ0tJQ0FnSUNBZ0lDQWdJQ0FnSUNBZ0lDQWdJQ0FnSUNBZ0lDQmlZV05yWjNKdmRXNWtRMjlzYjNJNklHTnZibk4wSUVOdmJHOXlLREI0UmtZeE5qaEJOVElwTEFvZ0lDQWdJQ0FnSUNBZ0lDQWdJQ0FnSUNBZ0lDQWdJQ0FwTEFvZ0lDQWdJQ0FnSUNBZ0lDQWdJQ0FnSUNBZ0lDQWdLUW9nSUNBZ0lDQWdJQ0FnSUNBZ0lDQWdJQ0FnSURvZ1QzVjBiR2x1WldSQ2RYUjBiMjR1YVdOdmJpZ0tJQ0FnSUNBZ0lDQWdJQ0FnSUNBZ0lDQWdJQ0FnSUNBZ2IyNVFjbVZ6YzJWa09pQnpZWFpwYm1jZ1B5QnVkV3hzSURvZ2IyNUJkbUZwYkdGaWJHVXNDaUFnSUNBZ0lDQWdJQ0FnSUNBZ0lDQWdJQ0FnSUNBZ0lHbGpiMjQ2SUdOdmJuTjBJRWxqYjI0b1NXTnZibk11WTJobFkydGZZMmx5WTJ4bFgyOTFkR3hwYm1VcExBb2dJQ0FnSUNBZ0lDQWdJQ0FnSUNBZ0lDQWdJQ0FnSUNCc1lXSmxiRG9nWTI5dWMzUWdWR1Y0ZENnblVITERxWE5sYm5RbktTd0tJQ0FnSUNBZ0lDQWdJQ0FnSUNBZ0lDQWdJQ0FnSUNrc0NpQWdJQ0FnSUNBZ0lDQWdJQ0FnS1N3S0lDQWdJQ0FnSUNBZ0lDQWdJQ0JqYjI1emRDQlRhWHBsWkVKdmVDaDNhV1IwYURvZ09Da3NDaUFnSUNBZ0lDQWdJQ0FnSUNBZ1JYaHdZVzVrWldRb0NpQWdJQ0FnSUNBZ0lDQWdJQ0FnSUNCamFHbHNaRG9nYzJWc1pXTjBaV1JCWW5ObGJuUUtJQ0FnSUNBZ0lDQWdJQ0FnSUNBZ0lDQWdJQ0EvSUVacGJHeGxaRUoxZEhSdmJpNXBZMjl1S0FvZ0lDQWdJQ0FnSUNBZ0lDQWdJQ0FnSUNBZ0lDQWdJQ0J2YmxCeVpYTnpaV1E2SUhOaGRtbHVaeUEvSUc1MWJHd2dPaUJ2YmtGaWMyVnVkQ3dLSUNBZ0lDQWdJQ0FnSUNBZ0lDQWdJQ0FnSUNBZ0lDQWdhV052YmpvZ1kyOXVjM1FnU1dOdmJpaEpZMjl1Y3k1allXNWpaV3hmYjNWMGJHbHVaV1FwTEFvZ0lDQWdJQ0FnSUNBZ0lDQWdJQ0FnSUNBZ0lDQWdJQ0JzWVdKbGJEb2dZMjl1YzNRZ1ZHVjRkQ2duUVdKelpXNTBKeWtzQ2lBZ0lDQWdJQ0FnSUNBZ0lDQWdJQ0FnSUNBZ0lDQWdJSE4wZVd4bE9pQkdhV3hzWldSQ2RYUjBiMjR1YzNSNWJHVkdjbTl0S0FvZ0lDQWdJQ0FnSUNBZ0lDQWdJQ0FnSUNBZ0lDQWdJQ0FnSUdKaFkydG5jbTkxYm1SRGIyeHZjam9nWTI5dWMzUWdRMjlzYjNJb01IaEdSa0l6TTBFelFTa3NDaUFnSUNBZ0lDQWdJQ0FnSUNBZ0lDQWdJQ0FnSUNBZ0lDa3NDaUFnSUNBZ0lDQWdJQ0FnSUNBZ0lDQWdJQ0FnSUNBcENpQWdJQ0FnSUNBZ0lDQWdJQ0FnSUNBZ0lDQWdPaUJQZFhSc2FXNWxaRUoxZEhSdmJpNXBZMjl1S0FvZ0lDQWdJQ0FnSUNBZ0lDQWdJQ0FnSUNBZ0lDQWdJQ0J2YmxCeVpYTnpaV1E2SUhOaGRtbHVaeUEvSUc1MWJHd2dPaUJ2YmtGaWMyVnVkQ3dLSUNBZ0lDQWdJQ0FnSUNBZ0lDQWdJQ0FnSUNBZ0lDQWdhV052YmpvZ1kyOXVjM1FnU1dOdmJpaEpZMjl1Y3k1allXNWpaV3hmYjNWMGJHbHVaV1FwTEFvZ0lDQWdJQ0FnSUNBZ0lDQWdJQ0FnSUNBZ0lDQWdJQ0JzWVdKbGJEb2dZMjl1YzNRZ1ZHVjRkQ2duUVdKelpXNTBKeWtzQ2lBZ0lDQWdJQ0FnSUNBZ0lDQWdJQ0FnSUNBZ0lDQXBMQW9nSUNBZ0lDQWdJQ0FnSUNBZ0lDa3NDaUFnSUNBZ0lDQWdJQ0FnSUYwc0NpQWdJQ0FnSUNBZ0lDQXBMQW9nSUNBZ0lDQWdJQ0FnYVdZZ0tITmhkbWx1WnlrZ0xpNHVXd29nSUNBZ0lDQWdJQ0FnSUNCamIyNXpkQ0JUYVhwbFpFSnZlQ2hvWldsbmFIUTZJRGdwTEFvZ0lDQWdJQ0FnSUNBZ0lDQmpiMjV6ZENCSGNtbHVkR0ZNYVc1bFlYSlFjbTluY21WemMwbHVaR2xqWVhSdmNpaHRhVzVJWldsbmFIUTZJRElwTEFvZ0lDQWdJQ0FnSUNBZ1hTd0tJQ0FnSUNBZ0lDQWdJR2xtSUNoemFHOTNUV0Z1WVdkbFUyaHZjblJqZFhRcElDNHVMbHNLSUNBZ0lDQWdJQ0FnSUNBZ1kyOXVjM1FnVTJsNlpXUkNiM2dvYUdWcFoyaDBPaUF4TkNrc0NpQWdJQ0FnSUNBZ0lDQWdJRVJwZG1sa1pYSW9DaUFnSUNBZ0lDQWdJQ0FnSUNBZ2FHVnBaMmgwT2lBeExBb2dJQ0FnSUNBZ0lDQWdJQ0FnSUhSb2FXTnJibVZ6Y3pvZ01Td0tJQ0FnSUNBZ0lDQWdJQ0FnSUNCamIyeHZjam9nWlcxaVpXUmtaV1JQYmtSaGNtc0tJQ0FnSUNBZ0lDQWdJQ0FnSUNBZ0lDQWdQeUJEYjJ4dmNuTXVkMmhwZEdVdWQybDBhRlpoYkhWbGN5aGhiSEJvWVRvZ0xqRTRLUW9nSUNBZ0lDQWdJQ0FnSUNBZ0lDQWdJQ0E2SUVGd2NGUm9aVzFsTG05MWRHeHBibVVzQ2lBZ0lDQWdJQ0FnSUNBZ0lDa3NDaUFnSUNBZ0lDQWdJQ0FnSUdOdmJuTjBJRk5wZW1Wa1FtOTRLR2hs
Shell: YVdkb2REb2dOaWtzQ2lBZ0lDQWdJQ0FnSUNBZ0lGSnZkeWdLSUNBZ0lDQWdJQ0FnSUNBZ0lDQmphR2xzWkhKbGJqb2dXd29nSUNBZ0lDQWdJQ0FnSUNBZ0lDQWdWR1Y0ZENnS0lDQWdJQ0FnSUNBZ0lDQWdJQ0FnSUNBZ0owZGxjM1JwYjI0Z1pIVWdiV0YwWTJnbkxBb2dJQ0FnSUNBZ0lDQWdJQ0FnSUNBZ0lDQnpkSGxzWlRvZ2RHaGxiV1V1ZEdWNGRGUm9aVzFsTG14aFltVnNUV1ZrYVhWdFB5NWpiM0I1VjJsMGFDZ0tJQ0FnSUNBZ0lDQWdJQ0FnSUNBZ0lDQWdJQ0JqYjJ4dmNqb2djMlZqYjI1a1lYSjVMQW9nSUNBZ0lDQWdJQ0FnSUNBZ0lDQWdJQ0FnSUdadmJuUlhaV2xuYUhRNklFWnZiblJYWldsbmFIUXVkemd3TUN3S0lDQWdJQ0FnSUNBZ0lDQWdJQ0FnSUNBZ0tTd0tJQ0FnSUNBZ0lDQWdJQ0FnSUNBZ0lDa3NDaUFnSUNBZ0lDQWdJQ0FnSUNBZ0lDQmpiMjV6ZENCVGFYcGxaRUp2ZUNoM2FXUjBhRG9nT0Nrc0NpQWdJQ0FnSUNBZ0lDQWdJQ0FnSUNCamIyNXpkQ0JCWkcxcGJrSmhaR2RsS0Nrc0NpQWdJQ0FnSUNBZ0lDQWdJQ0FnWFN3S0lDQWdJQ0FnSUNBZ0lDQWdLU3dLSUNBZ0lDQWdJQ0FnSUNBZ1kyOXVjM1FnVTJsNlpXUkNiM2dvYUdWcFoyaDBPaUF4TUNrc0NpQWdJQ0FnSUNBZ0lDQWdJRkp2ZHlnS0lDQWdJQ0FnSUNBZ0lDQWdJQ0JqYUdsc1pISmxiam9nV3dvZ0lDQWdJQ0FnSUNBZ0lDQWdJQ0FnUlhod1lXNWtaV1FvQ2lBZ0lDQWdJQ0FnSUNBZ0lDQWdJQ0FnSUdOb2FXeGtPaUJQZFhSc2FXNWxaRUoxZEhSdmJpNXBZMjl1S0FvZ0lDQWdJQ0FnSUNBZ0lDQWdJQ0FnSUNBZ0lHOXVVSEpsYzNObFpEb2diMjVQY0dWdVJXWm1aV04wYVdZc0NpQWdJQ0FnSUNBZ0lDQWdJQ0FnSUNBZ0lDQWdhV052YmpvZ1kyOXVjM1FnU1dOdmJpaEpZMjl1Y3k1bmNtOTFjSE5mTWw5dmRYUnNhVzVsWkNrc0NpQWdJQ0FnSUNBZ0lDQWdJQ0FnSUNBZ0lDQWdiR0ZpWld3NklHTnZibk4wSUZSbGVIUW9KMFZtWm1WamRHbG1KeWtzQ2lBZ0lDQWdJQ0FnSUNBZ0lDQWdJQ0FnSUNBZ2MzUjViR1U2SUdWdFltVmtaR1ZrVDI1RVlYSnJDaUFnSUNBZ0lDQWdJQ0FnSUNBZ0lDQWdJQ0FnSUNBZ0lEOGdUM1YwYkdsdVpXUkNkWFIwYjI0dWMzUjViR1ZHY205dEtBb2dJQ0FnSUNBZ0lDQWdJQ0FnSUNBZ0lDQWdJQ0FnSUNBZ0lDQWdabTl5WldkeWIzVnVaRU52Ykc5eU9pQkRiMnh2Y25NdWQyaHBkR1VzQ2lBZ0lDQWdJQ0FnSUNBZ0lDQWdJQ0FnSUNBZ0lDQWdJQ0FnSUNCemFXUmxPaUJqYjI1emRDQkNiM0prWlhKVGFXUmxLR052Ykc5eU9pQkRiMnh2Y25NdWQyaHBkR1UxTkNrc0NpQWdJQ0FnSUNBZ0lDQWdJQ0FnSUNBZ0lDQWdJQ0FnSUNBZ0tRb2dJQ0FnSUNBZ0lDQWdJQ0FnSUNBZ0lDQWdJQ0FnSUNBNklHNTFiR3dzQ2lBZ0lDQWdJQ0FnSUNBZ0lDQWdJQ0FnSUNrc0NpQWdJQ0FnSUNBZ0lDQWdJQ0FnSUNBcExBb2dJQ0FnSUNBZ0lDQWdJQ0FnSUNBZ1kyOXVjM1FnVTJsNlpXUkNiM2dvZDJsa2RHZzZJREV3S1N3S0lDQWdJQ0FnSUNBZ0lDQWdJQ0FnSUVWNGNHRnVaR1ZrS0FvZ0lDQWdJQ0FnSUNBZ0lDQWdJQ0FnSUNCamFHbHNaRG9nVDNWMGJHbHVaV1JDZFhSMGIyNHVhV052YmlnS0lDQWdJQ0FnSUNBZ0lDQWdJQ0FnSUNBZ0lDQnZibEJ5WlhOelpXUTZJRzl1VDNCbGJrTnZiWEJ2YzJsMGFXOXVMQW9nSUNBZ0lDQWdJQ0FnSUNBZ0lDQWdJQ0FnSUdsamIyNDZJR052Ym5OMElFbGpiMjRvU1dOdmJuTXVjM0J2Y25SelgzTnZZMk5sY2w5dmRYUnNhVzVsWkNrc0NpQWdJQ0FnSUNBZ0lDQWdJQ0FnSUNBZ0lDQWdiR0ZpWld3NklHTnZibk4wSUZSbGVIUW9KME52YlhCdkp5a3NDaUFnSUNBZ0lDQWdJQ0FnSUNBZ0lDQWdJQ0FnYzNSNWJHVTZJR1Z0WW1Wa1pHVmtUMjVFWVhKckNpQWdJQ0FnSUNBZ0lDQWdJQ0FnSUNBZ0lDQWdJQ0FnSUQ4Z1QzVjBiR2x1WldSQ2RYUjBiMjR1YzNSNWJHVkdjbTl0S0FvZ0lDQWdJQ0FnSUNBZ0lDQWdJQ0FnSUNBZ0lDQWdJQ0FnSUNBZ1ptOXlaV2R5YjNWdVpFTnZiRzl5T2lCRGIyeHZjbk11ZDJocGRHVXNDaUFnSUNBZ0lDQWdJQ0FnSUNBZ0lDQWdJQ0FnSUNBZ0lDQWdJQ0J6YVdSbE9pQmpiMjV6ZENCQ2IzSmtaWEpUYVdSbEtHTnZiRzl5T2lCRGIyeHZjbk11ZDJocGRHVTFOQ2tzQ2lBZ0lDQWdJQ0FnSUNBZ0lDQWdJQ0FnSUNBZ0lDQWdJQ0FnS1FvZ0lDQWdJQ0FnSUNBZ0lDQWdJQ0FnSUNBZ0lDQWdJQ0E2SUc1MWJHd3NDaUFnSUNBZ0lDQWdJQ0FnSUNBZ0lDQWdJQ2tzQ2lBZ0lDQWdJQ0FnSUNBZ0lDQWdJQ0FwTEFvZ0lDQWdJQ0FnSUNBZ0lDQWdJRjBzQ2lBZ0lDQWdJQ0FnSUNBZ0lDa3NDaUFnSUNBZ0lDQWdJQ0JkTEFvZ0lDQWdJQ0FnSUYwc0NpQWdJQ0FnSUNrc0NpQWdJQ0FwT3dvZ0lIMEtmUW89IiwibGliL2ZlYXR1cmVzL3N0YXRpc3RpY3MvcHJlc2VudGF0aW9uL3N0YXRpc3RpY3NfcGFnZS5kYXJ0IjoiYVcxd2IzSjBJQ2R3WVdOcllXZGxPbUZ6WDJkeWFXNTBZUzlqYjNKbEwzVjBhV3h6TDJGd2NGOWxjbkp2Y25NdVpHRnlkQ2M3Q21sdGNHOXlkQ0FuY0dGamEyRm5aVHBoYzE5bmNtbHVkR0V2WTI5eVpTOTNhV1JuWlhSekwyZHlhVzUwWVY5aGNIQmZZbUZ5TG1SaGNuUW5Pd3BwYlhCdmNuUWdKM0JoWTJ0aFoyVTZZWE5mWjNKcGJuUmhMMk52Y21VdmQybGtaMlYwY3k5bmNtbHVkR0ZmWlcxd2RIbGZjM1JoZEdVdVpHRnlkQ2M3Q21sdGNHOXlkQ0FuY0dGamEyRm5aVHBoYzE5bmNtbHVkR0V2WTI5eVpTOTNhV1JuWlhSekwzTjBhV05yZVY5b1pXRmtaWEpmZEdGaWJHVXVaR0Z5ZENjN0NtbHRjRzl5ZENBbmNHRmphMkZuWlRwaGMxOW5jbWx1ZEdFdlptVmhkSFZ5WlhNdlltRmtaMlZ6TDNCeVpYTmxiblJoZEdsdmJpOXVZVzFsWDNkcGRHaGZZbUZrWjJWekxtUmhjblFuT3dwcGJYQnZjblFnSjNCaFkydGhaMlU2WVhOZlozSnBiblJoTDJabFlYUjFjbVZ6TDNOMFlYUnBjM1JwWTNNdlpHRjBZUzl6ZEdGMGFYTjBhV056WDNKbGNHOXphWFJ2Y25rdVpHRnlkQ2M3Q21sdGNHOXlkQ0FuY0dGamEyRm5aVHBoYzE5bmNtbHVkR0V2Wm1WaGRIVnlaWE12YzNSaGRHbHpkR2xqY3k5d2NtVnpa
Shell: VzUwWVhScGIyNHZkR1ZoYlY5emRHRjBhWE4wYVdOelgzQmhibVZzTG1SaGNuUW5Pd3BwYlhCdmNuUWdKM0JoWTJ0aFoyVTZabXgxZEhSbGNpOXRZWFJsY21saGJDNWtZWEowSnpzS2FXMXdiM0owSUNkd1lXTnJZV2RsT21ac2RYUjBaWEpmY21sMlpYSndiMlF2Wm14MWRIUmxjbDl5YVhabGNuQnZaQzVrWVhKMEp6c0thVzF3YjNKMElDZHdZV05yWVdkbE9tRnpYMmR5YVc1MFlTOWpiM0psTDNkcFpHZGxkSE12WjNKcGJuUmhYMnh2WVdSbGNpNWtZWEowSnpzS0NtVnVkVzBnWDFOMFlYUnBjM1JwWTNOVFpXTjBhVzl1SUhzZ2NHeGhlV1Z5Y3l3Z2RHVmhiU0I5Q2dwamJHRnpjeUJUZEdGMGFYTjBhV056VUdGblpTQmxlSFJsYm1SeklGTjBZWFJsWm5Wc1YybGtaMlYwSUhzS0lDQmpiMjV6ZENCVGRHRjBhWE4wYVdOelVHRm5aU2g3YzNWd1pYSXVhMlY1ZlNrN0Nnb2dJRUJ2ZG1WeWNtbGtaUW9nSUZOMFlYUmxQRk4wWVhScGMzUnBZM05RWVdkbFBpQmpjbVZoZEdWVGRHRjBaU2dwSUQwK0lGOVRkR0YwYVhOMGFXTnpVR0ZuWlZOMFlYUmxLQ2s3Q24wS0NtTnNZWE56SUY5VGRHRjBhWE4wYVdOelVHRm5aVk4wWVhSbElHVjRkR1Z1WkhNZ1UzUmhkR1U4VTNSaGRHbHpkR2xqYzFCaFoyVStJSHNLSUNCZlUzUmhkR2x6ZEdsamMxTmxZM1JwYjI0Z1gzTmxZM1JwYjI0Z1BTQmZVM1JoZEdsemRHbGpjMU5sWTNScGIyNHVjR3hoZVdWeWN6c0tJQ0JUZEdGMGFYTjBhV056VUdWeWFXOWtJRjl3WlhKcGIyUWdQU0JUZEdGMGFYTjBhV056VUdWeWFXOWtMbU4xY25KbGJuUTdDZ29nSUVCdmRtVnljbWxrWlFvZ0lGZHBaR2RsZENCaWRXbHNaQ2hDZFdsc1pFTnZiblJsZUhRZ1kyOXVkR1Y0ZENrZ2V3b2dJQ0FnY21WMGRYSnVJRk5qWVdabWIyeGtLQW9nSUNBZ0lDQmhjSEJDWVhJNklFZHlhVzUwWVVGd2NFSmhjaWdLSUNBZ0lDQWdJQ0IwYVhSc1pUb2dZMjl1YzNRZ1ZHVjRkQ2duVTNSaGRHbHpkR2x4ZFdWekp5a3NDaUFnSUNBZ0lDQWdZV04wYVc5dWN6b2daM0pwYm5SaFNHOXRaVUZqZEdsdmJuTW9ZMjl1ZEdWNGRDa3NDaUFnSUNBZ0lDa3NDaUFnSUNBZ0lHSnZaSGs2SUVOdmJIVnRiaWdLSUNBZ0lDQWdJQ0JqYUdsc1pISmxiam9nV3dvZ0lDQWdJQ0FnSUNBZ1VHRmtaR2x1WnlnS0lDQWdJQ0FnSUNBZ0lDQWdjR0ZrWkdsdVp6b2dZMjl1YzNRZ1JXUm5aVWx1YzJWMGN5NW1jbTl0VEZSU1FpZ3hOaXdnT0N3Z01UWXNJRGdwTEFvZ0lDQWdJQ0FnSUNBZ0lDQmphR2xzWkRvZ1UybDZaV1JDYjNnb0NpQWdJQ0FnSUNBZ0lDQWdJQ0FnZDJsa2RHZzZJR1J2ZFdKc1pTNXBibVpwYm1sMGVTd0tJQ0FnSUNBZ0lDQWdJQ0FnSUNCamFHbHNaRG9nVTJWbmJXVnVkR1ZrUW5WMGRHOXVQRjlUZEdGMGFYTjBhV056VTJWamRHbHZiajRvQ2lBZ0lDQWdJQ0FnSUNBZ0lDQWdJQ0JsZUhCaGJtUmxaRWx1YzJWMGN6b2dSV1JuWlVsdWMyVjBjeTU2WlhKdkxBb2dJQ0FnSUNBZ0lDQWdJQ0FnSUNBZ2MyaHZkMU5sYkdWamRHVmtTV052YmpvZ1ptRnNjMlVzQ2lBZ0lDQWdJQ0FnSUNBZ0lDQWdJQ0J6WldkdFpXNTBjem9nWTI5dWMzUWdXd29nSUNBZ0lDQWdJQ0FnSUNBZ0lDQWdJQ0JDZFhSMGIyNVRaV2R0Wlc1MEtBb2dJQ0FnSUNBZ0lDQWdJQ0FnSUNBZ0lDQWdJSFpoYkhWbE9pQmZVM1JoZEdsemRHbGpjMU5sWTNScGIyNHVjR3hoZVdWeWN5d0tJQ0FnSUNBZ0lDQWdJQ0FnSUNBZ0lDQWdJQ0JwWTI5dU9pQkpZMjl1S0VsamIyNXpMbWR5YjNWd2MxOHlYMjkxZEd4cGJtVmtLU3dLSUNBZ0lDQWdJQ0FnSUNBZ0lDQWdJQ0FnSUNCc1lXSmxiRG9nVkdWNGRDZ25TbTkxWlhWeWN5Y3BMQW9nSUNBZ0lDQWdJQ0FnSUNBZ0lDQWdJQ0FwTEFvZ0lDQWdJQ0FnSUNBZ0lDQWdJQ0FnSUNCQ2RYUjBiMjVUWldkdFpXNTBLQW9nSUNBZ0lDQWdJQ0FnSUNBZ0lDQWdJQ0FnSUhaaGJIVmxPaUJmVTNSaGRHbHpkR2xqYzFObFkzUnBiMjR1ZEdWaGJTd0tJQ0FnSUNBZ0lDQWdJQ0FnSUNBZ0lDQWdJQ0JwWTI5dU9pQkpZMjl1S0VsamIyNXpMbk5vYVdWc1pGOXZkWFJzYVc1bFpDa3NDaUFnSUNBZ0lDQWdJQ0FnSUNBZ0lDQWdJQ0FnYkdGaVpXdzZJRlJsZUhRb0o4T0pjWFZwY0dVbktTd0tJQ0FnSUNBZ0lDQWdJQ0FnSUNBZ0lDQWdLU3dLSUNBZ0lDQWdJQ0FnSUNBZ0lDQWdJRjBzQ2lBZ0lDQWdJQ0FnSUNBZ0lDQWdJQ0J6Wld4bFkzUmxaRG9nZTE5elpXTjBhVzl1ZlN3S0lDQWdJQ0FnSUNBZ0lDQWdJQ0FnSUc5dVUyVnNaV04wYVc5dVEyaGhibWRsWkRvZ0tITmxiR1ZqZEdsdmJpa2dld29nSUNBZ0lDQWdJQ0FnSUNBZ0lDQWdJQ0J6WlhSVGRHRjBaU2dvS1NBOVBpQmZjMlZqZEdsdmJpQTlJSE5sYkdWamRHbHZiaTVtYVhKemRDazdDaUFnSUNBZ0lDQWdJQ0FnSUNBZ0lDQjlMQW9nSUNBZ0lDQWdJQ0FnSUNBZ0lDa3NDaUFnSUNBZ0lDQWdJQ0FnSUNrc0NpQWdJQ0FnSUNBZ0lDQXBMQW9nSUNBZ0lDQWdJQ0FnVUdGa1pHbHVaeWdLSUNBZ0lDQWdJQ0FnSUNBZ2NHRmtaR2x1WnpvZ1kyOXVjM1FnUldSblpVbHVjMlYwY3k1bWNtOXRURlJTUWlneE5pd2dNQ3dnTVRZc0lERXlLU3dLSUNBZ0lDQWdJQ0FnSUNBZ1kyaHBiR1E2SUZOcGVtVmtRbTk0S0FvZ0lDQWdJQ0FnSUNBZ0lDQWdJSGRwWkhSb09pQmtiM1ZpYkdVdWFXNW1hVzVwZEhrc0NpQWdJQ0FnSUNBZ0lDQWdJQ0FnWTJocGJHUTZJRk5sWjIxbGJuUmxaRUoxZEhSdmJqeFRkR0YwYVhOMGFXTnpVR1Z5YVc5a1BpZ0tJQ0FnSUNBZ0lDQWdJQ0FnSUNBZ0lHVjRjR0Z1WkdWa1NXNXpaWFJ6T2lCRlpHZGxTVzV6WlhSekxucGxjbThzQ2lBZ0lDQWdJQ0FnSUNBZ0lDQWdJQ0J6YUc5M1UyVnNaV04wWldSSlkyOXVPaUJtWVd4elpTd0tJQ0FnSUNBZ0lDQWdJQ0FnSUNBZ0lITmxaMjFsYm5Sek9pQmpiMjV6ZENCYkNpQWdJQ0FnSUNBZ0lDQWdJQ0FnSUNBZ0lFSjFkSFJ2YmxObFoyMWxiblFvQ2lBZ0lDQWdJQ0FnSUNBZ0lDQWdJQ0FnSUNBZ2RtRnNkV1U2SUZOMFlYUnBjM1JwWTNOUVpYSnBiMlF1WTNWeWNtVnVkQ3dLSUNBZ0lDQWdJQ0FnSUNBZ0lDQWdJQ0FnSUNCc1lXSmxiRG9nVkdWNGRDZ25RV04wZFdWc2JHVW5L
Shell: U3dLSUNBZ0lDQWdJQ0FnSUNBZ0lDQWdJQ0FnS1N3S0lDQWdJQ0FnSUNBZ0lDQWdJQ0FnSUNBZ1FuVjBkRzl1VTJWbmJXVnVkQ2dLSUNBZ0lDQWdJQ0FnSUNBZ0lDQWdJQ0FnSUNCMllXeDFaVG9nVTNSaGRHbHpkR2xqYzFCbGNtbHZaQzV3Y21WMmFXOTFjeXdLSUNBZ0lDQWdJQ0FnSUNBZ0lDQWdJQ0FnSUNCc1lXSmxiRG9nVkdWNGRDZ25VSExEcVdQRHFXUmxiblJsSnlrc0NpQWdJQ0FnSUNBZ0lDQWdJQ0FnSUNBZ0lDa3NDaUFnSUNBZ0lDQWdJQ0FnSUNBZ0lDQWdJRUoxZEhSdmJsTmxaMjFsYm5Rb0NpQWdJQ0FnSUNBZ0lDQWdJQ0FnSUNBZ0lDQWdkbUZzZFdVNklGTjBZWFJwYzNScFkzTlFaWEpwYjJRdVlXeHNWR2x0WlN3S0lDQWdJQ0FnSUNBZ0lDQWdJQ0FnSUNBZ0lDQnNZV0psYkRvZ1ZHVjRkQ2duVkc5MWRHVnpKeWtzQ2lBZ0lDQWdJQ0FnSUNBZ0lDQWdJQ0FnSUNrc0NpQWdJQ0FnSUNBZ0lDQWdJQ0FnSUNCZExBb2dJQ0FnSUNBZ0lDQWdJQ0FnSUNBZ2MyVnNaV04wWldRNklIdGZjR1Z5YVc5a2ZTd0tJQ0FnSUNBZ0lDQWdJQ0FnSUNBZ0lHOXVVMlZzWldOMGFXOXVRMmhoYm1kbFpEb2dLSE5sYkdWamRHbHZiaWtnZXdvZ0lDQWdJQ0FnSUNBZ0lDQWdJQ0FnSUNCelpYUlRkR0YwWlNnb0tTQTlQaUJmY0dWeWFXOWtJRDBnYzJWc1pXTjBhVzl1TG1acGNuTjBLVHNLSUNBZ0lDQWdJQ0FnSUNBZ0lDQWdJSDBzQ2lBZ0lDQWdJQ0FnSUNBZ0lDQWdLU3dLSUNBZ0lDQWdJQ0FnSUNBZ0tTd0tJQ0FnSUNBZ0lDQWdJQ2tzQ2lBZ0lDQWdJQ0FnSUNCRmVIQmhibVJsWkNnS0lDQWdJQ0FnSUNBZ0lDQWdZMmhwYkdRNklITjNhWFJqYUNBb1gzTmxZM1JwYjI0cElIc0tJQ0FnSUNBZ0lDQWdJQ0FnSUNCZlUzUmhkR2x6ZEdsamMxTmxZM1JwYjI0dWNHeGhlV1Z5Y3lBOVBnb2dJQ0FnSUNBZ0lDQWdJQ0FnSUNBZ1gxQnNZWGxsY2xOMFlYUnBjM1JwWTNOUVpYSnBiMlJXYVdWM0tIQmxjbWx2WkRvZ1gzQmxjbWx2WkNrc0NpQWdJQ0FnSUNBZ0lDQWdJQ0FnWDFOMFlYUnBjM1JwWTNOVFpXTjBhVzl1TG5SbFlXMGdQVDRnVkdWaGJWTjBZWFJwYzNScFkzTlFZVzVsYkNod1pYSnBiMlE2SUY5d1pYSnBiMlFwTEFvZ0lDQWdJQ0FnSUNBZ0lDQjlMQW9nSUNBZ0lDQWdJQ0FnS1N3S0lDQWdJQ0FnSUNCZExBb2dJQ0FnSUNBcExBb2dJQ0FnS1RzS0lDQjlDbjBLQ21Oc1lYTnpJRjlRYkdGNVpYSlRkR0YwYVhOMGFXTnpVR1Z5YVc5a1ZtbGxkeUJsZUhSbGJtUnpJRU52Ym5OMWJXVnlVM1JoZEdWbWRXeFhhV1JuWlhRZ2V3b2dJR052Ym5OMElGOVFiR0Y1WlhKVGRHRjBhWE4wYVdOelVHVnlhVzlrVm1sbGR5aDdjbVZ4ZFdseVpXUWdkR2hwY3k1d1pYSnBiMlI5S1RzS0NpQWdabWx1WVd3Z1UzUmhkR2x6ZEdsamMxQmxjbWx2WkNCd1pYSnBiMlE3Q2dvZ0lFQnZkbVZ5Y21sa1pRb2dJRU52Ym5OMWJXVnlVM1JoZEdVOFgxQnNZWGxsY2xOMFlYUnBjM1JwWTNOUVpYSnBiMlJXYVdWM1BpQmpjbVZoZEdWVGRHRjBaU2dwSUQwK0NpQWdJQ0FnSUY5UWJHRjVaWEpUZEdGMGFYTjBhV056VUdWeWFXOWtWbWxsZDFOMFlYUmxLQ2s3Q24wS0NtTnNZWE56SUY5UWJHRjVaWEpUZEdGMGFYTjBhV056VUdWeWFXOWtWbWxsZDFOMFlYUmxDaUFnSUNCbGVIUmxibVJ6SUVOdmJuTjFiV1Z5VTNSaGRHVThYMUJzWVhsbGNsTjBZWFJwYzNScFkzTlFaWEpwYjJSV2FXVjNQaUI3Q2lBZ0x5OGdRMjlzYjI1dVpTQmtaU0IwY21rZ1lXTjBhWFpsSUNodWRXeHNJRDBnYjNKa2NtVWdaSFVnWTJ4aGMzTmxiV1Z1ZENCbWIzVnlibWtnY0dGeUlHeGxJSE5sY25abGRYSXBMZ29nSUY5VGRHRjBRMjlzUHlCZmMyOXlkRHNLSUNCaWIyOXNJRjlrWlhOaklEMGdkSEoxWlRzS0NpQWdkbTlwWkNCZmIyNVRiM0owS0Y5VGRHRjBRMjlzSUdOdmJDa2dld29nSUNBZ2MyVjBVM1JoZEdVb0tDa2dld29nSUNBZ0lDQnBaaUFvWDNOdmNuUWdQVDBnWTI5c0tTQjdDaUFnSUNBZ0lDQWdYMlJsYzJNZ1BTQWhYMlJsYzJNN0NpQWdJQ0FnSUgwZ1pXeHpaU0I3Q2lBZ0lDQWdJQ0FnWDNOdmNuUWdQU0JqYjJ3N0NpQWdJQ0FnSUNBZ1gyUmxjMk1nUFFvZ0lDQWdJQ0FnSUNBZ0lDQmpiMndnSVQwZ1gxTjBZWFJEYjJ3dWJtRnRaVHNnTHk4Z2JtOXRjeUJCNG9hU1dpd2dZMmhwWm1aeVpYTWdaSFVnS3lCbmNtRnVaQ0JoZFNBcklIQmxkR2wwQ2lBZ0lDQWdJSDBLSUNBZ0lIMHBPd29nSUgwS0NpQWdiblZ0SUY5MllXeDFaU2hmVTNSaGRFTnZiQ0JqYjJ3c0lGQnNZWGxsY2xOMFlYUnBjM1JwWTNNZ2NDa2dQVDRnYzNkcGRHTm9JQ2hqYjJ3cElIc0tJQ0FnSUNBZ0lDQmZVM1JoZEVOdmJDNXdiR0Y1WldRZ1BUNGdjQzV0WVhSamFHVnpVR3hoZVdWa0lEOC9JREFzQ2lBZ0lDQWdJQ0FnWDFOMFlYUkRiMnd1ZDJsdWN5QTlQaUJ3TG5kcGJuTWdQejhnTUN3S0lDQWdJQ0FnSUNCZlUzUmhkRU52YkM1a2NtRjNjeUE5UGlCd0xtUnlZWGR6SUQ4L0lEQXNDaUFnSUNBZ0lDQWdYMU4wWVhSRGIyd3ViRzl6YzJWeklEMCtJSEF1Ykc5emMyVnpJRDgvSURBc0NpQWdJQ0FnSUNBZ1gxTjBZWFJEYjJ3dVoyOWhiSE1nUFQ0Z2NDNW5iMkZzY3l3S0lDQWdJQ0FnSUNCZlUzUmhkRU52YkM1b1pHMGdQVDRnY0M1b1pHMGdQejhnTUN3S0lDQWdJQ0FnSUNCZlUzUmhkRU52YkM1dVlXMWxJRDArSURBc0NpQWdJQ0FnSUgwN0Nnb2dJRUJ2ZG1WeWNtbGtaUW9nSUZkcFpHZGxkQ0JpZFdsc1pDaENkV2xzWkVOdmJuUmxlSFFnWTI5dWRHVjRkQ2tnZXdvZ0lDQWdabWx1WVd3Z1pHRjBZVUZ6ZVc1aklEMGdjbVZtTG5kaGRHTm9LSE4wWVhScGMzUnBZM05RWlhKcGIyUlFjbTkyYVdSbGNpaDNhV1JuWlhRdWNHVnlhVzlrS1NrN0Nnb2dJQ0FnY21WMGRYSnVJR1JoZEdGQmMzbHVZeTUzYUdWdUtBb2dJQ0FnSUNCc2IyRmthVzVuT2lBb0tTQTlQaUJqYjI1emRDQkRaVzUwWlhJb1kyaHBiR1E2SUVkeWFXNTBZVkJ5YjJkeVpYTnpTVzVrYVdOaGRHOXlLQ2twTEFvZ0lDQWdJQ0JsY25KdmNqb2dLR1Z5Y205eUxDQmZLU0E5UGlCZlUyTnliMnhzWVdKc1pVMWxjM05oWjJVb0NpQWdJQ0FnSUNBZ2FXTnZiam9nU1dOdmJuTXVk
Shell: MmxtYVY5dlptWmZjbTkxYm1SbFpDd0tJQ0FnSUNBZ0lDQjBhWFJzWlRvZ0oxTjBZWFJwYzNScGNYVmxjeUJwYm1ScGMzQnZibWxpYkdWekp5d0tJQ0FnSUNBZ0lDQnRaWE56WVdkbE9pQm9kVzFoYm1sNlpVVnljbTl5S0dWeWNtOXlLU3dLSUNBZ0lDQWdJQ0IwYjI1bE9pQkhjbWx1ZEdGRmJYQjBlVlJ2Ym1VdVlXeGxjblFzQ2lBZ0lDQWdJQ0FnYjI1U1pXWnlaWE5vT2lCZmNtVm1jbVZ6YUN3S0lDQWdJQ0FnS1N3S0lDQWdJQ0FnWkdGMFlUb2dLR1JoZEdFcElIc0tJQ0FnSUNBZ0lDQnBaaUFvWkdGMFlTNXdiR0Y1WlhKekxtbHpSVzF3ZEhrcElIc0tJQ0FnSUNBZ0lDQWdJSEpsZEhWeWJpQmZVMk55YjJ4c1lXSnNaVTFsYzNOaFoyVW9DaUFnSUNBZ0lDQWdJQ0FnSUdsamIyNDZJRWxqYjI1ekxtSmhjbDlqYUdGeWRGOXliM1Z1WkdWa0xBb2dJQ0FnSUNBZ0lDQWdJQ0IwYVhSc1pUb2dKMUJoY3lCbGJtTnZjbVVnWkdVZ2MzUmhkR2x6ZEdseGRXVnpKeXdLSUNBZ0lDQWdJQ0FnSUNBZ2JXVnpjMkZuWlRvZ0oweGxjeUJ6ZEdGMGN5QmtaWE1nYW05MVpYVnljeUJoY0hCaGNtSERyblJ5YjI1MElHRndjc09vY3lCc1pTQndjbVZ0YVdWeUlDY0tJQ0FnSUNBZ0lDQWdJQ0FnSUNBZ0lDZHRZWFJqYUNCMllXeHBaTU9wTGljc0NpQWdJQ0FnSUNBZ0lDQWdJRzl1VW1WbWNtVnphRG9nWDNKbFpuSmxjMmdzQ2lBZ0lDQWdJQ0FnSUNBcE93b2dJQ0FnSUNBZ0lIMEtJQ0FnSUNBZ0lDQm1hVzVoYkNCd2JHRjVaWEp6SUQwZ1d5NHVMbVJoZEdFdWNHeGhlV1Z5YzEwN0NpQWdJQ0FnSUNBZ1ptbHVZV3dnYzI5eWRDQTlJRjl6YjNKME93b2dJQ0FnSUNBZ0lHbG1JQ2h6YjNKMElDRTlJRzUxYkd3cElIc0tJQ0FnSUNBZ0lDQWdJSEJzWVhsbGNuTXVjMjl5ZENnb1lTd2dZaWtnZXdvZ0lDQWdJQ0FnSUNBZ0lDQm1hVzVoYkNCamJYQWdQU0J6YjNKMElEMDlJRjlUZEdGMFEyOXNMbTVoYldVS0lDQWdJQ0FnSUNBZ0lDQWdJQ0FnSUQ4Z1lTNXdiR0Y1WlhKT1lXMWxDaUFnSUNBZ0lDQWdJQ0FnSUNBZ0lDQWdJQ0FnTG5SdlRHOTNaWEpEWVhObEtDa0tJQ0FnSUNBZ0lDQWdJQ0FnSUNBZ0lDQWdJQ0F1WTI5dGNHRnlaVlJ2S0dJdWNHeGhlV1Z5VG1GdFpTNTBiMHh2ZDJWeVEyRnpaU2dwS1FvZ0lDQWdJQ0FnSUNBZ0lDQWdJQ0FnT2lCZmRtRnNkV1VvYzI5eWRDd2dZU2t1WTI5dGNHRnlaVlJ2S0Y5MllXeDFaU2h6YjNKMExDQmlLU2s3Q2lBZ0lDQWdJQ0FnSUNBZ0lHbG1JQ2hqYlhBZ1BUMGdNQ2tnZXdvZ0lDQWdJQ0FnSUNBZ0lDQWdJSEpsZEhWeWJpQmhMbkJzWVhsbGNrNWhiV1VLSUNBZ0lDQWdJQ0FnSUNBZ0lDQWdJQ0FnTG5SdlRHOTNaWEpEWVhObEtDa0tJQ0FnSUNBZ0lDQWdJQ0FnSUNBZ0lDQWdMbU52YlhCaGNtVlVieWhpTG5Cc1lYbGxjazVoYldVdWRHOU1iM2RsY2tOaGMyVW9LU2s3Q2lBZ0lDQWdJQ0FnSUNBZ0lIMEtJQ0FnSUNBZ0lDQWdJQ0FnY21WMGRYSnVJRjlrWlhOaklEOGdMV050Y0NBNklHTnRjRHNLSUNBZ0lDQWdJQ0FnSUgwcE93b2dJQ0FnSUNBZ0lIMEtJQ0FnSUNBZ0lDQnlaWFIxY200Z1VHRmtaR2x1WnlnS0lDQWdJQ0FnSUNBZ0lIQmhaR1JwYm1jNklHTnZibk4wSUVWa1oyVkpibk5sZEhNdVpuSnZiVXhVVWtJb01UWXNJREV5TENBeE5pd2dNeklwTEFvZ0lDQWdJQ0FnSUNBZ1kyaHBiR1E2SUZOMGFXTnJlVWhsWVdSbGNsUmhZbXhsUTJGeVpDZ0tJQ0FnSUNBZ0lDQWdJQ0FnYjI1U1pXWnlaWE5vT2lCZmNtVm1jbVZ6YUN3S0lDQWdJQ0FnSUNBZ0lDQWdhR1ZoWkdWeU9pQmZVM1JoZEdsemRHbGpjMGhsWVdSbGNsSnZkeWdLSUNBZ0lDQWdJQ0FnSUNBZ0lDQnpiM0owT2lCZmMyOXlkQ3dLSUNBZ0lDQWdJQ0FnSUNBZ0lDQmtaWE5qWlc1a2FXNW5PaUJmWkdWell5d0tJQ0FnSUNBZ0lDQWdJQ0FnSUNCdmJsTnZjblE2SUY5dmJsTnZjblFzQ2lBZ0lDQWdJQ0FnSUNBZ0lDa3NDaUFnSUNBZ0lDQWdJQ0FnSUhKdmQzTTZJRnNLSUNBZ0lDQWdJQ0FnSUNBZ0lDQm1iM0lnS0haaGNpQnBJRDBnTURzZ2FTQThJSEJzWVhsbGNuTXViR1Z1WjNSb095QnBLeXNwQ2lBZ0lDQWdJQ0FnSUNBZ0lDQWdJQ0JmVTNSaGRHbHpkR2xqYzBSaGRHRlNiM2NvY21GdWF6b2dhU0FySURFc0lIQnNZWGxsY2pvZ2NHeGhlV1Z5YzF0cFhTa3NDaUFnSUNBZ0lDQWdJQ0FnSUYwc0NpQWdJQ0FnSUNBZ0lDQXBMQW9nSUNBZ0lDQWdJQ2s3Q2lBZ0lDQWdJSDBzQ2lBZ0lDQXBPd29nSUgwS0NpQWdSblYwZFhKbFBIWnZhV1ErSUY5eVpXWnlaWE5vS0NrZ1lYTjVibU1nZXdvZ0lDQWdjbVZtQ2lBZ0lDQWdJQzR1YVc1MllXeHBaR0YwWlNoemRHRjBhWE4wYVdOelVHVnlhVzlrVUhKdmRtbGtaWElvZDJsa1oyVjBMbkJsY21sdlpDa3BDaUFnSUNBZ0lDNHVhVzUyWVd4cFpHRjBaU2gwWldGdFUzUmhkR2x6ZEdsamMxQmxjbWx2WkZCeWIzWnBaR1Z5S0hkcFpHZGxkQzV3WlhKcGIyUXBLVHNLSUNBZ0lHRjNZV2wwSUhKbFppNXlaV0ZrS0hOMFlYUnBjM1JwWTNOUVpYSnBiMlJRY205MmFXUmxjaWgzYVdSblpYUXVjR1Z5YVc5a0tTNW1kWFIxY21VcE93b2dJSDBLZlFvS0x5OHZJRTFsYzNOaFoyVWdjR3hsYVc0Z3c2bGpjbUZ1SUNoMmFXUmxJQzhnWlhKeVpYVnlLU0J5WVdaeVljT3VZMmhwYzNOaFlteGxJSEJoY2lCMGFYSmxjaTFzdzZKamFHVnlMZ3BqYkdGemN5QmZVMk55YjJ4c1lXSnNaVTFsYzNOaFoyVWdaWGgwWlc1a2N5QlRkR0YwWld4bGMzTlhhV1JuWlhRZ2V3b2dJR052Ym5OMElGOVRZM0p2Ykd4aFlteGxUV1Z6YzJGblpTaDdDaUFnSUNCeVpYRjFhWEpsWkNCMGFHbHpMbWxqYjI0c0NpQWdJQ0J5WlhGMWFYSmxaQ0IwYUdsekxuUnBkR3hsTEFvZ0lDQWdjbVZ4ZFdseVpXUWdkR2hwY3k1dFpYTnpZV2RsTEFvZ0lDQWdjbVZ4ZFdseVpXUWdkR2hwY3k1dmJsSmxabkpsYzJnc0NpQWdJQ0IwYUdsekxuUnZibVVnUFNCSGNtbHVkR0ZGYlhCMGVWUnZibVV1Ym1WMWRISmhiQ3dLSUNCOUtUc0tDaUFnWm1sdVlXd2dTV052YmtSaGRHRWdhV052YmpzS0lDQm1hVzVoYkNCVGRISnBibWNnZEdsMGJHVTdDaUFnWm1sdVlXd2dVM1J5YVc1bklHMWxj
Shell: M05oWjJVN0NpQWdabWx1WVd3Z1IzSnBiblJoUlcxd2RIbFViMjVsSUhSdmJtVTdDaUFnWm1sdVlXd2dSblYwZFhKbFBIWnZhV1ErSUVaMWJtTjBhVzl1S0NrZ2IyNVNaV1p5WlhOb093b0tJQ0JBYjNabGNuSnBaR1VLSUNCWGFXUm5aWFFnWW5WcGJHUW9RblZwYkdSRGIyNTBaWGgwSUdOdmJuUmxlSFFwSUhzS0lDQWdJSEpsZEhWeWJpQlNaV1p5WlhOb1NXNWthV05oZEc5eUtBb2dJQ0FnSUNCdmJsSmxabkpsYzJnNklHOXVVbVZtY21WemFDd0tJQ0FnSUNBZ1kyaHBiR1E2SUV4cGMzUldhV1YzS0FvZ0lDQWdJQ0FnSUhCb2VYTnBZM002SUdOdmJuTjBJRUZzZDJGNWMxTmpjbTlzYkdGaWJHVlRZM0p2Ykd4UWFIbHphV056S0Nrc0NpQWdJQ0FnSUNBZ2NHRmtaR2x1WnpvZ1kyOXVjM1FnUldSblpVbHVjMlYwY3k1aGJHd29NVFlwTEFvZ0lDQWdJQ0FnSUdOb2FXeGtjbVZ1T2lCYkNpQWdJQ0FnSUNBZ0lDQkRZWEprS0FvZ0lDQWdJQ0FnSUNBZ0lDQmphR2xzWkRvZ1IzSnBiblJoUlcxd2RIbFRkR0YwWlNnS0lDQWdJQ0FnSUNBZ0lDQWdJQ0JwWTI5dU9pQnBZMjl1TEFvZ0lDQWdJQ0FnSUNBZ0lDQWdJSFJwZEd4bE9pQjBhWFJzWlN3S0lDQWdJQ0FnSUNBZ0lDQWdJQ0J0WlhOellXZGxPaUJ0WlhOellXZGxMQW9nSUNBZ0lDQWdJQ0FnSUNBZ0lIUnZibVU2SUhSdmJtVXNDaUFnSUNBZ0lDQWdJQ0FnSUNrc0NpQWdJQ0FnSUNBZ0lDQXBMQW9nSUNBZ0lDQWdJRjBzQ2lBZ0lDQWdJQ2tzQ2lBZ0lDQXBPd29nSUgwS2ZRb0tZMjl1YzNRZ1gzTjBZWFJPWVcxbFJteGxlQ0E5SURjN0NtTnZibk4wSUY5emRHRjBWbUZzZFdWR2JHVjRJRDBnTWpzS0NtVnVkVzBnWDFOMFlYUkRiMndnZXlCdVlXMWxMQ0J3YkdGNVpXUXNJSGRwYm5Nc0lHUnlZWGR6TENCc2IzTnpaWE1zSUdkdllXeHpMQ0JvWkcwZ2ZRb0tZMnhoYzNNZ1gxTjBZWFJwYzNScFkzTklaV0ZrWlhKU2IzY2daWGgwWlc1a2N5QlRkR0YwWld4bGMzTlhhV1JuWlhRZ2V3b2dJR052Ym5OMElGOVRkR0YwYVhOMGFXTnpTR1ZoWkdWeVVtOTNLSHNLSUNBZ0lISmxjWFZwY21Wa0lIUm9hWE11YzI5eWRDd0tJQ0FnSUhKbGNYVnBjbVZrSUhSb2FYTXVaR1Z6WTJWdVpHbHVaeXdLSUNBZ0lISmxjWFZwY21Wa0lIUm9hWE11YjI1VGIzSjBMQW9nSUgwcE93b0tJQ0JtYVc1aGJDQmZVM1JoZEVOdmJEOGdjMjl5ZERzS0lDQm1hVzVoYkNCaWIyOXNJR1JsYzJObGJtUnBibWM3Q2lBZ1ptbHVZV3dnZG05cFpDQkdkVzVqZEdsdmJpaGZVM1JoZEVOdmJDa2diMjVUYjNKME93b0tJQ0JBYjNabGNuSnBaR1VLSUNCWGFXUm5aWFFnWW5WcGJHUW9RblZwYkdSRGIyNTBaWGgwSUdOdmJuUmxlSFFwSUhzS0lDQWdJR1pwYm1Gc0lITjBlV3hsSUQwZ1ozSnBiblJoVkdGaWJHVklaV0ZrWlhKVVpYaDBVM1I1YkdVb1kyOXVkR1Y0ZENrN0Nnb2dJQ0FnVjJsa1oyVjBJR05sYkd3b1UzUnlhVzVuSUd4aFltVnNMQ0JmVTNSaGRFTnZiQ0JqYjJ3cElEMCtJRk52Y25SaFlteGxTR1ZoWkdWeVEyVnNiQ2dLSUNBZ0lDQWdJQ0FnSUd4aFltVnNPaUJzWVdKbGJDd0tJQ0FnSUNBZ0lDQWdJR1pzWlhnNklGOXpkR0YwVm1Gc2RXVkdiR1Y0TEFvZ0lDQWdJQ0FnSUNBZ1lXTjBhWFpsT2lCemIzSjBJRDA5SUdOdmJDd0tJQ0FnSUNBZ0lDQWdJR1JsYzJObGJtUnBibWM2SUdSbGMyTmxibVJwYm1jc0NpQWdJQ0FnSUNBZ0lDQnZibFJoY0RvZ0tDa2dQVDRnYjI1VGIzSjBLR052YkNrc0NpQWdJQ0FnSUNBZ0lDQnpkSGxzWlRvZ2MzUjViR1VzQ2lBZ0lDQWdJQ0FnS1RzS0NpQWdJQ0J5WlhSMWNtNGdVR0ZrWkdsdVp5Z0tJQ0FnSUNBZ2NHRmtaR2x1WnpvZ1ozSnBiblJoVkdGaWJHVklaV0ZrWlhKUVlXUmthVzVuTEFvZ0lDQWdJQ0JqYUdsc1pEb2dVbTkzS0FvZ0lDQWdJQ0FnSUdOb2FXeGtjbVZ1T2lCYkNpQWdJQ0FnSUNBZ0lDQlRiM0owWVdKc1pVaGxZV1JsY2tObGJHd29DaUFnSUNBZ0lDQWdJQ0FnSUd4aFltVnNPaUFuU205MVpYVnlKeXdLSUNBZ0lDQWdJQ0FnSUNBZ1pteGxlRG9nWDNOMFlYUk9ZVzFsUm14bGVDd0tJQ0FnSUNBZ0lDQWdJQ0FnWVd4cFoyNDZJRlJsZUhSQmJHbG5iaTV6ZEdGeWRDd0tJQ0FnSUNBZ0lDQWdJQ0FnWVdOMGFYWmxPaUJ6YjNKMElEMDlJRjlUZEdGMFEyOXNMbTVoYldVc0NpQWdJQ0FnSUNBZ0lDQWdJR1JsYzJObGJtUnBibWM2SUdSbGMyTmxibVJwYm1jc0NpQWdJQ0FnSUNBZ0lDQWdJRzl1VkdGd09pQW9LU0E5UGlCdmJsTnZjblFvWDFOMFlYUkRiMnd1Ym1GdFpTa3NDaUFnSUNBZ0lDQWdJQ0FnSUhOMGVXeGxPaUJ6ZEhsc1pTd0tJQ0FnSUNBZ0lDQWdJQ2tzQ2lBZ0lDQWdJQ0FnSUNCalpXeHNLQ2RLSnl3Z1gxTjBZWFJEYjJ3dWNHeGhlV1ZrS1N3S0lDQWdJQ0FnSUNBZ0lHTmxiR3dvSjBjbkxDQmZVM1JoZEVOdmJDNTNhVzV6S1N3S0lDQWdJQ0FnSUNBZ0lHTmxiR3dvSjA0bkxDQmZVM1JoZEVOdmJDNWtjbUYzY3lrc0NpQWdJQ0FnSUNBZ0lDQmpaV3hzS0NkUUp5d2dYMU4wWVhSRGIyd3ViRzl6YzJWektTd0tJQ0FnSUNBZ0lDQWdJR05sYkd3b0owSW5MQ0JmVTNSaGRFTnZiQzVuYjJGc2N5a3NDaUFnSUNBZ0lDQWdJQ0JqWld4c0tDZElSRTBuTENCZlUzUmhkRU52YkM1b1pHMHBMQW9nSUNBZ0lDQWdJRjBzQ2lBZ0lDQWdJQ2tzQ2lBZ0lDQXBPd29nSUgwS2ZRb0tZMnhoYzNNZ1gxTjBZWFJwYzNScFkzTkVZWFJoVW05M0lHVjRkR1Z1WkhNZ1UzUmhkR1ZzWlhOelYybGtaMlYwSUhzS0lDQmpiMjV6ZENCZlUzUmhkR2x6ZEdsamMwUmhkR0ZTYjNjb2UzSmxjWFZwY21Wa0lIUm9hWE11Y21GdWF5d2djbVZ4ZFdseVpXUWdkR2hwY3k1d2JHRjVaWEo5S1RzS0NpQWdabWx1WVd3Z2FXNTBJSEpoYm1zN0NpQWdabWx1WVd3Z1VHeGhlV1Z5VTNSaGRHbHpkR2xqY3lCd2JHRjVaWEk3Q2dvZ0lFQnZkbVZ5Y21sa1pRb2dJRmRwWkdkbGRDQmlkV2xzWkNoQ2RXbHNaRU52Ym5SbGVIUWdZMjl1ZEdWNGRDa2dld29nSUNBZ1YybGtaMlYwSUhaaGJIVmxLR2x1ZENCMktTQTlQaUJGZUhCaGJtUmxaQ2dLSUNBZ0lDQWdJQ0FnSUdac1pYZzZJRjl6ZEdGMFZtRnNkV1ZHYkdWNExBb2dJ
Shell: Q0FnSUNBZ0lDQWdZMmhwYkdRNklGUmxlSFFvQ2lBZ0lDQWdJQ0FnSUNBZ0lDY2tkaWNzQ2lBZ0lDQWdJQ0FnSUNBZ0lIUmxlSFJCYkdsbmJqb2dWR1Y0ZEVGc2FXZHVMbU5sYm5SbGNpd0tJQ0FnSUNBZ0lDQWdJQ0FnYzNSNWJHVTZJR2R5YVc1MFlWUmhZbXhsUTJWc2JGUmxlSFJUZEhsc1pTaGpiMjUwWlhoMEtTd0tJQ0FnSUNBZ0lDQWdJQ2tzQ2lBZ0lDQWdJQ0FnS1RzS0NpQWdJQ0J5WlhSMWNtNGdVR0ZrWkdsdVp5Z0tJQ0FnSUNBZ2NHRmtaR2x1WnpvZ1ozSnBiblJoVkdGaWJHVlNiM2RRWVdSa2FXNW5MQW9nSUNBZ0lDQmphR2xzWkRvZ1VtOTNLQW9nSUNBZ0lDQWdJR05vYVd4a2NtVnVPaUJiQ2lBZ0lDQWdJQ0FnSUNCRmVIQmhibVJsWkNnS0lDQWdJQ0FnSUNBZ0lDQWdabXhsZURvZ1gzTjBZWFJPWVcxbFJteGxlQ3dLSUNBZ0lDQWdJQ0FnSUNBZ1kyaHBiR1E2SUZKdmR5Z0tJQ0FnSUNBZ0lDQWdJQ0FnSUNCamFHbHNaSEpsYmpvZ1d3b2dJQ0FnSUNBZ0lDQWdJQ0FnSUNBZ1UybDZaV1JDYjNnb0NpQWdJQ0FnSUNBZ0lDQWdJQ0FnSUNBZ0lIZHBaSFJvT2lBeU1pd0tJQ0FnSUNBZ0lDQWdJQ0FnSUNBZ0lDQWdZMmhwYkdRNklGUmxlSFFvQ2lBZ0lDQWdJQ0FnSUNBZ0lDQWdJQ0FnSUNBZ0p5UnlZVzVySnl3S0lDQWdJQ0FnSUNBZ0lDQWdJQ0FnSUNBZ0lDQnpkSGxzWlRvZ1ozSnBiblJoVkdGaWJHVlNZVzVyVkdWNGRGTjBlV3hsS0dOdmJuUmxlSFFwTEFvZ0lDQWdJQ0FnSUNBZ0lDQWdJQ0FnSUNBcExBb2dJQ0FnSUNBZ0lDQWdJQ0FnSUNBZ0tTd0tJQ0FnSUNBZ0lDQWdJQ0FnSUNBZ0lHTnZibk4wSUZOcGVtVmtRbTk0S0hkcFpIUm9PaUEwS1N3S0lDQWdJQ0FnSUNBZ0lDQWdJQ0FnSUVWNGNHRnVaR1ZrS0FvZ0lDQWdJQ0FnSUNBZ0lDQWdJQ0FnSUNCamFHbHNaRG9nVG1GdFpWZHBkR2hDWVdSblpYTW9DaUFnSUNBZ0lDQWdJQ0FnSUNBZ0lDQWdJQ0FnY0hKdlptbHNaVWxrT2lCd2JHRjVaWEl1Y0hKdlptbHNaVWxrTEFvZ0lDQWdJQ0FnSUNBZ0lDQWdJQ0FnSUNBZ0lHNWhiV1U2SUhCc1lYbGxjaTV3YkdGNVpYSk9ZVzFsTEFvZ0lDQWdJQ0FnSUNBZ0lDQWdJQ0FnSUNBZ0lHSmhaR2RsVTJsNlpUb2dNVGdzQ2lBZ0lDQWdJQ0FnSUNBZ0lDQWdJQ0FnSUNBZ2MzUjViR1U2SUdkeWFXNTBZVlJoWW14bFEyVnNiRlJsZUhSVGRIbHNaU2dLSUNBZ0lDQWdJQ0FnSUNBZ0lDQWdJQ0FnSUNBZ0lHTnZiblJsZUhRc0NpQWdJQ0FnSUNBZ0lDQWdJQ0FnSUNBZ0lDQWdJQ0JtYjI1MFYyVnBaMmgwT2lCR2IyNTBWMlZwWjJoMExuYzRNREFzQ2lBZ0lDQWdJQ0FnSUNBZ0lDQWdJQ0FnSUNBZ0tTd0tJQ0FnSUNBZ0lDQWdJQ0FnSUNBZ0lDQWdLU3dLSUNBZ0lDQWdJQ0FnSUNBZ0lDQWdJQ2tzQ2lBZ0lDQWdJQ0FnSUNBZ0lDQWdYU3dLSUNBZ0lDQWdJQ0FnSUNBZ0tTd0tJQ0FnSUNBZ0lDQWdJQ2tzQ2lBZ0lDQWdJQ0FnSUNCMllXeDFaU2h3YkdGNVpYSXViV0YwWTJobGMxQnNZWGxsWkNBL1B5QXdLU3dLSUNBZ0lDQWdJQ0FnSUhaaGJIVmxLSEJzWVhsbGNpNTNhVzV6SUQ4L0lEQXBMQW9nSUNBZ0lDQWdJQ0FnZG1Gc2RXVW9jR3hoZVdWeUxtUnlZWGR6SUQ4L0lEQXBMQW9nSUNBZ0lDQWdJQ0FnZG1Gc2RXVW9jR3hoZVdWeUxteHZjM05sY3lBL1B5QXdLU3dLSUNBZ0lDQWdJQ0FnSUhaaGJIVmxLSEJzWVhsbGNpNW5iMkZzY3lrc0NpQWdJQ0FnSUNBZ0lDQjJZV3gxWlNod2JHRjVaWEl1YUdSdElEOC9JREFwTEFvZ0lDQWdJQ0FnSUYwc0NpQWdJQ0FnSUNrc0NpQWdJQ0FwT3dvZ0lIMEtmUW89IiwibGliL2ZlYXR1cmVzL3N0YXRpc3RpY3MvcHJlc2VudGF0aW9uL3RlYW1fc3RhdGlzdGljc19wYW5lbC5kYXJ0IjoiYVcxd2IzSjBJQ2RrWVhKME9tMWhkR2duSUdGeklHMWhkR2c3Q2dwcGJYQnZjblFnSjNCaFkydGhaMlU2WVhOZlozSnBiblJoTDJOdmNtVXZkWFJwYkhNdllYQndYMlZ5Y205eWN5NWtZWEowSnpzS2FXMXdiM0owSUNkd1lXTnJZV2RsT21GelgyZHlhVzUwWVM5bVpXRjBkWEpsY3k5emRHRjBhWE4wYVdOekwyUmhkR0V2YzNSaGRHbHpkR2xqYzE5eVpYQnZjMmwwYjNKNUxtUmhjblFuT3dwcGJYQnZjblFnSjNCaFkydGhaMlU2Wm14MWRIUmxjaTl0WVhSbGNtbGhiQzVrWVhKMEp6c0thVzF3YjNKMElDZHdZV05yWVdkbE9tWnNkWFIwWlhKZmNtbDJaWEp3YjJRdlpteDFkSFJsY2w5eWFYWmxjbkJ2WkM1a1lYSjBKenNLYVcxd2IzSjBJQ2R3WVdOcllXZGxPbUZ6WDJkeWFXNTBZUzlqYjNKbEwzZHBaR2RsZEhNdlozSnBiblJoWDJ4dllXUmxjaTVrWVhKMEp6c0tDbU52Ym5OMElGOTBaV0Z0UjNKbFpXNGdQU0JEYjJ4dmNpZ3dlRVpHTTBKRU1UQkVLVHNLWTI5dWMzUWdYM1JsWVcxWlpXeHNiM2NnUFNCRGIyeHZjaWd3ZUVaR1JrWkRRVEZCS1RzS1kyOXVjM1FnWDNSbFlXMVNaV1FnUFNCRGIyeHZjaWd3ZUVaR1JrWXpRak13S1RzS0NtTnNZWE56SUZSbFlXMVRkR0YwYVhOMGFXTnpVR0Z1Wld3Z1pYaDBaVzVrY3lCRGIyNXpkVzFsY2xkcFpHZGxkQ0I3Q2lBZ1kyOXVjM1FnVkdWaGJWTjBZWFJwYzNScFkzTlFZVzVsYkNoN2NtVnhkV2x5WldRZ2RHaHBjeTV3WlhKcGIyUXNJSE4xY0dWeUxtdGxlWDBwT3dvS0lDQm1hVzVoYkNCVGRHRjBhWE4wYVdOelVHVnlhVzlrSUhCbGNtbHZaRHNLQ2lBZ1FHOTJaWEp5YVdSbENpQWdWMmxrWjJWMElHSjFhV3hrS0VKMWFXeGtRMjl1ZEdWNGRDQmpiMjUwWlhoMExDQlhhV1JuWlhSU1pXWWdjbVZtS1NCN0NpQWdJQ0JtYVc1aGJDQmtZWFJoUVhONWJtTWdQU0J5WldZdWQyRjBZMmdvZEdWaGJWTjBZWFJwYzNScFkzTlFaWEpwYjJSUWNtOTJhV1JsY2lod1pYSnBiMlFwS1RzS0NpQWdJQ0JHZFhSMWNtVThkbTlwWkQ0Z2NtVm1jbVZ6YUNncElHRnplVzVqSUhzS0lDQWdJQ0FnY21WbUxtbHVkbUZzYVdSaGRHVW9kR1ZoYlZOMFlYUnBjM1JwWTNOUVpYSnBiMlJRY205MmFXUmxjaWh3WlhKcGIyUXBLVHNLSUNBZ0lDQWdZWGRoYVhRZ2NtVm1MbkpsWVdRb2RHVmhiVk4wWVhScGMzUnBZM05RWlhKcGIyUlFjbTkyYVdSbGNpaHdaWEpwYjJRcExtWjFkSFZ5WlNrN0NpQWdJQ0I5
Shell: Q2dvZ0lDQWdjbVYwZFhKdUlHUmhkR0ZCYzNsdVl5NTNhR1Z1S0FvZ0lDQWdJQ0JzYjJGa2FXNW5PaUFvS1NBOVBpQmpiMjV6ZENCRFpXNTBaWElvWTJocGJHUTZJRWR5YVc1MFlWQnliMmR5WlhOelNXNWthV05oZEc5eUtDa3BMQW9nSUNBZ0lDQmxjbkp2Y2pvZ0tHVnljbTl5TENCZktTQTlQaUJmVTJOeWIyeHNZV0pzWlUxbGMzTmhaMlVvQ2lBZ0lDQWdJQ0FnYldWemMyRm5aVG9nYUhWdFlXNXBlbVZGY25KdmNpaGxjbkp2Y2lrc0NpQWdJQ0FnSUNBZ2IyNVNaV1p5WlhOb09pQnlaV1p5WlhOb0xBb2dJQ0FnSUNBcExBb2dJQ0FnSUNCa1lYUmhPaUFvYzNSaGRHbHpkR2xqY3lrZ1BUNGdVbVZtY21WemFFbHVaR2xqWVhSdmNpZ0tJQ0FnSUNBZ0lDQnZibEpsWm5KbGMyZzZJSEpsWm5KbGMyZ3NDaUFnSUNBZ0lDQWdZMmhwYkdRNklFeHBjM1JXYVdWM0tBb2dJQ0FnSUNBZ0lDQWdjR2g1YzJsamN6b2dZMjl1YzNRZ1FXeDNZWGx6VTJOeWIyeHNZV0pzWlZOamNtOXNiRkJvZVhOcFkzTW9LU3dLSUNBZ0lDQWdJQ0FnSUhCaFpHUnBibWM2SUdOdmJuTjBJRVZrWjJWSmJuTmxkSE11Wm5KdmJVeFVVa0lvTVRZc0lEZ3NJREUyTENBek5pa3NDaUFnSUNBZ0lDQWdJQ0JqYUdsc1pISmxiam9nV3dvZ0lDQWdJQ0FnSUNBZ0lDQmpiMjV6ZENCZlZHVmhiVk5sWTNScGIyNVVhWFJzWlNnblVzT3BjM1ZzZEdGMGN5Y3BMQW9nSUNBZ0lDQWdJQ0FnSUNCamIyNXpkQ0JUYVhwbFpFSnZlQ2hvWldsbmFIUTZJREV3S1N3S0lDQWdJQ0FnSUNBZ0lDQWdYMVJsWVcxU1pYTjFiSFJ6UTJGeVpDaHpkR0YwYVhOMGFXTnpPaUJ6ZEdGMGFYTjBhV056S1N3S0lDQWdJQ0FnSUNBZ0lDQWdZMjl1YzNRZ1UybDZaV1JDYjNnb2FHVnBaMmgwT2lBeU1pa3NDaUFnSUNBZ0lDQWdJQ0FnSUdOdmJuTjBJRjlVWldGdFUyVmpkR2x2YmxScGRHeGxLQ2RDZFhSeklHMWhjbkYxdzZsekp5a3NDaUFnSUNBZ0lDQWdJQ0FnSUdOdmJuTjBJRk5wZW1Wa1FtOTRLR2hsYVdkb2REb2dNVEFwTEFvZ0lDQWdJQ0FnSUNBZ0lDQmZWR1ZoYlVkdllXeHpRMkZ5WkNoemRHRjBhWE4wYVdOek9pQnpkR0YwYVhOMGFXTnpLU3dLSUNBZ0lDQWdJQ0FnSUNBZ2FXWWdLSE4wWVhScGMzUnBZM011Y21WalpXNTBVbVZ6ZFd4MGN5NXBjMDV2ZEVWdGNIUjVLU0F1TGk1YkNpQWdJQ0FnSUNBZ0lDQWdJQ0FnWTI5dWMzUWdVMmw2WldSQ2IzZ29hR1ZwWjJoME9pQXlNaWtzQ2lBZ0lDQWdJQ0FnSUNBZ0lDQWdZMjl1YzNRZ1gxUmxZVzFUWldOMGFXOXVWR2wwYkdVb0owUmxjbTVwWlhKeklHMWhkR05vY3ljcExBb2dJQ0FnSUNBZ0lDQWdJQ0FnSUdOdmJuTjBJRk5wZW1Wa1FtOTRLR2hsYVdkb2REb2dNVEFwTEFvZ0lDQWdJQ0FnSUNBZ0lDQWdJRjlTWldObGJuUlNaWE4xYkhSelEyRnlaQ2h5WlhOMWJIUnpPaUJ6ZEdGMGFYTjBhV056TG5KbFkyVnVkRkpsYzNWc2RITXBMQW9nSUNBZ0lDQWdJQ0FnSUNCZExBb2dJQ0FnSUNBZ0lDQWdJQ0JqYjI1emRDQlRhWHBsWkVKdmVDaG9aV2xuYUhRNklESXlLU3dLSUNBZ0lDQWdJQ0FnSUNBZ1kyOXVjM1FnWDFSbFlXMVRaV04wYVc5dVZHbDBiR1VvSjFOamIzSmxJRzF2ZVdWdUp5a3NDaUFnSUNBZ0lDQWdJQ0FnSUdOdmJuTjBJRk5wZW1Wa1FtOTRLR2hsYVdkb2REb2dNVEFwTEFvZ0lDQWdJQ0FnSUNBZ0lDQmZRWFpsY21GblpWTmpiM0psUTJGeVpDaHpkR0YwYVhOMGFXTnpPaUJ6ZEdGMGFYTjBhV056S1N3S0lDQWdJQ0FnSUNBZ0lDQWdhV1lnS0hOMFlYUnBjM1JwWTNNdWMyTnZjbVZOWVhKbmFXNUVhWE4wY21saWRYUnBiMjR1YVhOT2IzUkZiWEIwZVNrZ0xpNHVXd29nSUNBZ0lDQWdJQ0FnSUNBZ0lHTnZibk4wSUZOcGVtVmtRbTk0S0dobGFXZG9kRG9nTWpJcExBb2dJQ0FnSUNBZ0lDQWdJQ0FnSUdOdmJuTjBJRjlVWldGdFUyVmpkR2x2YmxScGRHeGxLQW9nSUNBZ0lDQWdJQ0FnSUNBZ0lDQWdKMDV2YldKeVpTQmtaU0J0WVhSamFITWdjMlZzYjI0Z2JPS0FtY09wWTJGeWRDQmtaU0J6WTI5eVpTY3NDaUFnSUNBZ0lDQWdJQ0FnSUNBZ0tTd0tJQ0FnSUNBZ0lDQWdJQ0FnSUNCamIyNXpkQ0JUYVhwbFpFSnZlQ2hvWldsbmFIUTZJREV3S1N3S0lDQWdJQ0FnSUNBZ0lDQWdJQ0JmVTJOdmNtVk5ZWEpuYVc1RFlYSmtLQW9nSUNBZ0lDQWdJQ0FnSUNBZ0lDQWdaR2x6ZEhKcFluVjBhVzl1T2lCemRHRjBhWE4wYVdOekxuTmpiM0psVFdGeVoybHVSR2x6ZEhKcFluVjBhVzl1TEFvZ0lDQWdJQ0FnSUNBZ0lDQWdJQ2tzQ2lBZ0lDQWdJQ0FnSUNBZ0lGMHNDaUFnSUNBZ0lDQWdJQ0FnSUdOdmJuTjBJRk5wZW1Wa1FtOTRLR2hsYVdkb2REb2dNaklwTEFvZ0lDQWdJQ0FnSUNBZ0lDQmpiMjV6ZENCZlZHVmhiVk5sWTNScGIyNVVhWFJzWlNnblU4T3BjbWxsY3ljcExBb2dJQ0FnSUNBZ0lDQWdJQ0JqYjI1emRDQlRhWHBsWkVKdmVDaG9aV2xuYUhRNklERXdLU3dLSUNBZ0lDQWdJQ0FnSUNBZ1gxUmxZVzFUZEhKbFlXdHpVMlZqZEdsdmJpaHpkR0YwYVhOMGFXTnpPaUJ6ZEdGMGFYTjBhV056S1N3S0lDQWdJQ0FnSUNBZ0lGMHNDaUFnSUNBZ0lDQWdLU3dLSUNBZ0lDQWdLU3dLSUNBZ0lDazdDaUFnZlFwOUNncGpiR0Z6Y3lCZlZHVmhiVk5sWTNScGIyNVVhWFJzWlNCbGVIUmxibVJ6SUZOMFlYUmxiR1Z6YzFkcFpHZGxkQ0I3Q2lBZ1kyOXVjM1FnWDFSbFlXMVRaV04wYVc5dVZHbDBiR1VvZEdocGN5NTBhWFJzWlNrN0Nnb2dJR1pwYm1Gc0lGTjBjbWx1WnlCMGFYUnNaVHNLQ2lBZ1FHOTJaWEp5YVdSbENpQWdWMmxrWjJWMElHSjFhV3hrS0VKMWFXeGtRMjl1ZEdWNGRDQmpiMjUwWlhoMEtTQjdDaUFnSUNCeVpYUjFjbTRnVkdWNGRDZ0tJQ0FnSUNBZ2RHbDBiR1VzQ2lBZ0lDQWdJSE4wZVd4bE9pQlVhR1Z0WlM1dlppaGpiMjUwWlhoMEtTNTBaWGgwVkdobGJXVXVkR2wwYkdWTVlYSm5aVDh1WTI5d2VWZHBkR2dvQ2lBZ0lDQWdJQ0FnSUNBZ0lHWnZiblJYWldsbmFIUTZJRVp2Ym5SWFpXbG5hSFF1ZHprd01Dd0tJQ0FnSUNBZ0lDQWdJQ2tzQ2lBZ0lDQXBPd29nSUgwS2ZRb0tZMnhoYzNNZ1gxUmxZVzFTWlhOMWJIUnpRMkZ5WkNCbGVIUmxibVJ6
Shell: SUZOMFlYUmxiR1Z6YzFkcFpHZGxkQ0I3Q2lBZ1kyOXVjM1FnWDFSbFlXMVNaWE4xYkhSelEyRnlaQ2g3Y21WeGRXbHlaV1FnZEdocGN5NXpkR0YwYVhOMGFXTnpmU2s3Q2dvZ0lHWnBibUZzSUZSbFlXMVRkR0YwYVhOMGFXTnpJSE4wWVhScGMzUnBZM003Q2dvZ0lFQnZkbVZ5Y21sa1pRb2dJRmRwWkdkbGRDQmlkV2xzWkNoQ2RXbHNaRU52Ym5SbGVIUWdZMjl1ZEdWNGRDa2dld29nSUNBZ1ptbHVZV3dnZEdobGJXVWdQU0JVYUdWdFpTNXZaaWhqYjI1MFpYaDBLVHNLQ2lBZ0lDQnlaWFIxY200Z1EyRnlaQ2dLSUNBZ0lDQWdiV0Z5WjJsdU9pQkZaR2RsU1c1elpYUnpMbnBsY204c0NpQWdJQ0FnSUdOb2FXeGtPaUJRWVdSa2FXNW5LQW9nSUNBZ0lDQWdJSEJoWkdScGJtYzZJR052Ym5OMElFVmtaMlZKYm5ObGRITXVabkp2YlV4VVVrSW9NVFFzSURJeUxDQXhOQ3dnTWpBcExBb2dJQ0FnSUNBZ0lHTm9hV3hrT2lCRGIyeDFiVzRvQ2lBZ0lDQWdJQ0FnSUNCamFHbHNaSEpsYmpvZ1d3b2dJQ0FnSUNBZ0lDQWdJQ0JVWlhoMEtBb2dJQ0FnSUNBZ0lDQWdJQ0FnSUNja2UzTjBZWFJwYzNScFkzTXViV0YwWTJobGMxQnNZWGxsWkgwbkxBb2dJQ0FnSUNBZ0lDQWdJQ0FnSUhOMGVXeGxPaUIwYUdWdFpTNTBaWGgwVkdobGJXVXVaR2x6Y0d4aGVWTnRZV3hzUHk1amIzQjVWMmwwYUNnS0lDQWdJQ0FnSUNBZ0lDQWdJQ0FnSUdadmJuUlhaV2xuYUhRNklFWnZiblJYWldsbmFIUXVkemt3TUN3S0lDQWdJQ0FnSUNBZ0lDQWdJQ0FwTEFvZ0lDQWdJQ0FnSUNBZ0lDQXBMQW9nSUNBZ0lDQWdJQ0FnSUNCVVpYaDBLQW9nSUNBZ0lDQWdJQ0FnSUNBZ0lDZHRZWFJqYUNSN2MzUmhkR2x6ZEdsamN5NXRZWFJqYUdWelVHeGhlV1ZrSUQ0Z01TQS9JQ2R6SnlBNklDY25mU0JxYjNYRHFTUjdjM1JoZEdsemRHbGpjeTV0WVhSamFHVnpVR3hoZVdWa0lENGdNU0EvSUNkekp5QTZJQ2NuZlNjc0NpQWdJQ0FnSUNBZ0lDQWdJQ0FnYzNSNWJHVTZJSFJvWlcxbExuUmxlSFJVYUdWdFpTNTBhWFJzWlUxbFpHbDFiVDh1WTI5d2VWZHBkR2dvQ2lBZ0lDQWdJQ0FnSUNBZ0lDQWdJQ0JqYjJ4dmNqb2dkR2hsYldVdVkyOXNiM0pUWTJobGJXVXViMjVUZFhKbVlXTmxWbUZ5YVdGdWRDd0tJQ0FnSUNBZ0lDQWdJQ0FnSUNBZ0lHWnZiblJYWldsbmFIUTZJRVp2Ym5SWFpXbG5hSFF1ZHpjd01Dd0tJQ0FnSUNBZ0lDQWdJQ0FnSUNBcExBb2dJQ0FnSUNBZ0lDQWdJQ0FwTEFvZ0lDQWdJQ0FnSUNBZ0lDQmpiMjV6ZENCVGFYcGxaRUp2ZUNob1pXbG5hSFE2SURJMEtTd0tJQ0FnSUNBZ0lDQWdJQ0FnVEdGNWIzVjBRblZwYkdSbGNpZ0tJQ0FnSUNBZ0lDQWdJQ0FnSUNCaWRXbHNaR1Z5T2lBb1kyOXVkR1Y0ZEN3Z1kyOXVjM1J5WVdsdWRITXBJSHNLSUNBZ0lDQWdJQ0FnSUNBZ0lDQWdJR052Ym5OMElHZGhjQ0E5SURndU1Ec0tJQ0FnSUNBZ0lDQWdJQ0FnSUNBZ0lHWnBibUZzSUhKcGJtZFRhWHBsSUQwZ2JXRjBhQzV0YVc0b0NpQWdJQ0FnSUNBZ0lDQWdJQ0FnSUNBZ0lEazJMakFzQ2lBZ0lDQWdJQ0FnSUNBZ0lDQWdJQ0FnSUcxaGRHZ3ViV0Y0S0FvZ0lDQWdJQ0FnSUNBZ0lDQWdJQ0FnSUNBZ0lEQXVNQ3dLSUNBZ0lDQWdJQ0FnSUNBZ0lDQWdJQ0FnSUNBb1kyOXVjM1J5WVdsdWRITXViV0Y0VjJsa2RHZ2dMU0JuWVhBZ0tpQXlLU0F2SURNc0NpQWdJQ0FnSUNBZ0lDQWdJQ0FnSUNBZ0lDa3NDaUFnSUNBZ0lDQWdJQ0FnSUNBZ0lDQXBPd29LSUNBZ0lDQWdJQ0FnSUNBZ0lDQWdJSEpsZEhWeWJpQlNiM2NvQ2lBZ0lDQWdJQ0FnSUNBZ0lDQWdJQ0FnSUcxaGFXNUJlR2x6UVd4cFoyNXRaVzUwT2lCTllXbHVRWGhwYzBGc2FXZHViV1Z1ZEM1alpXNTBaWElzQ2lBZ0lDQWdJQ0FnSUNBZ0lDQWdJQ0FnSUdOb2FXeGtjbVZ1T2lCYkNpQWdJQ0FnSUNBZ0lDQWdJQ0FnSUNBZ0lDQWdVMmw2WldSQ2IzZ3VjM0YxWVhKbEtBb2dJQ0FnSUNBZ0lDQWdJQ0FnSUNBZ0lDQWdJQ0FnWkdsdFpXNXphVzl1T2lCeWFXNW5VMmw2WlN3S0lDQWdJQ0FnSUNBZ0lDQWdJQ0FnSUNBZ0lDQWdJR05vYVd4a09pQmZVbVZ6ZFd4MFVtbHVaeWdLSUNBZ0lDQWdJQ0FnSUNBZ0lDQWdJQ0FnSUNBZ0lDQWdkbUZzZFdVNklITjBZWFJwYzNScFkzTXVkMmx1Y3l3S0lDQWdJQ0FnSUNBZ0lDQWdJQ0FnSUNBZ0lDQWdJQ0FnZEc5MFlXdzZJSE4wWVhScGMzUnBZM011YldGMFkyaGxjMUJzWVhsbFpDd0tJQ0FnSUNBZ0lDQWdJQ0FnSUNBZ0lDQWdJQ0FnSUNBZ2JHRmlaV3c2SUNkMmFXTjBiMmx5WlhNbkxBb2dJQ0FnSUNBZ0lDQWdJQ0FnSUNBZ0lDQWdJQ0FnSUNCamIyeHZjam9nWDNSbFlXMUhjbVZsYml3S0lDQWdJQ0FnSUNBZ0lDQWdJQ0FnSUNBZ0lDQWdJQ2tzQ2lBZ0lDQWdJQ0FnSUNBZ0lDQWdJQ0FnSUNBZ0tTd0tJQ0FnSUNBZ0lDQWdJQ0FnSUNBZ0lDQWdJQ0JqYjI1emRDQlRhWHBsWkVKdmVDaDNhV1IwYURvZ1oyRndLU3dLSUNBZ0lDQWdJQ0FnSUNBZ0lDQWdJQ0FnSUNCVGFYcGxaRUp2ZUM1emNYVmhjbVVvQ2lBZ0lDQWdJQ0FnSUNBZ0lDQWdJQ0FnSUNBZ0lDQmthVzFsYm5OcGIyNDZJSEpwYm1kVGFYcGxMQW9nSUNBZ0lDQWdJQ0FnSUNBZ0lDQWdJQ0FnSUNBZ1kyaHBiR1E2SUY5U1pYTjFiSFJTYVc1bktBb2dJQ0FnSUNBZ0lDQWdJQ0FnSUNBZ0lDQWdJQ0FnSUNCMllXeDFaVG9nYzNSaGRHbHpkR2xqY3k1a2NtRjNjeXdLSUNBZ0lDQWdJQ0FnSUNBZ0lDQWdJQ0FnSUNBZ0lDQWdkRzkwWVd3NklITjBZWFJwYzNScFkzTXViV0YwWTJobGMxQnNZWGxsWkN3S0lDQWdJQ0FnSUNBZ0lDQWdJQ0FnSUNBZ0lDQWdJQ0FnYkdGaVpXdzZJQ2R1ZFd4ekp5d0tJQ0FnSUNBZ0lDQWdJQ0FnSUNBZ0lDQWdJQ0FnSUNBZ1kyOXNiM0k2SUY5MFpXRnRXV1ZzYkc5M0xBb2dJQ0FnSUNBZ0lDQWdJQ0FnSUNBZ0lDQWdJQ0FnS1N3S0lDQWdJQ0FnSUNBZ0lDQWdJQ0FnSUNBZ0lDQXBMQW9nSUNBZ0lDQWdJQ0FnSUNBZ0lDQWdJQ0FnSUdOdmJuTjBJRk5wZW1Wa1FtOTRLSGRwWkhSb09pQm5ZWEFwTEFvZ0lDQWdJQ0FnSUNBZ0lDQWdJQ0FnSUNBZ0lGTnBlbVZrUW05NExuTnhkV0Z5WlNnS0lDQWdJQ0Fn
Shell: SUNBZ0lDQWdJQ0FnSUNBZ0lDQWdJR1JwYldWdWMybHZiam9nY21sdVoxTnBlbVVzQ2lBZ0lDQWdJQ0FnSUNBZ0lDQWdJQ0FnSUNBZ0lDQmphR2xzWkRvZ1gxSmxjM1ZzZEZKcGJtY29DaUFnSUNBZ0lDQWdJQ0FnSUNBZ0lDQWdJQ0FnSUNBZ0lIWmhiSFZsT2lCemRHRjBhWE4wYVdOekxteHZjM05sY3l3S0lDQWdJQ0FnSUNBZ0lDQWdJQ0FnSUNBZ0lDQWdJQ0FnZEc5MFlXdzZJSE4wWVhScGMzUnBZM011YldGMFkyaGxjMUJzWVhsbFpDd0tJQ0FnSUNBZ0lDQWdJQ0FnSUNBZ0lDQWdJQ0FnSUNBZ2JHRmlaV3c2SUNka3c2bG1ZV2wwWlhNbkxBb2dJQ0FnSUNBZ0lDQWdJQ0FnSUNBZ0lDQWdJQ0FnSUNCamIyeHZjam9nWDNSbFlXMVNaV1FzQ2lBZ0lDQWdJQ0FnSUNBZ0lDQWdJQ0FnSUNBZ0lDQXBMQW9nSUNBZ0lDQWdJQ0FnSUNBZ0lDQWdJQ0FnSUNrc0NpQWdJQ0FnSUNBZ0lDQWdJQ0FnSUNBZ0lGMHNDaUFnSUNBZ0lDQWdJQ0FnSUNBZ0lDQXBPd29nSUNBZ0lDQWdJQ0FnSUNBZ0lIMHNDaUFnSUNBZ0lDQWdJQ0FnSUNrc0NpQWdJQ0FnSUNBZ0lDQmRMQW9nSUNBZ0lDQWdJQ2tzQ2lBZ0lDQWdJQ2tzQ2lBZ0lDQXBPd29nSUgwS2ZRb0tZMnhoYzNNZ1gxSmxjM1ZzZEZKcGJtY2daWGgwWlc1a2N5QlRkR0YwWld4bGMzTlhhV1JuWlhRZ2V3b2dJR052Ym5OMElGOVNaWE4xYkhSU2FXNW5LSHNLSUNBZ0lISmxjWFZwY21Wa0lIUm9hWE11ZG1Gc2RXVXNDaUFnSUNCeVpYRjFhWEpsWkNCMGFHbHpMblJ2ZEdGc0xBb2dJQ0FnY21WeGRXbHlaV1FnZEdocGN5NXNZV0psYkN3S0lDQWdJSEpsY1hWcGNtVmtJSFJvYVhNdVkyOXNiM0lzQ2lBZ2ZTazdDZ29nSUdacGJtRnNJR2x1ZENCMllXeDFaVHNLSUNCbWFXNWhiQ0JwYm5RZ2RHOTBZV3c3Q2lBZ1ptbHVZV3dnVTNSeWFXNW5JR3hoWW1Wc093b2dJR1pwYm1Gc0lFTnZiRzl5SUdOdmJHOXlPd29LSUNCQWIzWmxjbkpwWkdVS0lDQlhhV1JuWlhRZ1luVnBiR1FvUW5WcGJHUkRiMjUwWlhoMElHTnZiblJsZUhRcElIc0tJQ0FnSUdacGJtRnNJSFJvWlcxbElEMGdWR2hsYldVdWIyWW9ZMjl1ZEdWNGRDazdDaUFnSUNCbWFXNWhiQ0J3Y205bmNtVnpjeUE5SUhSdmRHRnNJRDA5SURBZ1B5QXdMakFnT2lCMllXeDFaU0F2SUhSdmRHRnNPd29LSUNBZ0lISmxkSFZ5YmlCTVlYbHZkWFJDZFdsc1pHVnlLQW9nSUNBZ0lDQmlkV2xzWkdWeU9pQW9ZMjl1ZEdWNGRDd2dZMjl1YzNSeVlXbHVkSE1wSUhzS0lDQWdJQ0FnSUNCbWFXNWhiQ0J6YVdSbElEMGdiV0YwYUM1dGFXNG9ZMjl1YzNSeVlXbHVkSE11YldGNFYybGtkR2dzSUdOdmJuTjBjbUZwYm5SekxtMWhlRWhsYVdkb2RDazdDaUFnSUNBZ0lDQWdabWx1WVd3Z2MzUnliMnRsVjJsa2RHZ2dQU0J6YVdSbElEd2dOellnUHlBM0xqQWdPaUE1TGpBN0NpQWdJQ0FnSUNBZ1ptbHVZV3dnZG1Gc2RXVkdiMjUwVTJsNlpTQTlJSE5wWkdVZ1BDQTNOaUEvSURFNExqQWdPaUF5TWk0d093b2dJQ0FnSUNBZ0lHWnBibUZzSUd4aFltVnNSbTl1ZEZOcGVtVWdQU0J6YVdSbElEd2dOellnUHlBeE1DNHdJRG9nTVRJdU1Ec0tDaUFnSUNBZ0lDQWdjbVYwZFhKdUlFRnpjR1ZqZEZKaGRHbHZLQW9nSUNBZ0lDQWdJQ0FnWVhOd1pXTjBVbUYwYVc4NklERXNDaUFnSUNBZ0lDQWdJQ0JqYUdsc1pEb2dVM1JoWTJzb0NpQWdJQ0FnSUNBZ0lDQWdJR1pwZERvZ1UzUmhZMnRHYVhRdVpYaHdZVzVrTEFvZ0lDQWdJQ0FnSUNBZ0lDQmphR2xzWkhKbGJqb2dXd29nSUNBZ0lDQWdJQ0FnSUNBZ0lFZHlhVzUwWVZCeWIyZHlaWE56U1c1a2FXTmhkRzl5S0FvZ0lDQWdJQ0FnSUNBZ0lDQWdJQ0FnZG1Gc2RXVTZJSEJ5YjJkeVpYTnpMQW9nSUNBZ0lDQWdJQ0FnSUNBZ0lDQWdjM1J5YjJ0bFYybGtkR2c2SUhOMGNtOXJaVmRwWkhSb0xBb2dJQ0FnSUNBZ0lDQWdJQ0FnSUNBZ2MzUnliMnRsUTJGd09pQlRkSEp2YTJWRFlYQXVZblYwZEN3S0lDQWdJQ0FnSUNBZ0lDQWdJQ0FnSUdOdmJHOXlPaUJqYjJ4dmNpd0tJQ0FnSUNBZ0lDQWdJQ0FnSUNBZ0lHSmhZMnRuY205MWJtUkRiMnh2Y2pvS0lDQWdJQ0FnSUNBZ0lDQWdJQ0FnSUNBZ0lDQjBhR1Z0WlM1amIyeHZjbE5qYUdWdFpTNXZibE4xY21aaFkyVXVkMmwwYUZaaGJIVmxjeWhoYkhCb1lUb2dMakV5S1N3S0lDQWdJQ0FnSUNBZ0lDQWdJQ0FwTEFvZ0lDQWdJQ0FnSUNBZ0lDQWdJRU5sYm5SbGNpZ0tJQ0FnSUNBZ0lDQWdJQ0FnSUNBZ0lHTm9hV3hrT2lCUVlXUmthVzVuS0FvZ0lDQWdJQ0FnSUNBZ0lDQWdJQ0FnSUNCd1lXUmthVzVuT2lCRlpHZGxTVzV6WlhSekxtRnNiQ2h6YVdSbElDb2dMakU0S1N3S0lDQWdJQ0FnSUNBZ0lDQWdJQ0FnSUNBZ1kyaHBiR1E2SUVOdmJIVnRiaWdLSUNBZ0lDQWdJQ0FnSUNBZ0lDQWdJQ0FnSUNCdFlXbHVRWGhwYzFOcGVtVTZJRTFoYVc1QmVHbHpVMmw2WlM1dGFXNHNDaUFnSUNBZ0lDQWdJQ0FnSUNBZ0lDQWdJQ0FnWTJocGJHUnlaVzQ2SUZzS0lDQWdJQ0FnSUNBZ0lDQWdJQ0FnSUNBZ0lDQWdJRlJsZUhRb0NpQWdJQ0FnSUNBZ0lDQWdJQ0FnSUNBZ0lDQWdJQ0FnSUNja2RtRnNkV1VuTEFvZ0lDQWdJQ0FnSUNBZ0lDQWdJQ0FnSUNBZ0lDQWdJQ0J0WVhoTWFXNWxjem9nTVN3S0lDQWdJQ0FnSUNBZ0lDQWdJQ0FnSUNBZ0lDQWdJQ0FnYzNSNWJHVTZJRlJsZUhSVGRIbHNaU2dLSUNBZ0lDQWdJQ0FnSUNBZ0lDQWdJQ0FnSUNBZ0lDQWdJQ0JtYjI1MFUybDZaVG9nZG1Gc2RXVkdiMjUwVTJsNlpTd0tJQ0FnSUNBZ0lDQWdJQ0FnSUNBZ0lDQWdJQ0FnSUNBZ0lDQm1iMjUwVjJWcFoyaDBPaUJHYjI1MFYyVnBaMmgwTG5jNU1EQXNDaUFnSUNBZ0lDQWdJQ0FnSUNBZ0lDQWdJQ0FnSUNBZ0lDa3NDaUFnSUNBZ0lDQWdJQ0FnSUNBZ0lDQWdJQ0FnSUNBcExBb2dJQ0FnSUNBZ0lDQWdJQ0FnSUNBZ0lDQWdJQ0FnWTI5dWMzUWdVMmw2WldSQ2IzZ29hR1ZwWjJoME9pQXhLU3dLSUNBZ0lDQWdJQ0FnSUNBZ0lDQWdJQ0FnSUNBZ0lGTnBlbVZrUW05NEtBb2dJQ0FnSUNBZ0lDQWdJQ0FnSUNBZ0lDQWdJQ0FnSUNCM2FXUjBhRG9nWkc5MVlteGxMbWx1Wm1sdWFYUjVMQW9nSUNBZ0lDQWdJQ0Fn
Shell: SUNBZ0lDQWdJQ0FnSUNBZ0lDQmphR2xzWkRvZ1JtbDBkR1ZrUW05NEtBb2dJQ0FnSUNBZ0lDQWdJQ0FnSUNBZ0lDQWdJQ0FnSUNBZ0lHWnBkRG9nUW05NFJtbDBMbk5qWVd4bFJHOTNiaXdLSUNBZ0lDQWdJQ0FnSUNBZ0lDQWdJQ0FnSUNBZ0lDQWdJQ0JqYUdsc1pEb2dWR1Y0ZENnS0lDQWdJQ0FnSUNBZ0lDQWdJQ0FnSUNBZ0lDQWdJQ0FnSUNBZ0lHeGhZbVZzTEFvZ0lDQWdJQ0FnSUNBZ0lDQWdJQ0FnSUNBZ0lDQWdJQ0FnSUNBZ2JXRjRUR2x1WlhNNklERXNDaUFnSUNBZ0lDQWdJQ0FnSUNBZ0lDQWdJQ0FnSUNBZ0lDQWdJQ0J6ZEhsc1pUb2dWR1Y0ZEZOMGVXeGxLQW9nSUNBZ0lDQWdJQ0FnSUNBZ0lDQWdJQ0FnSUNBZ0lDQWdJQ0FnSUNCamIyeHZjam9nZEdobGJXVXVZMjlzYjNKVFkyaGxiV1V1YjI1VGRYSm1ZV05sVm1GeWFXRnVkQ3dLSUNBZ0lDQWdJQ0FnSUNBZ0lDQWdJQ0FnSUNBZ0lDQWdJQ0FnSUNBZ1ptOXVkRk5wZW1VNklHeGhZbVZzUm05dWRGTnBlbVVzQ2lBZ0lDQWdJQ0FnSUNBZ0lDQWdJQ0FnSUNBZ0lDQWdJQ0FnSUNBcExBb2dJQ0FnSUNBZ0lDQWdJQ0FnSUNBZ0lDQWdJQ0FnSUNBZ0lDa3NDaUFnSUNBZ0lDQWdJQ0FnSUNBZ0lDQWdJQ0FnSUNBZ0lDa3NDaUFnSUNBZ0lDQWdJQ0FnSUNBZ0lDQWdJQ0FnSUNBcExBb2dJQ0FnSUNBZ0lDQWdJQ0FnSUNBZ0lDQWdJRjBzQ2lBZ0lDQWdJQ0FnSUNBZ0lDQWdJQ0FnSUNrc0NpQWdJQ0FnSUNBZ0lDQWdJQ0FnSUNBcExBb2dJQ0FnSUNBZ0lDQWdJQ0FnSUNrc0NpQWdJQ0FnSUNBZ0lDQWdJRjBzQ2lBZ0lDQWdJQ0FnSUNBcExBb2dJQ0FnSUNBZ0lDazdDaUFnSUNBZ0lIMHNDaUFnSUNBcE93b2dJSDBLZlFvS1kyeGhjM01nWDFSbFlXMUhiMkZzYzBOaGNtUWdaWGgwWlc1a2N5QlRkR0YwWld4bGMzTlhhV1JuWlhRZ2V3b2dJR052Ym5OMElGOVVaV0Z0UjI5aGJITkRZWEprS0h0eVpYRjFhWEpsWkNCMGFHbHpMbk4wWVhScGMzUnBZM045S1RzS0NpQWdabWx1WVd3Z1ZHVmhiVk4wWVhScGMzUnBZM01nYzNSaGRHbHpkR2xqY3pzS0NpQWdRRzkyWlhKeWFXUmxDaUFnVjJsa1oyVjBJR0oxYVd4a0tFSjFhV3hrUTI5dWRHVjRkQ0JqYjI1MFpYaDBLU0I3Q2lBZ0lDQm1hVzVoYkNCMGFHVnRaU0E5SUZSb1pXMWxMbTltS0dOdmJuUmxlSFFwT3dvZ0lDQWdabWx1WVd3Z2RHOTBZV3hIYjJGc2N5QTlJSE4wWVhScGMzUnBZM011WjI5aGJITkdiM0lnS3lCemRHRjBhWE4wYVdOekxtZHZZV3h6UVdkaGFXNXpkRHNLSUNBZ0lHWnBibUZzSUhOamIzSmxaRkpoZEdsdklEMGdkRzkwWVd4SGIyRnNjeUE5UFNBd0lEOGdMalVnT2lCemRHRjBhWE4wYVdOekxtZHZZV3h6Um05eUlDOGdkRzkwWVd4SGIyRnNjenNLQ2lBZ0lDQnlaWFIxY200Z1EyRnlaQ2dLSUNBZ0lDQWdiV0Z5WjJsdU9pQkZaR2RsU1c1elpYUnpMbnBsY204c0NpQWdJQ0FnSUdOb2FXeGtPaUJRWVdSa2FXNW5LQW9nSUNBZ0lDQWdJSEJoWkdScGJtYzZJR052Ym5OMElFVmtaMlZKYm5ObGRITXVjM2x0YldWMGNtbGpLR2h2Y21sNmIyNTBZV3c2SURFeUxDQjJaWEowYVdOaGJEb2dNalFwTEFvZ0lDQWdJQ0FnSUdOb2FXeGtPaUJNWVhsdmRYUkNkV2xzWkdWeUtBb2dJQ0FnSUNBZ0lDQWdZblZwYkdSbGNqb2dLR052Ym5SbGVIUXNJR052Ym5OMGNtRnBiblJ6S1NCN0NpQWdJQ0FnSUNBZ0lDQWdJR1pwYm1Gc0lHUnZiblYwVTJsNlpTQTlJRzFoZEdndWJXbHVLRGc0TGpBc0lHTnZibk4wY21GcGJuUnpMbTFoZUZkcFpIUm9JQ29nTGpJM0tUc0tDaUFnSUNBZ0lDQWdJQ0FnSUhKbGRIVnliaUJTYjNjb0NpQWdJQ0FnSUNBZ0lDQWdJQ0FnWTJocGJHUnlaVzQ2SUZzS0lDQWdJQ0FnSUNBZ0lDQWdJQ0FnSUVWNGNHRnVaR1ZrS0FvZ0lDQWdJQ0FnSUNBZ0lDQWdJQ0FnSUNCamFHbHNaRG9nWDBkdllXeFdZV3gxWlNnS0lDQWdJQ0FnSUNBZ0lDQWdJQ0FnSUNBZ0lDQjJZV3gxWlRvZ2MzUmhkR2x6ZEdsamN5NW5iMkZzYzBadmNpd0tJQ0FnSUNBZ0lDQWdJQ0FnSUNBZ0lDQWdJQ0JzWVdKbGJEb2dKMkoxZEhNZ2JXRnljWFhEcVhNbkxBb2dJQ0FnSUNBZ0lDQWdJQ0FnSUNBZ0lDQWdJR052Ykc5eU9pQmZkR1ZoYlVkeVpXVnVMQW9nSUNBZ0lDQWdJQ0FnSUNBZ0lDQWdJQ0FwTEFvZ0lDQWdJQ0FnSUNBZ0lDQWdJQ0FnS1N3S0lDQWdJQ0FnSUNBZ0lDQWdJQ0FnSUZOcGVtVmtRbTk0TG5OeGRXRnlaU2dLSUNBZ0lDQWdJQ0FnSUNBZ0lDQWdJQ0FnWkdsdFpXNXphVzl1T2lCa2IyNTFkRk5wZW1Vc0NpQWdJQ0FnSUNBZ0lDQWdJQ0FnSUNBZ0lHTm9hV3hrT2lCRGRYTjBiMjFRWVdsdWRDZ0tJQ0FnSUNBZ0lDQWdJQ0FnSUNBZ0lDQWdJQ0J3WVdsdWRHVnlPaUJmUjI5aGJITkViMjUxZEZCaGFXNTBaWElvQ2lBZ0lDQWdJQ0FnSUNBZ0lDQWdJQ0FnSUNBZ0lDQnpZMjl5WldSU1lYUnBiem9nYzJOdmNtVmtVbUYwYVc4c0NpQWdJQ0FnSUNBZ0lDQWdJQ0FnSUNBZ0lDQWdJQ0JpWVdOclozSnZkVzVrUTI5c2IzSTZDaUFnSUNBZ0lDQWdJQ0FnSUNBZ0lDQWdJQ0FnSUNBZ0lDQWdkR2hsYldVdVkyOXNiM0pUWTJobGJXVXViMjVUZFhKbVlXTmxMbmRwZEdoV1lXeDFaWE1vWVd4d2FHRTZJQzR4S1N3S0lDQWdJQ0FnSUNBZ0lDQWdJQ0FnSUNBZ0lDQXBMQW9nSUNBZ0lDQWdJQ0FnSUNBZ0lDQWdJQ0FwTEFvZ0lDQWdJQ0FnSUNBZ0lDQWdJQ0FnS1N3S0lDQWdJQ0FnSUNBZ0lDQWdJQ0FnSUVWNGNHRnVaR1ZrS0FvZ0lDQWdJQ0FnSUNBZ0lDQWdJQ0FnSUNCamFHbHNaRG9nWDBkdllXeFdZV3gxWlNnS0lDQWdJQ0FnSUNBZ0lDQWdJQ0FnSUNBZ0lDQjJZV3gxWlRvZ2MzUmhkR2x6ZEdsamN5NW5iMkZzYzBGbllXbHVjM1FzQ2lBZ0lDQWdJQ0FnSUNBZ0lDQWdJQ0FnSUNBZ2JHRmlaV3c2SUNkaWRYUnpJR1Z1WTJGcGMzUERxWE1uTEFvZ0lDQWdJQ0FnSUNBZ0lDQWdJQ0FnSUNBZ0lHTnZiRzl5T2lCZmRHVmhiVkpsWkN3S0lDQWdJQ0FnSUNBZ0lDQWdJQ0FnSUNBZ0tTd0tJQ0FnSUNBZ0lDQWdJQ0FnSUNBZ0lDa3NDaUFnSUNBZ0lDQWdJQ0FnSUNBZ1hTd0tJQ0FnSUNBZ0lDQWdJQ0FnS1RzS0lDQWdJQ0FnSUNBZ0lIMHNDaUFn
Shell: SUNBZ0lDQWdLU3dLSUNBZ0lDQWdLU3dLSUNBZ0lDazdDaUFnZlFwOUNncGpiR0Z6Y3lCZlIyOWhiRlpoYkhWbElHVjRkR1Z1WkhNZ1UzUmhkR1ZzWlhOelYybGtaMlYwSUhzS0lDQmpiMjV6ZENCZlIyOWhiRlpoYkhWbEtIc0tJQ0FnSUhKbGNYVnBjbVZrSUhSb2FYTXVkbUZzZFdVc0NpQWdJQ0J5WlhGMWFYSmxaQ0IwYUdsekxteGhZbVZzTEFvZ0lDQWdjbVZ4ZFdseVpXUWdkR2hwY3k1amIyeHZjaXdLSUNCOUtUc0tDaUFnWm1sdVlXd2dhVzUwSUhaaGJIVmxPd29nSUdacGJtRnNJRk4wY21sdVp5QnNZV0psYkRzS0lDQm1hVzVoYkNCRGIyeHZjaUJqYjJ4dmNqc0tDaUFnUUc5MlpYSnlhV1JsQ2lBZ1YybGtaMlYwSUdKMWFXeGtLRUoxYVd4a1EyOXVkR1Y0ZENCamIyNTBaWGgwS1NCN0NpQWdJQ0JtYVc1aGJDQjBhR1Z0WlNBOUlGUm9aVzFsTG05bUtHTnZiblJsZUhRcE93b0tJQ0FnSUhKbGRIVnliaUJRWVdSa2FXNW5LQW9nSUNBZ0lDQndZV1JrYVc1bk9pQmpiMjV6ZENCRlpHZGxTVzV6WlhSekxuTjViVzFsZEhKcFl5aG9iM0pwZW05dWRHRnNPaUEwS1N3S0lDQWdJQ0FnWTJocGJHUTZJRU52YkhWdGJpZ0tJQ0FnSUNBZ0lDQmphR2xzWkhKbGJqb2dXd29nSUNBZ0lDQWdJQ0FnVTJsNlpXUkNiM2dvQ2lBZ0lDQWdJQ0FnSUNBZ0lIZHBaSFJvT2lCa2IzVmliR1V1YVc1bWFXNXBkSGtzQ2lBZ0lDQWdJQ0FnSUNBZ0lHTm9hV3hrT2lCR2FYUjBaV1JDYjNnb0NpQWdJQ0FnSUNBZ0lDQWdJQ0FnWm1sME9pQkNiM2hHYVhRdWMyTmhiR1ZFYjNkdUxBb2dJQ0FnSUNBZ0lDQWdJQ0FnSUdOb2FXeGtPaUJVWlhoMEtBb2dJQ0FnSUNBZ0lDQWdJQ0FnSUNBZ0p5UjJZV3gxWlNjc0NpQWdJQ0FnSUNBZ0lDQWdJQ0FnSUNCdFlYaE1hVzVsY3pvZ01Td0tJQ0FnSUNBZ0lDQWdJQ0FnSUNBZ0lITjBlV3hsT2lCMGFHVnRaUzUwWlhoMFZHaGxiV1V1YUdWaFpHeHBibVZOWldScGRXMC9MbU52Y0hsWGFYUm9LQW9nSUNBZ0lDQWdJQ0FnSUNBZ0lDQWdJQ0JqYjJ4dmNqb2dZMjlzYjNJc0NpQWdJQ0FnSUNBZ0lDQWdJQ0FnSUNBZ0lHWnZiblJYWldsbmFIUTZJRVp2Ym5SWFpXbG5hSFF1ZHprd01Dd0tJQ0FnSUNBZ0lDQWdJQ0FnSUNBZ0lDa3NDaUFnSUNBZ0lDQWdJQ0FnSUNBZ0tTd0tJQ0FnSUNBZ0lDQWdJQ0FnS1N3S0lDQWdJQ0FnSUNBZ0lDa3NDaUFnSUNBZ0lDQWdJQ0JVWlhoMEtBb2dJQ0FnSUNBZ0lDQWdJQ0JzWVdKbGJDd0tJQ0FnSUNBZ0lDQWdJQ0FnYldGNFRHbHVaWE02SURJc0NpQWdJQ0FnSUNBZ0lDQWdJSFJsZUhSQmJHbG5iam9nVkdWNGRFRnNhV2R1TG1ObGJuUmxjaXdLSUNBZ0lDQWdJQ0FnSUNBZ2IzWmxjbVpzYjNjNklGUmxlSFJQZG1WeVpteHZkeTVsYkd4cGNITnBjeXdLSUNBZ0lDQWdJQ0FnSUNBZ2MzUjViR1U2SUhSb1pXMWxMblJsZUhSVWFHVnRaUzVpYjJSNVRXVmthWFZ0UHk1amIzQjVWMmwwYUNnS0lDQWdJQ0FnSUNBZ0lDQWdJQ0JqYjJ4dmNqb2dkR2hsYldVdVkyOXNiM0pUWTJobGJXVXViMjVUZFhKbVlXTmxWbUZ5YVdGdWRDd0tJQ0FnSUNBZ0lDQWdJQ0FnSUNCbWIyNTBWMlZwWjJoME9pQkdiMjUwVjJWcFoyaDBMbmMzTURBc0NpQWdJQ0FnSUNBZ0lDQWdJQ2tzQ2lBZ0lDQWdJQ0FnSUNBcExBb2dJQ0FnSUNBZ0lGMHNDaUFnSUNBZ0lDa3NDaUFnSUNBcE93b2dJSDBLZlFvS1kyeGhjM01nWDBkdllXeHpSRzl1ZFhSUVlXbHVkR1Z5SUdWNGRHVnVaSE1nUTNWemRHOXRVR0ZwYm5SbGNpQjdDaUFnWTI5dWMzUWdYMGR2WVd4elJHOXVkWFJRWVdsdWRHVnlLSHNLSUNBZ0lISmxjWFZwY21Wa0lIUm9hWE11YzJOdmNtVmtVbUYwYVc4c0NpQWdJQ0J5WlhGMWFYSmxaQ0IwYUdsekxtSmhZMnRuY205MWJtUkRiMnh2Y2l3S0lDQjlLVHNLQ2lBZ1ptbHVZV3dnWkc5MVlteGxJSE5qYjNKbFpGSmhkR2x2T3dvZ0lHWnBibUZzSUVOdmJHOXlJR0poWTJ0bmNtOTFibVJEYjJ4dmNqc0tDaUFnUUc5MlpYSnlhV1JsQ2lBZ2RtOXBaQ0J3WVdsdWRDaERZVzUyWVhNZ1kyRnVkbUZ6TENCVGFYcGxJSE5wZW1VcElIc0tJQ0FnSUdacGJtRnNJSE4wY205clpWZHBaSFJvSUQwZ2JXRjBhQzV0YVc0b2MybDZaUzUzYVdSMGFDd2djMmw2WlM1b1pXbG5hSFFwSUNvZ0xqSXlPd29nSUNBZ1ptbHVZV3dnYzJsa1pTQTlJRzFoZEdndWJXbHVLSE5wZW1VdWQybGtkR2dzSUhOcGVtVXVhR1ZwWjJoMEtUc0tJQ0FnSUdacGJtRnNJR3hsWm5RZ1BTQW9jMmw2WlM1M2FXUjBhQ0F0SUhOcFpHVXBJQzhnTWpzS0lDQWdJR1pwYm1Gc0lIUnZjQ0E5SUNoemFYcGxMbWhsYVdkb2RDQXRJSE5wWkdVcElDOGdNanNLSUNBZ0lHWnBibUZzSUdGeVkxSmxZM1FnUFFvZ0lDQWdJQ0FnSUZKbFkzUXVabkp2YlV4VVYwZ29iR1ZtZEN3Z2RHOXdMQ0J6YVdSbExDQnphV1JsS1M1a1pXWnNZWFJsS0hOMGNtOXJaVmRwWkhSb0lDOGdNaWs3Q2dvZ0lDQWdabWx1WVd3Z1ltRnpaVkJoYVc1MElEMGdVR0ZwYm5Rb0tRb2dJQ0FnSUNBdUxuTjBlV3hsSUQwZ1VHRnBiblJwYm1kVGRIbHNaUzV6ZEhKdmEyVUtJQ0FnSUNBZ0xpNXpkSEp2YTJWWGFXUjBhQ0E5SUhOMGNtOXJaVmRwWkhSb0NpQWdJQ0FnSUM0dVkyOXNiM0lnUFNCaVlXTnJaM0p2ZFc1a1EyOXNiM0k3Q2lBZ0lDQm1hVzVoYkNCelkyOXlaV1JRWVdsdWRDQTlJRkJoYVc1MEtDa0tJQ0FnSUNBZ0xpNXpkSGxzWlNBOUlGQmhhVzUwYVc1blUzUjViR1V1YzNSeWIydGxDaUFnSUNBZ0lDNHVjM1J5YjJ0bFYybGtkR2dnUFNCemRISnZhMlZYYVdSMGFBb2dJQ0FnSUNBdUxtTnZiRzl5SUQwZ1gzUmxZVzFIY21WbGJqc0tJQ0FnSUdacGJtRnNJR052Ym1ObFpHVmtVR0ZwYm5RZ1BTQlFZV2x1ZENncENpQWdJQ0FnSUM0dWMzUjViR1VnUFNCUVlXbHVkR2x1WjFOMGVXeGxMbk4wY205clpRb2dJQ0FnSUNBdUxuTjBjbTlyWlZkcFpIUm9JRDBnYzNSeWIydGxWMmxrZEdnS0lDQWdJQ0FnTGk1amIyeHZjaUE5SUY5MFpXRnRVbVZrT3dvS0lDQWdJR05oYm5aaGN5NWtjbUYzUVhKaktHRnlZMUpsWTNRc0lEQXNJRzFoZEdndWNHa2dLaUF5TENCbVlXeHpaU3dnWW1GelpWQmhhVzUwS1RzS0lDQWdJR052
Shell: Ym5OMElITjBZWEowSUQwZ0xXMWhkR2d1Y0drZ0x5QXlPd29nSUNBZ1ptbHVZV3dnYzJOdmNtVmtVM2RsWlhBZ1BTQnRZWFJvTG5CcElDb2dNaUFxSUhOamIzSmxaRkpoZEdsdkxtTnNZVzF3S0RBdU1Dd2dNUzR3S1M1MGIwUnZkV0pzWlNncE93b2dJQ0FnWTJGdWRtRnpMbVJ5WVhkQmNtTW9ZWEpqVW1WamRDd2djM1JoY25Rc0lITmpiM0psWkZOM1pXVndMQ0JtWVd4elpTd2djMk52Y21Wa1VHRnBiblFwT3dvZ0lDQWdZMkZ1ZG1GekxtUnlZWGRCY21Nb0NpQWdJQ0FnSUdGeVkxSmxZM1FzQ2lBZ0lDQWdJSE4wWVhKMElDc2djMk52Y21Wa1UzZGxaWEFzQ2lBZ0lDQWdJRzFoZEdndWNHa2dLaUF5SUMwZ2MyTnZjbVZrVTNkbFpYQXNDaUFnSUNBZ0lHWmhiSE5sTEFvZ0lDQWdJQ0JqYjI1alpXUmxaRkJoYVc1MExBb2dJQ0FnS1RzS0lDQjlDZ29nSUVCdmRtVnljbWxrWlFvZ0lHSnZiMndnYzJodmRXeGtVbVZ3WVdsdWRDaGpiM1poY21saGJuUWdYMGR2WVd4elJHOXVkWFJRWVdsdWRHVnlJRzlzWkVSbGJHVm5ZWFJsS1NCN0NpQWdJQ0J5WlhSMWNtNGdiMnhrUkdWc1pXZGhkR1V1YzJOdmNtVmtVbUYwYVc4Z0lUMGdjMk52Y21Wa1VtRjBhVzhnZkh3S0lDQWdJQ0FnSUNCdmJHUkVaV3hsWjJGMFpTNWlZV05yWjNKdmRXNWtRMjlzYjNJZ0lUMGdZbUZqYTJkeWIzVnVaRU52Ykc5eU93b2dJSDBLZlFvS1kyeGhjM01nWDFKbFkyVnVkRkpsYzNWc2RITkRZWEprSUdWNGRHVnVaSE1nVTNSaGRHVnNaWE56VjJsa1oyVjBJSHNLSUNCamIyNXpkQ0JmVW1WalpXNTBVbVZ6ZFd4MGMwTmhjbVFvZTNKbGNYVnBjbVZrSUhSb2FYTXVjbVZ6ZFd4MGMzMHBPd29LSUNCbWFXNWhiQ0JNYVhOMFBGTjBjbWx1Wno0Z2NtVnpkV3gwY3pzS0NpQWdRRzkyWlhKeWFXUmxDaUFnVjJsa1oyVjBJR0oxYVd4a0tFSjFhV3hrUTI5dWRHVjRkQ0JqYjI1MFpYaDBLU0I3Q2lBZ0lDQnlaWFIxY200Z1EyRnlaQ2dLSUNBZ0lDQWdiV0Z5WjJsdU9pQkZaR2RsU1c1elpYUnpMbnBsY204c0NpQWdJQ0FnSUdOb2FXeGtPaUJRWVdSa2FXNW5LQW9nSUNBZ0lDQWdJSEJoWkdScGJtYzZJR052Ym5OMElFVmtaMlZKYm5ObGRITXVjM2x0YldWMGNtbGpLR2h2Y21sNmIyNTBZV3c2SURFeUxDQjJaWEowYVdOaGJEb2dNakFwTEFvZ0lDQWdJQ0FnSUdOb2FXeGtPaUJNWVhsdmRYUkNkV2xzWkdWeUtBb2dJQ0FnSUNBZ0lDQWdZblZwYkdSbGNqb2dLR052Ym5SbGVIUXNJR052Ym5OMGNtRnBiblJ6S1NCN0NpQWdJQ0FnSUNBZ0lDQWdJR052Ym5OMElHZGhjQ0E5SURndU1Ec0tJQ0FnSUNBZ0lDQWdJQ0FnWm1sdVlXd2dZMjkxYm5RZ1BTQnlaWE4xYkhSekxteGxibWQwYURzS0lDQWdJQ0FnSUNBZ0lDQWdabWx1WVd3Z1luVmlZbXhsVTJsNlpTQTlJR052ZFc1MElEMDlJREFLSUNBZ0lDQWdJQ0FnSUNBZ0lDQWdJRDhnTUM0d0NpQWdJQ0FnSUNBZ0lDQWdJQ0FnSUNBNklHMWhkR2d1YldsdUtBb2dJQ0FnSUNBZ0lDQWdJQ0FnSUNBZ0lDQWdJRFE0TGpBc0NpQWdJQ0FnSUNBZ0lDQWdJQ0FnSUNBZ0lDQWdiV0YwYUM1dFlYZ29DaUFnSUNBZ0lDQWdJQ0FnSUNBZ0lDQWdJQ0FnSUNBd0xqQXNDaUFnSUNBZ0lDQWdJQ0FnSUNBZ0lDQWdJQ0FnSUNBb1kyOXVjM1J5WVdsdWRITXViV0Y0VjJsa2RHZ2dMU0JuWVhBZ0tpQW9ZMjkxYm5RZ0xTQXhLU2tnTHlCamIzVnVkQ3dLSUNBZ0lDQWdJQ0FnSUNBZ0lDQWdJQ0FnSUNBcExBb2dJQ0FnSUNBZ0lDQWdJQ0FnSUNBZ0lDQXBPd29LSUNBZ0lDQWdJQ0FnSUNBZ2NtVjBkWEp1SUZkeVlYQW9DaUFnSUNBZ0lDQWdJQ0FnSUNBZ1lXeHBaMjV0Wlc1ME9pQlhjbUZ3UVd4cFoyNXRaVzUwTG5Od1lXTmxRbVYwZDJWbGJpd0tJQ0FnSUNBZ0lDQWdJQ0FnSUNCeWRXNUJiR2xuYm0xbGJuUTZJRmR5WVhCQmJHbG5ibTFsYm5RdVkyVnVkR1Z5TEFvZ0lDQWdJQ0FnSUNBZ0lDQWdJSE53WVdOcGJtYzZJR2RoY0N3S0lDQWdJQ0FnSUNBZ0lDQWdJQ0J5ZFc1VGNHRmphVzVuT2lCbllYQXNDaUFnSUNBZ0lDQWdJQ0FnSUNBZ1kyaHBiR1J5Wlc0NklGc0tJQ0FnSUNBZ0lDQWdJQ0FnSUNBZ0lHWnZjaUFvWm1sdVlXd2djbVZ6ZFd4MElHbHVJSEpsYzNWc2RITXBDaUFnSUNBZ0lDQWdJQ0FnSUNBZ0lDQWdJRjlTWlhOMWJIUkNkV0ppYkdVb0NpQWdJQ0FnSUNBZ0lDQWdJQ0FnSUNBZ0lDQWdjbVZ6ZFd4ME9pQnlaWE4xYkhRc0NpQWdJQ0FnSUNBZ0lDQWdJQ0FnSUNBZ0lDQWdaR2x0Wlc1emFXOXVPaUJpZFdKaWJHVlRhWHBsTEFvZ0lDQWdJQ0FnSUNBZ0lDQWdJQ0FnSUNBcExBb2dJQ0FnSUNBZ0lDQWdJQ0FnSUYwc0NpQWdJQ0FnSUNBZ0lDQWdJQ2s3Q2lBZ0lDQWdJQ0FnSUNCOUxBb2dJQ0FnSUNBZ0lDa3NDaUFnSUNBZ0lDa3NDaUFnSUNBcE93b2dJSDBLZlFvS1kyeGhjM01nWDFKbGMzVnNkRUoxWW1Kc1pTQmxlSFJsYm1SeklGTjBZWFJsYkdWemMxZHBaR2RsZENCN0NpQWdZMjl1YzNRZ1gxSmxjM1ZzZEVKMVltSnNaU2g3Q2lBZ0lDQnlaWEYxYVhKbFpDQjBhR2x6TG5KbGMzVnNkQ3dLSUNBZ0lISmxjWFZwY21Wa0lIUm9hWE11WkdsdFpXNXphVzl1TEFvZ0lIMHBPd29LSUNCbWFXNWhiQ0JUZEhKcGJtY2djbVZ6ZFd4ME93b2dJR1pwYm1Gc0lHUnZkV0pzWlNCa2FXMWxibk5wYjI0N0Nnb2dJRUJ2ZG1WeWNtbGtaUW9nSUZkcFpHZGxkQ0JpZFdsc1pDaENkV2xzWkVOdmJuUmxlSFFnWTI5dWRHVjRkQ2tnZXdvZ0lDQWdabWx1WVd3Z1kyOXNiM0lnUFNCemQybDBZMmdnS0hKbGMzVnNkQ2tnZXdvZ0lDQWdJQ0FuVmljZ1BUNGdYM1JsWVcxSGNtVmxiaXdLSUNBZ0lDQWdKMDRuSUQwK0lGOTBaV0Z0V1dWc2JHOTNMQW9nSUNBZ0lDQmZJRDArSUY5MFpXRnRVbVZrTEFvZ0lDQWdmVHNLQ2lBZ0lDQnlaWFIxY200Z1UybDZaV1JDYjNndWMzRjFZWEpsS0FvZ0lDQWdJQ0JrYVcxbGJuTnBiMjQ2SUdScGJXVnVjMmx2Yml3S0lDQWdJQ0FnWTJocGJHUTZJRVJsWTI5eVlYUmxaRUp2ZUNnS0lDQWdJQ0FnSUNCa1pXTnZjbUYwYVc5dU9pQkNiM2hFWldOdmNtRjBhVzl1S0FvZ0lDQWdJQ0FnSUNBZ1kyOXNiM0k2SUdOdmJHOXlMQW9nSUNBZ0lDQWdJQ0Fn
Shell: YzJoaGNHVTZJRUp2ZUZOb1lYQmxMbU5wY21Oc1pTd0tJQ0FnSUNBZ0lDQXBMQW9nSUNBZ0lDQWdJR05vYVd4a09pQkRaVzUwWlhJb0NpQWdJQ0FnSUNBZ0lDQmphR2xzWkRvZ1JtbDBkR1ZrUW05NEtBb2dJQ0FnSUNBZ0lDQWdJQ0JtYVhRNklFSnZlRVpwZEM1elkyRnNaVVJ2ZDI0c0NpQWdJQ0FnSUNBZ0lDQWdJR05vYVd4a09pQlVaWGgwS0FvZ0lDQWdJQ0FnSUNBZ0lDQWdJSEpsYzNWc2RDd0tJQ0FnSUNBZ0lDQWdJQ0FnSUNCemRIbHNaVG9nVkdWNGRGTjBlV3hsS0FvZ0lDQWdJQ0FnSUNBZ0lDQWdJQ0FnWTI5c2IzSTZJRU52Ykc5eWN5NTNhR2wwWlN3S0lDQWdJQ0FnSUNBZ0lDQWdJQ0FnSUdadmJuUlhaV2xuYUhRNklFWnZiblJYWldsbmFIUXVkemt3TUN3S0lDQWdJQ0FnSUNBZ0lDQWdJQ0FnSUdadmJuUlRhWHBsT2lCa2FXMWxibk5wYjI0Z0tpQXVORFlzQ2lBZ0lDQWdJQ0FnSUNBZ0lDQWdLU3dLSUNBZ0lDQWdJQ0FnSUNBZ0tTd0tJQ0FnSUNBZ0lDQWdJQ2tzQ2lBZ0lDQWdJQ0FnS1N3S0lDQWdJQ0FnS1N3S0lDQWdJQ2s3Q2lBZ2ZRcDlDZ3BqYkdGemN5QmZRWFpsY21GblpWTmpiM0psUTJGeVpDQmxlSFJsYm1SeklGTjBZWFJsYkdWemMxZHBaR2RsZENCN0NpQWdZMjl1YzNRZ1gwRjJaWEpoWjJWVFkyOXlaVU5oY21Rb2UzSmxjWFZwY21Wa0lIUm9hWE11YzNSaGRHbHpkR2xqYzMwcE93b0tJQ0JtYVc1aGJDQlVaV0Z0VTNSaGRHbHpkR2xqY3lCemRHRjBhWE4wYVdOek93b0tJQ0JUZEhKcGJtY2dYMkYyWlhKaFoyVW9aRzkxWW14bElIWmhiSFZsS1NCN0NpQWdJQ0J5WlhSMWNtNGdkbUZzZFdVdWRHOVRkSEpwYm1kQmMwWnBlR1ZrS0RJcExuSmxjR3hoWTJWQmJHd29KeTRuTENBbkxDY3BPd29nSUgwS0NpQWdRRzkyWlhKeWFXUmxDaUFnVjJsa1oyVjBJR0oxYVd4a0tFSjFhV3hrUTI5dWRHVjRkQ0JqYjI1MFpYaDBLU0I3Q2lBZ0lDQnlaWFIxY200Z1EyRnlaQ2dLSUNBZ0lDQWdiV0Z5WjJsdU9pQkZaR2RsU1c1elpYUnpMbnBsY204c0NpQWdJQ0FnSUdOb2FXeGtPaUJRWVdSa2FXNW5LQW9nSUNBZ0lDQWdJSEJoWkdScGJtYzZJR052Ym5OMElFVmtaMlZKYm5ObGRITXVjM2x0YldWMGNtbGpLR2h2Y21sNmIyNTBZV3c2SURFNExDQjJaWEowYVdOaGJEb2dNaklwTEFvZ0lDQWdJQ0FnSUdOb2FXeGtPaUJTYjNjb0NpQWdJQ0FnSUNBZ0lDQmphR2xzWkhKbGJqb2dXd29nSUNBZ0lDQWdJQ0FnSUNCRmVIQmhibVJsWkNnS0lDQWdJQ0FnSUNBZ0lDQWdJQ0JqYUdsc1pEb2dYMEYyWlhKaFoyVldZV3gxWlNnS0lDQWdJQ0FnSUNBZ0lDQWdJQ0FnSUd4aFltVnNPaUFuVFc5NUxpQmlkWFJ6SUcxaGNuRjF3Nmx6Snl3S0lDQWdJQ0FnSUNBZ0lDQWdJQ0FnSUhaaGJIVmxPaUJmWVhabGNtRm5aU2h6ZEdGMGFYTjBhV056TG1kdllXeHpSbTl5VUdWeVRXRjBZMmdwTEFvZ0lDQWdJQ0FnSUNBZ0lDQWdJQ0FnWTI5c2IzSTZJRjkwWldGdFIzSmxaVzRzQ2lBZ0lDQWdJQ0FnSUNBZ0lDQWdLU3dLSUNBZ0lDQWdJQ0FnSUNBZ0tTd0tJQ0FnSUNBZ0lDQWdJQ0FnUTI5dWRHRnBibVZ5S0FvZ0lDQWdJQ0FnSUNBZ0lDQWdJSGRwWkhSb09pQXhMQW9nSUNBZ0lDQWdJQ0FnSUNBZ0lHaGxhV2RvZERvZ05UZ3NDaUFnSUNBZ0lDQWdJQ0FnSUNBZ1kyOXNiM0k2SUZSb1pXMWxMbTltS0dOdmJuUmxlSFFwQ2lBZ0lDQWdJQ0FnSUNBZ0lDQWdJQ0FnSUM1amIyeHZjbE5qYUdWdFpRb2dJQ0FnSUNBZ0lDQWdJQ0FnSUNBZ0lDQXViMjVUZFhKbVlXTmxDaUFnSUNBZ0lDQWdJQ0FnSUNBZ0lDQWdJQzUzYVhSb1ZtRnNkV1Z6S0dGc2NHaGhPaUF1TVRJcExBb2dJQ0FnSUNBZ0lDQWdJQ0FwTEFvZ0lDQWdJQ0FnSUNBZ0lDQkZlSEJoYm1SbFpDZ0tJQ0FnSUNBZ0lDQWdJQ0FnSUNCamFHbHNaRG9nWDBGMlpYSmhaMlZXWVd4MVpTZ0tJQ0FnSUNBZ0lDQWdJQ0FnSUNBZ0lHeGhZbVZzT2lBblRXOTVMaUJpZFhSeklHVnVZMkZwYzNQRHFYTW5MQW9nSUNBZ0lDQWdJQ0FnSUNBZ0lDQWdkbUZzZFdVNklGOWhkbVZ5WVdkbEtITjBZWFJwYzNScFkzTXVaMjloYkhOQloyRnBibk4wVUdWeVRXRjBZMmdwTEFvZ0lDQWdJQ0FnSUNBZ0lDQWdJQ0FnWTI5c2IzSTZJRjkwWldGdFVtVmtMQW9nSUNBZ0lDQWdJQ0FnSUNBZ0lDa3NDaUFnSUNBZ0lDQWdJQ0FnSUNrc0NpQWdJQ0FnSUNBZ0lDQmRMQW9nSUNBZ0lDQWdJQ2tzQ2lBZ0lDQWdJQ2tzQ2lBZ0lDQXBPd29nSUgwS2ZRb0tZMnhoYzNNZ1gwRjJaWEpoWjJWV1lXeDFaU0JsZUhSbGJtUnpJRk4wWVhSbGJHVnpjMWRwWkdkbGRDQjdDaUFnWTI5dWMzUWdYMEYyWlhKaFoyVldZV3gxWlNoN0NpQWdJQ0J5WlhGMWFYSmxaQ0IwYUdsekxteGhZbVZzTEFvZ0lDQWdjbVZ4ZFdseVpXUWdkR2hwY3k1MllXeDFaU3dLSUNBZ0lISmxjWFZwY21Wa0lIUm9hWE11WTI5c2IzSXNDaUFnZlNrN0Nnb2dJR1pwYm1Gc0lGTjBjbWx1WnlCc1lXSmxiRHNLSUNCbWFXNWhiQ0JUZEhKcGJtY2dkbUZzZFdVN0NpQWdabWx1WVd3Z1EyOXNiM0lnWTI5c2IzSTdDZ29nSUVCdmRtVnljbWxrWlFvZ0lGZHBaR2RsZENCaWRXbHNaQ2hDZFdsc1pFTnZiblJsZUhRZ1kyOXVkR1Y0ZENrZ2V3b2dJQ0FnY21WMGRYSnVJRU52YkhWdGJpZ0tJQ0FnSUNBZ1kyaHBiR1J5Wlc0NklGc0tJQ0FnSUNBZ0lDQlVaWGgwS0FvZ0lDQWdJQ0FnSUNBZ2RtRnNkV1VzQ2lBZ0lDQWdJQ0FnSUNCemRIbHNaVG9nVkdobGJXVXViMllvWTI5dWRHVjRkQ2t1ZEdWNGRGUm9aVzFsTG1obFlXUnNhVzVsVFdWa2FYVnRQeTVqYjNCNVYybDBhQ2dLSUNBZ0lDQWdJQ0FnSUNBZ0lDQWdJR052Ykc5eU9pQmpiMnh2Y2l3S0lDQWdJQ0FnSUNBZ0lDQWdJQ0FnSUdadmJuUlhaV2xuYUhRNklFWnZiblJYWldsbmFIUXVkemt3TUN3S0lDQWdJQ0FnSUNBZ0lDQWdJQ0FwTEFvZ0lDQWdJQ0FnSUNrc0NpQWdJQ0FnSUNBZ1kyOXVjM1FnVTJsNlpXUkNiM2dvYUdWcFoyaDBPaUEwS1N3S0lDQWdJQ0FnSUNCVVpYaDBLQW9nSUNBZ0lDQWdJQ0FnYkdGaVpXd3NDaUFnSUNBZ0lDQWdJQ0IwWlhoMFFXeHBaMjQ2SUZSbGVIUkJiR2xuYmk1alpXNTBaWElzQ2lBZ0lDQWdJQ0Fn
Shell: SUNCemRIbHNaVG9nVkdobGJXVXViMllvWTI5dWRHVjRkQ2t1ZEdWNGRGUm9aVzFsTG1KdlpIbFRiV0ZzYkQ4dVkyOXdlVmRwZEdnb0NpQWdJQ0FnSUNBZ0lDQWdJQ0FnSUNCbWIyNTBWMlZwWjJoME9pQkdiMjUwVjJWcFoyaDBMbmMzTURBc0NpQWdJQ0FnSUNBZ0lDQWdJQ0FnS1N3S0lDQWdJQ0FnSUNBcExBb2dJQ0FnSUNCZExBb2dJQ0FnS1RzS0lDQjlDbjBLQ21Oc1lYTnpJRjlUWTI5eVpVMWhjbWRwYmtOaGNtUWdaWGgwWlc1a2N5QlRkR0YwWld4bGMzTlhhV1JuWlhRZ2V3b2dJR052Ym5OMElGOVRZMjl5WlUxaGNtZHBia05oY21Rb2UzSmxjWFZwY21Wa0lIUm9hWE11WkdsemRISnBZblYwYVc5dWZTazdDZ29nSUdacGJtRnNJRTFoY0R4cGJuUXNJR2x1ZEQ0Z1pHbHpkSEpwWW5WMGFXOXVPd29LSUNCQWIzWmxjbkpwWkdVS0lDQlhhV1JuWlhRZ1luVnBiR1FvUW5WcGJHUkRiMjUwWlhoMElHTnZiblJsZUhRcElIc0tJQ0FnSUdacGJtRnNJSEpoZDAxcGJpQTlJR1JwYzNSeWFXSjFkR2x2Ymk1clpYbHpMbkpsWkhWalpTaHRZWFJvTG0xcGJpazdDaUFnSUNCbWFXNWhiQ0J5WVhkTllYZ2dQU0JrYVhOMGNtbGlkWFJwYjI0dWEyVjVjeTV5WldSMVkyVW9iV0YwYUM1dFlYZ3BPd29nSUNBZ1ptbHVZV3dnYldsdVRXRnlaMmx1SUQwZ2JXRjBhQzV0YVc0b0xUSXNJSEpoZDAxcGJpazdDaUFnSUNCbWFXNWhiQ0J0WVhoTllYSm5hVzRnUFNCdFlYUm9MbTFoZUNneE1Dd2djbUYzVFdGNEtUc0tJQ0FnSUdacGJtRnNJRzFoY21kcGJuTWdQU0JiQ2lBZ0lDQWdJR1p2Y2lBb2RtRnlJRzFoY21kcGJpQTlJRzFwYmsxaGNtZHBianNnYldGeVoybHVJRHc5SUcxaGVFMWhjbWRwYmpzZ2JXRnlaMmx1S3lzcElHMWhjbWRwYml3S0lDQWdJRjA3Q2lBZ0lDQm1hVzVoYkNCdFlYaERiM1Z1ZENBOUlHMWhkR2d1YldGNEtBb2dJQ0FnSUNBeExBb2dJQ0FnSUNCa2FYTjBjbWxpZFhScGIyNHVkbUZzZFdWekxtWnZiR1E4YVc1MFBpZ0tJQ0FnSUNBZ0lDQXdMQW9nSUNBZ0lDQWdJQ2h0WVhocGJYVnRMQ0IyWVd4MVpTa2dQVDRnYldGMGFDNXRZWGdvYldGNGFXMTFiU3dnZG1Gc2RXVXBMQW9nSUNBZ0lDQXBMQW9nSUNBZ0tUc0tDaUFnSUNCeVpYUjFjbTRnUTJGeVpDZ0tJQ0FnSUNBZ2JXRnlaMmx1T2lCRlpHZGxTVzV6WlhSekxucGxjbThzQ2lBZ0lDQWdJR05vYVd4a09pQlFZV1JrYVc1bktBb2dJQ0FnSUNBZ0lIQmhaR1JwYm1jNklHTnZibk4wSUVWa1oyVkpibk5sZEhNdVpuSnZiVXhVVWtJb01UQXNJREU0TENBeE1Dd2dNVFFwTEFvZ0lDQWdJQ0FnSUdOb2FXeGtPaUJUYVhwbFpFSnZlQ2dLSUNBZ0lDQWdJQ0FnSUdobGFXZG9kRG9nTWpNMkxBb2dJQ0FnSUNBZ0lDQWdZMmhwYkdRNklGSnZkeWdLSUNBZ0lDQWdJQ0FnSUNBZ1kzSnZjM05CZUdselFXeHBaMjV0Wlc1ME9pQkRjbTl6YzBGNGFYTkJiR2xuYm0xbGJuUXVjM1J5WlhSamFDd0tJQ0FnSUNBZ0lDQWdJQ0FnWTJocGJHUnlaVzQ2SUZzS0lDQWdJQ0FnSUNBZ0lDQWdJQ0JtYjNJZ0tHWnBibUZzSUcxaGNtZHBiaUJwYmlCdFlYSm5hVzV6S1FvZ0lDQWdJQ0FnSUNBZ0lDQWdJQ0FnUlhod1lXNWtaV1FvQ2lBZ0lDQWdJQ0FnSUNBZ0lDQWdJQ0FnSUdOb2FXeGtPaUJmVFdGeVoybHVRbUZ5S0FvZ0lDQWdJQ0FnSUNBZ0lDQWdJQ0FnSUNBZ0lHMWhjbWRwYmpvZ2JXRnlaMmx1TEFvZ0lDQWdJQ0FnSUNBZ0lDQWdJQ0FnSUNBZ0lHTnZkVzUwT2lCa2FYTjBjbWxpZFhScGIyNWJiV0Z5WjJsdVhTQS9QeUF3TEFvZ0lDQWdJQ0FnSUNBZ0lDQWdJQ0FnSUNBZ0lHMWhlRU52ZFc1ME9pQnRZWGhEYjNWdWRDd0tJQ0FnSUNBZ0lDQWdJQ0FnSUNBZ0lDQWdLU3dLSUNBZ0lDQWdJQ0FnSUNBZ0lDQWdJQ2tzQ2lBZ0lDQWdJQ0FnSUNBZ0lGMHNDaUFnSUNBZ0lDQWdJQ0FwTEFvZ0lDQWdJQ0FnSUNrc0NpQWdJQ0FnSUNrc0NpQWdJQ0FwT3dvZ0lIMEtmUW9LWTJ4aGMzTWdYMDFoY21kcGJrSmhjaUJsZUhSbGJtUnpJRk4wWVhSbGJHVnpjMWRwWkdkbGRDQjdDaUFnWTI5dWMzUWdYMDFoY21kcGJrSmhjaWg3Q2lBZ0lDQnlaWEYxYVhKbFpDQjBhR2x6TG0xaGNtZHBiaXdLSUNBZ0lISmxjWFZwY21Wa0lIUm9hWE11WTI5MWJuUXNDaUFnSUNCeVpYRjFhWEpsWkNCMGFHbHpMbTFoZUVOdmRXNTBMQW9nSUgwcE93b0tJQ0JtYVc1aGJDQnBiblFnYldGeVoybHVPd29nSUdacGJtRnNJR2x1ZENCamIzVnVkRHNLSUNCbWFXNWhiQ0JwYm5RZ2JXRjRRMjkxYm5RN0Nnb2dJRUJ2ZG1WeWNtbGtaUW9nSUZkcFpHZGxkQ0JpZFdsc1pDaENkV2xzWkVOdmJuUmxlSFFnWTI5dWRHVjRkQ2tnZXdvZ0lDQWdabWx1WVd3Z1kyOXNiM0lnUFNCdFlYSm5hVzRnUENBd0NpQWdJQ0FnSUNBZ1B5QmZkR1ZoYlZKbFpBb2dJQ0FnSUNBZ0lEb2diV0Z5WjJsdUlEMDlJREFLSUNBZ0lDQWdJQ0FnSUNBZ1B5QmZkR1ZoYlZsbGJHeHZkd29nSUNBZ0lDQWdJQ0FnSUNBNklGOTBaV0Z0UjNKbFpXNDdDaUFnSUNCbWFXNWhiQ0JzWVdKbGJDQTlJRzFoY21kcGJpQStJREFnUHlBbkt5UnRZWEpuYVc0bklEb2dKeVJ0WVhKbmFXNG5Pd29LSUNBZ0lISmxkSFZ5YmlCUVlXUmthVzVuS0FvZ0lDQWdJQ0J3WVdSa2FXNW5PaUJqYjI1emRDQkZaR2RsU1c1elpYUnpMbk41YlcxbGRISnBZeWhvYjNKcGVtOXVkR0ZzT2lBeUtTd0tJQ0FnSUNBZ1kyaHBiR1E2SUVOdmJIVnRiaWdLSUNBZ0lDQWdJQ0JqYUdsc1pISmxiam9nV3dvZ0lDQWdJQ0FnSUNBZ1UybDZaV1JDYjNnb0NpQWdJQ0FnSUNBZ0lDQWdJR2hsYVdkb2REb2dNVGdzQ2lBZ0lDQWdJQ0FnSUNBZ0lHTm9hV3hrT2lCVVpYaDBLQW9nSUNBZ0lDQWdJQ0FnSUNBZ0lHTnZkVzUwSUQwOUlEQWdQeUFuSnlBNklDY2tZMjkxYm5RbkxBb2dJQ0FnSUNBZ0lDQWdJQ0FnSUhOMGVXeGxPaUJVYUdWdFpTNXZaaWhqYjI1MFpYaDBLUzUwWlhoMFZHaGxiV1V1YkdGaVpXeFRiV0ZzYkQ4dVkyOXdlVmRwZEdnb0NpQWdJQ0FnSUNBZ0lDQWdJQ0FnSUNBZ0lDQWdabTl1ZEZkbGFXZG9kRG9nUm05dWRGZGxhV2RvZEM1M09EQXdMQW9nSUNBZ0lDQWdJQ0FnSUNBZ0lDQWdJQ0FwTEFvZ0lDQWdJQ0Fn
Shell: SUNBZ0lDQXBMQW9nSUNBZ0lDQWdJQ0FnS1N3S0lDQWdJQ0FnSUNBZ0lHTnZibk4wSUZOcGVtVmtRbTk0S0dobGFXZG9kRG9nTkNrc0NpQWdJQ0FnSUNBZ0lDQkZlSEJoYm1SbFpDZ0tJQ0FnSUNBZ0lDQWdJQ0FnWTJocGJHUTZJRUZzYVdkdUtBb2dJQ0FnSUNBZ0lDQWdJQ0FnSUdGc2FXZHViV1Z1ZERvZ1FXeHBaMjV0Wlc1MExtSnZkSFJ2YlVObGJuUmxjaXdLSUNBZ0lDQWdJQ0FnSUNBZ0lDQmphR2xzWkRvZ1JuSmhZM1JwYjI1aGJHeDVVMmw2WldSQ2IzZ29DaUFnSUNBZ0lDQWdJQ0FnSUNBZ0lDQm9aV2xuYUhSR1lXTjBiM0k2SUdOdmRXNTBJRDA5SURBZ1B5QXVNREVnT2lCamIzVnVkQ0F2SUcxaGVFTnZkVzUwTEFvZ0lDQWdJQ0FnSUNBZ0lDQWdJQ0FnWTJocGJHUTZJRU52Ym5SaGFXNWxjaWdLSUNBZ0lDQWdJQ0FnSUNBZ0lDQWdJQ0FnZDJsa2RHZzZJREl3TEFvZ0lDQWdJQ0FnSUNBZ0lDQWdJQ0FnSUNCa1pXTnZjbUYwYVc5dU9pQkNiM2hFWldOdmNtRjBhVzl1S0FvZ0lDQWdJQ0FnSUNBZ0lDQWdJQ0FnSUNBZ0lHTnZiRzl5T2lCamIzVnVkQ0E5UFNBd0lEOGdRMjlzYjNKekxuUnlZVzV6Y0dGeVpXNTBJRG9nWTI5c2IzSXNDaUFnSUNBZ0lDQWdJQ0FnSUNBZ0lDQWdJQ0FnWW05eVpHVnlVbUZrYVhWek9pQmpiMjV6ZENCQ2IzSmtaWEpTWVdScGRYTXVkbVZ5ZEdsallXd29DaUFnSUNBZ0lDQWdJQ0FnSUNBZ0lDQWdJQ0FnSUNCMGIzQTZJRkpoWkdsMWN5NWphWEpqZFd4aGNpZ3pLU3dLSUNBZ0lDQWdJQ0FnSUNBZ0lDQWdJQ0FnSUNBcExBb2dJQ0FnSUNBZ0lDQWdJQ0FnSUNBZ0lDQXBMQW9nSUNBZ0lDQWdJQ0FnSUNBZ0lDQWdLU3dLSUNBZ0lDQWdJQ0FnSUNBZ0lDQXBMQW9nSUNBZ0lDQWdJQ0FnSUNBcExBb2dJQ0FnSUNBZ0lDQWdLU3dLSUNBZ0lDQWdJQ0FnSUdOdmJuTjBJRk5wZW1Wa1FtOTRLR2hsYVdkb2REb2dPQ2tzQ2lBZ0lDQWdJQ0FnSUNCVVpYaDBLQW9nSUNBZ0lDQWdJQ0FnSUNCc1lXSmxiQ3dLSUNBZ0lDQWdJQ0FnSUNBZ2MzUjViR1U2SUZSb1pXMWxMbTltS0dOdmJuUmxlSFFwTG5SbGVIUlVhR1Z0WlM1c1lXSmxiRk50WVd4c1B5NWpiM0I1VjJsMGFDZ0tJQ0FnSUNBZ0lDQWdJQ0FnSUNBZ0lDQWdZMjlzYjNJNklGUm9aVzFsTG05bUtHTnZiblJsZUhRcExtTnZiRzl5VTJOb1pXMWxMbTl1VTNWeVptRmpaVlpoY21saGJuUXNDaUFnSUNBZ0lDQWdJQ0FnSUNBZ0lDQWdJR1p2Ym5SWFpXbG5hSFE2SUVadmJuUlhaV2xuYUhRdWR6Y3dNQ3dLSUNBZ0lDQWdJQ0FnSUNBZ0lDQWdJQ2tzQ2lBZ0lDQWdJQ0FnSUNBcExBb2dJQ0FnSUNBZ0lGMHNDaUFnSUNBZ0lDa3NDaUFnSUNBcE93b2dJSDBLZlFvS1kyeGhjM01nWDFSbFlXMVRkSEpsWVd0elUyVmpkR2x2YmlCbGVIUmxibVJ6SUZOMFlYUmxiR1Z6YzFkcFpHZGxkQ0I3Q2lBZ1kyOXVjM1FnWDFSbFlXMVRkSEpsWVd0elUyVmpkR2x2YmloN2NtVnhkV2x5WldRZ2RHaHBjeTV6ZEdGMGFYTjBhV056ZlNrN0Nnb2dJR1pwYm1Gc0lGUmxZVzFUZEdGMGFYTjBhV056SUhOMFlYUnBjM1JwWTNNN0Nnb2dJRUJ2ZG1WeWNtbGtaUW9nSUZkcFpHZGxkQ0JpZFdsc1pDaENkV2xzWkVOdmJuUmxlSFFnWTI5dWRHVjRkQ2tnZXdvZ0lDQWdabWx1WVd3Z2NHVnlhVzlrVFdGNGFXMTFiU0E5SUZzS0lDQWdJQ0FnYzNSaGRHbHpkR2xqY3k1aVpYTjBWMmx1VTNSeVpXRnJMbXhsYm1kMGFDd0tJQ0FnSUNBZ2MzUmhkR2x6ZEdsamN5NWlaWE4wVlc1aVpXRjBaVzVUZEhKbFlXc3ViR1Z1WjNSb0xBb2dJQ0FnSUNCemRHRjBhWE4wYVdOekxuZHZjbk4wVEc5emMxTjBjbVZoYXk1c1pXNW5kR2dzQ2lBZ0lDQWdJSE4wWVhScGMzUnBZM011ZDI5eWMzUlhhVzVzWlhOelUzUnlaV0ZyTG14bGJtZDBhQ3dLSUNBZ0lGMHVabTlzWkR4cGJuUStLQW9nSUNBZ0lDQXhMQW9nSUNBZ0lDQW9iV0Y0YVcxMWJTd2dkbUZzZFdVcElEMCtJRzFoZEdndWJXRjRLRzFoZUdsdGRXMHNJSFpoYkhWbEtTd0tJQ0FnSUNrN0NpQWdJQ0JtYVc1aGJDQnpZMkZzWlNBOUlITjBZWFJwYzNScFkzTXVjR1Z5YVc5a0lEMDlJRk4wWVhScGMzUnBZM05RWlhKcGIyUXVZV3hzVkdsdFpRb2dJQ0FnSUNBZ0lEOGdiV0YwYUM1dFlYZ29NU3dnYzNSaGRHbHpkR2xqY3k1dFlYUmphR1Z6VUd4aGVXVmtLUW9nSUNBZ0lDQWdJRG9nY0dWeWFXOWtUV0Y0YVcxMWJUc0tDaUFnSUNCeVpYUjFjbTRnUTI5c2RXMXVLQW9nSUNBZ0lDQmphR2xzWkhKbGJqb2dXd29nSUNBZ0lDQWdJRjlUZEhKbFlXdEhjbTkxY0VOaGNtUW9DaUFnSUNBZ0lDQWdJQ0IwYVhSc1pUb2dKMDFsYVd4c1pYVnlaWE1nYzhPcGNtbGxjeWNzQ2lBZ0lDQWdJQ0FnSUNCamFHbHNaSEpsYmpvZ1d3b2dJQ0FnSUNBZ0lDQWdJQ0JmVTNSeVpXRnJVbTkzS0FvZ0lDQWdJQ0FnSUNBZ0lDQWdJSFJwZEd4bE9pQW5UV1ZwYkd4bGRYSmxJSFBEcVhKcFpTQmtaU0IyYVdOMGIybHlaWE1uTEFvZ0lDQWdJQ0FnSUNBZ0lDQWdJSE4wY21WaGF6b2djM1JoZEdsemRHbGpjeTVpWlhOMFYybHVVM1J5WldGckxBb2dJQ0FnSUNBZ0lDQWdJQ0FnSUdOdmJHOXlPaUJmZEdWaGJVZHlaV1Z1TEFvZ0lDQWdJQ0FnSUNBZ0lDQWdJSE5qWVd4bE9pQnpZMkZzWlN3S0lDQWdJQ0FnSUNBZ0lDQWdLU3dLSUNBZ0lDQWdJQ0FnSUNBZ1kyOXVjM1FnVTJsNlpXUkNiM2dvYUdWcFoyaDBPaUF5TUNrc0NpQWdJQ0FnSUNBZ0lDQWdJRjlUZEhKbFlXdFNiM2NvQ2lBZ0lDQWdJQ0FnSUNBZ0lDQWdkR2wwYkdVNklDZE5aV2xzYkdWMWNtVWdjOE9wY21sbElHUmxJRzFoZEdOb2N5QnpZVzV6SUdURHFXWmhhWFJsSnl3S0lDQWdJQ0FnSUNBZ0lDQWdJQ0J6ZEhKbFlXczZJSE4wWVhScGMzUnBZM011WW1WemRGVnVZbVZoZEdWdVUzUnlaV0ZyTEFvZ0lDQWdJQ0FnSUNBZ0lDQWdJR052Ykc5eU9pQmZkR1ZoYlVkeVpXVnVMQW9nSUNBZ0lDQWdJQ0FnSUNBZ0lITmpZV3hsT2lCelkyRnNaU3dLSUNBZ0lDQWdJQ0FnSUNBZ0tTd0tJQ0FnSUNBZ0lDQWdJRjBzQ2lBZ0lDQWdJQ0FnS1N3S0lDQWdJQ0FnSUNCamIyNXpkQ0JUYVhwbFpFSnZlQ2hvWldsbmFIUTZJREV5S1N3S0lDQWdJQ0Fn
Shell: SUNCZlUzUnlaV0ZyUjNKdmRYQkRZWEprS0FvZ0lDQWdJQ0FnSUNBZ2RHbDBiR1U2SUNkUWFYSmxjeUJ6dzZseWFXVnpKeXdLSUNBZ0lDQWdJQ0FnSUdOb2FXeGtjbVZ1T2lCYkNpQWdJQ0FnSUNBZ0lDQWdJRjlUZEhKbFlXdFNiM2NvQ2lBZ0lDQWdJQ0FnSUNBZ0lDQWdkR2wwYkdVNklDZFFhWEpsSUhQRHFYSnBaU0JrWlNCa3c2bG1ZV2wwWlhNbkxBb2dJQ0FnSUNBZ0lDQWdJQ0FnSUhOMGNtVmhhem9nYzNSaGRHbHpkR2xqY3k1M2IzSnpkRXh2YzNOVGRISmxZV3NzQ2lBZ0lDQWdJQ0FnSUNBZ0lDQWdZMjlzYjNJNklGOTBaV0Z0VW1Wa0xBb2dJQ0FnSUNBZ0lDQWdJQ0FnSUhOallXeGxPaUJ6WTJGc1pTd0tJQ0FnSUNBZ0lDQWdJQ0FnS1N3S0lDQWdJQ0FnSUNBZ0lDQWdZMjl1YzNRZ1UybDZaV1JDYjNnb2FHVnBaMmgwT2lBeU1Da3NDaUFnSUNBZ0lDQWdJQ0FnSUY5VGRISmxZV3RTYjNjb0NpQWdJQ0FnSUNBZ0lDQWdJQ0FnZEdsMGJHVTZJQ2RRYVhKbElIUERxWEpwWlNCa1pTQnRZWFJqYUhNZ2MyRnVjeUIyYVdOMGIybHlaU2NzQ2lBZ0lDQWdJQ0FnSUNBZ0lDQWdjM1J5WldGck9pQnpkR0YwYVhOMGFXTnpMbmR2Y25OMFYybHViR1Z6YzFOMGNtVmhheXdLSUNBZ0lDQWdJQ0FnSUNBZ0lDQmpiMnh2Y2pvZ1gzUmxZVzFTWldRc0NpQWdJQ0FnSUNBZ0lDQWdJQ0FnYzJOaGJHVTZJSE5qWVd4bExBb2dJQ0FnSUNBZ0lDQWdJQ0FwTEFvZ0lDQWdJQ0FnSUNBZ1hTd0tJQ0FnSUNBZ0lDQXBMQW9nSUNBZ0lDQmRMQW9nSUNBZ0tUc0tJQ0I5Q24wS0NtTnNZWE56SUY5VGRISmxZV3RIY205MWNFTmhjbVFnWlhoMFpXNWtjeUJUZEdGMFpXeGxjM05YYVdSblpYUWdld29nSUdOdmJuTjBJRjlUZEhKbFlXdEhjbTkxY0VOaGNtUW9ld29nSUNBZ2NtVnhkV2x5WldRZ2RHaHBjeTUwYVhSc1pTd0tJQ0FnSUhKbGNYVnBjbVZrSUhSb2FYTXVZMmhwYkdSeVpXNHNDaUFnZlNrN0Nnb2dJR1pwYm1Gc0lGTjBjbWx1WnlCMGFYUnNaVHNLSUNCbWFXNWhiQ0JNYVhOMFBGZHBaR2RsZEQ0Z1kyaHBiR1J5Wlc0N0Nnb2dJRUJ2ZG1WeWNtbGtaUW9nSUZkcFpHZGxkQ0JpZFdsc1pDaENkV2xzWkVOdmJuUmxlSFFnWTI5dWRHVjRkQ2tnZXdvZ0lDQWdjbVYwZFhKdUlFTmhjbVFvQ2lBZ0lDQWdJRzFoY21kcGJqb2dSV1JuWlVsdWMyVjBjeTU2WlhKdkxBb2dJQ0FnSUNCamFHbHNaRG9nVUdGa1pHbHVaeWdLSUNBZ0lDQWdJQ0J3WVdSa2FXNW5PaUJqYjI1emRDQkZaR2RsU1c1elpYUnpMbVp5YjIxTVZGSkNLREUyTENBeE9Dd2dNVFlzSURJd0tTd0tJQ0FnSUNBZ0lDQmphR2xzWkRvZ1EyOXNkVzF1S0FvZ0lDQWdJQ0FnSUNBZ1kzSnZjM05CZUdselFXeHBaMjV0Wlc1ME9pQkRjbTl6YzBGNGFYTkJiR2xuYm0xbGJuUXVjM1JoY25Rc0NpQWdJQ0FnSUNBZ0lDQmphR2xzWkhKbGJqb2dXd29nSUNBZ0lDQWdJQ0FnSUNCVVpYaDBLQW9nSUNBZ0lDQWdJQ0FnSUNBZ0lIUnBkR3hsTEFvZ0lDQWdJQ0FnSUNBZ0lDQWdJSE4wZVd4bE9pQlVhR1Z0WlM1dlppaGpiMjUwWlhoMEtTNTBaWGgwVkdobGJXVXVkR2wwYkdWTVlYSm5aVDh1WTI5d2VWZHBkR2dvQ2lBZ0lDQWdJQ0FnSUNBZ0lDQWdJQ0FnSUNBZ1ptOXVkRmRsYVdkb2REb2dSbTl1ZEZkbGFXZG9kQzUzT1RBd0xBb2dJQ0FnSUNBZ0lDQWdJQ0FnSUNBZ0lDQXBMQW9nSUNBZ0lDQWdJQ0FnSUNBcExBb2dJQ0FnSUNBZ0lDQWdJQ0JqYjI1emRDQlRhWHBsWkVKdmVDaG9aV2xuYUhRNklERTRLU3dLSUNBZ0lDQWdJQ0FnSUNBZ0xpNHVZMmhwYkdSeVpXNHNDaUFnSUNBZ0lDQWdJQ0JkTEFvZ0lDQWdJQ0FnSUNrc0NpQWdJQ0FnSUNrc0NpQWdJQ0FwT3dvZ0lIMEtmUW9LWTJ4aGMzTWdYMU4wY21WaGExSnZkeUJsZUhSbGJtUnpJRk4wWVhSbGJHVnpjMWRwWkdkbGRDQjdDaUFnWTI5dWMzUWdYMU4wY21WaGExSnZkeWg3Q2lBZ0lDQnlaWEYxYVhKbFpDQjBhR2x6TG5ScGRHeGxMQW9nSUNBZ2NtVnhkV2x5WldRZ2RHaHBjeTV6ZEhKbFlXc3NDaUFnSUNCeVpYRjFhWEpsWkNCMGFHbHpMbU52Ykc5eUxBb2dJQ0FnY21WeGRXbHlaV1FnZEdocGN5NXpZMkZzWlN3S0lDQjlLVHNLQ2lBZ1ptbHVZV3dnVTNSeWFXNW5JSFJwZEd4bE93b2dJR1pwYm1Gc0lGUmxZVzFUZEhKbFlXc2djM1J5WldGck93b2dJR1pwYm1Gc0lFTnZiRzl5SUdOdmJHOXlPd29nSUdacGJtRnNJR2x1ZENCelkyRnNaVHNLQ2lBZ1FHOTJaWEp5YVdSbENpQWdWMmxrWjJWMElHSjFhV3hrS0VKMWFXeGtRMjl1ZEdWNGRDQmpiMjUwWlhoMEtTQjdDaUFnSUNCbWFXNWhiQ0IwYUdWdFpTQTlJRlJvWlcxbExtOW1LR052Ym5SbGVIUXBPd29nSUNBZ1ptbHVZV3dnY21GMGFXOGdQU0J6WTJGc1pTQTlQU0F3SUQ4Z01DNHdJRG9nYzNSeVpXRnJMbXhsYm1kMGFDQXZJSE5qWVd4bE93b0tJQ0FnSUhKbGRIVnliaUJEYjJ4MWJXNG9DaUFnSUNBZ0lHTnliM056UVhocGMwRnNhV2R1YldWdWREb2dRM0p2YzNOQmVHbHpRV3hwWjI1dFpXNTBMbk4wWVhKMExBb2dJQ0FnSUNCamFHbHNaSEpsYmpvZ1d3b2dJQ0FnSUNBZ0lGUmxlSFFvQ2lBZ0lDQWdJQ0FnSUNCMGFYUnNaU3dLSUNBZ0lDQWdJQ0FnSUhOMGVXeGxPaUIwYUdWdFpTNTBaWGgwVkdobGJXVXVkR2wwYkdWTlpXUnBkVzAvTG1OdmNIbFhhWFJvS0FvZ0lDQWdJQ0FnSUNBZ0lDQm1iMjUwVjJWcFoyaDBPaUJHYjI1MFYyVnBaMmgwTG5jNE1EQXNDaUFnSUNBZ0lDQWdJQ0FwTEFvZ0lDQWdJQ0FnSUNrc0NpQWdJQ0FnSUNBZ1kyOXVjM1FnVTJsNlpXUkNiM2dvYUdWcFoyaDBPaUF4TUNrc0NpQWdJQ0FnSUNBZ1VtOTNLQW9nSUNBZ0lDQWdJQ0FnWTJocGJHUnlaVzQ2SUZzS0lDQWdJQ0FnSUNBZ0lDQWdSWGh3WVc1a1pXUW9DaUFnSUNBZ0lDQWdJQ0FnSUNBZ1kyaHBiR1E2SUVkeWFXNTBZVXhwYm1WaGNsQnliMmR5WlhOelNXNWthV05oZEc5eUtBb2dJQ0FnSUNBZ0lDQWdJQ0FnSUNBZ2RtRnNkV1U2SUhKaGRHbHZMbU5zWVcxd0tEQXVNQ3dnTVM0d0tTNTBiMFJ2ZFdKc1pTZ3BMQW9nSUNBZ0lDQWdJQ0FnSUNBZ0lDQWdiV2x1U0dWcFoyaDBPaUF4TUN3S0lDQWdJQ0FnSUNBZ0lDQWdJQ0Fn
Shell: SUdKdmNtUmxjbEpoWkdsMWN6b2dRbTl5WkdWeVVtRmthWFZ6TG1OcGNtTjFiR0Z5S0RrNUtTd0tJQ0FnSUNBZ0lDQWdJQ0FnSUNBZ0lHTnZiRzl5T2lCamIyeHZjaXdLSUNBZ0lDQWdJQ0FnSUNBZ0lDQWdJR0poWTJ0bmNtOTFibVJEYjJ4dmNqb0tJQ0FnSUNBZ0lDQWdJQ0FnSUNBZ0lDQWdJQ0IwYUdWdFpTNWpiMnh2Y2xOamFHVnRaUzV2YmxOMWNtWmhZMlV1ZDJsMGFGWmhiSFZsY3loaGJIQm9ZVG9nTGpFektTd0tJQ0FnSUNBZ0lDQWdJQ0FnSUNBcExBb2dJQ0FnSUNBZ0lDQWdJQ0FwTEFvZ0lDQWdJQ0FnSUNBZ0lDQmpiMjV6ZENCVGFYcGxaRUp2ZUNoM2FXUjBhRG9nTVRJcExBb2dJQ0FnSUNBZ0lDQWdJQ0JVWlhoMEtBb2dJQ0FnSUNBZ0lDQWdJQ0FnSUNja2UzTjBjbVZoYXk1c1pXNW5kR2g5SUM4Z0pITmpZV3hsSnl3S0lDQWdJQ0FnSUNBZ0lDQWdJQ0J6ZEhsc1pUb2dkR2hsYldVdWRHVjRkRlJvWlcxbExuUnBkR3hsVFdWa2FYVnRQeTVqYjNCNVYybDBhQ2dLSUNBZ0lDQWdJQ0FnSUNBZ0lDQWdJR1p2Ym5SWFpXbG5hSFE2SUVadmJuUlhaV2xuYUhRdWR6a3dNQ3dLSUNBZ0lDQWdJQ0FnSUNBZ0lDQXBMQW9nSUNBZ0lDQWdJQ0FnSUNBcExBb2dJQ0FnSUNBZ0lDQWdYU3dLSUNBZ0lDQWdJQ0FwTEFvZ0lDQWdJQ0FnSUdOdmJuTjBJRk5wZW1Wa1FtOTRLR2hsYVdkb2REb2dOeWtzQ2lBZ0lDQWdJQ0FnVkdWNGRDZ0tJQ0FnSUNBZ0lDQWdJSE4wY21WaGF5NW9ZWE5FWVhSbGN3b2dJQ0FnSUNBZ0lDQWdJQ0FnSUQ4Z0owUjFJQ1I3WDJadmNtMWhkRVJoZEdVb2MzUnlaV0ZyTG5OMFlYSjBSR0YwWlNFcGZTQmhkU0FrZTE5bWIzSnRZWFJFWVhSbEtITjBjbVZoYXk1bGJtUkVZWFJsSVNsOUp3b2dJQ0FnSUNBZ0lDQWdJQ0FnSURvZ0owRjFZM1Z1WlNCenc2bHlhV1VnWlc1eVpXZHBjM1J5dzZsbEp5d0tJQ0FnSUNBZ0lDQWdJSE4wZVd4bE9pQjBhR1Z0WlM1MFpYaDBWR2hsYldVdVltOWtlVTFsWkdsMWJUOHVZMjl3ZVZkcGRHZ29DaUFnSUNBZ0lDQWdJQ0FnSUdOdmJHOXlPaUIwYUdWdFpTNWpiMnh2Y2xOamFHVnRaUzV2YmxOMWNtWmhZMlZXWVhKcFlXNTBMQW9nSUNBZ0lDQWdJQ0FnS1N3S0lDQWdJQ0FnSUNBcExBb2dJQ0FnSUNCZExBb2dJQ0FnS1RzS0lDQjlDbjBLQ2xOMGNtbHVaeUJmWm05eWJXRjBSR0YwWlNoVGRISnBibWNnZG1Gc2RXVXBJSHNLSUNCbWFXNWhiQ0JrWVhSbElEMGdSR0YwWlZScGJXVXVkSEo1VUdGeWMyVW9kbUZzZFdVcE93b2dJR2xtSUNoa1lYUmxJRDA5SUc1MWJHd3BJSEpsZEhWeWJpQjJZV3gxWlRzS0NpQWdVM1J5YVc1bklIUjNiMFJwWjJsMGN5aHBiblFnYm5WdFltVnlLU0E5UGlCdWRXMWlaWEl1ZEc5VGRISnBibWNvS1M1d1lXUk1aV1owS0RJc0lDY3dKeWs3Q2lBZ2NtVjBkWEp1SUNja2UzUjNiMFJwWjJsMGN5aGtZWFJsTG1SaGVTbDlMeVI3ZEhkdlJHbG5hWFJ6S0dSaGRHVXViVzl1ZEdncGZTOGtlMlJoZEdVdWVXVmhjbjBuT3dwOUNncGpiR0Z6Y3lCZlUyTnliMnhzWVdKc1pVMWxjM05oWjJVZ1pYaDBaVzVrY3lCVGRHRjBaV3hsYzNOWGFXUm5aWFFnZXdvZ0lHTnZibk4wSUY5VFkzSnZiR3hoWW14bFRXVnpjMkZuWlNoN0NpQWdJQ0J5WlhGMWFYSmxaQ0IwYUdsekxtMWxjM05oWjJVc0NpQWdJQ0J5WlhGMWFYSmxaQ0IwYUdsekxtOXVVbVZtY21WemFDd0tJQ0I5S1RzS0NpQWdabWx1WVd3Z1UzUnlhVzVuSUcxbGMzTmhaMlU3Q2lBZ1ptbHVZV3dnUm5WMGRYSmxQSFp2YVdRK0lFWjFibU4wYVc5dUtDa2diMjVTWldaeVpYTm9Pd29LSUNCQWIzWmxjbkpwWkdVS0lDQlhhV1JuWlhRZ1luVnBiR1FvUW5WcGJHUkRiMjUwWlhoMElHTnZiblJsZUhRcElIc0tJQ0FnSUhKbGRIVnliaUJTWldaeVpYTm9TVzVrYVdOaGRHOXlLQW9nSUNBZ0lDQnZibEpsWm5KbGMyZzZJRzl1VW1WbWNtVnphQ3dLSUNBZ0lDQWdZMmhwYkdRNklFeHBjM1JXYVdWM0tBb2dJQ0FnSUNBZ0lIQm9lWE5wWTNNNklHTnZibk4wSUVGc2QyRjVjMU5qY205c2JHRmliR1ZUWTNKdmJHeFFhSGx6YVdOektDa3NDaUFnSUNBZ0lDQWdjR0ZrWkdsdVp6b2dZMjl1YzNRZ1JXUm5aVWx1YzJWMGN5NWhiR3dvTVRZcExBb2dJQ0FnSUNBZ0lHTm9hV3hrY21WdU9pQmJDaUFnSUNBZ0lDQWdJQ0JEWVhKa0tBb2dJQ0FnSUNBZ0lDQWdJQ0JqYUdsc1pEb2dVR0ZrWkdsdVp5Z0tJQ0FnSUNBZ0lDQWdJQ0FnSUNCd1lXUmthVzVuT2lCamIyNXpkQ0JGWkdkbFNXNXpaWFJ6TG1Gc2JDZ3lNQ2tzQ2lBZ0lDQWdJQ0FnSUNBZ0lDQWdZMmhwYkdRNklGUmxlSFFvYldWemMyRm5aU2tzQ2lBZ0lDQWdJQ0FnSUNBZ0lDa3NDaUFnSUNBZ0lDQWdJQ0FwTEFvZ0lDQWdJQ0FnSUYwc0NpQWdJQ0FnSUNrc0NpQWdJQ0FwT3dvZ0lIMEtmUW89In0=
Shell: GRINTA_CODEMOD_PAYLOAD_END
✅ /home/runner/work/AS-Grinta/AS-Grinta/test/zzz_loader_codemod_payload_test.dart: génère et valide le correctif global du loader rebondissant
✅ /home/runner/work/AS-Grinta/AS-Grinta/test/auth_controller_test.dart: AuthController loads an active profile on startup
✅ /home/runner/work/AS-Grinta/AS-Grinta/test/auth_controller_test.dart: AuthController keeps the user signed out when no session profile exists
✅ /home/runner/work/AS-Grinta/AS-Grinta/test/auth_controller_test.dart: AuthController signIn authenticates after the post-login refresh
✅ /home/runner/work/AS-Grinta/AS-Grinta/test/auth_controller_test.dart: AuthController inactive profiles are signed out and rejected
✅ /home/runner/work/AS-Grinta/AS-Grinta/test/auth_controller_test.dart: AuthController signIn exposes a stable user-facing error on failure
✅ /home/runner/work/AS-Grinta/AS-Grinta/test/auth_controller_test.dart: AuthController signOut clears the authenticated state
✅ /home/runner/work/AS-Grinta/AS-Grinta/test/auth_controller_test.dart: AuthController ignores a refresh result that became stale after signedOut
✅ /home/runner/work/AS-Grinta/AS-Grinta/test/auth_redirect_test.dart: resolveAuthRedirect sends loading states to the loading route without looping
✅ /home/runner/work/AS-Grinta/AS-Grinta/test/auth_redirect_test.dart: resolveAuthRedirect leaves the loading route once loading finishes without a session
✅ /home/runner/work/AS-Grinta/AS-Grinta/test/auth_redirect_test.dart: resolveAuthRedirect preserves the requested local path for signed-out users
✅ /home/runner/work/AS-Grinta/AS-Grinta/test/auth_redirect_test.dart: resolveAuthRedirect allows signed-out users to remain on auth routes
✅ /home/runner/work/AS-Grinta/AS-Grinta/test/auth_redirect_test.dart: resolveAuthRedirect forces password renewal before all other authenticated routes
✅ /home/runner/work/AS-Grinta/AS-Grinta/test/auth_redirect_test.dart: resolveAuthRedirect redirects authenticated users away from auth routes
✅ /home/runner/work/AS-Grinta/AS-Grinta/test/auth_redirect_test.dart: resolveAuthRedirect rejects external and auth redirect targets
✅ /home/runner/work/AS-Grinta/AS-Grinta/test/auth_redirect_test.dart: resolveAuthRedirect blocks privileged routes for regular users
✅ /home/runner/work/AS-Grinta/AS-Grinta/test/auth_redirect_test.dart: resolveAuthRedirect allows privileged routes for administrators
✅ /home/runner/work/AS-Grinta/AS-Grinta/test/auth_redirect_test.dart: resolveAuthRedirect normalizes root and former home aliases to Matchs
✅ /home/runner/work/AS-Grinta/AS-Grinta/test/admin_sports_management_section_test.dart: an administrator can enable the module
✅ /home/runner/work/AS-Grinta/AS-Grinta/test/admin_sports_management_section_test.dart: disabling requires confirmation
✅ /home/runner/work/AS-Grinta/AS-Grinta/test/guest_player_models_test.dart: parses active and archived reusable guests
✅ /home/runner/work/AS-Grinta/AS-Grinta/test/guest_player_models_test.dart: parses an invited participant attached to a match
✅ /home/runner/work/AS-Grinta/AS-Grinta/test/password_policy_test.dart: PasswordPolicy accepte un mot de passe long avec les trois catégories requises
✅ /home/runner/work/AS-Grinta/AS-Grinta/test/password_policy_test.dart: PasswordPolicy refuse moins de douze caractères
✅ /home/runner/work/AS-Grinta/AS-Grinta/test/password_policy_test.dart: PasswordPolicy refuse plus de soixante-douze caractères
✅ /home/runner/work/AS-Grinta/AS-Grinta/test/password_policy_test.dart: PasswordPolicy refuse un mot de passe sans majuscule
✅ /home/runner/work/AS-Grinta/AS-Grinta/test/password_policy_test.dart: PasswordPolicy refuse un mot de passe sans minuscule
✅ /home/runner/work/AS-Grinta/AS-Grinta/test/password_policy_test.dart: PasswordPolicy refuse un mot de passe sans chiffre
✅ /home/runner/work/AS-Grinta/AS-Grinta/test/feature_flags_controller_test.dart: does not call the server before authentication
✅ /home/runner/work/AS-Grinta/AS-Grinta/test/feature_flags_controller_test.dart: fails closed when the server flag cannot be loaded
✅ /home/runner/work/AS-Grinta/AS-Grinta/test/feature_flags_controller_test.dart: updates the server flag and publishes the new value
✅ /home/runner/work/AS-Grinta/AS-Grinta/test/admin_waitlist_page_test.dart: an administrator can reorder and save the complete waitlist
✅ /home/runner/work/AS-Grinta/AS-Grinta/test/predictions_controller_test.dart: MatchPredictionItem timing closes exactly five minutes before kickoff
✅ /home/runner/work/AS-Grinta/AS-Grinta/test/predictions_controller_test.dart: MatchPredictionItem timing respects an explicit earlier closure timestamp
✅ /home/runner/work/AS-Grinta/AS-Grinta/test/predictions_controller_test.dart: MatchPredictionItem timing non-upcoming matches are always closed
✅ /home/runner/work/AS-Grinta/AS-Grinta/test/predictions_controller_test.dart: PredictionsController loads prediction items
✅ /home/runner/work/AS-Grinta/AS-Grinta/test/predictions_controller_test.dart: PredictionsController clears items and exposes an error when loading fails
✅ /home/runner/work/AS-Grinta/AS-Grinta/test/predictions_controller_test.dart: PredictionsController changes scores and clamps them between zero and 99
✅ /home/runner/work/AS-Grinta/AS-Grinta/test/predictions_controller_test.dart: PredictionsController does not edit a closed match
✅ /home/runner/work/AS-Grinta/AS-Grinta/test/predictions_controller_test.dart: PredictionsController enables x2 only with an available token
✅ /home/runner/work/AS-Grinta/AS-Grinta/test/predictions_controller_test.dart: PredictionsController cannot enable x2 without a token
✅ /home/runner/work/AS-Grinta/AS-Grinta/test/predictions_controller_test.dart: PredictionsController can disable an already selected x2 even when none remain
✅ /home/runner/work/AS-Grinta/AS-Grinta/test/predictions_controller_test.dart: PredictionsController saves the current values and marks the prediction filled
✅ /home/runner/work/AS-Grinta/AS-Grinta/test/predictions_controller_test.dart: PredictionsController keeps the prediction editable and exposes save errors
✅ /home/runner/work/AS-Grinta/AS-Grinta/test/predictions_controller_test.dart: PredictionsController does not call the repository for a closed prediction
✅ /home/runner/work/AS-Grinta/AS-Grinta/test/name_with_badges_test.dart: un nom très long + 2 badges ne débordent pas (colonne étroite)
✅ /home/runner/work/AS-Grinta/AS-Grinta/test/name_with_badges_test.dart: un nom court + 3 badges ne débordent pas (largeur normale)
✅ /home/runner/work/AS-Grinta/AS-Grinta/test/name_with_badges_test.dart: un prénom court reste entier avec 2 grands badges (colonne de classement)
✅ /home/runner/work/AS-Grinta/AS-Grinta/test/availability_reminder_models_test.dart: AvailabilityReminderSummary parses reminder counts and player cooldowns
✅ /home/runner/work/AS-Grinta/AS-Grinta/test/availability_reminder_models_test.dart: AvailabilityReminderSummary uses safe defaults when optional values are absent
✅ /home/runner/work/AS-Grinta/AS-Grinta/test/availability_reminder_models_test.dart: AvailabilityReminderResult parses server counters
✅ /home/runner/work/AS-Grinta/AS-Grinta/test/match_composition_model_test.dart: parses a published composition snapshot
✅ /home/runner/work/AS-Grinta/AS-Grinta/test/match_composition_model_test.dart: creates a complete initial draft from convocations
✅ /home/runner/work/AS-Grinta/AS-Grinta/test/match_composition_model_test.dart: clears field coordinates when a player moves to the bench
✅ /home/runner/work/AS-Grinta/AS-Grinta/test/match_composition_model_test.dart: treats a convoked guest as selectable without availability
✅ /home/runner/work/AS-Grinta/AS-Grinta/test/features/sports_management/domain/football_formation_test.dart: la feuille de match expose 22 postes normalisés et distincts
✅ /home/runner/work/AS-Grinta/AS-Grinta/test/app_logger_test.dart: formats a useful record without including the error message
✅ /home/runner/work/AS-Grinta/AS-Grinta/test/app_logger_test.dart: creates a short support reference without personal data
✅ /home/runner/work/AS-Grinta/AS-Grinta/test/sports_management_route_guard_test.dart: sports-management route guard blocks every sports route while the server flag is disabled
✅ /home/runner/work/AS-Grinta/AS-Grinta/test/sports_management_route_guard_test.dart: sports-management route guard a match sheet falls back to its prono when the flag is disabled
✅ /home/runner/work/AS-Grinta/AS-Grinta/test/sports_management_route_guard_test.dart: sports-management route guard allows player sports routes when the flag is enabled
✅ /home/runner/work/AS-Grinta/AS-Grinta/test/sports_management_route_guard_test.dart: sports-management route guard keeps all sports administration routes restricted to administrators

🎉 127 tests passed.
